
===========================================================================
report_checks -path_delay max (Setup)
============================================================================
======================= nom_tt_025C_1v80 Corner ===================================

Startpoint: b[2] (input port clocked by __VIRTUAL_CLK__)
Endpoint: p[6] (output port clocked by __VIRTUAL_CLK__)
Path Group: __VIRTUAL_CLK__
Path Type: max

Fanout         Cap        Slew       Delay        Time   Description
---------------------------------------------------------------------------------------------
                      0.000000    0.000000    0.000000   clock __VIRTUAL_CLK__ (rise edge)
                                  0.000000    0.000000   clock network delay (ideal)
                                  0.000000    0.000000 v input external delay
     1    0.005703    0.015143    0.009713    0.009713 v b[2] (in)
                                                         b[2] (net)
                      0.015145    0.000000    0.009713 v input7/A (sky130_fd_sc_hd__buf_6)
     4    0.015417    0.029844    0.113478    0.123191 v input7/X (sky130_fd_sc_hd__buf_6)
                                                         net7 (net)
                      0.029849    0.000417    0.123608 v g12/B (sky130_fd_sc_hd__nand2_2)
     1    0.005962    0.050148    0.064257    0.187865 ^ g12/Y (sky130_fd_sc_hd__nand2_2)
                                                         n12 (net)
                      0.050148    0.000208    0.188073 ^ g13/A (sky130_fd_sc_hd__inv_2)
     2    0.009804    0.027888    0.043708    0.231781 v g13/Y (sky130_fd_sc_hd__inv_2)
                                                         n13 (net)
                      0.027891    0.000318    0.232100 v g45/B (sky130_fd_sc_hd__nand2_2)
     3    0.012055    0.078387    0.085917    0.318016 ^ g45/Y (sky130_fd_sc_hd__nand2_2)
                                                         n45 (net)
                      0.078413    0.000341    0.318357 ^ g46/B (sky130_fd_sc_hd__nand2_1)
     1    0.005272    0.048367    0.073746    0.392103 v g46/Y (sky130_fd_sc_hd__nand2_1)
                                                         n46 (net)
                      0.048367    0.000174    0.392277 v g48/B (sky130_fd_sc_hd__nand2_2)
     2    0.011708    0.076813    0.094146    0.486423 ^ g48/Y (sky130_fd_sc_hd__nand2_2)
                                                         n48 (net)
                      0.076813    0.000334    0.486757 ^ g49/A (sky130_fd_sc_hd__nand2_4)
     2    0.010854    0.039459    0.057290    0.544047 v g49/Y (sky130_fd_sc_hd__nand2_4)
                                                         n49 (net)
                      0.039459    0.000216    0.544263 v g53/B (sky130_fd_sc_hd__nand2_4)
     2    0.012984    0.058211    0.076475    0.620738 ^ g53/Y (sky130_fd_sc_hd__nand2_4)
                                                         n53 (net)
                      0.058211    0.000245    0.620983 ^ g58/B (sky130_fd_sc_hd__nand2_4)
     3    0.014891    0.047599    0.064037    0.685020 v g58/Y (sky130_fd_sc_hd__nand2_4)
                                                         n58 (net)
                      0.047599    0.000195    0.685214 v g62/B (sky130_fd_sc_hd__nand2_4)
     2    0.014894    0.063069    0.084079    0.769294 ^ g62/Y (sky130_fd_sc_hd__nand2_4)
                                                         n62 (net)
                      0.063069    0.000271    0.769565 ^ g63/B (sky130_fd_sc_hd__nand2_4)
     3    0.012152    0.052113    0.060541    0.830106 v g63/Y (sky130_fd_sc_hd__nand2_4)
                                                         n63 (net)
                      0.052114    0.000331    0.830437 v g65/B (sky130_fd_sc_hd__nand2_2)
     1    0.009541    0.066599    0.087778    0.918215 ^ g65/Y (sky130_fd_sc_hd__nand2_2)
                                                         n65 (net)
                      0.066599    0.000294    0.918509 ^ g66/B (sky130_fd_sc_hd__nand2_4)
     2    0.013630    0.041960    0.063892    0.982401 v g66/Y (sky130_fd_sc_hd__nand2_4)
                                                         n66 (net)
                      0.041962    0.000349    0.982750 v g82/B (sky130_fd_sc_hd__nand2_4)
     3    0.011930    0.055514    0.075378    1.058128 ^ g82/Y (sky130_fd_sc_hd__nand2_4)
                                                         n82 (net)
                      0.055514    0.000253    1.058381 ^ g83/B (sky130_fd_sc_hd__nand2_2)
     1    0.005345    0.034732    0.056177    1.114558 v g83/Y (sky130_fd_sc_hd__nand2_2)
                                                         n83 (net)
                      0.034733    0.000183    1.114741 v g85/B (sky130_fd_sc_hd__nand2_2)
     2    0.013329    0.084467    0.093696    1.208436 ^ g85/Y (sky130_fd_sc_hd__nand2_2)
                                                         n85 (net)
                      0.084470    0.000381    1.208817 ^ g86/B (sky130_fd_sc_hd__nand2_4)
     3    0.010906    0.040115    0.063217    1.272035 v g86/Y (sky130_fd_sc_hd__nand2_4)
                                                         n86 (net)
                      0.040116    0.000243    1.272278 v g90/B (sky130_fd_sc_hd__nand2_2)
     2    0.008832    0.063280    0.079625    1.351902 ^ g90/Y (sky130_fd_sc_hd__nand2_2)
                                                         n90 (net)
                      0.063280    0.000272    1.352175 ^ g95/B (sky130_fd_sc_hd__nand2_2)
     3    0.007252    0.044994    0.063980    1.416155 v g95/Y (sky130_fd_sc_hd__nand2_2)
                                                         n95 (net)
                      0.044994    0.000086    1.416241 v g97/B (sky130_fd_sc_hd__nand2_1)
     1    0.004839    0.059817    0.077476    1.493718 ^ g97/Y (sky130_fd_sc_hd__nand2_1)
                                                         n97 (net)
                      0.059817    0.000147    1.493864 ^ g98/B (sky130_fd_sc_hd__nand2_2)
     2    0.008294    0.043742    0.066160    1.560024 v g98/Y (sky130_fd_sc_hd__nand2_2)
                                                         n98 (net)
                      0.043742    0.000233    1.560257 v g114/B (sky130_fd_sc_hd__nand2_2)
     3    0.008551    0.061980    0.080287    1.640544 ^ g114/Y (sky130_fd_sc_hd__nand2_2)
                                                         n114 (net)
                      0.061980    0.000170    1.640714 ^ g115/B (sky130_fd_sc_hd__nand2_1)
     1    0.005265    0.047772    0.068935    1.709649 v g115/Y (sky130_fd_sc_hd__nand2_1)
                                                         n115 (net)
                      0.047772    0.000176    1.709825 v g117/B (sky130_fd_sc_hd__nand2_2)
     2    0.012455    0.080325    0.096626    1.806450 ^ g117/Y (sky130_fd_sc_hd__nand2_2)
                                                         n117 (net)
                      0.080326    0.000358    1.806809 ^ g118/B (sky130_fd_sc_hd__nand2_4)
     3    0.010792    0.039728    0.062128    1.868937 v g118/Y (sky130_fd_sc_hd__nand2_4)
                                                         n118 (net)
                      0.039728    0.000163    1.869100 v g122/B (sky130_fd_sc_hd__nand2_2)
     2    0.007623    0.057702    0.074981    1.944081 ^ g122/Y (sky130_fd_sc_hd__nand2_2)
                                                         n122 (net)
                      0.057702    0.000152    1.944233 ^ g127/B (sky130_fd_sc_hd__nand2_2)
     3    0.007557    0.045306    0.063407    2.007639 v g127/Y (sky130_fd_sc_hd__nand2_2)
                                                         n127 (net)
                      0.045306    0.000105    2.007744 v g129/B (sky130_fd_sc_hd__nand2_1)
     1    0.002757    0.042943    0.063969    2.071713 ^ g129/Y (sky130_fd_sc_hd__nand2_1)
                                                         n129 (net)
                      0.042943    0.000082    2.071796 ^ g130/B (sky130_fd_sc_hd__nand2_1)
     1    0.004624    0.041763    0.059595    2.131391 v g130/Y (sky130_fd_sc_hd__nand2_1)
                                                         net15 (net)
                      0.041763    0.000097    2.131488 v output15/A (sky130_fd_sc_hd__buf_6)
     1    0.010865    0.025995    0.120294    2.251781 v output15/X (sky130_fd_sc_hd__buf_6)
                                                         p[6] (net)
                      0.025995    0.000213    2.251995 v p[6] (out)
                                              2.251995   data arrival time

                      0.000000    2.000000    2.000000   clock __VIRTUAL_CLK__ (rise edge)
                                  0.000000    2.000000   clock network delay (ideal)
                                  0.000000    2.000000   clock reconvergence pessimism
                                  0.000000    2.000000   output external delay
                                              2.000000   data required time
---------------------------------------------------------------------------------------------
                                              2.000000   data required time
                                             -2.251995   data arrival time
---------------------------------------------------------------------------------------------
                                             -0.251995   slack (VIOLATED)


Startpoint: b[2] (input port clocked by __VIRTUAL_CLK__)
Endpoint: p[7] (output port clocked by __VIRTUAL_CLK__)
Path Group: __VIRTUAL_CLK__
Path Type: max

Fanout         Cap        Slew       Delay        Time   Description
---------------------------------------------------------------------------------------------
                      0.000000    0.000000    0.000000   clock __VIRTUAL_CLK__ (rise edge)
                                  0.000000    0.000000   clock network delay (ideal)
                                  0.000000    0.000000 v input external delay
     1    0.005703    0.015143    0.009713    0.009713 v b[2] (in)
                                                         b[2] (net)
                      0.015145    0.000000    0.009713 v input7/A (sky130_fd_sc_hd__buf_6)
     4    0.015417    0.029844    0.113478    0.123191 v input7/X (sky130_fd_sc_hd__buf_6)
                                                         net7 (net)
                      0.029849    0.000417    0.123608 v g12/B (sky130_fd_sc_hd__nand2_2)
     1    0.005962    0.050148    0.064257    0.187865 ^ g12/Y (sky130_fd_sc_hd__nand2_2)
                                                         n12 (net)
                      0.050148    0.000208    0.188073 ^ g13/A (sky130_fd_sc_hd__inv_2)
     2    0.009804    0.027888    0.043708    0.231781 v g13/Y (sky130_fd_sc_hd__inv_2)
                                                         n13 (net)
                      0.027891    0.000318    0.232100 v g45/B (sky130_fd_sc_hd__nand2_2)
     3    0.012055    0.078387    0.085917    0.318016 ^ g45/Y (sky130_fd_sc_hd__nand2_2)
                                                         n45 (net)
                      0.078413    0.000341    0.318357 ^ g46/B (sky130_fd_sc_hd__nand2_1)
     1    0.005272    0.048367    0.073746    0.392103 v g46/Y (sky130_fd_sc_hd__nand2_1)
                                                         n46 (net)
                      0.048367    0.000174    0.392277 v g48/B (sky130_fd_sc_hd__nand2_2)
     2    0.011708    0.076813    0.094146    0.486423 ^ g48/Y (sky130_fd_sc_hd__nand2_2)
                                                         n48 (net)
                      0.076813    0.000334    0.486757 ^ g49/A (sky130_fd_sc_hd__nand2_4)
     2    0.010854    0.039459    0.057290    0.544047 v g49/Y (sky130_fd_sc_hd__nand2_4)
                                                         n49 (net)
                      0.039459    0.000216    0.544263 v g53/B (sky130_fd_sc_hd__nand2_4)
     2    0.012984    0.058211    0.076475    0.620738 ^ g53/Y (sky130_fd_sc_hd__nand2_4)
                                                         n53 (net)
                      0.058211    0.000245    0.620983 ^ g58/B (sky130_fd_sc_hd__nand2_4)
     3    0.014891    0.047599    0.064037    0.685020 v g58/Y (sky130_fd_sc_hd__nand2_4)
                                                         n58 (net)
                      0.047599    0.000195    0.685214 v g62/B (sky130_fd_sc_hd__nand2_4)
     2    0.014894    0.063069    0.084079    0.769294 ^ g62/Y (sky130_fd_sc_hd__nand2_4)
                                                         n62 (net)
                      0.063069    0.000271    0.769565 ^ g63/B (sky130_fd_sc_hd__nand2_4)
     3    0.012152    0.052113    0.060541    0.830106 v g63/Y (sky130_fd_sc_hd__nand2_4)
                                                         n63 (net)
                      0.052114    0.000331    0.830437 v g65/B (sky130_fd_sc_hd__nand2_2)
     1    0.009541    0.066599    0.087778    0.918215 ^ g65/Y (sky130_fd_sc_hd__nand2_2)
                                                         n65 (net)
                      0.066599    0.000294    0.918509 ^ g66/B (sky130_fd_sc_hd__nand2_4)
     2    0.013630    0.041960    0.063892    0.982401 v g66/Y (sky130_fd_sc_hd__nand2_4)
                                                         n66 (net)
                      0.041962    0.000349    0.982750 v g82/B (sky130_fd_sc_hd__nand2_4)
     3    0.011930    0.055514    0.075378    1.058128 ^ g82/Y (sky130_fd_sc_hd__nand2_4)
                                                         n82 (net)
                      0.055514    0.000253    1.058381 ^ g83/B (sky130_fd_sc_hd__nand2_2)
     1    0.005345    0.034732    0.056177    1.114558 v g83/Y (sky130_fd_sc_hd__nand2_2)
                                                         n83 (net)
                      0.034733    0.000183    1.114741 v g85/B (sky130_fd_sc_hd__nand2_2)
     2    0.013329    0.084467    0.093696    1.208436 ^ g85/Y (sky130_fd_sc_hd__nand2_2)
                                                         n85 (net)
                      0.084470    0.000381    1.208817 ^ g86/B (sky130_fd_sc_hd__nand2_4)
     3    0.010906    0.040115    0.063217    1.272035 v g86/Y (sky130_fd_sc_hd__nand2_4)
                                                         n86 (net)
                      0.040116    0.000243    1.272278 v g90/B (sky130_fd_sc_hd__nand2_2)
     2    0.008832    0.063280    0.079625    1.351902 ^ g90/Y (sky130_fd_sc_hd__nand2_2)
                                                         n90 (net)
                      0.063280    0.000272    1.352175 ^ g95/B (sky130_fd_sc_hd__nand2_2)
     3    0.007252    0.044994    0.063980    1.416155 v g95/Y (sky130_fd_sc_hd__nand2_2)
                                                         n95 (net)
                      0.044994    0.000086    1.416241 v g97/B (sky130_fd_sc_hd__nand2_1)
     1    0.004839    0.059817    0.077476    1.493718 ^ g97/Y (sky130_fd_sc_hd__nand2_1)
                                                         n97 (net)
                      0.059817    0.000147    1.493864 ^ g98/B (sky130_fd_sc_hd__nand2_2)
     2    0.008294    0.043742    0.066160    1.560024 v g98/Y (sky130_fd_sc_hd__nand2_2)
                                                         n98 (net)
                      0.043742    0.000233    1.560257 v g114/B (sky130_fd_sc_hd__nand2_2)
     3    0.008551    0.061980    0.080287    1.640544 ^ g114/Y (sky130_fd_sc_hd__nand2_2)
                                                         n114 (net)
                      0.061980    0.000170    1.640714 ^ g115/B (sky130_fd_sc_hd__nand2_1)
     1    0.005265    0.047772    0.068935    1.709649 v g115/Y (sky130_fd_sc_hd__nand2_1)
                                                         n115 (net)
                      0.047772    0.000176    1.709825 v g117/B (sky130_fd_sc_hd__nand2_2)
     2    0.012455    0.080325    0.096626    1.806450 ^ g117/Y (sky130_fd_sc_hd__nand2_2)
                                                         n117 (net)
                      0.080326    0.000358    1.806809 ^ g118/B (sky130_fd_sc_hd__nand2_4)
     3    0.010792    0.039728    0.062128    1.868937 v g118/Y (sky130_fd_sc_hd__nand2_4)
                                                         n118 (net)
                      0.039728    0.000163    1.869100 v g122/B (sky130_fd_sc_hd__nand2_2)
     2    0.007623    0.057702    0.074981    1.944081 ^ g122/Y (sky130_fd_sc_hd__nand2_2)
                                                         n122 (net)
                      0.057702    0.000152    1.944233 ^ g127/B (sky130_fd_sc_hd__nand2_2)
     3    0.007557    0.045306    0.063407    2.007639 v g127/Y (sky130_fd_sc_hd__nand2_2)
                                                         n127 (net)
                      0.045306    0.000156    2.007795 v g131/B (sky130_fd_sc_hd__nand2_1)
     1    0.002579    0.041552    0.062788    2.070583 ^ g131/Y (sky130_fd_sc_hd__nand2_1)
                                                         net16 (net)
                      0.041552    0.000077    2.070660 ^ output16/A (sky130_fd_sc_hd__clkbuf_2)
     1    0.010930    0.068186    0.127100    2.197760 ^ output16/X (sky130_fd_sc_hd__clkbuf_2)
                                                         p[7] (net)
                      0.068186    0.000212    2.197971 ^ p[7] (out)
                                              2.197971   data arrival time

                      0.000000    2.000000    2.000000   clock __VIRTUAL_CLK__ (rise edge)
                                  0.000000    2.000000   clock network delay (ideal)
                                  0.000000    2.000000   clock reconvergence pessimism
                                  0.000000    2.000000   output external delay
                                              2.000000   data required time
---------------------------------------------------------------------------------------------
                                              2.000000   data required time
                                             -2.197971   data arrival time
---------------------------------------------------------------------------------------------
                                             -0.197971   slack (VIOLATED)


Startpoint: b[2] (input port clocked by __VIRTUAL_CLK__)
Endpoint: p[5] (output port clocked by __VIRTUAL_CLK__)
Path Group: __VIRTUAL_CLK__
Path Type: max

Fanout         Cap        Slew       Delay        Time   Description
---------------------------------------------------------------------------------------------
                      0.000000    0.000000    0.000000   clock __VIRTUAL_CLK__ (rise edge)
                                  0.000000    0.000000   clock network delay (ideal)
                                  0.000000    0.000000 v input external delay
     1    0.005703    0.015143    0.009713    0.009713 v b[2] (in)
                                                         b[2] (net)
                      0.015145    0.000000    0.009713 v input7/A (sky130_fd_sc_hd__buf_6)
     4    0.015417    0.029844    0.113478    0.123191 v input7/X (sky130_fd_sc_hd__buf_6)
                                                         net7 (net)
                      0.029849    0.000417    0.123608 v g12/B (sky130_fd_sc_hd__nand2_2)
     1    0.005962    0.050148    0.064257    0.187865 ^ g12/Y (sky130_fd_sc_hd__nand2_2)
                                                         n12 (net)
                      0.050148    0.000208    0.188073 ^ g13/A (sky130_fd_sc_hd__inv_2)
     2    0.009804    0.027888    0.043708    0.231781 v g13/Y (sky130_fd_sc_hd__inv_2)
                                                         n13 (net)
                      0.027891    0.000318    0.232100 v g45/B (sky130_fd_sc_hd__nand2_2)
     3    0.012055    0.078387    0.085917    0.318016 ^ g45/Y (sky130_fd_sc_hd__nand2_2)
                                                         n45 (net)
                      0.078413    0.000341    0.318357 ^ g46/B (sky130_fd_sc_hd__nand2_1)
     1    0.005272    0.048367    0.073746    0.392103 v g46/Y (sky130_fd_sc_hd__nand2_1)
                                                         n46 (net)
                      0.048367    0.000174    0.392277 v g48/B (sky130_fd_sc_hd__nand2_2)
     2    0.011708    0.076813    0.094146    0.486423 ^ g48/Y (sky130_fd_sc_hd__nand2_2)
                                                         n48 (net)
                      0.076813    0.000334    0.486757 ^ g49/A (sky130_fd_sc_hd__nand2_4)
     2    0.010854    0.039459    0.057290    0.544047 v g49/Y (sky130_fd_sc_hd__nand2_4)
                                                         n49 (net)
                      0.039459    0.000216    0.544263 v g53/B (sky130_fd_sc_hd__nand2_4)
     2    0.012984    0.058211    0.076475    0.620738 ^ g53/Y (sky130_fd_sc_hd__nand2_4)
                                                         n53 (net)
                      0.058211    0.000245    0.620983 ^ g58/B (sky130_fd_sc_hd__nand2_4)
     3    0.014891    0.047599    0.064037    0.685020 v g58/Y (sky130_fd_sc_hd__nand2_4)
                                                         n58 (net)
                      0.047599    0.000195    0.685214 v g62/B (sky130_fd_sc_hd__nand2_4)
     2    0.014894    0.063069    0.084079    0.769294 ^ g62/Y (sky130_fd_sc_hd__nand2_4)
                                                         n62 (net)
                      0.063069    0.000271    0.769565 ^ g63/B (sky130_fd_sc_hd__nand2_4)
     3    0.012152    0.052113    0.060541    0.830106 v g63/Y (sky130_fd_sc_hd__nand2_4)
                                                         n63 (net)
                      0.052114    0.000331    0.830437 v g65/B (sky130_fd_sc_hd__nand2_2)
     1    0.009541    0.066599    0.087778    0.918215 ^ g65/Y (sky130_fd_sc_hd__nand2_2)
                                                         n65 (net)
                      0.066599    0.000294    0.918509 ^ g66/B (sky130_fd_sc_hd__nand2_4)
     2    0.013630    0.041960    0.063892    0.982401 v g66/Y (sky130_fd_sc_hd__nand2_4)
                                                         n66 (net)
                      0.041962    0.000349    0.982750 v g82/B (sky130_fd_sc_hd__nand2_4)
     3    0.011930    0.055514    0.075378    1.058128 ^ g82/Y (sky130_fd_sc_hd__nand2_4)
                                                         n82 (net)
                      0.055514    0.000253    1.058381 ^ g83/B (sky130_fd_sc_hd__nand2_2)
     1    0.005345    0.034732    0.056177    1.114558 v g83/Y (sky130_fd_sc_hd__nand2_2)
                                                         n83 (net)
                      0.034733    0.000183    1.114741 v g85/B (sky130_fd_sc_hd__nand2_2)
     2    0.013329    0.084467    0.093696    1.208436 ^ g85/Y (sky130_fd_sc_hd__nand2_2)
                                                         n85 (net)
                      0.084470    0.000381    1.208817 ^ g86/B (sky130_fd_sc_hd__nand2_4)
     3    0.010906    0.040115    0.063217    1.272035 v g86/Y (sky130_fd_sc_hd__nand2_4)
                                                         n86 (net)
                      0.040116    0.000243    1.272278 v g90/B (sky130_fd_sc_hd__nand2_2)
     2    0.008832    0.063280    0.079625    1.351902 ^ g90/Y (sky130_fd_sc_hd__nand2_2)
                                                         n90 (net)
                      0.063280    0.000272    1.352175 ^ g95/B (sky130_fd_sc_hd__nand2_2)
     3    0.007252    0.044994    0.063980    1.416155 v g95/Y (sky130_fd_sc_hd__nand2_2)
                                                         n95 (net)
                      0.044994    0.000086    1.416241 v g97/B (sky130_fd_sc_hd__nand2_1)
     1    0.004839    0.059817    0.077476    1.493718 ^ g97/Y (sky130_fd_sc_hd__nand2_1)
                                                         n97 (net)
                      0.059817    0.000147    1.493864 ^ g98/B (sky130_fd_sc_hd__nand2_2)
     2    0.008294    0.043742    0.066160    1.560024 v g98/Y (sky130_fd_sc_hd__nand2_2)
                                                         n98 (net)
                      0.043742    0.000233    1.560257 v g114/B (sky130_fd_sc_hd__nand2_2)
     3    0.008551    0.061980    0.080287    1.640544 ^ g114/Y (sky130_fd_sc_hd__nand2_2)
                                                         n114 (net)
                      0.061980    0.000170    1.640714 ^ g115/B (sky130_fd_sc_hd__nand2_1)
     1    0.005265    0.047772    0.068935    1.709649 v g115/Y (sky130_fd_sc_hd__nand2_1)
                                                         n115 (net)
                      0.047772    0.000176    1.709825 v g117/B (sky130_fd_sc_hd__nand2_2)
     2    0.012455    0.080325    0.096626    1.806450 ^ g117/Y (sky130_fd_sc_hd__nand2_2)
                                                         n117 (net)
                      0.080325    0.000254    1.806705 ^ rebuffer24/A (sky130_fd_sc_hd__buf_2)
     1    0.003604    0.030328    0.112477    1.919182 ^ rebuffer24/X (sky130_fd_sc_hd__buf_2)
                                                         net24 (net)
                      0.030328    0.000120    1.919302 ^ g119/A (sky130_fd_sc_hd__nand2_1)
     1    0.002906    0.030837    0.041728    1.961030 v g119/Y (sky130_fd_sc_hd__nand2_1)
                                                         n119 (net)
                      0.030837    0.000087    1.961118 v g121/A (sky130_fd_sc_hd__nand2_1)
     1    0.003169    0.046175    0.052506    2.013623 ^ g121/Y (sky130_fd_sc_hd__nand2_1)
                                                         net14 (net)
                      0.046175    0.000102    2.013726 ^ output14/A (sky130_fd_sc_hd__clkbuf_2)
     1    0.011466    0.070658    0.130946    2.144672 ^ output14/X (sky130_fd_sc_hd__clkbuf_2)
                                                         p[5] (net)
                      0.070658    0.000308    2.144979 ^ p[5] (out)
                                              2.144979   data arrival time

                      0.000000    2.000000    2.000000   clock __VIRTUAL_CLK__ (rise edge)
                                  0.000000    2.000000   clock network delay (ideal)
                                  0.000000    2.000000   clock reconvergence pessimism
                                  0.000000    2.000000   output external delay
                                              2.000000   data required time
---------------------------------------------------------------------------------------------
                                              2.000000   data required time
                                             -2.144979   data arrival time
---------------------------------------------------------------------------------------------
                                             -0.144979   slack (VIOLATED)


Startpoint: b[2] (input port clocked by __VIRTUAL_CLK__)
Endpoint: p[4] (output port clocked by __VIRTUAL_CLK__)
Path Group: __VIRTUAL_CLK__
Path Type: max

Fanout         Cap        Slew       Delay        Time   Description
---------------------------------------------------------------------------------------------
                      0.000000    0.000000    0.000000   clock __VIRTUAL_CLK__ (rise edge)
                                  0.000000    0.000000   clock network delay (ideal)
                                  0.000000    0.000000 ^ input external delay
     1    0.006182    0.034481    0.022766    0.022766 ^ b[2] (in)
                                                         b[2] (net)
                      0.034482    0.000000    0.022766 ^ input7/A (sky130_fd_sc_hd__buf_6)
     4    0.016447    0.044428    0.101188    0.123955 ^ input7/X (sky130_fd_sc_hd__buf_6)
                                                         net7 (net)
                      0.044432    0.000448    0.124403 ^ g12/B (sky130_fd_sc_hd__nand2_2)
     1    0.005596    0.033314    0.053639    0.178042 v g12/Y (sky130_fd_sc_hd__nand2_2)
                                                         n12 (net)
                      0.033315    0.000195    0.178237 v g13/A (sky130_fd_sc_hd__inv_2)
     2    0.010331    0.052947    0.062398    0.240635 ^ g13/Y (sky130_fd_sc_hd__inv_2)
                                                         n13 (net)
                      0.052950    0.000340    0.240975 ^ g45/B (sky130_fd_sc_hd__nand2_2)
     3    0.011479    0.053593    0.073725    0.314700 v g45/Y (sky130_fd_sc_hd__nand2_2)
                                                         n45 (net)
                      0.053595    0.000322    0.315022 v g46/B (sky130_fd_sc_hd__nand2_1)
     1    0.005678    0.066893    0.086960    0.401982 ^ g46/Y (sky130_fd_sc_hd__nand2_1)
                                                         n46 (net)
                      0.066893    0.000188    0.402170 ^ g48/B (sky130_fd_sc_hd__nand2_2)
     2    0.011031    0.053361    0.076500    0.478671 v g48/Y (sky130_fd_sc_hd__nand2_2)
                                                         n48 (net)
                      0.053381    0.000314    0.478985 v g49/A (sky130_fd_sc_hd__nand2_4)
     2    0.011898    0.055446    0.070125    0.549110 ^ g49/Y (sky130_fd_sc_hd__nand2_4)
                                                         n49 (net)
                      0.055446    0.000238    0.549347 ^ g53/B (sky130_fd_sc_hd__nand2_4)
     2    0.011979    0.037645    0.058542    0.607889 v g53/Y (sky130_fd_sc_hd__nand2_4)
                                                         n53 (net)
                      0.037646    0.000224    0.608113 v g58/B (sky130_fd_sc_hd__nand2_4)
     3    0.016191    0.066498    0.082407    0.690520 ^ g58/Y (sky130_fd_sc_hd__nand2_4)
                                                         n58 (net)
                      0.066501    0.000215    0.690735 ^ g62/B (sky130_fd_sc_hd__nand2_4)
     2    0.013757    0.042083    0.064107    0.754841 v g62/Y (sky130_fd_sc_hd__nand2_4)
                                                         n62 (net)
                      0.042083    0.000248    0.755090 v g63/B (sky130_fd_sc_hd__nand2_4)
     3    0.013140    0.058595    0.077937    0.833027 ^ g63/Y (sky130_fd_sc_hd__nand2_4)
                                                         n63 (net)
                      0.058595    0.000359    0.833386 ^ g65/B (sky130_fd_sc_hd__nand2_2)
     1    0.008657    0.045640    0.066898    0.900283 v g65/Y (sky130_fd_sc_hd__nand2_2)
                                                         n65 (net)
                      0.045641    0.000267    0.900550 v g66/B (sky130_fd_sc_hd__nand2_4)
     2    0.014767    0.062742    0.082921    0.983471 ^ g66/Y (sky130_fd_sc_hd__nand2_4)
                                                         n66 (net)
                      0.062742    0.000382    0.983853 ^ g82/B (sky130_fd_sc_hd__nand2_4)
     3    0.010958    0.048497    0.058475    1.042328 v g82/Y (sky130_fd_sc_hd__nand2_4)
                                                         n82 (net)
                      0.048497    0.000232    1.042560 v g83/B (sky130_fd_sc_hd__nand2_2)
     1    0.005751    0.049126    0.071976    1.114536 ^ g83/Y (sky130_fd_sc_hd__nand2_2)
                                                         n83 (net)
                      0.049126    0.000197    1.114733 ^ g85/B (sky130_fd_sc_hd__nand2_2)
     2    0.012324    0.056405    0.075002    1.189736 v g85/Y (sky130_fd_sc_hd__nand2_2)
                                                         n85 (net)
                      0.056408    0.000349    1.190085 v g86/B (sky130_fd_sc_hd__nand2_4)
     3    0.011728    0.055267    0.081545    1.271630 ^ g86/Y (sky130_fd_sc_hd__nand2_4)
                                                         n86 (net)
                      0.055267    0.000308    1.271938 ^ g88/B (sky130_fd_sc_hd__nand2_1)
     1    0.004551    0.046318    0.063126    1.335064 v g88/Y (sky130_fd_sc_hd__nand2_1)
                                                         n88 (net)
                      0.046318    0.000096    1.335160 v g89/B (sky130_fd_sc_hd__nand2_2)
     2    0.008266    0.060649    0.080374    1.415534 ^ g89/Y (sky130_fd_sc_hd__nand2_2)
                                                         n89 (net)
                      0.060649    0.000241    1.415776 ^ g105/B (sky130_fd_sc_hd__nand2_2)
     3    0.007690    0.044449    0.064598    1.480373 v g105/Y (sky130_fd_sc_hd__nand2_2)
                                                         n105 (net)
                      0.044449    0.000148    1.480521 v g107/B (sky130_fd_sc_hd__nand2_1)
     1    0.005249    0.063251    0.079890    1.560411 ^ g107/Y (sky130_fd_sc_hd__nand2_1)
                                                         n107 (net)
                      0.063251    0.000167    1.560578 ^ g108/B (sky130_fd_sc_hd__nand2_2)
     2    0.007347    0.041604    0.064234    1.624812 v g108/Y (sky130_fd_sc_hd__nand2_2)
                                                         n108 (net)
                      0.041604    0.000129    1.624941 v g109/A (sky130_fd_sc_hd__nand2_2)
     3    0.010547    0.071325    0.077179    1.702120 ^ g109/Y (sky130_fd_sc_hd__nand2_2)
                                                         n109 (net)
                      0.071325    0.000055    1.702175 ^ g111/B (sky130_fd_sc_hd__nand2_1)
     1    0.002454    0.032885    0.055298    1.757473 v g111/Y (sky130_fd_sc_hd__nand2_1)
                                                         n111 (net)
                      0.032886    0.000073    1.757546 v g112/B (sky130_fd_sc_hd__nand2_1)
     1    0.003253    0.046846    0.061494    1.819041 ^ g112/Y (sky130_fd_sc_hd__nand2_1)
                                                         net13 (net)
                      0.046846    0.000102    1.819143 ^ output13/A (sky130_fd_sc_hd__clkbuf_2)
     1    0.011143    0.069177    0.129898    1.949041 ^ output13/X (sky130_fd_sc_hd__clkbuf_2)
                                                         p[4] (net)
                      0.069177    0.000280    1.949321 ^ p[4] (out)
                                              1.949321   data arrival time

                      0.000000    2.000000    2.000000   clock __VIRTUAL_CLK__ (rise edge)
                                  0.000000    2.000000   clock network delay (ideal)
                                  0.000000    2.000000   clock reconvergence pessimism
                                  0.000000    2.000000   output external delay
                                              2.000000   data required time
---------------------------------------------------------------------------------------------
                                              2.000000   data required time
                                             -1.949321   data arrival time
---------------------------------------------------------------------------------------------
                                              0.050679   slack (MET)


Startpoint: b[2] (input port clocked by __VIRTUAL_CLK__)
Endpoint: p[3] (output port clocked by __VIRTUAL_CLK__)
Path Group: __VIRTUAL_CLK__
Path Type: max

Fanout         Cap        Slew       Delay        Time   Description
---------------------------------------------------------------------------------------------
                      0.000000    0.000000    0.000000   clock __VIRTUAL_CLK__ (rise edge)
                                  0.000000    0.000000   clock network delay (ideal)
                                  0.000000    0.000000 v input external delay
     1    0.005703    0.015143    0.009713    0.009713 v b[2] (in)
                                                         b[2] (net)
                      0.015145    0.000000    0.009713 v input7/A (sky130_fd_sc_hd__buf_6)
     4    0.015417    0.029844    0.113478    0.123191 v input7/X (sky130_fd_sc_hd__buf_6)
                                                         net7 (net)
                      0.029849    0.000417    0.123608 v g12/B (sky130_fd_sc_hd__nand2_2)
     1    0.005962    0.050148    0.064257    0.187865 ^ g12/Y (sky130_fd_sc_hd__nand2_2)
                                                         n12 (net)
                      0.050148    0.000208    0.188073 ^ g13/A (sky130_fd_sc_hd__inv_2)
     2    0.009804    0.027888    0.043708    0.231781 v g13/Y (sky130_fd_sc_hd__inv_2)
                                                         n13 (net)
                      0.027891    0.000318    0.232100 v g45/B (sky130_fd_sc_hd__nand2_2)
     3    0.012055    0.078387    0.085917    0.318016 ^ g45/Y (sky130_fd_sc_hd__nand2_2)
                                                         n45 (net)
                      0.078413    0.000341    0.318357 ^ g46/B (sky130_fd_sc_hd__nand2_1)
     1    0.005272    0.048367    0.073746    0.392103 v g46/Y (sky130_fd_sc_hd__nand2_1)
                                                         n46 (net)
                      0.048367    0.000174    0.392277 v g48/B (sky130_fd_sc_hd__nand2_2)
     2    0.011708    0.076813    0.094146    0.486423 ^ g48/Y (sky130_fd_sc_hd__nand2_2)
                                                         n48 (net)
                      0.076813    0.000334    0.486757 ^ g49/A (sky130_fd_sc_hd__nand2_4)
     2    0.010854    0.039459    0.057290    0.544047 v g49/Y (sky130_fd_sc_hd__nand2_4)
                                                         n49 (net)
                      0.039459    0.000216    0.544263 v g53/B (sky130_fd_sc_hd__nand2_4)
     2    0.012984    0.058211    0.076475    0.620738 ^ g53/Y (sky130_fd_sc_hd__nand2_4)
                                                         n53 (net)
                      0.058211    0.000245    0.620983 ^ g58/B (sky130_fd_sc_hd__nand2_4)
     3    0.014891    0.047599    0.064037    0.685020 v g58/Y (sky130_fd_sc_hd__nand2_4)
                                                         n58 (net)
                      0.047599    0.000210    0.685230 v g60/B (sky130_fd_sc_hd__nand2_1)
     1    0.006616    0.074797    0.090242    0.775471 ^ g60/Y (sky130_fd_sc_hd__nand2_1)
                                                         n60 (net)
                      0.074797    0.000248    0.775719 ^ g61/B (sky130_fd_sc_hd__nand2_2)
     2    0.007730    0.044249    0.068443    0.844162 v g61/Y (sky130_fd_sc_hd__nand2_2)
                                                         n61 (net)
                      0.044249    0.000222    0.844385 v g73/B (sky130_fd_sc_hd__nand2_2)
     3    0.007416    0.056753    0.076293    0.920677 ^ g73/Y (sky130_fd_sc_hd__nand2_2)
                                                         n73 (net)
                      0.056753    0.000108    0.920785 ^ g75/B (sky130_fd_sc_hd__nand2_1)
     1    0.004651    0.045748    0.064070    0.984856 v g75/Y (sky130_fd_sc_hd__nand2_1)
                                                         n75 (net)
                      0.045748    0.000143    0.984999 v g76/B (sky130_fd_sc_hd__nand2_2)
     2    0.007650    0.057807    0.077815    1.062813 ^ g76/Y (sky130_fd_sc_hd__nand2_2)
                                                         n76 (net)
                      0.057807    0.000218    1.063032 ^ g77/A (sky130_fd_sc_hd__nand2_2)
     2    0.006661    0.038783    0.054923    1.117954 v g77/Y (sky130_fd_sc_hd__nand2_2)
                                                         n77 (net)
                      0.038783    0.000144    1.118098 v rebuffer22/A (sky130_fd_sc_hd__buf_2)
     2    0.006340    0.031202    0.127538    1.245636 v rebuffer22/X (sky130_fd_sc_hd__buf_2)
                                                         net22 (net)
                      0.031203    0.000166    1.245801 v g79/B (sky130_fd_sc_hd__nand2_1)
     1    0.004817    0.059659    0.070917    1.316719 ^ g79/Y (sky130_fd_sc_hd__nand2_1)
                                                         n79 (net)
                      0.059659    0.000099    1.316818 ^ g80/B (sky130_fd_sc_hd__nand2_2)
     2    0.007329    0.040747    0.063206    1.380024 v g80/Y (sky130_fd_sc_hd__nand2_2)
                                                         n80 (net)
                      0.040747    0.000204    1.380228 v g100/A (sky130_fd_sc_hd__nand2_2)
     3    0.008284    0.060741    0.068272    1.448500 ^ g100/Y (sky130_fd_sc_hd__nand2_2)
                                                         n100 (net)
                      0.060741    0.000167    1.448667 ^ g102/B (sky130_fd_sc_hd__nand2_1)
     1    0.003301    0.037139    0.057719    1.506387 v g102/Y (sky130_fd_sc_hd__nand2_1)
                                                         n102 (net)
                      0.037139    0.000107    1.506493 v g103/B (sky130_fd_sc_hd__nand2_1)
     1    0.003331    0.047467    0.063987    1.570481 ^ g103/Y (sky130_fd_sc_hd__nand2_1)
                                                         net12 (net)
                      0.047467    0.000110    1.570591 ^ output12/A (sky130_fd_sc_hd__clkbuf_2)
     1    0.011006    0.068547    0.129587    1.700178 ^ output12/X (sky130_fd_sc_hd__clkbuf_2)
                                                         p[3] (net)
                      0.068547    0.000254    1.700431 ^ p[3] (out)
                                              1.700431   data arrival time

                      0.000000    2.000000    2.000000   clock __VIRTUAL_CLK__ (rise edge)
                                  0.000000    2.000000   clock network delay (ideal)
                                  0.000000    2.000000   clock reconvergence pessimism
                                  0.000000    2.000000   output external delay
                                              2.000000   data required time
---------------------------------------------------------------------------------------------
                                              2.000000   data required time
                                             -1.700431   data arrival time
---------------------------------------------------------------------------------------------
                                              0.299569   slack (MET)


Startpoint: b[2] (input port clocked by __VIRTUAL_CLK__)
Endpoint: p[2] (output port clocked by __VIRTUAL_CLK__)
Path Group: __VIRTUAL_CLK__
Path Type: max

Fanout         Cap        Slew       Delay        Time   Description
---------------------------------------------------------------------------------------------
                      0.000000    0.000000    0.000000   clock __VIRTUAL_CLK__ (rise edge)
                                  0.000000    0.000000   clock network delay (ideal)
                                  0.000000    0.000000 v input external delay
     1    0.005703    0.015143    0.009713    0.009713 v b[2] (in)
                                                         b[2] (net)
                      0.015145    0.000000    0.009713 v input7/A (sky130_fd_sc_hd__buf_6)
     4    0.015417    0.029844    0.113478    0.123191 v input7/X (sky130_fd_sc_hd__buf_6)
                                                         net7 (net)
                      0.029849    0.000417    0.123608 v g12/B (sky130_fd_sc_hd__nand2_2)
     1    0.005962    0.050148    0.064257    0.187865 ^ g12/Y (sky130_fd_sc_hd__nand2_2)
                                                         n12 (net)
                      0.050148    0.000208    0.188073 ^ g13/A (sky130_fd_sc_hd__inv_2)
     2    0.009804    0.027888    0.043708    0.231781 v g13/Y (sky130_fd_sc_hd__inv_2)
                                                         n13 (net)
                      0.027891    0.000318    0.232100 v g45/B (sky130_fd_sc_hd__nand2_2)
     3    0.012055    0.078387    0.085917    0.318016 ^ g45/Y (sky130_fd_sc_hd__nand2_2)
                                                         n45 (net)
                      0.078413    0.000341    0.318357 ^ g46/B (sky130_fd_sc_hd__nand2_1)
     1    0.005272    0.048367    0.073746    0.392103 v g46/Y (sky130_fd_sc_hd__nand2_1)
                                                         n46 (net)
                      0.048367    0.000174    0.392277 v g48/B (sky130_fd_sc_hd__nand2_2)
     2    0.011708    0.076813    0.094146    0.486423 ^ g48/Y (sky130_fd_sc_hd__nand2_2)
                                                         n48 (net)
                      0.076813    0.000334    0.486757 ^ g49/A (sky130_fd_sc_hd__nand2_4)
     2    0.010854    0.039459    0.057290    0.544047 v g49/Y (sky130_fd_sc_hd__nand2_4)
                                                         n49 (net)
                      0.039459    0.000169    0.544216 v rebuffer21/A (sky130_fd_sc_hd__buf_2)
     2    0.005515    0.029535    0.125650    0.669866 v rebuffer21/X (sky130_fd_sc_hd__buf_2)
                                                         net21 (net)
                      0.029538    0.000162    0.670028 v g51/B (sky130_fd_sc_hd__nand2_1)
     1    0.004999    0.061173    0.071298    0.741326 ^ g51/Y (sky130_fd_sc_hd__nand2_1)
                                                         n51 (net)
                      0.061173    0.000154    0.741480 ^ g52/B (sky130_fd_sc_hd__nand2_2)
     2    0.007870    0.043155    0.065244    0.806724 v g52/Y (sky130_fd_sc_hd__nand2_2)
                                                         n52 (net)
                      0.043155    0.000217    0.806941 v g68/A (sky130_fd_sc_hd__nand2_2)
     3    0.008800    0.063135    0.071292    0.878233 ^ g68/Y (sky130_fd_sc_hd__nand2_2)
                                                         n68 (net)
                      0.063135    0.000169    0.878402 ^ g70/B (sky130_fd_sc_hd__nand2_1)
     1    0.002920    0.035968    0.056081    0.934484 v g70/Y (sky130_fd_sc_hd__nand2_1)
                                                         n70 (net)
                      0.035968    0.000088    0.934571 v g71/B (sky130_fd_sc_hd__nand2_1)
     1    0.003208    0.046486    0.062629    0.997201 ^ g71/Y (sky130_fd_sc_hd__nand2_1)
                                                         net11 (net)
                      0.046486    0.000099    0.997300 ^ output11/A (sky130_fd_sc_hd__clkbuf_2)
     1    0.011157    0.069237    0.129824    1.127125 ^ output11/X (sky130_fd_sc_hd__clkbuf_2)
                                                         p[2] (net)
                      0.069237    0.000269    1.127394 ^ p[2] (out)
                                              1.127394   data arrival time

                      0.000000    2.000000    2.000000   clock __VIRTUAL_CLK__ (rise edge)
                                  0.000000    2.000000   clock network delay (ideal)
                                  0.000000    2.000000   clock reconvergence pessimism
                                  0.000000    2.000000   output external delay
                                              2.000000   data required time
---------------------------------------------------------------------------------------------
                                              2.000000   data required time
                                             -1.127394   data arrival time
---------------------------------------------------------------------------------------------
                                              0.872606   slack (MET)


Startpoint: b[0] (input port clocked by __VIRTUAL_CLK__)
Endpoint: p[1] (output port clocked by __VIRTUAL_CLK__)
Path Group: __VIRTUAL_CLK__
Path Type: max

Fanout         Cap        Slew       Delay        Time   Description
---------------------------------------------------------------------------------------------
                      0.000000    0.000000    0.000000   clock __VIRTUAL_CLK__ (rise edge)
                                  0.000000    0.000000   clock network delay (ideal)
                                  0.000000    0.000000 ^ input external delay
     1    0.003332    0.022037    0.012798    0.012798 ^ b[0] (in)
                                                         b[0] (net)
                      0.022037    0.000000    0.012798 ^ input5/A (sky130_fd_sc_hd__clkbuf_2)
     4    0.014088    0.083932    0.131931    0.144729 ^ input5/X (sky130_fd_sc_hd__clkbuf_2)
                                                         net5 (net)
                      0.083933    0.000554    0.145283 ^ g16/B (sky130_fd_sc_hd__nand2_1)
     1    0.002401    0.031652    0.058056    0.203339 v g16/Y (sky130_fd_sc_hd__nand2_1)
                                                         n16 (net)
                      0.031652    0.000049    0.203388 v g17/A (sky130_fd_sc_hd__inv_1)
     2    0.007888    0.072705    0.075878    0.279266 ^ g17/Y (sky130_fd_sc_hd__inv_1)
                                                         n17 (net)
                      0.072706    0.000202    0.279467 ^ g40/A (sky130_fd_sc_hd__nand2_2)
     3    0.009643    0.050625    0.068459    0.347926 v g40/Y (sky130_fd_sc_hd__nand2_2)
                                                         n40 (net)
                      0.050625    0.000244    0.348170 v g42/B (sky130_fd_sc_hd__nand2_1)
     1    0.002745    0.042892    0.066360    0.414530 ^ g42/Y (sky130_fd_sc_hd__nand2_1)
                                                         n42 (net)
                      0.042892    0.000082    0.414612 ^ g43/B (sky130_fd_sc_hd__nand2_1)
     1    0.003177    0.032740    0.051674    0.466286 v g43/Y (sky130_fd_sc_hd__nand2_1)
                                                         net10 (net)
                      0.032740    0.000103    0.466389 v output10/A (sky130_fd_sc_hd__clkdlybuf4s25_1)
     1    0.010941    0.092852    0.299071    0.765460 v output10/X (sky130_fd_sc_hd__clkdlybuf4s25_1)
                                                         p[1] (net)
                      0.092852    0.000267    0.765727 v p[1] (out)
                                              0.765727   data arrival time

                      0.000000    2.000000    2.000000   clock __VIRTUAL_CLK__ (rise edge)
                                  0.000000    2.000000   clock network delay (ideal)
                                  0.000000    2.000000   clock reconvergence pessimism
                                  0.000000    2.000000   output external delay
                                              2.000000   data required time
---------------------------------------------------------------------------------------------
                                              2.000000   data required time
                                             -0.765727   data arrival time
---------------------------------------------------------------------------------------------
                                              1.234273   slack (MET)


Startpoint: b[0] (input port clocked by __VIRTUAL_CLK__)
Endpoint: p[0] (output port clocked by __VIRTUAL_CLK__)
Path Group: __VIRTUAL_CLK__
Path Type: max

Fanout         Cap        Slew       Delay        Time   Description
---------------------------------------------------------------------------------------------
                      0.000000    0.000000    0.000000   clock __VIRTUAL_CLK__ (rise edge)
                                  0.000000    0.000000   clock network delay (ideal)
                                  0.000000    0.000000 ^ input external delay
     1    0.003332    0.022037    0.012798    0.012798 ^ b[0] (in)
                                                         b[0] (net)
                      0.022037    0.000000    0.012798 ^ input5/A (sky130_fd_sc_hd__clkbuf_2)
     4    0.014088    0.083932    0.131931    0.144729 ^ input5/X (sky130_fd_sc_hd__clkbuf_2)
                                                         net5 (net)
                      0.083933    0.000548    0.145277 ^ g8/B (sky130_fd_sc_hd__nand2_1)
     1    0.002465    0.032005    0.058476    0.203752 v g8/Y (sky130_fd_sc_hd__nand2_1)
                                                         n8 (net)
                      0.032005    0.000052    0.203804 v g9/A (sky130_fd_sc_hd__inv_1)
     1    0.003485    0.037682    0.049556    0.253360 ^ g9/Y (sky130_fd_sc_hd__inv_1)
                                                         net9 (net)
                      0.037682    0.000084    0.253444 ^ output9/A (sky130_fd_sc_hd__clkdlybuf4s25_1)
     1    0.012355    0.133818    0.322194    0.575638 ^ output9/X (sky130_fd_sc_hd__clkdlybuf4s25_1)
                                                         p[0] (net)
                      0.133818    0.000376    0.576014 ^ p[0] (out)
                                              0.576014   data arrival time

                      0.000000    2.000000    2.000000   clock __VIRTUAL_CLK__ (rise edge)
                                  0.000000    2.000000   clock network delay (ideal)
                                  0.000000    2.000000   clock reconvergence pessimism
                                  0.000000    2.000000   output external delay
                                              2.000000   data required time
---------------------------------------------------------------------------------------------
                                              2.000000   data required time
                                             -0.576014   data arrival time
---------------------------------------------------------------------------------------------
                                              1.423985   slack (MET)



