
===========================================================================
report_checks -path_delay max (Setup)
============================================================================
======================= nom_tt_025C_1v80 Corner ===================================

Startpoint: b[0] (input port clocked by __VIRTUAL_CLK__)
Endpoint: p[6] (output port clocked by __VIRTUAL_CLK__)
Path Group: __VIRTUAL_CLK__
Path Type: max

Fanout         Cap        Slew       Delay        Time   Description
---------------------------------------------------------------------------------------------
                      0.000000    0.000000    0.000000   clock __VIRTUAL_CLK__ (rise edge)
                                  0.000000    0.000000   clock network delay (ideal)
                                  0.000000    0.000000 ^ input external delay
     1    0.004831    0.028558    0.018204    0.018204 ^ b[0] (in)
                                                         b[0] (net)
                      0.028559    0.000000    0.018204 ^ input5/A (sky130_fd_sc_hd__clkbuf_2)
     4    0.017897    0.103667    0.148822    0.167026 ^ input5/X (sky130_fd_sc_hd__clkbuf_2)
                                                         net5 (net)
                      0.103667    0.000326    0.167352 ^ g16/B (sky130_fd_sc_hd__nand2_1)
     1    0.003201    0.038723    0.068557    0.235909 v g16/Y (sky130_fd_sc_hd__nand2_1)
                                                         n16 (net)
                      0.038723    0.000104    0.236013 v g17/A (sky130_fd_sc_hd__inv_1)
     2    0.011010    0.097651    0.097430    0.333443 ^ g17/Y (sky130_fd_sc_hd__inv_1)
                                                         n17 (net)
                      0.097653    0.000321    0.333763 ^ g40/A (sky130_fd_sc_hd__nand2_2)
     3    0.013187    0.065867    0.088023    0.421786 v g40/Y (sky130_fd_sc_hd__nand2_2)
                                                         n40 (net)
                      0.065867    0.000354    0.422141 v g44/A (sky130_fd_sc_hd__inv_2)
     3    0.012372    0.063073    0.083983    0.506124 ^ g44/Y (sky130_fd_sc_hd__inv_2)
                                                         n44 (net)
                      0.063073    0.000322    0.506446 ^ g132/B (sky130_fd_sc_hd__nand2_2)
     1    0.008584    0.043925    0.067904    0.574350 v g132/Y (sky130_fd_sc_hd__nand2_2)
                                                         n132 (net)
                      0.043926    0.000265    0.574615 v g53/A (sky130_fd_sc_hd__nand2_4)
     3    0.025229    0.090251    0.093753    0.668368 ^ g53/Y (sky130_fd_sc_hd__nand2_4)
                                                         n53 (net)
                      0.090257    0.000612    0.668979 ^ g142/B (sky130_fd_sc_hd__nand2_1)
     1    0.002784    0.039308    0.062177    0.731156 v g142/Y (sky130_fd_sc_hd__nand2_1)
                                                         n142 (net)
                      0.039308    0.000085    0.731240 v g60/B (sky130_fd_sc_hd__nand2_1)
     1    0.005330    0.063936    0.078014    0.809255 ^ g60/Y (sky130_fd_sc_hd__nand2_1)
                                                         n60 (net)
                      0.063936    0.000173    0.809428 ^ g61/A (sky130_fd_sc_hd__nand2_2)
     2    0.008544    0.045402    0.062386    0.871814 v g61/Y (sky130_fd_sc_hd__nand2_2)
                                                         n61 (net)
                      0.045402    0.000240    0.872053 v g73/B (sky130_fd_sc_hd__nand2_2)
     3    0.008865    0.063438    0.082223    0.954277 ^ g73/Y (sky130_fd_sc_hd__nand2_2)
                                                         n73 (net)
                      0.063438    0.000156    0.954433 ^ g74/B (sky130_fd_sc_hd__nand2_1)
     1    0.005570    0.049857    0.071043    1.025476 v g74/Y (sky130_fd_sc_hd__nand2_1)
                                                         n74 (net)
                      0.049857    0.000184    1.025660 v g76/B (sky130_fd_sc_hd__nand2_2)
     2    0.012137    0.078830    0.096450    1.122110 ^ g76/Y (sky130_fd_sc_hd__nand2_2)
                                                         n76 (net)
                      0.078830    0.000343    1.122453 ^ g77/A (sky130_fd_sc_hd__nand2_4)
     2    0.012307    0.046762    0.060539    1.182992 v g77/Y (sky130_fd_sc_hd__nand2_4)
                                                         n77 (net)
                      0.046764    0.000395    1.183387 v g81/B (sky130_fd_sc_hd__nand2_4)
     2    0.012632    0.057285    0.078944    1.262331 ^ g81/Y (sky130_fd_sc_hd__nand2_4)
                                                         n81 (net)
                      0.057286    0.000419    1.262751 ^ g86/A (sky130_fd_sc_hd__nand2_4)
     3    0.010054    0.034539    0.051035    1.313786 v g86/Y (sky130_fd_sc_hd__nand2_4)
                                                         n86 (net)
                      0.034539    0.000132    1.313918 v g88/B (sky130_fd_sc_hd__nand2_1)
     1    0.005244    0.063213    0.075225    1.389143 ^ g88/Y (sky130_fd_sc_hd__nand2_1)
                                                         n88 (net)
                      0.063213    0.000164    1.389307 ^ g89/B (sky130_fd_sc_hd__nand2_2)
     2    0.008463    0.044561    0.067633    1.456940 v g89/Y (sky130_fd_sc_hd__nand2_2)
                                                         n89 (net)
                      0.044561    0.000164    1.457104 v g105/B (sky130_fd_sc_hd__nand2_2)
     3    0.008881    0.063517    0.081905    1.539008 ^ g105/Y (sky130_fd_sc_hd__nand2_2)
                                                         n105 (net)
                      0.063517    0.000135    1.539143 ^ g106/B (sky130_fd_sc_hd__nand2_1)
     1    0.004440    0.042814    0.064855    1.603998 v g106/Y (sky130_fd_sc_hd__nand2_1)
                                                         n106 (net)
                      0.042814    0.000091    1.604089 v g108/B (sky130_fd_sc_hd__nand2_2)
     2    0.011363    0.075181    0.090288    1.694377 ^ g108/Y (sky130_fd_sc_hd__nand2_2)
                                                         n108 (net)
                      0.075181    0.000321    1.694699 ^ g109/A (sky130_fd_sc_hd__nand2_4)
     3    0.014558    0.049921    0.063856    1.758554 v g109/Y (sky130_fd_sc_hd__nand2_4)
                                                         n109 (net)
                      0.049922    0.000292    1.758846 v g113/B (sky130_fd_sc_hd__nand2_4)
     3    0.010580    0.052048    0.076141    1.834987 ^ g113/Y (sky130_fd_sc_hd__nand2_4)
                                                         n113 (net)
                      0.052048    0.000280    1.835268 ^ g133/B (sky130_fd_sc_hd__nand2_2)
     1    0.005234    0.035443    0.054927    1.890195 v g133/Y (sky130_fd_sc_hd__nand2_2)
                                                         n133 (net)
                      0.035443    0.000177    1.890372 v g122/B (sky130_fd_sc_hd__nand2_2)
     3    0.011497    0.075789    0.087405    1.977777 ^ g122/Y (sky130_fd_sc_hd__nand2_2)
                                                         n122 (net)
                      0.075789    0.000224    1.978000 ^ g135/B (sky130_fd_sc_hd__nand2_1)
     1    0.002660    0.043312    0.057703    2.035704 v g135/Y (sky130_fd_sc_hd__nand2_1)
                                                         n135 (net)
                      0.043312    0.000081    2.035784 v g129/B (sky130_fd_sc_hd__nand2_1)
     1    0.005184    0.062706    0.078938    2.114722 ^ g129/Y (sky130_fd_sc_hd__nand2_1)
                                                         n129 (net)
                      0.062706    0.000162    2.114884 ^ g130/B (sky130_fd_sc_hd__nand2_2)
     1    0.005842    0.036068    0.059460    2.174345 v g130/Y (sky130_fd_sc_hd__nand2_2)
                                                         net15 (net)
                      0.036070    0.000205    2.174549 v output15/A (sky130_fd_sc_hd__buf_6)
     1    0.011800    0.026720    0.118722    2.293271 v output15/X (sky130_fd_sc_hd__buf_6)
                                                         p[6] (net)
                      0.026736    0.000337    2.293607 v p[6] (out)
                                              2.293607   data arrival time

                      0.000000    2.000000    2.000000   clock __VIRTUAL_CLK__ (rise edge)
                                  0.000000    2.000000   clock network delay (ideal)
                                  0.000000    2.000000   clock reconvergence pessimism
                                  0.000000    2.000000   output external delay
                                              2.000000   data required time
---------------------------------------------------------------------------------------------
                                              2.000000   data required time
                                             -2.293607   data arrival time
---------------------------------------------------------------------------------------------
                                             -0.293608   slack (VIOLATED)


Startpoint: b[0] (input port clocked by __VIRTUAL_CLK__)
Endpoint: p[7] (output port clocked by __VIRTUAL_CLK__)
Path Group: __VIRTUAL_CLK__
Path Type: max

Fanout         Cap        Slew       Delay        Time   Description
---------------------------------------------------------------------------------------------
                      0.000000    0.000000    0.000000   clock __VIRTUAL_CLK__ (rise edge)
                                  0.000000    0.000000   clock network delay (ideal)
                                  0.000000    0.000000 ^ input external delay
     1    0.004831    0.028558    0.018204    0.018204 ^ b[0] (in)
                                                         b[0] (net)
                      0.028559    0.000000    0.018204 ^ input5/A (sky130_fd_sc_hd__clkbuf_2)
     4    0.017897    0.103667    0.148822    0.167026 ^ input5/X (sky130_fd_sc_hd__clkbuf_2)
                                                         net5 (net)
                      0.103667    0.000326    0.167352 ^ g16/B (sky130_fd_sc_hd__nand2_1)
     1    0.003201    0.038723    0.068557    0.235909 v g16/Y (sky130_fd_sc_hd__nand2_1)
                                                         n16 (net)
                      0.038723    0.000104    0.236013 v g17/A (sky130_fd_sc_hd__inv_1)
     2    0.011010    0.097651    0.097430    0.333443 ^ g17/Y (sky130_fd_sc_hd__inv_1)
                                                         n17 (net)
                      0.097653    0.000321    0.333763 ^ g40/A (sky130_fd_sc_hd__nand2_2)
     3    0.013187    0.065867    0.088023    0.421786 v g40/Y (sky130_fd_sc_hd__nand2_2)
                                                         n40 (net)
                      0.065867    0.000354    0.422141 v g44/A (sky130_fd_sc_hd__inv_2)
     3    0.012372    0.063073    0.083983    0.506124 ^ g44/Y (sky130_fd_sc_hd__inv_2)
                                                         n44 (net)
                      0.063073    0.000322    0.506446 ^ g132/B (sky130_fd_sc_hd__nand2_2)
     1    0.008584    0.043925    0.067904    0.574350 v g132/Y (sky130_fd_sc_hd__nand2_2)
                                                         n132 (net)
                      0.043926    0.000265    0.574615 v g53/A (sky130_fd_sc_hd__nand2_4)
     3    0.025229    0.090251    0.093753    0.668368 ^ g53/Y (sky130_fd_sc_hd__nand2_4)
                                                         n53 (net)
                      0.090257    0.000612    0.668979 ^ g142/B (sky130_fd_sc_hd__nand2_1)
     1    0.002784    0.039308    0.062177    0.731156 v g142/Y (sky130_fd_sc_hd__nand2_1)
                                                         n142 (net)
                      0.039308    0.000085    0.731240 v g60/B (sky130_fd_sc_hd__nand2_1)
     1    0.005330    0.063936    0.078014    0.809255 ^ g60/Y (sky130_fd_sc_hd__nand2_1)
                                                         n60 (net)
                      0.063936    0.000173    0.809428 ^ g61/A (sky130_fd_sc_hd__nand2_2)
     2    0.008544    0.045402    0.062386    0.871814 v g61/Y (sky130_fd_sc_hd__nand2_2)
                                                         n61 (net)
                      0.045402    0.000240    0.872053 v g73/B (sky130_fd_sc_hd__nand2_2)
     3    0.008865    0.063438    0.082223    0.954277 ^ g73/Y (sky130_fd_sc_hd__nand2_2)
                                                         n73 (net)
                      0.063438    0.000156    0.954433 ^ g74/B (sky130_fd_sc_hd__nand2_1)
     1    0.005570    0.049857    0.071043    1.025476 v g74/Y (sky130_fd_sc_hd__nand2_1)
                                                         n74 (net)
                      0.049857    0.000184    1.025660 v g76/B (sky130_fd_sc_hd__nand2_2)
     2    0.012137    0.078830    0.096450    1.122110 ^ g76/Y (sky130_fd_sc_hd__nand2_2)
                                                         n76 (net)
                      0.078830    0.000343    1.122453 ^ g77/A (sky130_fd_sc_hd__nand2_4)
     2    0.012307    0.046762    0.060539    1.182992 v g77/Y (sky130_fd_sc_hd__nand2_4)
                                                         n77 (net)
                      0.046764    0.000395    1.183387 v g81/B (sky130_fd_sc_hd__nand2_4)
     2    0.012632    0.057285    0.078944    1.262331 ^ g81/Y (sky130_fd_sc_hd__nand2_4)
                                                         n81 (net)
                      0.057286    0.000419    1.262751 ^ g86/A (sky130_fd_sc_hd__nand2_4)
     3    0.010054    0.034539    0.051035    1.313786 v g86/Y (sky130_fd_sc_hd__nand2_4)
                                                         n86 (net)
                      0.034539    0.000132    1.313918 v g88/B (sky130_fd_sc_hd__nand2_1)
     1    0.005244    0.063213    0.075225    1.389143 ^ g88/Y (sky130_fd_sc_hd__nand2_1)
                                                         n88 (net)
                      0.063213    0.000164    1.389307 ^ g89/B (sky130_fd_sc_hd__nand2_2)
     2    0.008463    0.044561    0.067633    1.456940 v g89/Y (sky130_fd_sc_hd__nand2_2)
                                                         n89 (net)
                      0.044561    0.000164    1.457104 v g105/B (sky130_fd_sc_hd__nand2_2)
     3    0.008881    0.063517    0.081905    1.539008 ^ g105/Y (sky130_fd_sc_hd__nand2_2)
                                                         n105 (net)
                      0.063517    0.000135    1.539143 ^ g106/B (sky130_fd_sc_hd__nand2_1)
     1    0.004440    0.042814    0.064855    1.603998 v g106/Y (sky130_fd_sc_hd__nand2_1)
                                                         n106 (net)
                      0.042814    0.000091    1.604089 v g108/B (sky130_fd_sc_hd__nand2_2)
     2    0.011363    0.075181    0.090288    1.694377 ^ g108/Y (sky130_fd_sc_hd__nand2_2)
                                                         n108 (net)
                      0.075181    0.000321    1.694699 ^ g109/A (sky130_fd_sc_hd__nand2_4)
     3    0.014558    0.049921    0.063856    1.758554 v g109/Y (sky130_fd_sc_hd__nand2_4)
                                                         n109 (net)
                      0.049922    0.000292    1.758846 v g113/B (sky130_fd_sc_hd__nand2_4)
     3    0.010580    0.052048    0.076141    1.834987 ^ g113/Y (sky130_fd_sc_hd__nand2_4)
                                                         n113 (net)
                      0.052048    0.000280    1.835268 ^ g133/B (sky130_fd_sc_hd__nand2_2)
     1    0.005234    0.035443    0.054927    1.890195 v g133/Y (sky130_fd_sc_hd__nand2_2)
                                                         n133 (net)
                      0.035443    0.000177    1.890372 v g122/B (sky130_fd_sc_hd__nand2_2)
     3    0.011497    0.075789    0.087405    1.977777 ^ g122/Y (sky130_fd_sc_hd__nand2_2)
                                                         n122 (net)
                      0.075789    0.000212    1.977988 ^ g127/B (sky130_fd_sc_hd__nand2_2)
     2    0.005401    0.045606    0.061359    2.039347 v g127/Y (sky130_fd_sc_hd__nand2_2)
                                                         n127 (net)
                      0.045606    0.000126    2.039473 v g131/B (sky130_fd_sc_hd__nand2_1)
     1    0.002519    0.041086    0.062528    2.102001 ^ g131/Y (sky130_fd_sc_hd__nand2_1)
                                                         net16 (net)
                      0.041086    0.000075    2.102076 ^ output16/A (sky130_fd_sc_hd__clkbuf_2)
     1    0.011488    0.070751    0.129141    2.231217 ^ output16/X (sky130_fd_sc_hd__clkbuf_2)
                                                         p[7] (net)
                      0.070751    0.000300    2.231517 ^ p[7] (out)
                                              2.231517   data arrival time

                      0.000000    2.000000    2.000000   clock __VIRTUAL_CLK__ (rise edge)
                                  0.000000    2.000000   clock network delay (ideal)
                                  0.000000    2.000000   clock reconvergence pessimism
                                  0.000000    2.000000   output external delay
                                              2.000000   data required time
---------------------------------------------------------------------------------------------
                                              2.000000   data required time
                                             -2.231517   data arrival time
---------------------------------------------------------------------------------------------
                                             -0.231517   slack (VIOLATED)


Startpoint: b[0] (input port clocked by __VIRTUAL_CLK__)
Endpoint: p[5] (output port clocked by __VIRTUAL_CLK__)
Path Group: __VIRTUAL_CLK__
Path Type: max

Fanout         Cap        Slew       Delay        Time   Description
---------------------------------------------------------------------------------------------
                      0.000000    0.000000    0.000000   clock __VIRTUAL_CLK__ (rise edge)
                                  0.000000    0.000000   clock network delay (ideal)
                                  0.000000    0.000000 ^ input external delay
     1    0.004831    0.028558    0.018204    0.018204 ^ b[0] (in)
                                                         b[0] (net)
                      0.028559    0.000000    0.018204 ^ input5/A (sky130_fd_sc_hd__clkbuf_2)
     4    0.017897    0.103667    0.148822    0.167026 ^ input5/X (sky130_fd_sc_hd__clkbuf_2)
                                                         net5 (net)
                      0.103667    0.000326    0.167352 ^ g16/B (sky130_fd_sc_hd__nand2_1)
     1    0.003201    0.038723    0.068557    0.235909 v g16/Y (sky130_fd_sc_hd__nand2_1)
                                                         n16 (net)
                      0.038723    0.000104    0.236013 v g17/A (sky130_fd_sc_hd__inv_1)
     2    0.011010    0.097651    0.097430    0.333443 ^ g17/Y (sky130_fd_sc_hd__inv_1)
                                                         n17 (net)
                      0.097653    0.000321    0.333763 ^ g40/A (sky130_fd_sc_hd__nand2_2)
     3    0.013187    0.065867    0.088023    0.421786 v g40/Y (sky130_fd_sc_hd__nand2_2)
                                                         n40 (net)
                      0.065867    0.000354    0.422141 v g44/A (sky130_fd_sc_hd__inv_2)
     3    0.012372    0.063073    0.083983    0.506124 ^ g44/Y (sky130_fd_sc_hd__inv_2)
                                                         n44 (net)
                      0.063073    0.000322    0.506446 ^ g132/B (sky130_fd_sc_hd__nand2_2)
     1    0.008584    0.043925    0.067904    0.574350 v g132/Y (sky130_fd_sc_hd__nand2_2)
                                                         n132 (net)
                      0.043926    0.000265    0.574615 v g53/A (sky130_fd_sc_hd__nand2_4)
     3    0.025229    0.090251    0.093753    0.668368 ^ g53/Y (sky130_fd_sc_hd__nand2_4)
                                                         n53 (net)
                      0.090257    0.000612    0.668979 ^ g142/B (sky130_fd_sc_hd__nand2_1)
     1    0.002784    0.039308    0.062177    0.731156 v g142/Y (sky130_fd_sc_hd__nand2_1)
                                                         n142 (net)
                      0.039308    0.000085    0.731240 v g60/B (sky130_fd_sc_hd__nand2_1)
     1    0.005330    0.063936    0.078014    0.809255 ^ g60/Y (sky130_fd_sc_hd__nand2_1)
                                                         n60 (net)
                      0.063936    0.000173    0.809428 ^ g61/A (sky130_fd_sc_hd__nand2_2)
     2    0.008544    0.045402    0.062386    0.871814 v g61/Y (sky130_fd_sc_hd__nand2_2)
                                                         n61 (net)
                      0.045402    0.000240    0.872053 v g73/B (sky130_fd_sc_hd__nand2_2)
     3    0.008865    0.063438    0.082223    0.954277 ^ g73/Y (sky130_fd_sc_hd__nand2_2)
                                                         n73 (net)
                      0.063438    0.000156    0.954433 ^ g74/B (sky130_fd_sc_hd__nand2_1)
     1    0.005570    0.049857    0.071043    1.025476 v g74/Y (sky130_fd_sc_hd__nand2_1)
                                                         n74 (net)
                      0.049857    0.000184    1.025660 v g76/B (sky130_fd_sc_hd__nand2_2)
     2    0.012137    0.078830    0.096450    1.122110 ^ g76/Y (sky130_fd_sc_hd__nand2_2)
                                                         n76 (net)
                      0.078830    0.000343    1.122453 ^ g77/A (sky130_fd_sc_hd__nand2_4)
     2    0.012307    0.046762    0.060539    1.182992 v g77/Y (sky130_fd_sc_hd__nand2_4)
                                                         n77 (net)
                      0.046764    0.000395    1.183387 v g81/B (sky130_fd_sc_hd__nand2_4)
     2    0.012632    0.057285    0.078944    1.262331 ^ g81/Y (sky130_fd_sc_hd__nand2_4)
                                                         n81 (net)
                      0.057286    0.000419    1.262751 ^ g86/A (sky130_fd_sc_hd__nand2_4)
     3    0.010054    0.034539    0.051035    1.313786 v g86/Y (sky130_fd_sc_hd__nand2_4)
                                                         n86 (net)
                      0.034541    0.000252    1.314038 v g90/B (sky130_fd_sc_hd__nand2_2)
     2    0.007734    0.058210    0.072986    1.387024 ^ g90/Y (sky130_fd_sc_hd__nand2_2)
                                                         n90 (net)
                      0.058210    0.000230    1.387253 ^ g95/B (sky130_fd_sc_hd__nand2_2)
     3    0.007688    0.046610    0.063970    1.451224 v g95/Y (sky130_fd_sc_hd__nand2_2)
                                                         n95 (net)
                      0.046610    0.000063    1.451287 v g97/B (sky130_fd_sc_hd__nand2_1)
     1    0.005159    0.062490    0.080313    1.531600 ^ g97/Y (sky130_fd_sc_hd__nand2_1)
                                                         n97 (net)
                      0.062490    0.000163    1.531762 ^ g98/B (sky130_fd_sc_hd__nand2_2)
     2    0.007739    0.042293    0.065203    1.596966 v g98/Y (sky130_fd_sc_hd__nand2_2)
                                                         n98 (net)
                      0.042293    0.000197    1.597162 v g114/B (sky130_fd_sc_hd__nand2_2)
     3    0.007834    0.058659    0.076940    1.674102 ^ g114/Y (sky130_fd_sc_hd__nand2_2)
                                                         n114 (net)
                      0.058663    0.000168    1.674271 ^ g115/B (sky130_fd_sc_hd__nand2_1)
     1    0.004891    0.045009    0.065933    1.740204 v g115/Y (sky130_fd_sc_hd__nand2_1)
                                                         n115 (net)
                      0.045009    0.000154    1.740357 v g117/B (sky130_fd_sc_hd__nand2_2)
     3    0.009902    0.068292    0.085919    1.826276 ^ g117/Y (sky130_fd_sc_hd__nand2_2)
                                                         n117 (net)
                      0.068292    0.000142    1.826418 ^ rebuffer22/A (sky130_fd_sc_hd__buf_2)
     1    0.003503    0.029793    0.107335    1.933753 ^ rebuffer22/X (sky130_fd_sc_hd__buf_2)
                                                         net22 (net)
                      0.029793    0.000115    1.933868 ^ g119/A (sky130_fd_sc_hd__nand2_1)
     1    0.002505    0.030418    0.039291    1.973159 v g119/Y (sky130_fd_sc_hd__nand2_1)
                                                         n119 (net)
                      0.030418    0.000052    1.973210 v g121/A (sky130_fd_sc_hd__nand2_1)
     1    0.003933    0.052357    0.057432    2.030642 ^ g121/Y (sky130_fd_sc_hd__nand2_1)
                                                         net14 (net)
                      0.052357    0.000126    2.030768 ^ output14/A (sky130_fd_sc_hd__clkbuf_2)
     1    0.011397    0.070348    0.132970    2.163739 ^ output14/X (sky130_fd_sc_hd__clkbuf_2)
                                                         p[5] (net)
                      0.070348    0.000297    2.164036 ^ p[5] (out)
                                              2.164036   data arrival time

                      0.000000    2.000000    2.000000   clock __VIRTUAL_CLK__ (rise edge)
                                  0.000000    2.000000   clock network delay (ideal)
                                  0.000000    2.000000   clock reconvergence pessimism
                                  0.000000    2.000000   output external delay
                                              2.000000   data required time
---------------------------------------------------------------------------------------------
                                              2.000000   data required time
                                             -2.164036   data arrival time
---------------------------------------------------------------------------------------------
                                             -0.164036   slack (VIOLATED)


Startpoint: b[0] (input port clocked by __VIRTUAL_CLK__)
Endpoint: p[4] (output port clocked by __VIRTUAL_CLK__)
Path Group: __VIRTUAL_CLK__
Path Type: max

Fanout         Cap        Slew       Delay        Time   Description
---------------------------------------------------------------------------------------------
                      0.000000    0.000000    0.000000   clock __VIRTUAL_CLK__ (rise edge)
                                  0.000000    0.000000   clock network delay (ideal)
                                  0.000000    0.000000 ^ input external delay
     1    0.004831    0.028558    0.018204    0.018204 ^ b[0] (in)
                                                         b[0] (net)
                      0.028559    0.000000    0.018204 ^ input5/A (sky130_fd_sc_hd__clkbuf_2)
     4    0.017897    0.103667    0.148822    0.167026 ^ input5/X (sky130_fd_sc_hd__clkbuf_2)
                                                         net5 (net)
                      0.103667    0.000326    0.167352 ^ g16/B (sky130_fd_sc_hd__nand2_1)
     1    0.003201    0.038723    0.068557    0.235909 v g16/Y (sky130_fd_sc_hd__nand2_1)
                                                         n16 (net)
                      0.038723    0.000104    0.236013 v g17/A (sky130_fd_sc_hd__inv_1)
     2    0.011010    0.097651    0.097430    0.333443 ^ g17/Y (sky130_fd_sc_hd__inv_1)
                                                         n17 (net)
                      0.097653    0.000321    0.333763 ^ g40/A (sky130_fd_sc_hd__nand2_2)
     3    0.013187    0.065867    0.088023    0.421786 v g40/Y (sky130_fd_sc_hd__nand2_2)
                                                         n40 (net)
                      0.065867    0.000354    0.422141 v g44/A (sky130_fd_sc_hd__inv_2)
     3    0.012372    0.063073    0.083983    0.506124 ^ g44/Y (sky130_fd_sc_hd__inv_2)
                                                         n44 (net)
                      0.063073    0.000322    0.506446 ^ g132/B (sky130_fd_sc_hd__nand2_2)
     1    0.008584    0.043925    0.067904    0.574350 v g132/Y (sky130_fd_sc_hd__nand2_2)
                                                         n132 (net)
                      0.043926    0.000265    0.574615 v g53/A (sky130_fd_sc_hd__nand2_4)
     3    0.025229    0.090251    0.093753    0.668368 ^ g53/Y (sky130_fd_sc_hd__nand2_4)
                                                         n53 (net)
                      0.090257    0.000612    0.668979 ^ g142/B (sky130_fd_sc_hd__nand2_1)
     1    0.002784    0.039308    0.062177    0.731156 v g142/Y (sky130_fd_sc_hd__nand2_1)
                                                         n142 (net)
                      0.039308    0.000085    0.731240 v g60/B (sky130_fd_sc_hd__nand2_1)
     1    0.005330    0.063936    0.078014    0.809255 ^ g60/Y (sky130_fd_sc_hd__nand2_1)
                                                         n60 (net)
                      0.063936    0.000173    0.809428 ^ g61/A (sky130_fd_sc_hd__nand2_2)
     2    0.008544    0.045402    0.062386    0.871814 v g61/Y (sky130_fd_sc_hd__nand2_2)
                                                         n61 (net)
                      0.045402    0.000240    0.872053 v g73/B (sky130_fd_sc_hd__nand2_2)
     3    0.008865    0.063438    0.082223    0.954277 ^ g73/Y (sky130_fd_sc_hd__nand2_2)
                                                         n73 (net)
                      0.063438    0.000156    0.954433 ^ g74/B (sky130_fd_sc_hd__nand2_1)
     1    0.005570    0.049857    0.071043    1.025476 v g74/Y (sky130_fd_sc_hd__nand2_1)
                                                         n74 (net)
                      0.049857    0.000184    1.025660 v g76/B (sky130_fd_sc_hd__nand2_2)
     2    0.012137    0.078830    0.096450    1.122110 ^ g76/Y (sky130_fd_sc_hd__nand2_2)
                                                         n76 (net)
                      0.078830    0.000343    1.122453 ^ g77/A (sky130_fd_sc_hd__nand2_4)
     2    0.012307    0.046762    0.060539    1.182992 v g77/Y (sky130_fd_sc_hd__nand2_4)
                                                         n77 (net)
                      0.046764    0.000395    1.183387 v g81/B (sky130_fd_sc_hd__nand2_4)
     2    0.012632    0.057285    0.078944    1.262331 ^ g81/Y (sky130_fd_sc_hd__nand2_4)
                                                         n81 (net)
                      0.057286    0.000419    1.262751 ^ g86/A (sky130_fd_sc_hd__nand2_4)
     3    0.010054    0.034539    0.051035    1.313786 v g86/Y (sky130_fd_sc_hd__nand2_4)
                                                         n86 (net)
                      0.034539    0.000132    1.313918 v g88/B (sky130_fd_sc_hd__nand2_1)
     1    0.005244    0.063213    0.075225    1.389143 ^ g88/Y (sky130_fd_sc_hd__nand2_1)
                                                         n88 (net)
                      0.063213    0.000164    1.389307 ^ g89/B (sky130_fd_sc_hd__nand2_2)
     2    0.008463    0.044561    0.067633    1.456940 v g89/Y (sky130_fd_sc_hd__nand2_2)
                                                         n89 (net)
                      0.044561    0.000164    1.457104 v g105/B (sky130_fd_sc_hd__nand2_2)
     3    0.008881    0.063517    0.081905    1.539008 ^ g105/Y (sky130_fd_sc_hd__nand2_2)
                                                         n105 (net)
                      0.063517    0.000135    1.539143 ^ g106/B (sky130_fd_sc_hd__nand2_1)
     1    0.004440    0.042814    0.064855    1.603998 v g106/Y (sky130_fd_sc_hd__nand2_1)
                                                         n106 (net)
                      0.042814    0.000091    1.604089 v g108/B (sky130_fd_sc_hd__nand2_2)
     2    0.011363    0.075181    0.090288    1.694377 ^ g108/Y (sky130_fd_sc_hd__nand2_2)
                                                         n108 (net)
                      0.075181    0.000229    1.694607 ^ rebuffer21/A (sky130_fd_sc_hd__buf_2)
     1    0.003085    0.028122    0.108172    1.802779 ^ rebuffer21/X (sky130_fd_sc_hd__buf_2)
                                                         net21 (net)
                      0.028122    0.000069    1.802848 ^ g110/A (sky130_fd_sc_hd__nand2_1)
     1    0.002753    0.031446    0.040098    1.842946 v g110/Y (sky130_fd_sc_hd__nand2_1)
                                                         n110 (net)
                      0.031446    0.000084    1.843030 v g112/A (sky130_fd_sc_hd__nand2_1)
     1    0.003284    0.048019    0.053557    1.896587 ^ g112/Y (sky130_fd_sc_hd__nand2_1)
                                                         net13 (net)
                      0.048019    0.000103    1.896691 ^ output13/A (sky130_fd_sc_hd__clkbuf_2)
     1    0.011245    0.069642    0.130756    2.027446 ^ output13/X (sky130_fd_sc_hd__clkbuf_2)
                                                         p[4] (net)
                      0.069642    0.000264    2.027711 ^ p[4] (out)
                                              2.027711   data arrival time

                      0.000000    2.000000    2.000000   clock __VIRTUAL_CLK__ (rise edge)
                                  0.000000    2.000000   clock network delay (ideal)
                                  0.000000    2.000000   clock reconvergence pessimism
                                  0.000000    2.000000   output external delay
                                              2.000000   data required time
---------------------------------------------------------------------------------------------
                                              2.000000   data required time
                                             -2.027711   data arrival time
---------------------------------------------------------------------------------------------
                                             -0.027711   slack (VIOLATED)


Startpoint: b[0] (input port clocked by __VIRTUAL_CLK__)
Endpoint: p[3] (output port clocked by __VIRTUAL_CLK__)
Path Group: __VIRTUAL_CLK__
Path Type: max

Fanout         Cap        Slew       Delay        Time   Description
---------------------------------------------------------------------------------------------
                      0.000000    0.000000    0.000000   clock __VIRTUAL_CLK__ (rise edge)
                                  0.000000    0.000000   clock network delay (ideal)
                                  0.000000    0.000000 ^ input external delay
     1    0.004831    0.028558    0.018204    0.018204 ^ b[0] (in)
                                                         b[0] (net)
                      0.028559    0.000000    0.018204 ^ input5/A (sky130_fd_sc_hd__clkbuf_2)
     4    0.017897    0.103667    0.148822    0.167026 ^ input5/X (sky130_fd_sc_hd__clkbuf_2)
                                                         net5 (net)
                      0.103667    0.000326    0.167352 ^ g16/B (sky130_fd_sc_hd__nand2_1)
     1    0.003201    0.038723    0.068557    0.235909 v g16/Y (sky130_fd_sc_hd__nand2_1)
                                                         n16 (net)
                      0.038723    0.000104    0.236013 v g17/A (sky130_fd_sc_hd__inv_1)
     2    0.011010    0.097651    0.097430    0.333443 ^ g17/Y (sky130_fd_sc_hd__inv_1)
                                                         n17 (net)
                      0.097653    0.000321    0.333763 ^ g40/A (sky130_fd_sc_hd__nand2_2)
     3    0.013187    0.065867    0.088023    0.421786 v g40/Y (sky130_fd_sc_hd__nand2_2)
                                                         n40 (net)
                      0.065867    0.000354    0.422141 v g44/A (sky130_fd_sc_hd__inv_2)
     3    0.012372    0.063073    0.083983    0.506124 ^ g44/Y (sky130_fd_sc_hd__inv_2)
                                                         n44 (net)
                      0.063073    0.000322    0.506446 ^ g132/B (sky130_fd_sc_hd__nand2_2)
     1    0.008584    0.043925    0.067904    0.574350 v g132/Y (sky130_fd_sc_hd__nand2_2)
                                                         n132 (net)
                      0.043926    0.000265    0.574615 v g53/A (sky130_fd_sc_hd__nand2_4)
     3    0.025229    0.090251    0.093753    0.668368 ^ g53/Y (sky130_fd_sc_hd__nand2_4)
                                                         n53 (net)
                      0.090257    0.000612    0.668979 ^ g142/B (sky130_fd_sc_hd__nand2_1)
     1    0.002784    0.039308    0.062177    0.731156 v g142/Y (sky130_fd_sc_hd__nand2_1)
                                                         n142 (net)
                      0.039308    0.000085    0.731240 v g60/B (sky130_fd_sc_hd__nand2_1)
     1    0.005330    0.063936    0.078014    0.809255 ^ g60/Y (sky130_fd_sc_hd__nand2_1)
                                                         n60 (net)
                      0.063936    0.000173    0.809428 ^ g61/A (sky130_fd_sc_hd__nand2_2)
     2    0.008544    0.045402    0.062386    0.871814 v g61/Y (sky130_fd_sc_hd__nand2_2)
                                                         n61 (net)
                      0.045402    0.000240    0.872053 v g73/B (sky130_fd_sc_hd__nand2_2)
     3    0.008865    0.063438    0.082223    0.954277 ^ g73/Y (sky130_fd_sc_hd__nand2_2)
                                                         n73 (net)
                      0.063438    0.000156    0.954433 ^ g74/B (sky130_fd_sc_hd__nand2_1)
     1    0.005570    0.049857    0.071043    1.025476 v g74/Y (sky130_fd_sc_hd__nand2_1)
                                                         n74 (net)
                      0.049857    0.000184    1.025660 v g76/B (sky130_fd_sc_hd__nand2_2)
     2    0.012137    0.078830    0.096450    1.122110 ^ g76/Y (sky130_fd_sc_hd__nand2_2)
                                                         n76 (net)
                      0.078830    0.000343    1.122453 ^ g77/A (sky130_fd_sc_hd__nand2_4)
     2    0.012307    0.046762    0.060539    1.182992 v g77/Y (sky130_fd_sc_hd__nand2_4)
                                                         n77 (net)
                      0.046762    0.000256    1.183249 v rebuffer18/A (sky130_fd_sc_hd__buf_4)
     2    0.009784    0.032062    0.145128    1.328376 v rebuffer18/X (sky130_fd_sc_hd__buf_4)
                                                         net18 (net)
                      0.032064    0.000247    1.328623 v g78/B (sky130_fd_sc_hd__nand2_2)
     1    0.010258    0.069946    0.081166    1.409789 ^ g78/Y (sky130_fd_sc_hd__nand2_2)
                                                         n78 (net)
                      0.069947    0.000348    1.410137 ^ g80/B (sky130_fd_sc_hd__nand2_4)
     2    0.014518    0.044099    0.066185    1.476322 v g80/Y (sky130_fd_sc_hd__nand2_4)
                                                         n80 (net)
                      0.044121    0.000414    1.476735 v g100/A (sky130_fd_sc_hd__nand2_4)
     3    0.014338    0.062808    0.071206    1.547941 ^ g100/Y (sky130_fd_sc_hd__nand2_4)
                                                         n100 (net)
                      0.062808    0.000294    1.548236 ^ g102/B (sky130_fd_sc_hd__nand2_2)
     1    0.005073    0.046638    0.057144    1.605380 v g102/Y (sky130_fd_sc_hd__nand2_2)
                                                         n102 (net)
                      0.046639    0.000165    1.605545 v g103/B (sky130_fd_sc_hd__nand2_2)
     1    0.005447    0.047748    0.069998    1.675543 ^ g103/Y (sky130_fd_sc_hd__nand2_2)
                                                         net12 (net)
                      0.047748    0.000170    1.675713 ^ output12/A (sky130_fd_sc_hd__buf_6)
     1    0.011243    0.035187    0.097904    1.773617 ^ output12/X (sky130_fd_sc_hd__buf_6)
                                                         p[3] (net)
                      0.035188    0.000253    1.773870 ^ p[3] (out)
                                              1.773870   data arrival time

                      0.000000    2.000000    2.000000   clock __VIRTUAL_CLK__ (rise edge)
                                  0.000000    2.000000   clock network delay (ideal)
                                  0.000000    2.000000   clock reconvergence pessimism
                                  0.000000    2.000000   output external delay
                                              2.000000   data required time
---------------------------------------------------------------------------------------------
                                              2.000000   data required time
                                             -1.773870   data arrival time
---------------------------------------------------------------------------------------------
                                              0.226130   slack (MET)


Startpoint: a[0] (input port clocked by __VIRTUAL_CLK__)
Endpoint: p[2] (output port clocked by __VIRTUAL_CLK__)
Path Group: __VIRTUAL_CLK__
Path Type: max

Fanout         Cap        Slew       Delay        Time   Description
---------------------------------------------------------------------------------------------
                      0.000000    0.000000    0.000000   clock __VIRTUAL_CLK__ (rise edge)
                                  0.000000    0.000000   clock network delay (ideal)
                                  0.000000    0.000000 ^ input external delay
     1    0.006340    0.035181    0.023323    0.023323 ^ a[0] (in)
                                                         a[0] (net)
                      0.035182    0.000000    0.023323 ^ input1/A (sky130_fd_sc_hd__buf_6)
     5    0.020210    0.050851    0.107463    0.130786 ^ input1/X (sky130_fd_sc_hd__buf_6)
                                                         net1 (net)
                      0.050860    0.000682    0.131468 ^ g139/A (sky130_fd_sc_hd__nand2_1)
     1    0.007030    0.057480    0.071409    0.202878 v g139/Y (sky130_fd_sc_hd__nand2_1)
                                                         n139 (net)
                      0.057501    0.000269    0.203146 v g13/A (sky130_fd_sc_hd__inv_2)
     2    0.013568    0.067296    0.083848    0.286994 ^ g13/Y (sky130_fd_sc_hd__inv_2)
                                                         n13 (net)
                      0.067302    0.000555    0.287549 ^ g136/B (sky130_fd_sc_hd__nand2_2)
     1    0.004312    0.037660    0.055908    0.343457 v g136/Y (sky130_fd_sc_hd__nand2_2)
                                                         n136 (net)
                      0.037660    0.000086    0.343543 v g47/B (sky130_fd_sc_hd__nand2_2)
     2    0.010880    0.072886    0.086113    0.429656 ^ g47/Y (sky130_fd_sc_hd__nand2_2)
                                                         n47 (net)
                      0.072887    0.000371    0.430027 ^ g48/B (sky130_fd_sc_hd__nand2_1)
     2    0.006118    0.053967    0.076910    0.506938 v g48/Y (sky130_fd_sc_hd__nand2_1)
                                                         n48 (net)
                      0.053967    0.000154    0.507092 v g49/A (sky130_fd_sc_hd__nand2_1)
     2    0.006350    0.072529    0.083797    0.590888 ^ g49/Y (sky130_fd_sc_hd__nand2_1)
                                                         n49 (net)
                      0.072529    0.000083    0.590971 ^ g51/B (sky130_fd_sc_hd__nand2_1)
     1    0.003574    0.037417    0.062535    0.653506 v g51/Y (sky130_fd_sc_hd__nand2_1)
                                                         n51 (net)
                      0.037417    0.000118    0.653624 v g52/B (sky130_fd_sc_hd__nand2_1)
     2    0.013664    0.135204    0.130825    0.784449 ^ g52/Y (sky130_fd_sc_hd__nand2_1)
                                                         n52 (net)
                      0.135206    0.000474    0.784923 ^ g68/A (sky130_fd_sc_hd__nand2_2)
     3    0.014744    0.076885    0.104091    0.889014 v g68/Y (sky130_fd_sc_hd__nand2_2)
                                                         n68 (net)
                      0.076885    0.000347    0.889361 v g70/B (sky130_fd_sc_hd__nand2_1)
     1    0.009040    0.096079    0.119900    1.009261 ^ g70/Y (sky130_fd_sc_hd__nand2_1)
                                                         n70 (net)
                      0.096115    0.000365    1.009627 ^ g71/B (sky130_fd_sc_hd__nand2_1)
     1    0.003042    0.038190    0.065464    1.075091 v g71/Y (sky130_fd_sc_hd__nand2_1)
                                                         net11 (net)
                      0.038190    0.000073    1.075163 v output11/A (sky130_fd_sc_hd__clkbuf_2)
     1    0.011038    0.051352    0.127356    1.202520 v output11/X (sky130_fd_sc_hd__clkbuf_2)
                                                         p[2] (net)
                      0.051353    0.000264    1.202784 v p[2] (out)
                                              1.202784   data arrival time

                      0.000000    2.000000    2.000000   clock __VIRTUAL_CLK__ (rise edge)
                                  0.000000    2.000000   clock network delay (ideal)
                                  0.000000    2.000000   clock reconvergence pessimism
                                  0.000000    2.000000   output external delay
                                              2.000000   data required time
---------------------------------------------------------------------------------------------
                                              2.000000   data required time
                                             -1.202784   data arrival time
---------------------------------------------------------------------------------------------
                                              0.797216   slack (MET)


Startpoint: b[0] (input port clocked by __VIRTUAL_CLK__)
Endpoint: p[1] (output port clocked by __VIRTUAL_CLK__)
Path Group: __VIRTUAL_CLK__
Path Type: max

Fanout         Cap        Slew       Delay        Time   Description
---------------------------------------------------------------------------------------------
                      0.000000    0.000000    0.000000   clock __VIRTUAL_CLK__ (rise edge)
                                  0.000000    0.000000   clock network delay (ideal)
                                  0.000000    0.000000 ^ input external delay
     1    0.004831    0.028558    0.018204    0.018204 ^ b[0] (in)
                                                         b[0] (net)
                      0.028559    0.000000    0.018204 ^ input5/A (sky130_fd_sc_hd__clkbuf_2)
     4    0.017897    0.103667    0.148822    0.167026 ^ input5/X (sky130_fd_sc_hd__clkbuf_2)
                                                         net5 (net)
                      0.103667    0.000326    0.167352 ^ g16/B (sky130_fd_sc_hd__nand2_1)
     1    0.003201    0.038723    0.068557    0.235909 v g16/Y (sky130_fd_sc_hd__nand2_1)
                                                         n16 (net)
                      0.038723    0.000104    0.236013 v g17/A (sky130_fd_sc_hd__inv_1)
     2    0.011010    0.097651    0.097430    0.333443 ^ g17/Y (sky130_fd_sc_hd__inv_1)
                                                         n17 (net)
                      0.097653    0.000321    0.333763 ^ g40/A (sky130_fd_sc_hd__nand2_2)
     3    0.013187    0.065867    0.088023    0.421786 v g40/Y (sky130_fd_sc_hd__nand2_2)
                                                         n40 (net)
                      0.065867    0.000323    0.422109 v g42/B (sky130_fd_sc_hd__nand2_1)
     1    0.003408    0.049744    0.077975    0.500084 ^ g42/Y (sky130_fd_sc_hd__nand2_1)
                                                         n42 (net)
                      0.049744    0.000111    0.500195 ^ g43/B (sky130_fd_sc_hd__nand2_1)
     1    0.004094    0.038346    0.058912    0.559107 v g43/Y (sky130_fd_sc_hd__nand2_1)
                                                         net10 (net)
                      0.038346    0.000150    0.559256 v output10/A (sky130_fd_sc_hd__clkdlybuf4s25_1)
     1    0.012477    0.103364    0.310246    0.869503 v output10/X (sky130_fd_sc_hd__clkdlybuf4s25_1)
                                                         p[1] (net)
                      0.103364    0.000373    0.869875 v p[1] (out)
                                              0.869875   data arrival time

                      0.000000    2.000000    2.000000   clock __VIRTUAL_CLK__ (rise edge)
                                  0.000000    2.000000   clock network delay (ideal)
                                  0.000000    2.000000   clock reconvergence pessimism
                                  0.000000    2.000000   output external delay
                                              2.000000   data required time
---------------------------------------------------------------------------------------------
                                              2.000000   data required time
                                             -0.869875   data arrival time
---------------------------------------------------------------------------------------------
                                              1.130125   slack (MET)


Startpoint: b[0] (input port clocked by __VIRTUAL_CLK__)
Endpoint: p[0] (output port clocked by __VIRTUAL_CLK__)
Path Group: __VIRTUAL_CLK__
Path Type: max

Fanout         Cap        Slew       Delay        Time   Description
---------------------------------------------------------------------------------------------
                      0.000000    0.000000    0.000000   clock __VIRTUAL_CLK__ (rise edge)
                                  0.000000    0.000000   clock network delay (ideal)
                                  0.000000    0.000000 ^ input external delay
     1    0.004831    0.028558    0.018204    0.018204 ^ b[0] (in)
                                                         b[0] (net)
                      0.028559    0.000000    0.018204 ^ input5/A (sky130_fd_sc_hd__clkbuf_2)
     4    0.017897    0.103667    0.148822    0.167026 ^ input5/X (sky130_fd_sc_hd__clkbuf_2)
                                                         net5 (net)
                      0.103667    0.000353    0.167379 ^ g8/B (sky130_fd_sc_hd__nand2_1)
     1    0.002898    0.036995    0.066414    0.233793 v g8/Y (sky130_fd_sc_hd__nand2_1)
                                                         n8 (net)
                      0.036995    0.000065    0.233857 v g9/A (sky130_fd_sc_hd__inv_1)
     1    0.004968    0.049464    0.060651    0.294508 ^ g9/Y (sky130_fd_sc_hd__inv_1)
                                                         net9 (net)
                      0.049482    0.000193    0.294701 ^ output9/A (sky130_fd_sc_hd__clkdlybuf4s25_1)
     1    0.012185    0.132151    0.325313    0.620014 ^ output9/X (sky130_fd_sc_hd__clkdlybuf4s25_1)
                                                         p[0] (net)
                      0.132151    0.000332    0.620346 ^ p[0] (out)
                                              0.620346   data arrival time

                      0.000000    2.000000    2.000000   clock __VIRTUAL_CLK__ (rise edge)
                                  0.000000    2.000000   clock network delay (ideal)
                                  0.000000    2.000000   clock reconvergence pessimism
                                  0.000000    2.000000   output external delay
                                              2.000000   data required time
---------------------------------------------------------------------------------------------
                                              2.000000   data required time
                                             -0.620346   data arrival time
---------------------------------------------------------------------------------------------
                                              1.379654   slack (MET)



