
===========================================================================
report_checks -path_delay max (Setup)
============================================================================
======================= nom_tt_025C_1v80 Corner ===================================

Startpoint: b[2] (input port clocked by __VIRTUAL_CLK__)
Endpoint: p[6] (output port clocked by __VIRTUAL_CLK__)
Path Group: __VIRTUAL_CLK__
Path Type: max

Fanout         Cap        Slew       Delay        Time   Description
---------------------------------------------------------------------------------------------
                      0.000000    0.000000    0.000000   clock __VIRTUAL_CLK__ (rise edge)
                                  0.000000    0.000000   clock network delay (ideal)
                                  0.000000    0.000000 ^ input external delay
     4    0.015852    0.077184    0.055216    0.055216 ^ b[2] (in)
                                                         b[2] (net)
                      0.077184    0.000000    0.055216 ^ g12/B (sky130_fd_sc_hd__nand2_1)
     1    0.002451    0.032730    0.056728    0.111945 v g12/Y (sky130_fd_sc_hd__nand2_1)
                                                         n12 (net)
                      0.032730    0.000050    0.111995 v g13/A (sky130_fd_sc_hd__inv_1)
     2    0.006186    0.059079    0.066135    0.178130 ^ g13/Y (sky130_fd_sc_hd__inv_1)
                                                         n13 (net)
                      0.059080    0.000136    0.178266 ^ g45/B (sky130_fd_sc_hd__nand2_1)
     3    0.008788    0.069821    0.087440    0.265706 v g45/Y (sky130_fd_sc_hd__nand2_1)
                                                         n45 (net)
                      0.069821    0.000192    0.265898 v g47/B (sky130_fd_sc_hd__nand2_1)
     1    0.002685    0.044968    0.074807    0.340706 ^ g47/Y (sky130_fd_sc_hd__nand2_1)
                                                         n47 (net)
                      0.044968    0.000081    0.340786 ^ g48/B (sky130_fd_sc_hd__nand2_1)
     2    0.005481    0.047245    0.064879    0.405665 v g48/Y (sky130_fd_sc_hd__nand2_1)
                                                         n48 (net)
                      0.047245    0.000142    0.405807 v g49/A (sky130_fd_sc_hd__nand2_1)
     3    0.008465    0.090550    0.094888    0.500695 ^ g49/Y (sky130_fd_sc_hd__nand2_1)
                                                         n49 (net)
                      0.090550    0.000057    0.500752 ^ g53/B (sky130_fd_sc_hd__nand2_1)
     2    0.004900    0.051475    0.075166    0.575918 v g53/Y (sky130_fd_sc_hd__nand2_1)
                                                         n53 (net)
                      0.051475    0.000080    0.575998 v g58/B (sky130_fd_sc_hd__nand2_1)
     3    0.008202    0.088330    0.102475    0.678474 ^ g58/Y (sky130_fd_sc_hd__nand2_1)
                                                         n58 (net)
                      0.088358    0.000112    0.678585 ^ g60/B (sky130_fd_sc_hd__nand2_1)
     1    0.002645    0.033605    0.060767    0.739352 v g60/Y (sky130_fd_sc_hd__nand2_1)
                                                         n60 (net)
                      0.033605    0.000079    0.739431 v g61/B (sky130_fd_sc_hd__nand2_1)
     2    0.005793    0.067828    0.078371    0.817802 ^ g61/Y (sky130_fd_sc_hd__nand2_1)
                                                         n61 (net)
                      0.067828    0.000153    0.817956 ^ g73/A (sky130_fd_sc_hd__nand2_1)
     3    0.007624    0.063262    0.080586    0.898542 v g73/Y (sky130_fd_sc_hd__nand2_1)
                                                         n73 (net)
                      0.063262    0.000118    0.898660 v g75/B (sky130_fd_sc_hd__nand2_1)
     1    0.002701    0.044097    0.071897    0.970557 ^ g75/Y (sky130_fd_sc_hd__nand2_1)
                                                         n75 (net)
                      0.044097    0.000081    0.970638 ^ g76/B (sky130_fd_sc_hd__nand2_1)
     2    0.005264    0.045900    0.063446    1.034083 v g76/Y (sky130_fd_sc_hd__nand2_1)
                                                         n76 (net)
                      0.045900    0.000095    1.034179 v g77/A (sky130_fd_sc_hd__nand2_1)
     3    0.009029    0.095321    0.098045    1.132224 ^ g77/Y (sky130_fd_sc_hd__nand2_1)
                                                         n77 (net)
                      0.095321    0.000081    1.132305 ^ g81/B (sky130_fd_sc_hd__nand2_1)
     2    0.005833    0.055201    0.081936    1.214241 v g81/Y (sky130_fd_sc_hd__nand2_1)
                                                         n81 (net)
                      0.055201    0.000152    1.214393 v g86/B (sky130_fd_sc_hd__nand2_1)
     3    0.008508    0.090994    0.106254    1.320647 ^ g86/Y (sky130_fd_sc_hd__nand2_1)
                                                         n86 (net)
                      0.090994    0.000089    1.320736 ^ g90/B (sky130_fd_sc_hd__nand2_1)
     2    0.005782    0.054498    0.080353    1.401090 v g90/Y (sky130_fd_sc_hd__nand2_1)
                                                         n90 (net)
                      0.054498    0.000167    1.401256 v g95/B (sky130_fd_sc_hd__nand2_1)
     3    0.008144    0.087903    0.103549    1.504805 ^ g95/Y (sky130_fd_sc_hd__nand2_1)
                                                         n95 (net)
                      0.087903    0.000095    1.504901 ^ g97/B (sky130_fd_sc_hd__nand2_1)
     1    0.002421    0.032874    0.059152    1.564052 v g97/Y (sky130_fd_sc_hd__nand2_1)
                                                         n97 (net)
                      0.032874    0.000072    1.564124 v g98/B (sky130_fd_sc_hd__nand2_1)
     2    0.005815    0.068011    0.078176    1.642300 ^ g98/Y (sky130_fd_sc_hd__nand2_1)
                                                         n98 (net)
                      0.068011    0.000136    1.642435 ^ g114/A (sky130_fd_sc_hd__nand2_1)
     3    0.008230    0.067085    0.084016    1.726451 v g114/Y (sky130_fd_sc_hd__nand2_1)
                                                         n114 (net)
                      0.067085    0.000194    1.726645 v g116/B (sky130_fd_sc_hd__nand2_1)
     1    0.002644    0.044257    0.073274    1.799919 ^ g116/Y (sky130_fd_sc_hd__nand2_1)
                                                         n116 (net)
                      0.044257    0.000055    1.799974 ^ g117/B (sky130_fd_sc_hd__nand2_1)
     2    0.005738    0.048941    0.066024    1.865998 v g117/Y (sky130_fd_sc_hd__nand2_1)
                                                         n117 (net)
                      0.048941    0.000156    1.866154 v g118/A (sky130_fd_sc_hd__nand2_1)
     3    0.008698    0.092562    0.097131    1.963285 ^ g118/Y (sky130_fd_sc_hd__nand2_1)
                                                         n118 (net)
                      0.092563    0.000138    1.963423 ^ g122/B (sky130_fd_sc_hd__nand2_1)
     2    0.005454    0.053809    0.078946    2.042369 v g122/Y (sky130_fd_sc_hd__nand2_1)
                                                         n122 (net)
                      0.053809    0.000103    2.042472 v g127/B (sky130_fd_sc_hd__nand2_1)
     3    0.007821    0.085113    0.101096    2.143568 ^ g127/Y (sky130_fd_sc_hd__nand2_1)
                                                         n127 (net)
                      0.085113    0.000105    2.143673 ^ g129/B (sky130_fd_sc_hd__nand2_1)
     1    0.002904    0.034935    0.061663    2.205336 v g129/Y (sky130_fd_sc_hd__nand2_1)
                                                         n129 (net)
                      0.034935    0.000089    2.205425 v g130/B (sky130_fd_sc_hd__nand2_1)
     1    0.011166    0.113661    0.113768    2.319193 ^ g130/Y (sky130_fd_sc_hd__nand2_1)
                                                         p[6] (net)
                      0.113661    0.000218    2.319411 ^ p[6] (out)
                                              2.319411   data arrival time

                      0.000000   10.000000   10.000000   clock __VIRTUAL_CLK__ (rise edge)
                                  0.000000   10.000000   clock network delay (ideal)
                                 -0.250000    9.750000   clock uncertainty
                                  0.000000    9.750000   clock reconvergence pessimism
                                  0.000000    9.750000   output external delay
                                              9.750000   data required time
---------------------------------------------------------------------------------------------
                                              9.750000   data required time
                                             -2.319411   data arrival time
---------------------------------------------------------------------------------------------
                                              7.430590   slack (MET)


Startpoint: b[2] (input port clocked by __VIRTUAL_CLK__)
Endpoint: p[7] (output port clocked by __VIRTUAL_CLK__)
Path Group: __VIRTUAL_CLK__
Path Type: max

Fanout         Cap        Slew       Delay        Time   Description
---------------------------------------------------------------------------------------------
                      0.000000    0.000000    0.000000   clock __VIRTUAL_CLK__ (rise edge)
                                  0.000000    0.000000   clock network delay (ideal)
                                  0.000000    0.000000 ^ input external delay
     4    0.015852    0.077184    0.055216    0.055216 ^ b[2] (in)
                                                         b[2] (net)
                      0.077184    0.000000    0.055216 ^ g12/B (sky130_fd_sc_hd__nand2_1)
     1    0.002451    0.032730    0.056728    0.111945 v g12/Y (sky130_fd_sc_hd__nand2_1)
                                                         n12 (net)
                      0.032730    0.000050    0.111995 v g13/A (sky130_fd_sc_hd__inv_1)
     2    0.006186    0.059079    0.066135    0.178130 ^ g13/Y (sky130_fd_sc_hd__inv_1)
                                                         n13 (net)
                      0.059080    0.000136    0.178266 ^ g45/B (sky130_fd_sc_hd__nand2_1)
     3    0.008788    0.069821    0.087440    0.265706 v g45/Y (sky130_fd_sc_hd__nand2_1)
                                                         n45 (net)
                      0.069821    0.000192    0.265898 v g47/B (sky130_fd_sc_hd__nand2_1)
     1    0.002685    0.044968    0.074807    0.340706 ^ g47/Y (sky130_fd_sc_hd__nand2_1)
                                                         n47 (net)
                      0.044968    0.000081    0.340786 ^ g48/B (sky130_fd_sc_hd__nand2_1)
     2    0.005481    0.047245    0.064879    0.405665 v g48/Y (sky130_fd_sc_hd__nand2_1)
                                                         n48 (net)
                      0.047245    0.000142    0.405807 v g49/A (sky130_fd_sc_hd__nand2_1)
     3    0.008465    0.090550    0.094888    0.500695 ^ g49/Y (sky130_fd_sc_hd__nand2_1)
                                                         n49 (net)
                      0.090550    0.000057    0.500752 ^ g53/B (sky130_fd_sc_hd__nand2_1)
     2    0.004900    0.051475    0.075166    0.575918 v g53/Y (sky130_fd_sc_hd__nand2_1)
                                                         n53 (net)
                      0.051475    0.000080    0.575998 v g58/B (sky130_fd_sc_hd__nand2_1)
     3    0.008202    0.088330    0.102475    0.678474 ^ g58/Y (sky130_fd_sc_hd__nand2_1)
                                                         n58 (net)
                      0.088358    0.000112    0.678585 ^ g60/B (sky130_fd_sc_hd__nand2_1)
     1    0.002645    0.033605    0.060767    0.739352 v g60/Y (sky130_fd_sc_hd__nand2_1)
                                                         n60 (net)
                      0.033605    0.000079    0.739431 v g61/B (sky130_fd_sc_hd__nand2_1)
     2    0.005793    0.067828    0.078371    0.817802 ^ g61/Y (sky130_fd_sc_hd__nand2_1)
                                                         n61 (net)
                      0.067828    0.000153    0.817956 ^ g73/A (sky130_fd_sc_hd__nand2_1)
     3    0.007624    0.063262    0.080586    0.898542 v g73/Y (sky130_fd_sc_hd__nand2_1)
                                                         n73 (net)
                      0.063262    0.000118    0.898660 v g75/B (sky130_fd_sc_hd__nand2_1)
     1    0.002701    0.044097    0.071897    0.970557 ^ g75/Y (sky130_fd_sc_hd__nand2_1)
                                                         n75 (net)
                      0.044097    0.000081    0.970638 ^ g76/B (sky130_fd_sc_hd__nand2_1)
     2    0.005264    0.045900    0.063446    1.034083 v g76/Y (sky130_fd_sc_hd__nand2_1)
                                                         n76 (net)
                      0.045900    0.000095    1.034179 v g77/A (sky130_fd_sc_hd__nand2_1)
     3    0.009029    0.095321    0.098045    1.132224 ^ g77/Y (sky130_fd_sc_hd__nand2_1)
                                                         n77 (net)
                      0.095321    0.000081    1.132305 ^ g81/B (sky130_fd_sc_hd__nand2_1)
     2    0.005833    0.055201    0.081936    1.214241 v g81/Y (sky130_fd_sc_hd__nand2_1)
                                                         n81 (net)
                      0.055201    0.000152    1.214393 v g86/B (sky130_fd_sc_hd__nand2_1)
     3    0.008508    0.090994    0.106254    1.320647 ^ g86/Y (sky130_fd_sc_hd__nand2_1)
                                                         n86 (net)
                      0.090994    0.000089    1.320736 ^ g90/B (sky130_fd_sc_hd__nand2_1)
     2    0.005782    0.054498    0.080353    1.401090 v g90/Y (sky130_fd_sc_hd__nand2_1)
                                                         n90 (net)
                      0.054498    0.000167    1.401256 v g95/B (sky130_fd_sc_hd__nand2_1)
     3    0.008144    0.087903    0.103549    1.504805 ^ g95/Y (sky130_fd_sc_hd__nand2_1)
                                                         n95 (net)
                      0.087903    0.000095    1.504901 ^ g97/B (sky130_fd_sc_hd__nand2_1)
     1    0.002421    0.032874    0.059152    1.564052 v g97/Y (sky130_fd_sc_hd__nand2_1)
                                                         n97 (net)
                      0.032874    0.000072    1.564124 v g98/B (sky130_fd_sc_hd__nand2_1)
     2    0.005815    0.068011    0.078176    1.642300 ^ g98/Y (sky130_fd_sc_hd__nand2_1)
                                                         n98 (net)
                      0.068011    0.000136    1.642435 ^ g114/A (sky130_fd_sc_hd__nand2_1)
     3    0.008230    0.067085    0.084016    1.726451 v g114/Y (sky130_fd_sc_hd__nand2_1)
                                                         n114 (net)
                      0.067085    0.000194    1.726645 v g116/B (sky130_fd_sc_hd__nand2_1)
     1    0.002644    0.044257    0.073274    1.799919 ^ g116/Y (sky130_fd_sc_hd__nand2_1)
                                                         n116 (net)
                      0.044257    0.000055    1.799974 ^ g117/B (sky130_fd_sc_hd__nand2_1)
     2    0.005738    0.048941    0.066024    1.865998 v g117/Y (sky130_fd_sc_hd__nand2_1)
                                                         n117 (net)
                      0.048941    0.000156    1.866154 v g118/A (sky130_fd_sc_hd__nand2_1)
     3    0.008698    0.092562    0.097131    1.963285 ^ g118/Y (sky130_fd_sc_hd__nand2_1)
                                                         n118 (net)
                      0.092563    0.000138    1.963423 ^ g122/B (sky130_fd_sc_hd__nand2_1)
     2    0.005454    0.053809    0.078946    2.042369 v g122/Y (sky130_fd_sc_hd__nand2_1)
                                                         n122 (net)
                      0.053809    0.000103    2.042472 v g127/B (sky130_fd_sc_hd__nand2_1)
     3    0.007821    0.085113    0.101096    2.143568 ^ g127/Y (sky130_fd_sc_hd__nand2_1)
                                                         n127 (net)
                      0.085113    0.000113    2.143682 ^ g131/B (sky130_fd_sc_hd__nand2_1)
     1    0.010891    0.086322    0.107254    2.250936 v g131/Y (sky130_fd_sc_hd__nand2_1)
                                                         p[7] (net)
                      0.086322    0.000208    2.251143 v p[7] (out)
                                              2.251143   data arrival time

                      0.000000   10.000000   10.000000   clock __VIRTUAL_CLK__ (rise edge)
                                  0.000000   10.000000   clock network delay (ideal)
                                 -0.250000    9.750000   clock uncertainty
                                  0.000000    9.750000   clock reconvergence pessimism
                                  0.000000    9.750000   output external delay
                                              9.750000   data required time
---------------------------------------------------------------------------------------------
                                              9.750000   data required time
                                             -2.251143   data arrival time
---------------------------------------------------------------------------------------------
                                              7.498857   slack (MET)


Startpoint: b[2] (input port clocked by __VIRTUAL_CLK__)
Endpoint: p[5] (output port clocked by __VIRTUAL_CLK__)
Path Group: __VIRTUAL_CLK__
Path Type: max

Fanout         Cap        Slew       Delay        Time   Description
---------------------------------------------------------------------------------------------
                      0.000000    0.000000    0.000000   clock __VIRTUAL_CLK__ (rise edge)
                                  0.000000    0.000000   clock network delay (ideal)
                                  0.000000    0.000000 ^ input external delay
     4    0.015852    0.077184    0.055216    0.055216 ^ b[2] (in)
                                                         b[2] (net)
                      0.077184    0.000000    0.055216 ^ g12/B (sky130_fd_sc_hd__nand2_1)
     1    0.002451    0.032730    0.056728    0.111945 v g12/Y (sky130_fd_sc_hd__nand2_1)
                                                         n12 (net)
                      0.032730    0.000050    0.111995 v g13/A (sky130_fd_sc_hd__inv_1)
     2    0.006186    0.059079    0.066135    0.178130 ^ g13/Y (sky130_fd_sc_hd__inv_1)
                                                         n13 (net)
                      0.059080    0.000136    0.178266 ^ g45/B (sky130_fd_sc_hd__nand2_1)
     3    0.008788    0.069821    0.087440    0.265706 v g45/Y (sky130_fd_sc_hd__nand2_1)
                                                         n45 (net)
                      0.069821    0.000192    0.265898 v g47/B (sky130_fd_sc_hd__nand2_1)
     1    0.002685    0.044968    0.074807    0.340706 ^ g47/Y (sky130_fd_sc_hd__nand2_1)
                                                         n47 (net)
                      0.044968    0.000081    0.340786 ^ g48/B (sky130_fd_sc_hd__nand2_1)
     2    0.005481    0.047245    0.064879    0.405665 v g48/Y (sky130_fd_sc_hd__nand2_1)
                                                         n48 (net)
                      0.047245    0.000142    0.405807 v g49/A (sky130_fd_sc_hd__nand2_1)
     3    0.008465    0.090550    0.094888    0.500695 ^ g49/Y (sky130_fd_sc_hd__nand2_1)
                                                         n49 (net)
                      0.090550    0.000057    0.500752 ^ g53/B (sky130_fd_sc_hd__nand2_1)
     2    0.004900    0.051475    0.075166    0.575918 v g53/Y (sky130_fd_sc_hd__nand2_1)
                                                         n53 (net)
                      0.051475    0.000080    0.575998 v g58/B (sky130_fd_sc_hd__nand2_1)
     3    0.008202    0.088330    0.102475    0.678474 ^ g58/Y (sky130_fd_sc_hd__nand2_1)
                                                         n58 (net)
                      0.088358    0.000112    0.678585 ^ g60/B (sky130_fd_sc_hd__nand2_1)
     1    0.002645    0.033605    0.060767    0.739352 v g60/Y (sky130_fd_sc_hd__nand2_1)
                                                         n60 (net)
                      0.033605    0.000079    0.739431 v g61/B (sky130_fd_sc_hd__nand2_1)
     2    0.005793    0.067828    0.078371    0.817802 ^ g61/Y (sky130_fd_sc_hd__nand2_1)
                                                         n61 (net)
                      0.067828    0.000153    0.817956 ^ g73/A (sky130_fd_sc_hd__nand2_1)
     3    0.007624    0.063262    0.080586    0.898542 v g73/Y (sky130_fd_sc_hd__nand2_1)
                                                         n73 (net)
                      0.063262    0.000118    0.898660 v g75/B (sky130_fd_sc_hd__nand2_1)
     1    0.002701    0.044097    0.071897    0.970557 ^ g75/Y (sky130_fd_sc_hd__nand2_1)
                                                         n75 (net)
                      0.044097    0.000081    0.970638 ^ g76/B (sky130_fd_sc_hd__nand2_1)
     2    0.005264    0.045900    0.063446    1.034083 v g76/Y (sky130_fd_sc_hd__nand2_1)
                                                         n76 (net)
                      0.045900    0.000095    1.034179 v g77/A (sky130_fd_sc_hd__nand2_1)
     3    0.009029    0.095321    0.098045    1.132224 ^ g77/Y (sky130_fd_sc_hd__nand2_1)
                                                         n77 (net)
                      0.095321    0.000081    1.132305 ^ g81/B (sky130_fd_sc_hd__nand2_1)
     2    0.005833    0.055201    0.081936    1.214241 v g81/Y (sky130_fd_sc_hd__nand2_1)
                                                         n81 (net)
                      0.055201    0.000152    1.214393 v g86/B (sky130_fd_sc_hd__nand2_1)
     3    0.008508    0.090994    0.106254    1.320647 ^ g86/Y (sky130_fd_sc_hd__nand2_1)
                                                         n86 (net)
                      0.090994    0.000089    1.320736 ^ g90/B (sky130_fd_sc_hd__nand2_1)
     2    0.005782    0.054498    0.080353    1.401090 v g90/Y (sky130_fd_sc_hd__nand2_1)
                                                         n90 (net)
                      0.054498    0.000167    1.401256 v g95/B (sky130_fd_sc_hd__nand2_1)
     3    0.008144    0.087903    0.103549    1.504805 ^ g95/Y (sky130_fd_sc_hd__nand2_1)
                                                         n95 (net)
                      0.087903    0.000095    1.504901 ^ g97/B (sky130_fd_sc_hd__nand2_1)
     1    0.002421    0.032874    0.059152    1.564052 v g97/Y (sky130_fd_sc_hd__nand2_1)
                                                         n97 (net)
                      0.032874    0.000072    1.564124 v g98/B (sky130_fd_sc_hd__nand2_1)
     2    0.005815    0.068011    0.078176    1.642300 ^ g98/Y (sky130_fd_sc_hd__nand2_1)
                                                         n98 (net)
                      0.068011    0.000136    1.642435 ^ g114/A (sky130_fd_sc_hd__nand2_1)
     3    0.008230    0.067085    0.084016    1.726451 v g114/Y (sky130_fd_sc_hd__nand2_1)
                                                         n114 (net)
                      0.067085    0.000194    1.726645 v g116/B (sky130_fd_sc_hd__nand2_1)
     1    0.002644    0.044257    0.073274    1.799919 ^ g116/Y (sky130_fd_sc_hd__nand2_1)
                                                         n116 (net)
                      0.044257    0.000055    1.799974 ^ g117/B (sky130_fd_sc_hd__nand2_1)
     2    0.005738    0.048941    0.066024    1.865998 v g117/Y (sky130_fd_sc_hd__nand2_1)
                                                         n117 (net)
                      0.048941    0.000156    1.866154 v g118/A (sky130_fd_sc_hd__nand2_1)
     3    0.008698    0.092562    0.097131    1.963285 ^ g118/Y (sky130_fd_sc_hd__nand2_1)
                                                         n118 (net)
                      0.092563    0.000207    1.963492 ^ g120/B (sky130_fd_sc_hd__nand2_1)
     1    0.002998    0.036156    0.064220    2.027712 v g120/Y (sky130_fd_sc_hd__nand2_1)
                                                         n120 (net)
                      0.036156    0.000092    2.027804 v g121/B (sky130_fd_sc_hd__nand2_1)
     1    0.011461    0.116203    0.116183    2.143987 ^ g121/Y (sky130_fd_sc_hd__nand2_1)
                                                         p[5] (net)
                      0.116204    0.000307    2.144295 ^ p[5] (out)
                                              2.144295   data arrival time

                      0.000000   10.000000   10.000000   clock __VIRTUAL_CLK__ (rise edge)
                                  0.000000   10.000000   clock network delay (ideal)
                                 -0.250000    9.750000   clock uncertainty
                                  0.000000    9.750000   clock reconvergence pessimism
                                  0.000000    9.750000   output external delay
                                              9.750000   data required time
---------------------------------------------------------------------------------------------
                                              9.750000   data required time
                                             -2.144295   data arrival time
---------------------------------------------------------------------------------------------
                                              7.605706   slack (MET)


Startpoint: b[2] (input port clocked by __VIRTUAL_CLK__)
Endpoint: p[4] (output port clocked by __VIRTUAL_CLK__)
Path Group: __VIRTUAL_CLK__
Path Type: max

Fanout         Cap        Slew       Delay        Time   Description
---------------------------------------------------------------------------------------------
                      0.000000    0.000000    0.000000   clock __VIRTUAL_CLK__ (rise edge)
                                  0.000000    0.000000   clock network delay (ideal)
                                  0.000000    0.000000 ^ input external delay
     4    0.015852    0.077184    0.055216    0.055216 ^ b[2] (in)
                                                         b[2] (net)
                      0.077184    0.000000    0.055216 ^ g12/B (sky130_fd_sc_hd__nand2_1)
     1    0.002451    0.032730    0.056728    0.111945 v g12/Y (sky130_fd_sc_hd__nand2_1)
                                                         n12 (net)
                      0.032730    0.000050    0.111995 v g13/A (sky130_fd_sc_hd__inv_1)
     2    0.006186    0.059079    0.066135    0.178130 ^ g13/Y (sky130_fd_sc_hd__inv_1)
                                                         n13 (net)
                      0.059080    0.000136    0.178266 ^ g45/B (sky130_fd_sc_hd__nand2_1)
     3    0.008788    0.069821    0.087440    0.265706 v g45/Y (sky130_fd_sc_hd__nand2_1)
                                                         n45 (net)
                      0.069821    0.000192    0.265898 v g47/B (sky130_fd_sc_hd__nand2_1)
     1    0.002685    0.044968    0.074807    0.340706 ^ g47/Y (sky130_fd_sc_hd__nand2_1)
                                                         n47 (net)
                      0.044968    0.000081    0.340786 ^ g48/B (sky130_fd_sc_hd__nand2_1)
     2    0.005481    0.047245    0.064879    0.405665 v g48/Y (sky130_fd_sc_hd__nand2_1)
                                                         n48 (net)
                      0.047245    0.000142    0.405807 v g49/A (sky130_fd_sc_hd__nand2_1)
     3    0.008465    0.090550    0.094888    0.500695 ^ g49/Y (sky130_fd_sc_hd__nand2_1)
                                                         n49 (net)
                      0.090550    0.000057    0.500752 ^ g53/B (sky130_fd_sc_hd__nand2_1)
     2    0.004900    0.051475    0.075166    0.575918 v g53/Y (sky130_fd_sc_hd__nand2_1)
                                                         n53 (net)
                      0.051475    0.000080    0.575998 v g58/B (sky130_fd_sc_hd__nand2_1)
     3    0.008202    0.088330    0.102475    0.678474 ^ g58/Y (sky130_fd_sc_hd__nand2_1)
                                                         n58 (net)
                      0.088358    0.000112    0.678585 ^ g60/B (sky130_fd_sc_hd__nand2_1)
     1    0.002645    0.033605    0.060767    0.739352 v g60/Y (sky130_fd_sc_hd__nand2_1)
                                                         n60 (net)
                      0.033605    0.000079    0.739431 v g61/B (sky130_fd_sc_hd__nand2_1)
     2    0.005793    0.067828    0.078371    0.817802 ^ g61/Y (sky130_fd_sc_hd__nand2_1)
                                                         n61 (net)
                      0.067828    0.000153    0.817956 ^ g73/A (sky130_fd_sc_hd__nand2_1)
     3    0.007624    0.063262    0.080586    0.898542 v g73/Y (sky130_fd_sc_hd__nand2_1)
                                                         n73 (net)
                      0.063262    0.000118    0.898660 v g75/B (sky130_fd_sc_hd__nand2_1)
     1    0.002701    0.044097    0.071897    0.970557 ^ g75/Y (sky130_fd_sc_hd__nand2_1)
                                                         n75 (net)
                      0.044097    0.000081    0.970638 ^ g76/B (sky130_fd_sc_hd__nand2_1)
     2    0.005264    0.045900    0.063446    1.034083 v g76/Y (sky130_fd_sc_hd__nand2_1)
                                                         n76 (net)
                      0.045900    0.000095    1.034179 v g77/A (sky130_fd_sc_hd__nand2_1)
     3    0.009029    0.095321    0.098045    1.132224 ^ g77/Y (sky130_fd_sc_hd__nand2_1)
                                                         n77 (net)
                      0.095321    0.000081    1.132305 ^ g81/B (sky130_fd_sc_hd__nand2_1)
     2    0.005833    0.055201    0.081936    1.214241 v g81/Y (sky130_fd_sc_hd__nand2_1)
                                                         n81 (net)
                      0.055201    0.000152    1.214393 v g86/B (sky130_fd_sc_hd__nand2_1)
     3    0.008508    0.090994    0.106254    1.320647 ^ g86/Y (sky130_fd_sc_hd__nand2_1)
                                                         n86 (net)
                      0.090994    0.000096    1.320743 ^ g88/B (sky130_fd_sc_hd__nand2_1)
     1    0.002453    0.033158    0.060136    1.380879 v g88/Y (sky130_fd_sc_hd__nand2_1)
                                                         n88 (net)
                      0.033158    0.000051    1.380930 v g89/B (sky130_fd_sc_hd__nand2_1)
     2    0.006234    0.071544    0.081016    1.461945 ^ g89/Y (sky130_fd_sc_hd__nand2_1)
                                                         n89 (net)
                      0.071544    0.000193    1.462138 ^ g105/A (sky130_fd_sc_hd__nand2_1)
     3    0.007705    0.064270    0.082337    1.544475 v g105/Y (sky130_fd_sc_hd__nand2_1)
                                                         n105 (net)
                      0.064270    0.000104    1.544579 v g107/B (sky130_fd_sc_hd__nand2_1)
     1    0.002692    0.044186    0.072304    1.616883 ^ g107/Y (sky130_fd_sc_hd__nand2_1)
                                                         n107 (net)
                      0.044186    0.000080    1.616963 ^ g108/B (sky130_fd_sc_hd__nand2_1)
     2    0.004898    0.043483    0.061492    1.678455 v g108/Y (sky130_fd_sc_hd__nand2_1)
                                                         n108 (net)
                      0.043483    0.000082    1.678537 v g109/A (sky130_fd_sc_hd__nand2_1)
     3    0.008393    0.089948    0.092727    1.771263 ^ g109/Y (sky130_fd_sc_hd__nand2_1)
                                                         n109 (net)
                      0.089948    0.000158    1.771421 ^ g111/B (sky130_fd_sc_hd__nand2_1)
     1    0.003101    0.036421    0.064238    1.835660 v g111/Y (sky130_fd_sc_hd__nand2_1)
                                                         n111 (net)
                      0.036421    0.000095    1.835755 v g112/B (sky130_fd_sc_hd__nand2_1)
     1    0.011874    0.119765    0.118942    1.954697 ^ g112/Y (sky130_fd_sc_hd__nand2_1)
                                                         p[4] (net)
                      0.119767    0.000346    1.955042 ^ p[4] (out)
                                              1.955042   data arrival time

                      0.000000   10.000000   10.000000   clock __VIRTUAL_CLK__ (rise edge)
                                  0.000000   10.000000   clock network delay (ideal)
                                 -0.250000    9.750000   clock uncertainty
                                  0.000000    9.750000   clock reconvergence pessimism
                                  0.000000    9.750000   output external delay
                                              9.750000   data required time
---------------------------------------------------------------------------------------------
                                              9.750000   data required time
                                             -1.955042   data arrival time
---------------------------------------------------------------------------------------------
                                              7.794958   slack (MET)


Startpoint: b[2] (input port clocked by __VIRTUAL_CLK__)
Endpoint: p[3] (output port clocked by __VIRTUAL_CLK__)
Path Group: __VIRTUAL_CLK__
Path Type: max

Fanout         Cap        Slew       Delay        Time   Description
---------------------------------------------------------------------------------------------
                      0.000000    0.000000    0.000000   clock __VIRTUAL_CLK__ (rise edge)
                                  0.000000    0.000000   clock network delay (ideal)
                                  0.000000    0.000000 ^ input external delay
     4    0.015852    0.077184    0.055216    0.055216 ^ b[2] (in)
                                                         b[2] (net)
                      0.077184    0.000000    0.055216 ^ g12/B (sky130_fd_sc_hd__nand2_1)
     1    0.002451    0.032730    0.056728    0.111945 v g12/Y (sky130_fd_sc_hd__nand2_1)
                                                         n12 (net)
                      0.032730    0.000050    0.111995 v g13/A (sky130_fd_sc_hd__inv_1)
     2    0.006186    0.059079    0.066135    0.178130 ^ g13/Y (sky130_fd_sc_hd__inv_1)
                                                         n13 (net)
                      0.059080    0.000136    0.178266 ^ g45/B (sky130_fd_sc_hd__nand2_1)
     3    0.008788    0.069821    0.087440    0.265706 v g45/Y (sky130_fd_sc_hd__nand2_1)
                                                         n45 (net)
                      0.069821    0.000192    0.265898 v g47/B (sky130_fd_sc_hd__nand2_1)
     1    0.002685    0.044968    0.074807    0.340706 ^ g47/Y (sky130_fd_sc_hd__nand2_1)
                                                         n47 (net)
                      0.044968    0.000081    0.340786 ^ g48/B (sky130_fd_sc_hd__nand2_1)
     2    0.005481    0.047245    0.064879    0.405665 v g48/Y (sky130_fd_sc_hd__nand2_1)
                                                         n48 (net)
                      0.047245    0.000142    0.405807 v g49/A (sky130_fd_sc_hd__nand2_1)
     3    0.008465    0.090550    0.094888    0.500695 ^ g49/Y (sky130_fd_sc_hd__nand2_1)
                                                         n49 (net)
                      0.090550    0.000057    0.500752 ^ g53/B (sky130_fd_sc_hd__nand2_1)
     2    0.004900    0.051475    0.075166    0.575918 v g53/Y (sky130_fd_sc_hd__nand2_1)
                                                         n53 (net)
                      0.051475    0.000080    0.575998 v g58/B (sky130_fd_sc_hd__nand2_1)
     3    0.008202    0.088330    0.102475    0.678474 ^ g58/Y (sky130_fd_sc_hd__nand2_1)
                                                         n58 (net)
                      0.088358    0.000112    0.678585 ^ g60/B (sky130_fd_sc_hd__nand2_1)
     1    0.002645    0.033605    0.060767    0.739352 v g60/Y (sky130_fd_sc_hd__nand2_1)
                                                         n60 (net)
                      0.033605    0.000079    0.739431 v g61/B (sky130_fd_sc_hd__nand2_1)
     2    0.005793    0.067828    0.078371    0.817802 ^ g61/Y (sky130_fd_sc_hd__nand2_1)
                                                         n61 (net)
                      0.067828    0.000153    0.817956 ^ g73/A (sky130_fd_sc_hd__nand2_1)
     3    0.007624    0.063262    0.080586    0.898542 v g73/Y (sky130_fd_sc_hd__nand2_1)
                                                         n73 (net)
                      0.063262    0.000118    0.898660 v g75/B (sky130_fd_sc_hd__nand2_1)
     1    0.002701    0.044097    0.071897    0.970557 ^ g75/Y (sky130_fd_sc_hd__nand2_1)
                                                         n75 (net)
                      0.044097    0.000081    0.970638 ^ g76/B (sky130_fd_sc_hd__nand2_1)
     2    0.005264    0.045900    0.063446    1.034083 v g76/Y (sky130_fd_sc_hd__nand2_1)
                                                         n76 (net)
                      0.045900    0.000095    1.034179 v g77/A (sky130_fd_sc_hd__nand2_1)
     3    0.009029    0.095321    0.098045    1.132224 ^ g77/Y (sky130_fd_sc_hd__nand2_1)
                                                         n77 (net)
                      0.095321    0.000085    1.132309 ^ g79/B (sky130_fd_sc_hd__nand2_1)
     1    0.002653    0.034539    0.062564    1.194873 v g79/Y (sky130_fd_sc_hd__nand2_1)
                                                         n79 (net)
                      0.034539    0.000080    1.194954 v g80/B (sky130_fd_sc_hd__nand2_1)
     2    0.005464    0.065061    0.076672    1.271625 ^ g80/Y (sky130_fd_sc_hd__nand2_1)
                                                         n80 (net)
                      0.065061    0.000143    1.271768 ^ g100/A (sky130_fd_sc_hd__nand2_1)
     3    0.007679    0.063228    0.079971    1.351739 v g100/Y (sky130_fd_sc_hd__nand2_1)
                                                         n100 (net)
                      0.063228    0.000084    1.351823 v g102/B (sky130_fd_sc_hd__nand2_1)
     1    0.002793    0.044781    0.072514    1.424337 ^ g102/Y (sky130_fd_sc_hd__nand2_1)
                                                         n102 (net)
                      0.044781    0.000083    1.424420 ^ g103/B (sky130_fd_sc_hd__nand2_1)
     1    0.011475    0.087653    0.097067    1.521488 v g103/Y (sky130_fd_sc_hd__nand2_1)
                                                         p[3] (net)
                      0.087654    0.000272    1.521760 v p[3] (out)
                                              1.521760   data arrival time

                      0.000000   10.000000   10.000000   clock __VIRTUAL_CLK__ (rise edge)
                                  0.000000   10.000000   clock network delay (ideal)
                                 -0.250000    9.750000   clock uncertainty
                                  0.000000    9.750000   clock reconvergence pessimism
                                  0.000000    9.750000   output external delay
                                              9.750000   data required time
---------------------------------------------------------------------------------------------
                                              9.750000   data required time
                                             -1.521760   data arrival time
---------------------------------------------------------------------------------------------
                                              8.228241   slack (MET)


Startpoint: b[2] (input port clocked by __VIRTUAL_CLK__)
Endpoint: p[2] (output port clocked by __VIRTUAL_CLK__)
Path Group: __VIRTUAL_CLK__
Path Type: max

Fanout         Cap        Slew       Delay        Time   Description
---------------------------------------------------------------------------------------------
                      0.000000    0.000000    0.000000   clock __VIRTUAL_CLK__ (rise edge)
                                  0.000000    0.000000   clock network delay (ideal)
                                  0.000000    0.000000 ^ input external delay
     4    0.015852    0.077184    0.055216    0.055216 ^ b[2] (in)
                                                         b[2] (net)
                      0.077184    0.000000    0.055216 ^ g12/B (sky130_fd_sc_hd__nand2_1)
     1    0.002451    0.032730    0.056728    0.111945 v g12/Y (sky130_fd_sc_hd__nand2_1)
                                                         n12 (net)
                      0.032730    0.000050    0.111995 v g13/A (sky130_fd_sc_hd__inv_1)
     2    0.006186    0.059079    0.066135    0.178130 ^ g13/Y (sky130_fd_sc_hd__inv_1)
                                                         n13 (net)
                      0.059080    0.000136    0.178266 ^ g45/B (sky130_fd_sc_hd__nand2_1)
     3    0.008788    0.069821    0.087440    0.265706 v g45/Y (sky130_fd_sc_hd__nand2_1)
                                                         n45 (net)
                      0.069821    0.000192    0.265898 v g47/B (sky130_fd_sc_hd__nand2_1)
     1    0.002685    0.044968    0.074807    0.340706 ^ g47/Y (sky130_fd_sc_hd__nand2_1)
                                                         n47 (net)
                      0.044968    0.000081    0.340786 ^ g48/B (sky130_fd_sc_hd__nand2_1)
     2    0.005481    0.047245    0.064879    0.405665 v g48/Y (sky130_fd_sc_hd__nand2_1)
                                                         n48 (net)
                      0.047245    0.000142    0.405807 v g49/A (sky130_fd_sc_hd__nand2_1)
     3    0.008465    0.090550    0.094888    0.500695 ^ g49/Y (sky130_fd_sc_hd__nand2_1)
                                                         n49 (net)
                      0.090551    0.000106    0.500801 ^ g51/B (sky130_fd_sc_hd__nand2_1)
     1    0.002453    0.032796    0.060027    0.560828 v g51/Y (sky130_fd_sc_hd__nand2_1)
                                                         n51 (net)
                      0.032796    0.000051    0.560879 v g52/B (sky130_fd_sc_hd__nand2_1)
     2    0.006106    0.070468    0.080020    0.640899 ^ g52/Y (sky130_fd_sc_hd__nand2_1)
                                                         n52 (net)
                      0.070468    0.000182    0.641082 ^ g68/A (sky130_fd_sc_hd__nand2_1)
     3    0.007680    0.063956    0.081842    0.722924 v g68/Y (sky130_fd_sc_hd__nand2_1)
                                                         n68 (net)
                      0.063956    0.000101    0.723025 v g70/B (sky130_fd_sc_hd__nand2_1)
     1    0.003242    0.048245    0.075933    0.798958 ^ g70/Y (sky130_fd_sc_hd__nand2_1)
                                                         n70 (net)
                      0.048246    0.000102    0.799060 ^ g71/B (sky130_fd_sc_hd__nand2_1)
     1    0.011157    0.085587    0.096560    0.895620 v g71/Y (sky130_fd_sc_hd__nand2_1)
                                                         p[2] (net)
                      0.085588    0.000257    0.895878 v p[2] (out)
                                              0.895878   data arrival time

                      0.000000   10.000000   10.000000   clock __VIRTUAL_CLK__ (rise edge)
                                  0.000000   10.000000   clock network delay (ideal)
                                 -0.250000    9.750000   clock uncertainty
                                  0.000000    9.750000   clock reconvergence pessimism
                                  0.000000    9.750000   output external delay
                                              9.750000   data required time
---------------------------------------------------------------------------------------------
                                              9.750000   data required time
                                             -0.895878   data arrival time
---------------------------------------------------------------------------------------------
                                              8.854122   slack (MET)


Startpoint: b[1] (input port clocked by __VIRTUAL_CLK__)
Endpoint: p[1] (output port clocked by __VIRTUAL_CLK__)
Path Group: __VIRTUAL_CLK__
Path Type: max

Fanout         Cap        Slew       Delay        Time   Description
---------------------------------------------------------------------------------------------
                      0.000000    0.000000    0.000000   clock __VIRTUAL_CLK__ (rise edge)
                                  0.000000    0.000000   clock network delay (ideal)
                                  0.000000    0.000000 ^ input external delay
     4    0.015570    0.075939    0.054405    0.054405 ^ b[1] (in)
                                                         b[1] (net)
                      0.075940    0.000000    0.054405 ^ g10/B (sky130_fd_sc_hd__nand2_1)
     1    0.002505    0.033011    0.056755    0.111160 v g10/Y (sky130_fd_sc_hd__nand2_1)
                                                         n10 (net)
                      0.033011    0.000075    0.111235 v g11/A (sky130_fd_sc_hd__inv_1)
     2    0.005802    0.056029    0.063936    0.175171 ^ g11/Y (sky130_fd_sc_hd__inv_1)
                                                         n11 (net)
                      0.056029    0.000139    0.175310 ^ g40/B (sky130_fd_sc_hd__nand2_1)
     3    0.007465    0.060871    0.079231    0.254541 v g40/Y (sky130_fd_sc_hd__nand2_1)
                                                         n40 (net)
                      0.060871    0.000179    0.254720 v g42/B (sky130_fd_sc_hd__nand2_1)
     1    0.002606    0.043030    0.070161    0.324882 ^ g42/Y (sky130_fd_sc_hd__nand2_1)
                                                         n42 (net)
                      0.043030    0.000053    0.324935 ^ g43/B (sky130_fd_sc_hd__nand2_1)
     1    0.010869    0.083449    0.093248    0.418183 v g43/Y (sky130_fd_sc_hd__nand2_1)
                                                         p[1] (net)
                      0.083450    0.000240    0.418423 v p[1] (out)
                                              0.418423   data arrival time

                      0.000000   10.000000   10.000000   clock __VIRTUAL_CLK__ (rise edge)
                                  0.000000   10.000000   clock network delay (ideal)
                                 -0.250000    9.750000   clock uncertainty
                                  0.000000    9.750000   clock reconvergence pessimism
                                  0.000000    9.750000   output external delay
                                              9.750000   data required time
---------------------------------------------------------------------------------------------
                                              9.750000   data required time
                                             -0.418423   data arrival time
---------------------------------------------------------------------------------------------
                                              9.331577   slack (MET)


Startpoint: b[0] (input port clocked by __VIRTUAL_CLK__)
Endpoint: p[0] (output port clocked by __VIRTUAL_CLK__)
Path Group: __VIRTUAL_CLK__
Path Type: max

Fanout         Cap        Slew       Delay        Time   Description
---------------------------------------------------------------------------------------------
                      0.000000    0.000000    0.000000   clock __VIRTUAL_CLK__ (rise edge)
                                  0.000000    0.000000   clock network delay (ideal)
                                  0.000000    0.000000 ^ input external delay
     4    0.014453    0.070970    0.050729    0.050729 ^ b[0] (in)
                                                         b[0] (net)
                      0.070971    0.000000    0.050729 ^ g8/B (sky130_fd_sc_hd__nand2_1)
     1    0.002451    0.032731    0.055202    0.105932 v g8/Y (sky130_fd_sc_hd__nand2_1)
                                                         n8 (net)
                      0.032731    0.000052    0.105983 v g9/A (sky130_fd_sc_hd__inv_1)
     1    0.012462    0.109262    0.103467    0.209450 ^ g9/Y (sky130_fd_sc_hd__inv_1)
                                                         p[0] (net)
                      0.109265    0.000451    0.209901 ^ p[0] (out)
                                              0.209901   data arrival time

                      0.000000   10.000000   10.000000   clock __VIRTUAL_CLK__ (rise edge)
                                  0.000000   10.000000   clock network delay (ideal)
                                 -0.250000    9.750000   clock uncertainty
                                  0.000000    9.750000   clock reconvergence pessimism
                                  0.000000    9.750000   output external delay
                                              9.750000   data required time
---------------------------------------------------------------------------------------------
                                              9.750000   data required time
                                             -0.209901   data arrival time
---------------------------------------------------------------------------------------------
                                              9.540099   slack (MET)



