
===========================================================================
report_checks -path_delay max (Setup)
============================================================================
======================= nom_tt_025C_1v80 Corner ===================================

Startpoint: a[2] (input port clocked by __VIRTUAL_CLK__)
Endpoint: p[14] (output port clocked by __VIRTUAL_CLK__)
Path Group: __VIRTUAL_CLK__
Path Type: max

Fanout         Cap        Slew       Delay        Time   Description
---------------------------------------------------------------------------------------------
                      0.000000    0.000000    0.000000   clock __VIRTUAL_CLK__ (rise edge)
                                  0.000000    0.000000   clock network delay (ideal)
                                  0.000000    0.000000 ^ input external delay
     8    0.034590    0.160886    0.116347    0.116347 ^ a[2] (in)
                                                         a[2] (net)
                      0.160889    0.000000    0.116347 ^ g22/A (sky130_fd_sc_hd__and2_1)
     2    0.006985    0.082953    0.183108    0.299455 ^ g22/X (sky130_fd_sc_hd__and2_1)
                                                         n38 (net)
                      0.082953    0.000200    0.299656 ^ g72/B (sky130_fd_sc_hd__xor2_1)
     2    0.007601    0.195618    0.219284    0.518940 ^ g72/X (sky130_fd_sc_hd__xor2_1)
                                                         n88 (net)
                      0.195618    0.000138    0.519078 ^ g75/A1 (sky130_fd_sc_hd__a21o_1)
     2    0.009102    0.088059    0.185627    0.704705 ^ g75/X (sky130_fd_sc_hd__a21o_1)
                                                         n91 (net)
                      0.088059    0.000317    0.705022 ^ g118/B (sky130_fd_sc_hd__xor2_1)
     2    0.008527    0.212251    0.233382    0.938404 ^ g118/X (sky130_fd_sc_hd__xor2_1)
                                                         n134 (net)
                      0.212251    0.000262    0.938666 ^ g120/A (sky130_fd_sc_hd__xor2_1)
     2    0.009891    0.237039    0.271499    1.210164 ^ g120/X (sky130_fd_sc_hd__xor2_1)
                                                         n136 (net)
                      0.237040    0.000399    1.210563 ^ g198/A (sky130_fd_sc_hd__xor2_1)
     2    0.007866    0.200385    0.246581    1.457144 ^ g198/X (sky130_fd_sc_hd__xor2_1)
                                                         n214 (net)
                      0.200385    0.000221    1.457365 ^ g200/A (sky130_fd_sc_hd__xor2_1)
     2    0.006657    0.178812    0.223391    1.680757 ^ g200/X (sky130_fd_sc_hd__xor2_1)
                                                         n216 (net)
                      0.178812    0.000196    1.680953 ^ g235/B (sky130_fd_sc_hd__xor2_1)
     5    0.016875    0.364548    0.366004    2.046957 ^ g235/X (sky130_fd_sc_hd__xor2_1)
                                                         n251 (net)
                      0.364549    0.000395    2.047351 ^ g270/A (sky130_fd_sc_hd__and2_1)
     4    0.008655    0.099710    0.236113    2.283465 ^ g270/X (sky130_fd_sc_hd__and2_1)
                                                         n286 (net)
                      0.099710    0.000185    2.283650 ^ g307/A (sky130_fd_sc_hd__and2_1)
     4    0.011994    0.127515    0.200858    2.484508 ^ g307/X (sky130_fd_sc_hd__and2_1)
                                                         n323 (net)
                      0.127515    0.000259    2.484767 ^ g350/B (sky130_fd_sc_hd__and2_1)
     3    0.010591    0.114612    0.200778    2.685546 ^ g350/X (sky130_fd_sc_hd__and2_1)
                                                         n366 (net)
                      0.114612    0.000326    2.685871 ^ g368/A1 (sky130_fd_sc_hd__a21o_1)
     1    0.011622    0.108099    0.183115    2.868986 ^ g368/X (sky130_fd_sc_hd__a21o_1)
                                                         n384 (net)
                      0.108101    0.000704    2.869690 ^ g385/B (sky130_fd_sc_hd__xor2_1)
     1    0.011529    0.266948    0.280151    3.149841 ^ g385/X (sky130_fd_sc_hd__xor2_1)
                                                         p[14] (net)
                      0.266949    0.000320    3.150161 ^ p[14] (out)
                                              3.150161   data arrival time

                      0.000000   10.000000   10.000000   clock __VIRTUAL_CLK__ (rise edge)
                                  0.000000   10.000000   clock network delay (ideal)
                                  0.000000   10.000000   clock reconvergence pessimism
                                  0.000000   10.000000   output external delay
                                             10.000000   data required time
---------------------------------------------------------------------------------------------
                                             10.000000   data required time
                                             -3.150161   data arrival time
---------------------------------------------------------------------------------------------
                                              6.849839   slack (MET)


Startpoint: a[2] (input port clocked by __VIRTUAL_CLK__)
Endpoint: p[10] (output port clocked by __VIRTUAL_CLK__)
Path Group: __VIRTUAL_CLK__
Path Type: max

Fanout         Cap        Slew       Delay        Time   Description
---------------------------------------------------------------------------------------------
                      0.000000    0.000000    0.000000   clock __VIRTUAL_CLK__ (rise edge)
                                  0.000000    0.000000   clock network delay (ideal)
                                  0.000000    0.000000 ^ input external delay
     8    0.034590    0.160886    0.116347    0.116347 ^ a[2] (in)
                                                         a[2] (net)
                      0.160889    0.000000    0.116347 ^ g22/A (sky130_fd_sc_hd__and2_1)
     2    0.006985    0.082953    0.183108    0.299455 ^ g22/X (sky130_fd_sc_hd__and2_1)
                                                         n38 (net)
                      0.082953    0.000200    0.299656 ^ g72/B (sky130_fd_sc_hd__xor2_1)
     2    0.007601    0.195618    0.219284    0.518940 ^ g72/X (sky130_fd_sc_hd__xor2_1)
                                                         n88 (net)
                      0.195618    0.000138    0.519078 ^ g75/A1 (sky130_fd_sc_hd__a21o_1)
     2    0.009102    0.088059    0.185627    0.704705 ^ g75/X (sky130_fd_sc_hd__a21o_1)
                                                         n91 (net)
                      0.088059    0.000317    0.705022 ^ g118/B (sky130_fd_sc_hd__xor2_1)
     2    0.008527    0.212251    0.233382    0.938404 ^ g118/X (sky130_fd_sc_hd__xor2_1)
                                                         n134 (net)
                      0.212251    0.000262    0.938666 ^ g120/A (sky130_fd_sc_hd__xor2_1)
     2    0.009891    0.237039    0.271499    1.210164 ^ g120/X (sky130_fd_sc_hd__xor2_1)
                                                         n136 (net)
                      0.237040    0.000399    1.210563 ^ g198/A (sky130_fd_sc_hd__xor2_1)
     2    0.007866    0.200385    0.246581    1.457144 ^ g198/X (sky130_fd_sc_hd__xor2_1)
                                                         n214 (net)
                      0.200385    0.000221    1.457365 ^ g200/A (sky130_fd_sc_hd__xor2_1)
     2    0.006657    0.178812    0.223391    1.680757 ^ g200/X (sky130_fd_sc_hd__xor2_1)
                                                         n216 (net)
                      0.178812    0.000196    1.680953 ^ g235/B (sky130_fd_sc_hd__xor2_1)
     5    0.016875    0.364548    0.366004    2.046957 ^ g235/X (sky130_fd_sc_hd__xor2_1)
                                                         n251 (net)
                      0.364549    0.000395    2.047351 ^ g270/A (sky130_fd_sc_hd__and2_1)
     4    0.008655    0.099710    0.236113    2.283465 ^ g270/X (sky130_fd_sc_hd__and2_1)
                                                         n286 (net)
                      0.099710    0.000185    2.283650 ^ g307/A (sky130_fd_sc_hd__and2_1)
     4    0.011994    0.127515    0.200858    2.484508 ^ g307/X (sky130_fd_sc_hd__and2_1)
                                                         n323 (net)
                      0.127515    0.000422    2.484931 ^ g338/A (sky130_fd_sc_hd__and2_1)
     3    0.007805    0.089683    0.180885    2.665815 ^ g338/X (sky130_fd_sc_hd__and2_1)
                                                         n354 (net)
                      0.089683    0.000189    2.666004 ^ g356/A1 (sky130_fd_sc_hd__a21o_1)
     1    0.008442    0.083412    0.155036    2.821040 ^ g356/X (sky130_fd_sc_hd__a21o_1)
                                                         n372 (net)
                      0.083412    0.000367    2.821408 ^ g381/B (sky130_fd_sc_hd__xor2_1)
     1    0.013606    0.305085    0.303547    3.124955 ^ g381/X (sky130_fd_sc_hd__xor2_1)
                                                         p[10] (net)
                      0.305086    0.000540    3.125495 ^ p[10] (out)
                                              3.125495   data arrival time

                      0.000000   10.000000   10.000000   clock __VIRTUAL_CLK__ (rise edge)
                                  0.000000   10.000000   clock network delay (ideal)
                                  0.000000   10.000000   clock reconvergence pessimism
                                  0.000000   10.000000   output external delay
                                             10.000000   data required time
---------------------------------------------------------------------------------------------
                                             10.000000   data required time
                                             -3.125495   data arrival time
---------------------------------------------------------------------------------------------
                                              6.874505   slack (MET)


Startpoint: a[2] (input port clocked by __VIRTUAL_CLK__)
Endpoint: p[11] (output port clocked by __VIRTUAL_CLK__)
Path Group: __VIRTUAL_CLK__
Path Type: max

Fanout         Cap        Slew       Delay        Time   Description
---------------------------------------------------------------------------------------------
                      0.000000    0.000000    0.000000   clock __VIRTUAL_CLK__ (rise edge)
                                  0.000000    0.000000   clock network delay (ideal)
                                  0.000000    0.000000 ^ input external delay
     8    0.034590    0.160886    0.116347    0.116347 ^ a[2] (in)
                                                         a[2] (net)
                      0.160889    0.000000    0.116347 ^ g22/A (sky130_fd_sc_hd__and2_1)
     2    0.006985    0.082953    0.183108    0.299455 ^ g22/X (sky130_fd_sc_hd__and2_1)
                                                         n38 (net)
                      0.082953    0.000200    0.299656 ^ g72/B (sky130_fd_sc_hd__xor2_1)
     2    0.007601    0.195618    0.219284    0.518940 ^ g72/X (sky130_fd_sc_hd__xor2_1)
                                                         n88 (net)
                      0.195618    0.000138    0.519078 ^ g75/A1 (sky130_fd_sc_hd__a21o_1)
     2    0.009102    0.088059    0.185627    0.704705 ^ g75/X (sky130_fd_sc_hd__a21o_1)
                                                         n91 (net)
                      0.088059    0.000317    0.705022 ^ g118/B (sky130_fd_sc_hd__xor2_1)
     2    0.008527    0.212251    0.233382    0.938404 ^ g118/X (sky130_fd_sc_hd__xor2_1)
                                                         n134 (net)
                      0.212251    0.000262    0.938666 ^ g120/A (sky130_fd_sc_hd__xor2_1)
     2    0.009891    0.237039    0.271499    1.210164 ^ g120/X (sky130_fd_sc_hd__xor2_1)
                                                         n136 (net)
                      0.237040    0.000399    1.210563 ^ g198/A (sky130_fd_sc_hd__xor2_1)
     2    0.007866    0.200385    0.246581    1.457144 ^ g198/X (sky130_fd_sc_hd__xor2_1)
                                                         n214 (net)
                      0.200385    0.000221    1.457365 ^ g200/A (sky130_fd_sc_hd__xor2_1)
     2    0.006657    0.178812    0.223391    1.680757 ^ g200/X (sky130_fd_sc_hd__xor2_1)
                                                         n216 (net)
                      0.178812    0.000196    1.680953 ^ g235/B (sky130_fd_sc_hd__xor2_1)
     5    0.016875    0.364548    0.366004    2.046957 ^ g235/X (sky130_fd_sc_hd__xor2_1)
                                                         n251 (net)
                      0.364549    0.000555    2.047512 ^ g273/B (sky130_fd_sc_hd__and2_1)
     4    0.009172    0.103866    0.236874    2.284385 ^ g273/X (sky130_fd_sc_hd__and2_1)
                                                         n289 (net)
                      0.103866    0.000155    2.284540 ^ g310/A (sky130_fd_sc_hd__and2_1)
     4    0.011412    0.122132    0.198343    2.482883 ^ g310/X (sky130_fd_sc_hd__and2_1)
                                                         n326 (net)
                      0.122132    0.000323    2.483206 ^ g341/A (sky130_fd_sc_hd__and2_1)
     3    0.006902    0.081641    0.172993    2.656199 ^ g341/X (sky130_fd_sc_hd__and2_1)
                                                         n357 (net)
                      0.081641    0.000172    2.656371 ^ g359/A1 (sky130_fd_sc_hd__a21o_1)
     1    0.007938    0.079036    0.149071    2.805442 ^ g359/X (sky130_fd_sc_hd__a21o_1)
                                                         n375 (net)
                      0.079036    0.000350    2.805792 ^ g382/B (sky130_fd_sc_hd__xor2_1)
     1    0.011749    0.271085    0.276556    3.082348 ^ g382/X (sky130_fd_sc_hd__xor2_1)
                                                         p[11] (net)
                      0.271086    0.000335    3.082683 ^ p[11] (out)
                                              3.082683   data arrival time

                      0.000000   10.000000   10.000000   clock __VIRTUAL_CLK__ (rise edge)
                                  0.000000   10.000000   clock network delay (ideal)
                                  0.000000   10.000000   clock reconvergence pessimism
                                  0.000000   10.000000   output external delay
                                             10.000000   data required time
---------------------------------------------------------------------------------------------
                                             10.000000   data required time
                                             -3.082683   data arrival time
---------------------------------------------------------------------------------------------
                                              6.917317   slack (MET)


Startpoint: a[2] (input port clocked by __VIRTUAL_CLK__)
Endpoint: p[12] (output port clocked by __VIRTUAL_CLK__)
Path Group: __VIRTUAL_CLK__
Path Type: max

Fanout         Cap        Slew       Delay        Time   Description
---------------------------------------------------------------------------------------------
                      0.000000    0.000000    0.000000   clock __VIRTUAL_CLK__ (rise edge)
                                  0.000000    0.000000   clock network delay (ideal)
                                  0.000000    0.000000 ^ input external delay
     8    0.034590    0.160886    0.116347    0.116347 ^ a[2] (in)
                                                         a[2] (net)
                      0.160889    0.000000    0.116347 ^ g22/A (sky130_fd_sc_hd__and2_1)
     2    0.006985    0.082953    0.183108    0.299455 ^ g22/X (sky130_fd_sc_hd__and2_1)
                                                         n38 (net)
                      0.082953    0.000200    0.299656 ^ g72/B (sky130_fd_sc_hd__xor2_1)
     2    0.007601    0.195618    0.219284    0.518940 ^ g72/X (sky130_fd_sc_hd__xor2_1)
                                                         n88 (net)
                      0.195618    0.000138    0.519078 ^ g75/A1 (sky130_fd_sc_hd__a21o_1)
     2    0.009102    0.088059    0.185627    0.704705 ^ g75/X (sky130_fd_sc_hd__a21o_1)
                                                         n91 (net)
                      0.088059    0.000317    0.705022 ^ g118/B (sky130_fd_sc_hd__xor2_1)
     2    0.008527    0.212251    0.233382    0.938404 ^ g118/X (sky130_fd_sc_hd__xor2_1)
                                                         n134 (net)
                      0.212251    0.000262    0.938666 ^ g120/A (sky130_fd_sc_hd__xor2_1)
     2    0.009891    0.237039    0.271499    1.210164 ^ g120/X (sky130_fd_sc_hd__xor2_1)
                                                         n136 (net)
                      0.237040    0.000399    1.210563 ^ g198/A (sky130_fd_sc_hd__xor2_1)
     2    0.007866    0.200385    0.246581    1.457144 ^ g198/X (sky130_fd_sc_hd__xor2_1)
                                                         n214 (net)
                      0.200385    0.000221    1.457365 ^ g200/A (sky130_fd_sc_hd__xor2_1)
     2    0.006657    0.178812    0.223391    1.680757 ^ g200/X (sky130_fd_sc_hd__xor2_1)
                                                         n216 (net)
                      0.178812    0.000196    1.680953 ^ g235/B (sky130_fd_sc_hd__xor2_1)
     5    0.016875    0.364548    0.366004    2.046957 ^ g235/X (sky130_fd_sc_hd__xor2_1)
                                                         n251 (net)
                      0.364549    0.000395    2.047351 ^ g270/A (sky130_fd_sc_hd__and2_1)
     4    0.008655    0.099710    0.236113    2.283465 ^ g270/X (sky130_fd_sc_hd__and2_1)
                                                         n286 (net)
                      0.099710    0.000114    2.283579 ^ g313/B (sky130_fd_sc_hd__and2_1)
     3    0.007330    0.085398    0.169856    2.453435 ^ g313/X (sky130_fd_sc_hd__and2_1)
                                                         n329 (net)
                      0.085398    0.000183    2.453618 ^ g344/A (sky130_fd_sc_hd__and2_1)
     3    0.006842    0.081050    0.159538    2.613157 ^ g344/X (sky130_fd_sc_hd__and2_1)
                                                         n360 (net)
                      0.081050    0.000125    2.613281 ^ g362/A1 (sky130_fd_sc_hd__a21o_1)
     1    0.008879    0.085910    0.154952    2.768233 ^ g362/X (sky130_fd_sc_hd__a21o_1)
                                                         n378 (net)
                      0.085911    0.000400    2.768633 ^ g383/B (sky130_fd_sc_hd__xor2_1)
     1    0.013411    0.301528    0.301401    3.070034 ^ g383/X (sky130_fd_sc_hd__xor2_1)
                                                         p[12] (net)
                      0.301529    0.000500    3.070534 ^ p[12] (out)
                                              3.070534   data arrival time

                      0.000000   10.000000   10.000000   clock __VIRTUAL_CLK__ (rise edge)
                                  0.000000   10.000000   clock network delay (ideal)
                                  0.000000   10.000000   clock reconvergence pessimism
                                  0.000000   10.000000   output external delay
                                             10.000000   data required time
---------------------------------------------------------------------------------------------
                                             10.000000   data required time
                                             -3.070534   data arrival time
---------------------------------------------------------------------------------------------
                                              6.929466   slack (MET)


Startpoint: a[2] (input port clocked by __VIRTUAL_CLK__)
Endpoint: p[13] (output port clocked by __VIRTUAL_CLK__)
Path Group: __VIRTUAL_CLK__
Path Type: max

Fanout         Cap        Slew       Delay        Time   Description
---------------------------------------------------------------------------------------------
                      0.000000    0.000000    0.000000   clock __VIRTUAL_CLK__ (rise edge)
                                  0.000000    0.000000   clock network delay (ideal)
                                  0.000000    0.000000 ^ input external delay
     8    0.034590    0.160886    0.116347    0.116347 ^ a[2] (in)
                                                         a[2] (net)
                      0.160889    0.000000    0.116347 ^ g22/A (sky130_fd_sc_hd__and2_1)
     2    0.006985    0.082953    0.183108    0.299455 ^ g22/X (sky130_fd_sc_hd__and2_1)
                                                         n38 (net)
                      0.082953    0.000200    0.299656 ^ g72/B (sky130_fd_sc_hd__xor2_1)
     2    0.007601    0.195618    0.219284    0.518940 ^ g72/X (sky130_fd_sc_hd__xor2_1)
                                                         n88 (net)
                      0.195618    0.000138    0.519078 ^ g75/A1 (sky130_fd_sc_hd__a21o_1)
     2    0.009102    0.088059    0.185627    0.704705 ^ g75/X (sky130_fd_sc_hd__a21o_1)
                                                         n91 (net)
                      0.088059    0.000317    0.705022 ^ g118/B (sky130_fd_sc_hd__xor2_1)
     2    0.008527    0.212251    0.233382    0.938404 ^ g118/X (sky130_fd_sc_hd__xor2_1)
                                                         n134 (net)
                      0.212251    0.000262    0.938666 ^ g120/A (sky130_fd_sc_hd__xor2_1)
     2    0.009891    0.237039    0.271499    1.210164 ^ g120/X (sky130_fd_sc_hd__xor2_1)
                                                         n136 (net)
                      0.237040    0.000399    1.210563 ^ g198/A (sky130_fd_sc_hd__xor2_1)
     2    0.007866    0.200385    0.246581    1.457144 ^ g198/X (sky130_fd_sc_hd__xor2_1)
                                                         n214 (net)
                      0.200385    0.000221    1.457365 ^ g200/A (sky130_fd_sc_hd__xor2_1)
     2    0.006657    0.178812    0.223391    1.680757 ^ g200/X (sky130_fd_sc_hd__xor2_1)
                                                         n216 (net)
                      0.178812    0.000196    1.680953 ^ g235/B (sky130_fd_sc_hd__xor2_1)
     5    0.016875    0.364548    0.366004    2.046957 ^ g235/X (sky130_fd_sc_hd__xor2_1)
                                                         n251 (net)
                      0.364549    0.000555    2.047512 ^ g273/B (sky130_fd_sc_hd__and2_1)
     4    0.009172    0.103866    0.236874    2.284385 ^ g273/X (sky130_fd_sc_hd__and2_1)
                                                         n289 (net)
                      0.103866    0.000147    2.284533 ^ g316/B (sky130_fd_sc_hd__and2_1)
     3    0.007692    0.088581    0.173713    2.458246 ^ g316/X (sky130_fd_sc_hd__and2_1)
                                                         n332 (net)
                      0.088581    0.000146    2.458392 ^ g347/A (sky130_fd_sc_hd__and2_1)
     3    0.008739    0.097649    0.174385    2.632777 ^ g347/X (sky130_fd_sc_hd__and2_1)
                                                         n363 (net)
                      0.097649    0.000061    2.632838 ^ g365/A1 (sky130_fd_sc_hd__a21o_1)
     1    0.007492    0.074937    0.151566    2.784404 ^ g365/X (sky130_fd_sc_hd__a21o_1)
                                                         n381 (net)
                      0.074937    0.000317    2.784720 ^ g384/B (sky130_fd_sc_hd__xor2_1)
     1    0.012062    0.276790    0.279987    3.064707 ^ g384/X (sky130_fd_sc_hd__xor2_1)
                                                         p[13] (net)
                      0.276791    0.000376    3.065083 ^ p[13] (out)
                                              3.065083   data arrival time

                      0.000000   10.000000   10.000000   clock __VIRTUAL_CLK__ (rise edge)
                                  0.000000   10.000000   clock network delay (ideal)
                                  0.000000   10.000000   clock reconvergence pessimism
                                  0.000000   10.000000   output external delay
                                             10.000000   data required time
---------------------------------------------------------------------------------------------
                                             10.000000   data required time
                                             -3.065083   data arrival time
---------------------------------------------------------------------------------------------
                                              6.934917   slack (MET)


Startpoint: a[1] (input port clocked by __VIRTUAL_CLK__)
Endpoint: p[9] (output port clocked by __VIRTUAL_CLK__)
Path Group: __VIRTUAL_CLK__
Path Type: max

Fanout         Cap        Slew       Delay        Time   Description
---------------------------------------------------------------------------------------------
                      0.000000    0.000000    0.000000   clock __VIRTUAL_CLK__ (rise edge)
                                  0.000000    0.000000   clock network delay (ideal)
                                  0.000000    0.000000 ^ input external delay
     8    0.030609    0.143177    0.103310    0.103310 ^ a[1] (in)
                                                         a[1] (net)
                      0.143185    0.000000    0.103310 ^ g14/A (sky130_fd_sc_hd__and2_1)
     2    0.007046    0.083220    0.179219    0.282529 ^ g14/X (sky130_fd_sc_hd__and2_1)
                                                         n30 (net)
                      0.083220    0.000205    0.282734 ^ g66/B (sky130_fd_sc_hd__xor2_1)
     2    0.008249    0.207237    0.228402    0.511136 ^ g66/X (sky130_fd_sc_hd__xor2_1)
                                                         n82 (net)
                      0.207237    0.000237    0.511373 ^ g68/A (sky130_fd_sc_hd__xor2_1)
     2    0.007846    0.200009    0.241479    0.752852 ^ g68/X (sky130_fd_sc_hd__xor2_1)
                                                         n84 (net)
                      0.200009    0.000276    0.753128 ^ g148/A (sky130_fd_sc_hd__xor2_1)
     2    0.007925    0.201443    0.241467    0.994595 ^ g148/X (sky130_fd_sc_hd__xor2_1)
                                                         n164 (net)
                      0.201443    0.000200    0.994795 ^ g151/A1 (sky130_fd_sc_hd__a21o_1)
     2    0.006952    0.071106    0.173065    1.167860 ^ g151/X (sky130_fd_sc_hd__a21o_1)
                                                         n167 (net)
                      0.071106    0.000191    1.168051 ^ g194/B (sky130_fd_sc_hd__xor2_1)
     2    0.008266    0.207571    0.225958    1.394009 ^ g194/X (sky130_fd_sc_hd__xor2_1)
                                                         n210 (net)
                      0.207571    0.000217    1.394226 ^ g196/A (sky130_fd_sc_hd__xor2_1)
     2    0.007067    0.186098    0.230413    1.624639 ^ g196/X (sky130_fd_sc_hd__xor2_1)
                                                         n212 (net)
                      0.186098    0.000216    1.624855 ^ g233/B (sky130_fd_sc_hd__xor2_1)
     5    0.016709    0.361538    0.364613    1.989468 ^ g233/X (sky130_fd_sc_hd__xor2_1)
                                                         n249 (net)
                      0.361540    0.000614    1.990082 ^ g267/A (sky130_fd_sc_hd__and2_1)
     4    0.010651    0.117439    0.249605    2.239687 ^ g267/X (sky130_fd_sc_hd__and2_1)
                                                         n283 (net)
                      0.117439    0.000337    2.240024 ^ g304/A (sky130_fd_sc_hd__and2_1)
     4    0.011143    0.119616    0.201389    2.441413 ^ g304/X (sky130_fd_sc_hd__and2_1)
                                                         n320 (net)
                      0.119616    0.000210    2.441623 ^ g334/A1 (sky130_fd_sc_hd__a21o_1)
     1    0.006188    0.064513    0.150553    2.592176 ^ g334/X (sky130_fd_sc_hd__a21o_1)
                                                         n350 (net)
                      0.064513    0.000226    2.592402 ^ g380/B (sky130_fd_sc_hd__xor2_1)
     1    0.012373    0.282524    0.281929    2.874331 ^ g380/X (sky130_fd_sc_hd__xor2_1)
                                                         p[9] (net)
                      0.282524    0.000402    2.874734 ^ p[9] (out)
                                              2.874734   data arrival time

                      0.000000   10.000000   10.000000   clock __VIRTUAL_CLK__ (rise edge)
                                  0.000000   10.000000   clock network delay (ideal)
                                  0.000000   10.000000   clock reconvergence pessimism
                                  0.000000   10.000000   output external delay
                                             10.000000   data required time
---------------------------------------------------------------------------------------------
                                             10.000000   data required time
                                             -2.874734   data arrival time
---------------------------------------------------------------------------------------------
                                              7.125267   slack (MET)


Startpoint: b[4] (input port clocked by __VIRTUAL_CLK__)
Endpoint: p[8] (output port clocked by __VIRTUAL_CLK__)
Path Group: __VIRTUAL_CLK__
Path Type: max

Fanout         Cap        Slew       Delay        Time   Description
---------------------------------------------------------------------------------------------
                      0.000000    0.000000    0.000000   clock __VIRTUAL_CLK__ (rise edge)
                                  0.000000    0.000000   clock network delay (ideal)
                                  0.000000    0.000000 ^ input external delay
     8    0.033534    0.156201    0.114205    0.114205 ^ b[4] (in)
                                                         b[4] (net)
                      0.156238    0.000000    0.114205 ^ g12/B (sky130_fd_sc_hd__and2_1)
     2    0.006780    0.080961    0.180274    0.294479 ^ g12/X (sky130_fd_sc_hd__and2_1)
                                                         n28 (net)
                      0.080961    0.000200    0.294678 ^ g84/B (sky130_fd_sc_hd__xor2_1)
     2    0.007748    0.198263    0.220851    0.515529 ^ g84/X (sky130_fd_sc_hd__xor2_1)
                                                         n100 (net)
                      0.198263    0.000171    0.515700 ^ g87/A1 (sky130_fd_sc_hd__a21o_1)
     2    0.008095    0.080240    0.179728    0.695428 ^ g87/X (sky130_fd_sc_hd__a21o_1)
                                                         n103 (net)
                      0.080240    0.000251    0.695679 ^ g144/B (sky130_fd_sc_hd__xor2_1)
     2    0.007740    0.198123    0.220656    0.916335 ^ g144/X (sky130_fd_sc_hd__xor2_1)
                                                         n160 (net)
                      0.198123    0.000091    0.916426 ^ g147/A1 (sky130_fd_sc_hd__a21o_1)
     2    0.007709    0.077141    0.177218    1.093643 ^ g147/X (sky130_fd_sc_hd__a21o_1)
                                                         n163 (net)
                      0.077141    0.000243    1.093886 ^ g190/B (sky130_fd_sc_hd__xor2_1)
     2    0.010066    0.240235    0.252474    1.346360 ^ g190/X (sky130_fd_sc_hd__xor2_1)
                                                         n206 (net)
                      0.240236    0.000424    1.346785 ^ g192/A (sky130_fd_sc_hd__xor2_1)
     2    0.006850    0.182238    0.232574    1.579358 ^ g192/X (sky130_fd_sc_hd__xor2_1)
                                                         n208 (net)
                      0.182238    0.000207    1.579566 ^ g231/B (sky130_fd_sc_hd__xor2_1)
     5    0.017561    0.377186    0.376056    1.955621 ^ g231/X (sky130_fd_sc_hd__xor2_1)
                                                         n247 (net)
                      0.377187    0.000430    1.956051 ^ g264/A (sky130_fd_sc_hd__and2_1)
     4    0.010996    0.120680    0.254165    2.210217 ^ g264/X (sky130_fd_sc_hd__and2_1)
                                                         n280 (net)
                      0.120680    0.000187    2.210403 ^ g301/A (sky130_fd_sc_hd__and2_1)
     4    0.009606    0.105497    0.191842    2.402245 ^ g301/X (sky130_fd_sc_hd__and2_1)
                                                         n317 (net)
                      0.105497    0.000197    2.402442 ^ g331/A1 (sky130_fd_sc_hd__a21o_1)
     1    0.004842    0.053868    0.137207    2.539649 ^ g331/X (sky130_fd_sc_hd__a21o_1)
                                                         n347 (net)
                      0.053868    0.000102    2.539752 ^ g379/B (sky130_fd_sc_hd__xor2_1)
     1    0.014994    0.330334    0.316035    2.855787 ^ g379/X (sky130_fd_sc_hd__xor2_1)
                                                         p[8] (net)
                      0.330335    0.000533    2.856319 ^ p[8] (out)
                                              2.856319   data arrival time

                      0.000000   10.000000   10.000000   clock __VIRTUAL_CLK__ (rise edge)
                                  0.000000   10.000000   clock network delay (ideal)
                                  0.000000   10.000000   clock reconvergence pessimism
                                  0.000000   10.000000   output external delay
                                             10.000000   data required time
---------------------------------------------------------------------------------------------
                                             10.000000   data required time
                                             -2.856319   data arrival time
---------------------------------------------------------------------------------------------
                                              7.143681   slack (MET)


Startpoint: a[2] (input port clocked by __VIRTUAL_CLK__)
Endpoint: p[15] (output port clocked by __VIRTUAL_CLK__)
Path Group: __VIRTUAL_CLK__
Path Type: max

Fanout         Cap        Slew       Delay        Time   Description
---------------------------------------------------------------------------------------------
                      0.000000    0.000000    0.000000   clock __VIRTUAL_CLK__ (rise edge)
                                  0.000000    0.000000   clock network delay (ideal)
                                  0.000000    0.000000 ^ input external delay
     8    0.034590    0.160886    0.116347    0.116347 ^ a[2] (in)
                                                         a[2] (net)
                      0.160889    0.000000    0.116347 ^ g22/A (sky130_fd_sc_hd__and2_1)
     2    0.006985    0.082953    0.183108    0.299455 ^ g22/X (sky130_fd_sc_hd__and2_1)
                                                         n38 (net)
                      0.082953    0.000200    0.299656 ^ g72/B (sky130_fd_sc_hd__xor2_1)
     2    0.007601    0.195618    0.219284    0.518940 ^ g72/X (sky130_fd_sc_hd__xor2_1)
                                                         n88 (net)
                      0.195618    0.000138    0.519078 ^ g75/A1 (sky130_fd_sc_hd__a21o_1)
     2    0.009102    0.088059    0.185627    0.704705 ^ g75/X (sky130_fd_sc_hd__a21o_1)
                                                         n91 (net)
                      0.088059    0.000317    0.705022 ^ g118/B (sky130_fd_sc_hd__xor2_1)
     2    0.008527    0.212251    0.233382    0.938404 ^ g118/X (sky130_fd_sc_hd__xor2_1)
                                                         n134 (net)
                      0.212251    0.000262    0.938666 ^ g120/A (sky130_fd_sc_hd__xor2_1)
     2    0.009891    0.237039    0.271499    1.210164 ^ g120/X (sky130_fd_sc_hd__xor2_1)
                                                         n136 (net)
                      0.237040    0.000399    1.210563 ^ g198/A (sky130_fd_sc_hd__xor2_1)
     2    0.007866    0.200385    0.246581    1.457144 ^ g198/X (sky130_fd_sc_hd__xor2_1)
                                                         n214 (net)
                      0.200385    0.000221    1.457365 ^ g200/A (sky130_fd_sc_hd__xor2_1)
     2    0.006657    0.178812    0.223391    1.680757 ^ g200/X (sky130_fd_sc_hd__xor2_1)
                                                         n216 (net)
                      0.178812    0.000196    1.680953 ^ g235/B (sky130_fd_sc_hd__xor2_1)
     5    0.016875    0.364548    0.366004    2.046957 ^ g235/X (sky130_fd_sc_hd__xor2_1)
                                                         n251 (net)
                      0.364549    0.000555    2.047512 ^ g273/B (sky130_fd_sc_hd__and2_1)
     4    0.009172    0.103866    0.236874    2.284385 ^ g273/X (sky130_fd_sc_hd__and2_1)
                                                         n289 (net)
                      0.103866    0.000155    2.284540 ^ g310/A (sky130_fd_sc_hd__and2_1)
     4    0.011412    0.122132    0.198343    2.482883 ^ g310/X (sky130_fd_sc_hd__and2_1)
                                                         n326 (net)
                      0.122132    0.000250    2.483133 ^ g353/B (sky130_fd_sc_hd__and2_1)
     3    0.008540    0.095945    0.185298    2.668431 ^ g353/X (sky130_fd_sc_hd__and2_1)
                                                         n369 (net)
                      0.095945    0.000065    2.668496 ^ g371/A1 (sky130_fd_sc_hd__a21o_1)
     1    0.011858    0.110021    0.178521    2.847017 ^ g371/X (sky130_fd_sc_hd__a21o_1)
                                                         p[15] (net)
                      0.110021    0.000342    2.847359 ^ p[15] (out)
                                              2.847359   data arrival time

                      0.000000   10.000000   10.000000   clock __VIRTUAL_CLK__ (rise edge)
                                  0.000000   10.000000   clock network delay (ideal)
                                  0.000000   10.000000   clock reconvergence pessimism
                                  0.000000   10.000000   output external delay
                                             10.000000   data required time
---------------------------------------------------------------------------------------------
                                             10.000000   data required time
                                             -2.847359   data arrival time
---------------------------------------------------------------------------------------------
                                              7.152641   slack (MET)


Startpoint: b[4] (input port clocked by __VIRTUAL_CLK__)
Endpoint: p[7] (output port clocked by __VIRTUAL_CLK__)
Path Group: __VIRTUAL_CLK__
Path Type: max

Fanout         Cap        Slew       Delay        Time   Description
---------------------------------------------------------------------------------------------
                      0.000000    0.000000    0.000000   clock __VIRTUAL_CLK__ (rise edge)
                                  0.000000    0.000000   clock network delay (ideal)
                                  0.000000    0.000000 ^ input external delay
     8    0.033534    0.156201    0.114205    0.114205 ^ b[4] (in)
                                                         b[4] (net)
                      0.156238    0.000000    0.114205 ^ g12/B (sky130_fd_sc_hd__and2_1)
     2    0.006780    0.080961    0.180274    0.294479 ^ g12/X (sky130_fd_sc_hd__and2_1)
                                                         n28 (net)
                      0.080961    0.000200    0.294678 ^ g84/B (sky130_fd_sc_hd__xor2_1)
     2    0.007748    0.198263    0.220851    0.515529 ^ g84/X (sky130_fd_sc_hd__xor2_1)
                                                         n100 (net)
                      0.198263    0.000171    0.515700 ^ g87/A1 (sky130_fd_sc_hd__a21o_1)
     2    0.008095    0.080240    0.179728    0.695428 ^ g87/X (sky130_fd_sc_hd__a21o_1)
                                                         n103 (net)
                      0.080240    0.000251    0.695679 ^ g144/B (sky130_fd_sc_hd__xor2_1)
     2    0.007740    0.198123    0.220656    0.916335 ^ g144/X (sky130_fd_sc_hd__xor2_1)
                                                         n160 (net)
                      0.198123    0.000100    0.916435 ^ g146/A (sky130_fd_sc_hd__xor2_1)
     2    0.010892    0.255300    0.283519    1.199953 ^ g146/X (sky130_fd_sc_hd__xor2_1)
                                                         n162 (net)
                      0.255301    0.000491    1.200444 ^ g188/B (sky130_fd_sc_hd__xor2_1)
     2    0.006727    0.180052    0.233081    1.433525 ^ g188/X (sky130_fd_sc_hd__xor2_1)
                                                         n204 (net)
                      0.180052    0.000153    1.433678 ^ g229/B (sky130_fd_sc_hd__xor2_1)
     5    0.017985    0.385005    0.381761    1.815439 ^ g229/X (sky130_fd_sc_hd__xor2_1)
                                                         n245 (net)
                      0.385007    0.000691    1.816130 ^ g261/A (sky130_fd_sc_hd__and2_1)
     4    0.008745    0.100652    0.239472    2.055602 ^ g261/X (sky130_fd_sc_hd__and2_1)
                                                         n277 (net)
                      0.100652    0.000216    2.055817 ^ g298/A (sky130_fd_sc_hd__and2_1)
     4    0.009766    0.107120    0.185785    2.241602 ^ g298/X (sky130_fd_sc_hd__and2_1)
                                                         n314 (net)
                      0.107120    0.000285    2.241887 ^ g328/A1 (sky130_fd_sc_hd__a21o_1)
     3    0.011173    0.104827    0.178011    2.419898 ^ g328/X (sky130_fd_sc_hd__a21o_1)
                                                         n344 (net)
                      0.104827    0.000347    2.420246 ^ g378/B (sky130_fd_sc_hd__xor2_1)
     1    0.011749    0.271128    0.282488    2.702734 ^ g378/X (sky130_fd_sc_hd__xor2_1)
                                                         p[7] (net)
                      0.271128    0.000335    2.703068 ^ p[7] (out)
                                              2.703068   data arrival time

                      0.000000   10.000000   10.000000   clock __VIRTUAL_CLK__ (rise edge)
                                  0.000000   10.000000   clock network delay (ideal)
                                  0.000000   10.000000   clock reconvergence pessimism
                                  0.000000   10.000000   output external delay
                                             10.000000   data required time
---------------------------------------------------------------------------------------------
                                             10.000000   data required time
                                             -2.703068   data arrival time
---------------------------------------------------------------------------------------------
                                              7.296932   slack (MET)


Startpoint: b[4] (input port clocked by __VIRTUAL_CLK__)
Endpoint: p[6] (output port clocked by __VIRTUAL_CLK__)
Path Group: __VIRTUAL_CLK__
Path Type: max

Fanout         Cap        Slew       Delay        Time   Description
---------------------------------------------------------------------------------------------
                      0.000000    0.000000    0.000000   clock __VIRTUAL_CLK__ (rise edge)
                                  0.000000    0.000000   clock network delay (ideal)
                                  0.000000    0.000000 ^ input external delay
     8    0.033534    0.156201    0.114205    0.114205 ^ b[4] (in)
                                                         b[4] (net)
                      0.156238    0.000000    0.114205 ^ g12/B (sky130_fd_sc_hd__and2_1)
     2    0.006780    0.080961    0.180274    0.294479 ^ g12/X (sky130_fd_sc_hd__and2_1)
                                                         n28 (net)
                      0.080961    0.000200    0.294678 ^ g84/B (sky130_fd_sc_hd__xor2_1)
     2    0.007748    0.198263    0.220851    0.515529 ^ g84/X (sky130_fd_sc_hd__xor2_1)
                                                         n100 (net)
                      0.198263    0.000321    0.515850 ^ g86/A (sky130_fd_sc_hd__xor2_1)
     2    0.008396    0.209903    0.247918    0.763768 ^ g86/X (sky130_fd_sc_hd__xor2_1)
                                                         n102 (net)
                      0.209903    0.000271    0.764040 ^ g182/B (sky130_fd_sc_hd__xor2_1)
     2    0.008010    0.202944    0.245193    1.009233 ^ g182/X (sky130_fd_sc_hd__xor2_1)
                                                         n198 (net)
                      0.202944    0.000242    1.009475 ^ g184/A (sky130_fd_sc_hd__xor2_1)
     2    0.008804    0.217287    0.254475    1.263950 ^ g184/X (sky130_fd_sc_hd__xor2_1)
                                                         n200 (net)
                      0.217287    0.000340    1.264289 ^ g227/B (sky130_fd_sc_hd__xor2_1)
     5    0.018480    0.394121    0.393507    1.657797 ^ g227/X (sky130_fd_sc_hd__xor2_1)
                                                         n243 (net)
                      0.394122    0.000634    1.658431 ^ g258/A (sky130_fd_sc_hd__and2_1)
     4    0.010047    0.112276    0.249827    1.908257 ^ g258/X (sky130_fd_sc_hd__and2_1)
                                                         n274 (net)
                      0.112276    0.000186    1.908444 ^ g295/A (sky130_fd_sc_hd__and2_1)
     4    0.009269    0.102395    0.186482    2.094926 ^ g295/X (sky130_fd_sc_hd__and2_1)
                                                         n311 (net)
                      0.102395    0.000232    2.095158 ^ g325/A1 (sky130_fd_sc_hd__a21o_1)
     3    0.011587    0.108479    0.178988    2.274147 ^ g325/X (sky130_fd_sc_hd__a21o_1)
                                                         n341 (net)
                      0.108479    0.000348    2.274494 ^ g377/B (sky130_fd_sc_hd__xor2_1)
     1    0.013177    0.297275    0.303420    2.577914 ^ g377/X (sky130_fd_sc_hd__xor2_1)
                                                         p[6] (net)
                      0.297276    0.000445    2.578358 ^ p[6] (out)
                                              2.578358   data arrival time

                      0.000000   10.000000   10.000000   clock __VIRTUAL_CLK__ (rise edge)
                                  0.000000   10.000000   clock network delay (ideal)
                                  0.000000   10.000000   clock reconvergence pessimism
                                  0.000000   10.000000   output external delay
                                             10.000000   data required time
---------------------------------------------------------------------------------------------
                                             10.000000   data required time
                                             -2.578358   data arrival time
---------------------------------------------------------------------------------------------
                                              7.421642   slack (MET)


Startpoint: a[2] (input port clocked by __VIRTUAL_CLK__)
Endpoint: p[5] (output port clocked by __VIRTUAL_CLK__)
Path Group: __VIRTUAL_CLK__
Path Type: max

Fanout         Cap        Slew       Delay        Time   Description
---------------------------------------------------------------------------------------------
                      0.000000    0.000000    0.000000   clock __VIRTUAL_CLK__ (rise edge)
                                  0.000000    0.000000   clock network delay (ideal)
                                  0.000000    0.000000 ^ input external delay
     8    0.034590    0.160886    0.117250    0.117250 ^ a[2] (in)
                                                         a[2] (net)
                      0.160905    0.000000    0.117250 ^ g18/A (sky130_fd_sc_hd__and2_1)
     2    0.006997    0.083052    0.183207    0.300457 ^ g18/X (sky130_fd_sc_hd__and2_1)
                                                         n34 (net)
                      0.083052    0.000185    0.300642 ^ g136/A (sky130_fd_sc_hd__xor2_1)
     2    0.008388    0.209746    0.224658    0.525300 ^ g136/X (sky130_fd_sc_hd__xor2_1)
                                                         n152 (net)
                      0.209746    0.000196    0.525495 ^ g138/A (sky130_fd_sc_hd__xor2_1)
     2    0.008668    0.214803    0.253656    0.779151 ^ g138/X (sky130_fd_sc_hd__xor2_1)
                                                         n154 (net)
                      0.214803    0.000265    0.779417 ^ g180/B (sky130_fd_sc_hd__xor2_1)
     2    0.008892    0.218868    0.258250    1.037667 ^ g180/X (sky130_fd_sc_hd__xor2_1)
                                                         n196 (net)
                      0.218868    0.000318    1.037985 ^ g225/B (sky130_fd_sc_hd__xor2_1)
     5    0.014787    0.326341    0.341906    1.379890 ^ g225/X (sky130_fd_sc_hd__xor2_1)
                                                         n241 (net)
                      0.326342    0.000396    1.380286 ^ g255/A (sky130_fd_sc_hd__and2_1)
     4    0.013120    0.139547    0.261998    1.642283 ^ g255/X (sky130_fd_sc_hd__and2_1)
                                                         n271 (net)
                      0.139547    0.000500    1.642783 ^ g291/A1 (sky130_fd_sc_hd__a21o_1)
     5    0.017215    0.154639    0.224259    1.867043 ^ g291/X (sky130_fd_sc_hd__a21o_1)
                                                         n307 (net)
                      0.154639    0.000163    1.867206 ^ g376/B (sky130_fd_sc_hd__xor2_1)
     1    0.012642    0.287475    0.303388    2.170594 ^ g376/X (sky130_fd_sc_hd__xor2_1)
                                                         p[5] (net)
                      0.287475    0.000253    2.170848 ^ p[5] (out)
                                              2.170848   data arrival time

                      0.000000   10.000000   10.000000   clock __VIRTUAL_CLK__ (rise edge)
                                  0.000000   10.000000   clock network delay (ideal)
                                  0.000000   10.000000   clock reconvergence pessimism
                                  0.000000   10.000000   output external delay
                                             10.000000   data required time
---------------------------------------------------------------------------------------------
                                             10.000000   data required time
                                             -2.170848   data arrival time
---------------------------------------------------------------------------------------------
                                              7.829153   slack (MET)


Startpoint: a[2] (input port clocked by __VIRTUAL_CLK__)
Endpoint: p[4] (output port clocked by __VIRTUAL_CLK__)
Path Group: __VIRTUAL_CLK__
Path Type: max

Fanout         Cap        Slew       Delay        Time   Description
---------------------------------------------------------------------------------------------
                      0.000000    0.000000    0.000000   clock __VIRTUAL_CLK__ (rise edge)
                                  0.000000    0.000000   clock network delay (ideal)
                                  0.000000    0.000000 ^ input external delay
     8    0.034590    0.160886    0.117550    0.117550 ^ a[2] (in)
                                                         a[2] (net)
                      0.160913    0.000000    0.117550 ^ g17/A (sky130_fd_sc_hd__and2_1)
     2    0.006869    0.081932    0.182279    0.299829 ^ g17/X (sky130_fd_sc_hd__and2_1)
                                                         n33 (net)
                      0.081932    0.000184    0.300013 ^ g174/A (sky130_fd_sc_hd__xor2_1)
     2    0.008073    0.204077    0.219805    0.519819 ^ g174/X (sky130_fd_sc_hd__xor2_1)
                                                         n190 (net)
                      0.204077    0.000239    0.520058 ^ g176/A (sky130_fd_sc_hd__xor2_1)
     2    0.006842    0.182096    0.226638    0.746696 ^ g176/X (sky130_fd_sc_hd__xor2_1)
                                                         n192 (net)
                      0.182096    0.000203    0.746899 ^ g223/B (sky130_fd_sc_hd__xor2_1)
     5    0.016049    0.349524    0.354861    1.101760 ^ g223/X (sky130_fd_sc_hd__xor2_1)
                                                         n239 (net)
                      0.349525    0.000531    1.102291 ^ g252/A (sky130_fd_sc_hd__and2_1)
     4    0.009398    0.106008    0.239396    1.341687 ^ g252/X (sky130_fd_sc_hd__and2_1)
                                                         n268 (net)
                      0.106008    0.000145    1.341832 ^ g288/A1 (sky130_fd_sc_hd__a21o_1)
     5    0.017192    0.154610    0.214888    1.556720 ^ g288/X (sky130_fd_sc_hd__a21o_1)
                                                         n304 (net)
                      0.154610    0.000277    1.556997 ^ g375/B (sky130_fd_sc_hd__xor2_1)
     1    0.011826    0.272459    0.291870    1.848866 ^ g375/X (sky130_fd_sc_hd__xor2_1)
                                                         p[4] (net)
                      0.272459    0.000231    1.849098 ^ p[4] (out)
                                              1.849098   data arrival time

                      0.000000   10.000000   10.000000   clock __VIRTUAL_CLK__ (rise edge)
                                  0.000000   10.000000   clock network delay (ideal)
                                  0.000000   10.000000   clock reconvergence pessimism
                                  0.000000   10.000000   output external delay
                                             10.000000   data required time
---------------------------------------------------------------------------------------------
                                             10.000000   data required time
                                             -1.849098   data arrival time
---------------------------------------------------------------------------------------------
                                              8.150903   slack (MET)


Startpoint: b[2] (input port clocked by __VIRTUAL_CLK__)
Endpoint: p[3] (output port clocked by __VIRTUAL_CLK__)
Path Group: __VIRTUAL_CLK__
Path Type: max

Fanout         Cap        Slew       Delay        Time   Description
---------------------------------------------------------------------------------------------
                      0.000000    0.000000    0.000000   clock __VIRTUAL_CLK__ (rise edge)
                                  0.000000    0.000000   clock network delay (ideal)
                                  0.000000    0.000000 ^ input external delay
     8    0.032512    0.151669    0.110758    0.110758 ^ b[2] (in)
                                                         b[2] (net)
                      0.151709    0.000000    0.110758 ^ g2/B (sky130_fd_sc_hd__and2_1)
     2    0.006829    0.081341    0.179606    0.290365 ^ g2/X (sky130_fd_sc_hd__and2_1)
                                                         n18 (net)
                      0.081341    0.000208    0.290572 ^ g172/A (sky130_fd_sc_hd__xor2_1)
     2    0.006904    0.183198    0.202937    0.493509 ^ g172/X (sky130_fd_sc_hd__xor2_1)
                                                         n188 (net)
                      0.183198    0.000208    0.493717 ^ g221/B (sky130_fd_sc_hd__xor2_1)
     5    0.015435    0.338184    0.346431    0.840148 ^ g221/X (sky130_fd_sc_hd__xor2_1)
                                                         n237 (net)
                      0.338184    0.000341    0.840489 ^ g248/A1 (sky130_fd_sc_hd__a21o_1)
     7    0.025729    0.225187    0.312613    1.153103 ^ g248/X (sky130_fd_sc_hd__a21o_1)
                                                         n264 (net)
                      0.225187    0.000495    1.153598 ^ g374/B (sky130_fd_sc_hd__xor2_1)
     1    0.010815    0.253905    0.286783    1.440381 ^ g374/X (sky130_fd_sc_hd__xor2_1)
                                                         p[3] (net)
                      0.253905    0.000205    1.440586 ^ p[3] (out)
                                              1.440586   data arrival time

                      0.000000   10.000000   10.000000   clock __VIRTUAL_CLK__ (rise edge)
                                  0.000000   10.000000   clock network delay (ideal)
                                  0.000000   10.000000   clock reconvergence pessimism
                                  0.000000   10.000000   output external delay
                                             10.000000   data required time
---------------------------------------------------------------------------------------------
                                             10.000000   data required time
                                             -1.440586   data arrival time
---------------------------------------------------------------------------------------------
                                              8.559415   slack (MET)


Startpoint: b[2] (input port clocked by __VIRTUAL_CLK__)
Endpoint: p[2] (output port clocked by __VIRTUAL_CLK__)
Path Group: __VIRTUAL_CLK__
Path Type: max

Fanout         Cap        Slew       Delay        Time   Description
---------------------------------------------------------------------------------------------
                      0.000000    0.000000    0.000000   clock __VIRTUAL_CLK__ (rise edge)
                                  0.000000    0.000000   clock network delay (ideal)
                                  0.000000    0.000000 ^ input external delay
     8    0.032512    0.151669    0.110758    0.110758 ^ b[2] (in)
                                                         b[2] (net)
                      0.151709    0.000000    0.110758 ^ g2/B (sky130_fd_sc_hd__and2_1)
     2    0.006829    0.081341    0.179606    0.290365 ^ g2/X (sky130_fd_sc_hd__and2_1)
                                                         n18 (net)
                      0.081341    0.000208    0.290572 ^ g172/A (sky130_fd_sc_hd__xor2_1)
     2    0.006904    0.183198    0.202937    0.493509 ^ g172/X (sky130_fd_sc_hd__xor2_1)
                                                         n188 (net)
                      0.183198    0.000208    0.493717 ^ g221/B (sky130_fd_sc_hd__xor2_1)
     5    0.015435    0.338184    0.346431    0.840148 ^ g221/X (sky130_fd_sc_hd__xor2_1)
                                                         n237 (net)
                      0.338184    0.000316    0.840464 ^ g373/A (sky130_fd_sc_hd__xor2_1)
     1    0.011053    0.258211    0.303119    1.143582 ^ g373/X (sky130_fd_sc_hd__xor2_1)
                                                         p[2] (net)
                      0.258211    0.000215    1.143798 ^ p[2] (out)
                                              1.143798   data arrival time

                      0.000000   10.000000   10.000000   clock __VIRTUAL_CLK__ (rise edge)
                                  0.000000   10.000000   clock network delay (ideal)
                                  0.000000   10.000000   clock reconvergence pessimism
                                  0.000000   10.000000   output external delay
                                             10.000000   data required time
---------------------------------------------------------------------------------------------
                                             10.000000   data required time
                                             -1.143798   data arrival time
---------------------------------------------------------------------------------------------
                                              8.856202   slack (MET)


Startpoint: a[1] (input port clocked by __VIRTUAL_CLK__)
Endpoint: p[1] (output port clocked by __VIRTUAL_CLK__)
Path Group: __VIRTUAL_CLK__
Path Type: max

Fanout         Cap        Slew       Delay        Time   Description
---------------------------------------------------------------------------------------------
                      0.000000    0.000000    0.000000   clock __VIRTUAL_CLK__ (rise edge)
                                  0.000000    0.000000   clock network delay (ideal)
                                  0.000000    0.000000 ^ input external delay
     8    0.030609    0.143177    0.104759    0.104759 ^ a[1] (in)
                                                         a[1] (net)
                      0.143229    0.000000    0.104759 ^ g8/A (sky130_fd_sc_hd__and2_1)
     2    0.007135    0.084001    0.179872    0.284631 ^ g8/X (sky130_fd_sc_hd__and2_1)
                                                         n24 (net)
                      0.084001    0.000213    0.284844 ^ g219/B (sky130_fd_sc_hd__xor2_1)
     3    0.018298    0.390686    0.369550    0.654394 ^ g219/X (sky130_fd_sc_hd__xor2_1)
                                                         p[1] (net)
                      0.390686    0.000341    0.654735 ^ p[1] (out)
                                              0.654735   data arrival time

                      0.000000   10.000000   10.000000   clock __VIRTUAL_CLK__ (rise edge)
                                  0.000000   10.000000   clock network delay (ideal)
                                  0.000000   10.000000   clock reconvergence pessimism
                                  0.000000   10.000000   output external delay
                                             10.000000   data required time
---------------------------------------------------------------------------------------------
                                             10.000000   data required time
                                             -0.654735   data arrival time
---------------------------------------------------------------------------------------------
                                              9.345265   slack (MET)


Startpoint: b[0] (input port clocked by __VIRTUAL_CLK__)
Endpoint: p[0] (output port clocked by __VIRTUAL_CLK__)
Path Group: __VIRTUAL_CLK__
Path Type: max

Fanout         Cap        Slew       Delay        Time   Description
---------------------------------------------------------------------------------------------
                      0.000000    0.000000    0.000000   clock __VIRTUAL_CLK__ (rise edge)
                                  0.000000    0.000000   clock network delay (ideal)
                                  0.000000    0.000000 ^ input external delay
     8    0.029946    0.140127    0.102078    0.102078 ^ b[0] (in)
                                                         b[0] (net)
                      0.140145    0.000000    0.102078 ^ g0/B (sky130_fd_sc_hd__and2_1)
     5    0.024549    0.243982    0.300215    0.402293 ^ g0/X (sky130_fd_sc_hd__and2_1)
                                                         p[0] (net)
                      0.243982    0.000648    0.402941 ^ p[0] (out)
                                              0.402941   data arrival time

                      0.000000   10.000000   10.000000   clock __VIRTUAL_CLK__ (rise edge)
                                  0.000000   10.000000   clock network delay (ideal)
                                  0.000000   10.000000   clock reconvergence pessimism
                                  0.000000   10.000000   output external delay
                                             10.000000   data required time
---------------------------------------------------------------------------------------------
                                             10.000000   data required time
                                             -0.402941   data arrival time
---------------------------------------------------------------------------------------------
                                              9.597059   slack (MET)



