
===========================================================================
report_checks -path_delay max (Setup)
============================================================================
======================= nom_tt_025C_1v80 Corner ===================================

Startpoint: a[4] (input port clocked by __VIRTUAL_CLK__)
Endpoint: p[15] (output port clocked by __VIRTUAL_CLK__)
Path Group: __VIRTUAL_CLK__
Path Type: max

Fanout         Cap        Slew       Delay        Time   Description
---------------------------------------------------------------------------------------------
                      0.000000    0.000000    0.000000   clock __VIRTUAL_CLK__ (rise edge)
                                  0.000000    0.000000   clock network delay (ideal)
                                  0.000000    0.000000 ^ input external delay
     1    0.003453    0.022563    0.013246    0.013246 ^ a[4] (in)
                                                         a[4] (net)
                      0.022571    0.000000    0.013246 ^ input5/A (sky130_fd_sc_hd__clkdlybuf4s25_1)
     2    0.015036    0.159733    0.335806    0.349052 ^ input5/X (sky130_fd_sc_hd__clkdlybuf4s25_1)
                                                         net5 (net)
                      0.159734    0.000795    0.349847 ^ fanout59/A (sky130_fd_sc_hd__clkbuf_4)
    10    0.059924    0.183334    0.291455    0.641302 ^ fanout59/X (sky130_fd_sc_hd__clkbuf_4)
                                                         net59 (net)
                      0.183466    0.003053    0.644356 ^ _478_/A (sky130_fd_sc_hd__inv_2)
     1    0.010160    0.054179    0.072698    0.717054 v _478_/Y (sky130_fd_sc_hd__inv_2)
                                                         _300_ (net)
                      0.054181    0.000407    0.717460 v _648_/A3 (sky130_fd_sc_hd__o311ai_4)
     3    0.024452    0.379469    0.364536    1.081997 ^ _648_/Y (sky130_fd_sc_hd__o311ai_4)
                                                         _107_ (net)
                      0.379469    0.000489    1.082485 ^ _652_/B1 (sky130_fd_sc_hd__o21ai_4)
     1    0.009770    0.091710    0.116841    1.199326 v _652_/Y (sky130_fd_sc_hd__o21ai_4)
                                                         _111_ (net)
                      0.091710    0.000368    1.199695 v _659_/B1 (sky130_fd_sc_hd__o21ai_4)
     3    0.023056    0.207454    0.117703    1.317398 ^ _659_/Y (sky130_fd_sc_hd__o21ai_4)
                                                         _118_ (net)
                      0.207454    0.000572    1.317970 ^ _667_/B1 (sky130_fd_sc_hd__o211ai_4)
     4    0.041267    0.161312    0.195274    1.513244 v _667_/Y (sky130_fd_sc_hd__o211ai_4)
                                                         _126_ (net)
                      0.161412    0.003250    1.516493 v _670_/A1_N (sky130_fd_sc_hd__o2bb2ai_4)
     5    0.022445    0.078012    0.223728    1.740221 v _670_/Y (sky130_fd_sc_hd__o2bb2ai_4)
                                                         _129_ (net)
                      0.078017    0.000726    1.740947 v _680_/A2 (sky130_fd_sc_hd__a21o_4)
     1    0.009021    0.038818    0.240681    1.981628 v _680_/X (sky130_fd_sc_hd__a21o_4)
                                                         _139_ (net)
                      0.038818    0.000311    1.981939 v _684_/C1 (sky130_fd_sc_hd__o2111ai_4)
     3    0.022579    0.267110    0.124064    2.106004 ^ _684_/Y (sky130_fd_sc_hd__o2111ai_4)
                                                         _143_ (net)
                      0.267110    0.000562    2.106565 ^ _688_/B (sky130_fd_sc_hd__nand3b_4)
     3    0.018884    0.104811    0.150950    2.257515 v _688_/Y (sky130_fd_sc_hd__nand3b_4)
                                                         _147_ (net)
                      0.104811    0.000395    2.257910 v _695_/B (sky130_fd_sc_hd__nand2_2)
     5    0.027741    0.154363    0.178601    2.436511 ^ _695_/Y (sky130_fd_sc_hd__nand2_2)
                                                         _153_ (net)
                      0.154365    0.000564    2.437075 ^ _738_/A (sky130_fd_sc_hd__nand2_2)
     2    0.011596    0.071058    0.097831    2.534906 v _738_/Y (sky130_fd_sc_hd__nand2_2)
                                                         _196_ (net)
                      0.071058    0.000312    2.535218 v _789_/C1 (sky130_fd_sc_hd__o211ai_4)
     2    0.012731    0.181562    0.097148    2.632366 ^ _789_/Y (sky130_fd_sc_hd__o211ai_4)
                                                         _249_ (net)
                      0.181563    0.000456    2.632822 ^ _864_/B1 (sky130_fd_sc_hd__o211ai_4)
     4    0.029608    0.121823    0.163589    2.796411 v _864_/Y (sky130_fd_sc_hd__o211ai_4)
                                                         _329_ (net)
                      0.121919    0.001978    2.798389 v _901_/B (sky130_fd_sc_hd__nand2_4)
     4    0.030159    0.105475    0.151121    2.949510 ^ _901_/Y (sky130_fd_sc_hd__nand2_4)
                                                         _368_ (net)
                      0.105535    0.001166    2.950676 ^ _947_/A (sky130_fd_sc_hd__nand4_4)
     1    0.009352    0.119666    0.094982    3.045658 v _947_/Y (sky130_fd_sc_hd__nand4_4)
                                                         _415_ (net)
                      0.119666    0.000336    3.045994 v _954_/B (sky130_fd_sc_hd__nand3_4)
     1    0.005691    0.058014    0.106851    3.152844 ^ _954_/Y (sky130_fd_sc_hd__nand3_4)
                                                         _422_ (net)
                      0.058014    0.000195    3.153039 ^ _955_/B1 (sky130_fd_sc_hd__o41a_4)
     1    0.009097    0.049225    0.154957    3.307997 ^ _955_/X (sky130_fd_sc_hd__o41a_4)
                                                         net23 (net)
                      0.049228    0.000394    3.308390 ^ output23/A (sky130_fd_sc_hd__buf_6)
     1    0.011887    0.036298    0.099508    3.407898 ^ output23/X (sky130_fd_sc_hd__buf_6)
                                                         p[15] (net)
                      0.036300    0.000288    3.408186 ^ p[15] (out)
                                              3.408186   data arrival time

                      0.000000    3.000000    3.000000   clock __VIRTUAL_CLK__ (rise edge)
                                  0.000000    3.000000   clock network delay (ideal)
                                  0.000000    3.000000   clock reconvergence pessimism
                                  0.000000    3.000000   output external delay
                                              3.000000   data required time
---------------------------------------------------------------------------------------------
                                              3.000000   data required time
                                             -3.408186   data arrival time
---------------------------------------------------------------------------------------------
                                             -0.408186   slack (VIOLATED)


Startpoint: a[4] (input port clocked by __VIRTUAL_CLK__)
Endpoint: p[14] (output port clocked by __VIRTUAL_CLK__)
Path Group: __VIRTUAL_CLK__
Path Type: max

Fanout         Cap        Slew       Delay        Time   Description
---------------------------------------------------------------------------------------------
                      0.000000    0.000000    0.000000   clock __VIRTUAL_CLK__ (rise edge)
                                  0.000000    0.000000   clock network delay (ideal)
                                  0.000000    0.000000 ^ input external delay
     1    0.003453    0.022563    0.013246    0.013246 ^ a[4] (in)
                                                         a[4] (net)
                      0.022571    0.000000    0.013246 ^ input5/A (sky130_fd_sc_hd__clkdlybuf4s25_1)
     2    0.015036    0.159733    0.335806    0.349052 ^ input5/X (sky130_fd_sc_hd__clkdlybuf4s25_1)
                                                         net5 (net)
                      0.159734    0.000795    0.349847 ^ fanout59/A (sky130_fd_sc_hd__clkbuf_4)
    10    0.059924    0.183334    0.291455    0.641302 ^ fanout59/X (sky130_fd_sc_hd__clkbuf_4)
                                                         net59 (net)
                      0.183466    0.003053    0.644356 ^ _478_/A (sky130_fd_sc_hd__inv_2)
     1    0.010160    0.054179    0.072698    0.717054 v _478_/Y (sky130_fd_sc_hd__inv_2)
                                                         _300_ (net)
                      0.054181    0.000407    0.717460 v _648_/A3 (sky130_fd_sc_hd__o311ai_4)
     3    0.024452    0.379469    0.364536    1.081997 ^ _648_/Y (sky130_fd_sc_hd__o311ai_4)
                                                         _107_ (net)
                      0.379469    0.000489    1.082485 ^ _652_/B1 (sky130_fd_sc_hd__o21ai_4)
     1    0.009770    0.091710    0.116841    1.199326 v _652_/Y (sky130_fd_sc_hd__o21ai_4)
                                                         _111_ (net)
                      0.091710    0.000368    1.199695 v _659_/B1 (sky130_fd_sc_hd__o21ai_4)
     3    0.023056    0.207454    0.117703    1.317398 ^ _659_/Y (sky130_fd_sc_hd__o21ai_4)
                                                         _118_ (net)
                      0.207454    0.000572    1.317970 ^ _667_/B1 (sky130_fd_sc_hd__o211ai_4)
     4    0.041267    0.161312    0.195274    1.513244 v _667_/Y (sky130_fd_sc_hd__o211ai_4)
                                                         _126_ (net)
                      0.161412    0.003250    1.516493 v _670_/A1_N (sky130_fd_sc_hd__o2bb2ai_4)
     5    0.022445    0.078012    0.223728    1.740221 v _670_/Y (sky130_fd_sc_hd__o2bb2ai_4)
                                                         _129_ (net)
                      0.078017    0.000726    1.740947 v _680_/A2 (sky130_fd_sc_hd__a21o_4)
     1    0.009021    0.038818    0.240681    1.981628 v _680_/X (sky130_fd_sc_hd__a21o_4)
                                                         _139_ (net)
                      0.038818    0.000311    1.981939 v _684_/C1 (sky130_fd_sc_hd__o2111ai_4)
     3    0.022579    0.267110    0.124064    2.106004 ^ _684_/Y (sky130_fd_sc_hd__o2111ai_4)
                                                         _143_ (net)
                      0.267110    0.000562    2.106565 ^ _688_/B (sky130_fd_sc_hd__nand3b_4)
     3    0.018884    0.104811    0.150950    2.257515 v _688_/Y (sky130_fd_sc_hd__nand3b_4)
                                                         _147_ (net)
                      0.104811    0.000395    2.257910 v _695_/B (sky130_fd_sc_hd__nand2_2)
     5    0.027741    0.154363    0.178601    2.436511 ^ _695_/Y (sky130_fd_sc_hd__nand2_2)
                                                         _153_ (net)
                      0.154365    0.000564    2.437075 ^ _738_/A (sky130_fd_sc_hd__nand2_2)
     2    0.011596    0.071058    0.097831    2.534906 v _738_/Y (sky130_fd_sc_hd__nand2_2)
                                                         _196_ (net)
                      0.071058    0.000312    2.535218 v _789_/C1 (sky130_fd_sc_hd__o211ai_4)
     2    0.012731    0.181562    0.097148    2.632366 ^ _789_/Y (sky130_fd_sc_hd__o211ai_4)
                                                         _249_ (net)
                      0.181563    0.000456    2.632822 ^ _864_/B1 (sky130_fd_sc_hd__o211ai_4)
     4    0.029608    0.121823    0.163589    2.796411 v _864_/Y (sky130_fd_sc_hd__o211ai_4)
                                                         _329_ (net)
                      0.121919    0.001978    2.798389 v _901_/B (sky130_fd_sc_hd__nand2_4)
     4    0.030159    0.105475    0.151121    2.949510 ^ _901_/Y (sky130_fd_sc_hd__nand2_4)
                                                         _368_ (net)
                      0.105535    0.001170    2.950679 ^ _926_/A (sky130_fd_sc_hd__nand3_4)
     2    0.011811    0.088303    0.088155    3.038834 v _926_/Y (sky130_fd_sc_hd__nand3_4)
                                                         _394_ (net)
                      0.088304    0.000472    3.039306 v _944_/A2_N (sky130_fd_sc_hd__o2bb2ai_2)
     1    0.004758    0.039879    0.143193    3.182500 v _944_/Y (sky130_fd_sc_hd__o2bb2ai_2)
                                                         _413_ (net)
                      0.039879    0.000150    3.182650 v _946_/B1 (sky130_fd_sc_hd__o21ai_2)
     1    0.002617    0.081892    0.047271    3.229921 ^ _946_/Y (sky130_fd_sc_hd__o21ai_2)
                                                         net22 (net)
                      0.081892    0.000079    3.230000 ^ output22/A (sky130_fd_sc_hd__clkbuf_2)
     1    0.011107    0.069043    0.143126    3.373126 ^ output22/X (sky130_fd_sc_hd__clkbuf_2)
                                                         p[14] (net)
                      0.069043    0.000226    3.373352 ^ p[14] (out)
                                              3.373352   data arrival time

                      0.000000    3.000000    3.000000   clock __VIRTUAL_CLK__ (rise edge)
                                  0.000000    3.000000   clock network delay (ideal)
                                  0.000000    3.000000   clock reconvergence pessimism
                                  0.000000    3.000000   output external delay
                                              3.000000   data required time
---------------------------------------------------------------------------------------------
                                              3.000000   data required time
                                             -3.373352   data arrival time
---------------------------------------------------------------------------------------------
                                             -0.373352   slack (VIOLATED)


Startpoint: a[4] (input port clocked by __VIRTUAL_CLK__)
Endpoint: p[13] (output port clocked by __VIRTUAL_CLK__)
Path Group: __VIRTUAL_CLK__
Path Type: max

Fanout         Cap        Slew       Delay        Time   Description
---------------------------------------------------------------------------------------------
                      0.000000    0.000000    0.000000   clock __VIRTUAL_CLK__ (rise edge)
                                  0.000000    0.000000   clock network delay (ideal)
                                  0.000000    0.000000 ^ input external delay
     1    0.003453    0.022563    0.013246    0.013246 ^ a[4] (in)
                                                         a[4] (net)
                      0.022571    0.000000    0.013246 ^ input5/A (sky130_fd_sc_hd__clkdlybuf4s25_1)
     2    0.015036    0.159733    0.335806    0.349052 ^ input5/X (sky130_fd_sc_hd__clkdlybuf4s25_1)
                                                         net5 (net)
                      0.159734    0.000795    0.349847 ^ fanout59/A (sky130_fd_sc_hd__clkbuf_4)
    10    0.059924    0.183334    0.291455    0.641302 ^ fanout59/X (sky130_fd_sc_hd__clkbuf_4)
                                                         net59 (net)
                      0.183466    0.003053    0.644356 ^ _478_/A (sky130_fd_sc_hd__inv_2)
     1    0.010160    0.054179    0.072698    0.717054 v _478_/Y (sky130_fd_sc_hd__inv_2)
                                                         _300_ (net)
                      0.054181    0.000407    0.717460 v _648_/A3 (sky130_fd_sc_hd__o311ai_4)
     3    0.024452    0.379469    0.364536    1.081997 ^ _648_/Y (sky130_fd_sc_hd__o311ai_4)
                                                         _107_ (net)
                      0.379469    0.000489    1.082485 ^ _652_/B1 (sky130_fd_sc_hd__o21ai_4)
     1    0.009770    0.091710    0.116841    1.199326 v _652_/Y (sky130_fd_sc_hd__o21ai_4)
                                                         _111_ (net)
                      0.091710    0.000368    1.199695 v _659_/B1 (sky130_fd_sc_hd__o21ai_4)
     3    0.023056    0.207454    0.117703    1.317398 ^ _659_/Y (sky130_fd_sc_hd__o21ai_4)
                                                         _118_ (net)
                      0.207454    0.000572    1.317970 ^ _667_/B1 (sky130_fd_sc_hd__o211ai_4)
     4    0.041267    0.161312    0.195274    1.513244 v _667_/Y (sky130_fd_sc_hd__o211ai_4)
                                                         _126_ (net)
                      0.161319    0.000826    1.514070 v _697_/B1 (sky130_fd_sc_hd__o21ai_2)
     1    0.014716    0.199975    0.150884    1.664954 ^ _697_/Y (sky130_fd_sc_hd__o21ai_2)
                                                         _155_ (net)
                      0.199979    0.000746    1.665700 ^ _723_/C (sky130_fd_sc_hd__nand3_4)
     5    0.025935    0.115102    0.146968    1.812668 v _723_/Y (sky130_fd_sc_hd__nand3_4)
                                                         _181_ (net)
                      0.115140    0.001699    1.814368 v _731_/A1 (sky130_fd_sc_hd__a21o_4)
     3    0.012248    0.043024    0.248733    2.063101 v _731_/X (sky130_fd_sc_hd__a21o_4)
                                                         _189_ (net)
                      0.043024    0.000215    2.063316 v _735_/A2 (sky130_fd_sc_hd__a21o_2)
     3    0.012895    0.057789    0.248241    2.311557 v _735_/X (sky130_fd_sc_hd__a21o_2)
                                                         _193_ (net)
                      0.057790    0.000332    2.311889 v _736_/B1 (sky130_fd_sc_hd__o21a_4)
     3    0.018860    0.051839    0.145790    2.457679 v _736_/X (sky130_fd_sc_hd__o21a_4)
                                                         _194_ (net)
                      0.051862    0.000372    2.458051 v _738_/B (sky130_fd_sc_hd__nand2_2)
     2    0.012238    0.079313    0.097772    2.555823 ^ _738_/Y (sky130_fd_sc_hd__nand2_2)
                                                         _196_ (net)
                      0.079313    0.000331    2.556154 ^ _789_/C1 (sky130_fd_sc_hd__o211ai_4)
     2    0.011816    0.080757    0.087302    2.643456 v _789_/Y (sky130_fd_sc_hd__o211ai_4)
                                                         _249_ (net)
                      0.080758    0.000422    2.643878 v _864_/B1 (sky130_fd_sc_hd__o211ai_4)
     4    0.031894    0.296642    0.160733    2.804611 ^ _864_/Y (sky130_fd_sc_hd__o211ai_4)
                                                         _329_ (net)
                      0.296713    0.002151    2.806762 ^ _901_/B (sky130_fd_sc_hd__nand2_4)
     4    0.029027    0.096829    0.136476    2.943238 v _901_/Y (sky130_fd_sc_hd__nand2_4)
                                                         _368_ (net)
                      0.096880    0.001031    2.944269 v _925_/A (sky130_fd_sc_hd__and2_4)
     1    0.009662    0.036071    0.173060    3.117329 v _925_/X (sky130_fd_sc_hd__and2_4)
                                                         _393_ (net)
                      0.036077    0.000352    3.117681 v _928_/A1 (sky130_fd_sc_hd__a21oi_4)
     1    0.007128    0.106917    0.124003    3.241684 ^ _928_/Y (sky130_fd_sc_hd__a21oi_4)
                                                         net21 (net)
                      0.106918    0.000294    3.241979 ^ output21/A (sky130_fd_sc_hd__buf_6)
     1    0.011229    0.035761    0.118710    3.360688 ^ output21/X (sky130_fd_sc_hd__buf_6)
                                                         p[13] (net)
                      0.035763    0.000288    3.360976 ^ p[13] (out)
                                              3.360976   data arrival time

                      0.000000    3.000000    3.000000   clock __VIRTUAL_CLK__ (rise edge)
                                  0.000000    3.000000   clock network delay (ideal)
                                  0.000000    3.000000   clock reconvergence pessimism
                                  0.000000    3.000000   output external delay
                                              3.000000   data required time
---------------------------------------------------------------------------------------------
                                              3.000000   data required time
                                             -3.360976   data arrival time
---------------------------------------------------------------------------------------------
                                             -0.360976   slack (VIOLATED)


Startpoint: a[4] (input port clocked by __VIRTUAL_CLK__)
Endpoint: p[7] (output port clocked by __VIRTUAL_CLK__)
Path Group: __VIRTUAL_CLK__
Path Type: max

Fanout         Cap        Slew       Delay        Time   Description
---------------------------------------------------------------------------------------------
                      0.000000    0.000000    0.000000   clock __VIRTUAL_CLK__ (rise edge)
                                  0.000000    0.000000   clock network delay (ideal)
                                  0.000000    0.000000 ^ input external delay
     1    0.003453    0.022563    0.013246    0.013246 ^ a[4] (in)
                                                         a[4] (net)
                      0.022571    0.000000    0.013246 ^ input5/A (sky130_fd_sc_hd__clkdlybuf4s25_1)
     2    0.015036    0.159733    0.335806    0.349052 ^ input5/X (sky130_fd_sc_hd__clkdlybuf4s25_1)
                                                         net5 (net)
                      0.159734    0.000795    0.349847 ^ fanout59/A (sky130_fd_sc_hd__clkbuf_4)
    10    0.059924    0.183334    0.291455    0.641302 ^ fanout59/X (sky130_fd_sc_hd__clkbuf_4)
                                                         net59 (net)
                      0.183466    0.003053    0.644356 ^ _478_/A (sky130_fd_sc_hd__inv_2)
     1    0.010160    0.054179    0.072698    0.717054 v _478_/Y (sky130_fd_sc_hd__inv_2)
                                                         _300_ (net)
                      0.054181    0.000407    0.717460 v _648_/A3 (sky130_fd_sc_hd__o311ai_4)
     3    0.024452    0.379469    0.364536    1.081997 ^ _648_/Y (sky130_fd_sc_hd__o311ai_4)
                                                         _107_ (net)
                      0.379469    0.000489    1.082485 ^ _652_/B1 (sky130_fd_sc_hd__o21ai_4)
     1    0.009770    0.091710    0.116841    1.199326 v _652_/Y (sky130_fd_sc_hd__o21ai_4)
                                                         _111_ (net)
                      0.091710    0.000368    1.199695 v _659_/B1 (sky130_fd_sc_hd__o21ai_4)
     3    0.023056    0.207454    0.117703    1.317398 ^ _659_/Y (sky130_fd_sc_hd__o21ai_4)
                                                         _118_ (net)
                      0.207454    0.000572    1.317970 ^ _667_/B1 (sky130_fd_sc_hd__o211ai_4)
     4    0.041267    0.161312    0.195274    1.513244 v _667_/Y (sky130_fd_sc_hd__o211ai_4)
                                                         _126_ (net)
                      0.161412    0.003250    1.516493 v _670_/A1_N (sky130_fd_sc_hd__o2bb2ai_4)
     5    0.022445    0.078012    0.223728    1.740221 v _670_/Y (sky130_fd_sc_hd__o2bb2ai_4)
                                                         _129_ (net)
                      0.078017    0.000726    1.740947 v _680_/A2 (sky130_fd_sc_hd__a21o_4)
     1    0.009021    0.038818    0.240681    1.981628 v _680_/X (sky130_fd_sc_hd__a21o_4)
                                                         _139_ (net)
                      0.038818    0.000311    1.981939 v _684_/C1 (sky130_fd_sc_hd__o2111ai_4)
     3    0.022579    0.267110    0.124064    2.106004 ^ _684_/Y (sky130_fd_sc_hd__o2111ai_4)
                                                         _143_ (net)
                      0.267110    0.000562    2.106565 ^ _688_/B (sky130_fd_sc_hd__nand3b_4)
     3    0.018884    0.104811    0.150950    2.257515 v _688_/Y (sky130_fd_sc_hd__nand3b_4)
                                                         _147_ (net)
                      0.104811    0.000280    2.257795 v _689_/B1 (sky130_fd_sc_hd__a22oi_2)
     2    0.015716    0.253019    0.245447    2.503242 ^ _689_/Y (sky130_fd_sc_hd__a22oi_2)
                                                         _148_ (net)
                      0.253019    0.000403    2.503644 ^ rebuffer100/A (sky130_fd_sc_hd__buf_6)
     2    0.005421    0.029721    0.142761    2.646406 ^ rebuffer100/X (sky130_fd_sc_hd__buf_6)
                                                         net100 (net)
                      0.029721    0.000057    2.646462 ^ rebuffer129/A (sky130_fd_sc_hd__buf_2)
     2    0.007114    0.045304    0.106293    2.752755 ^ rebuffer129/X (sky130_fd_sc_hd__buf_2)
                                                         net129 (net)
                      0.045304    0.000123    2.752878 ^ _691_/A_N (sky130_fd_sc_hd__nand2b_2)
     1    0.009934    0.071174    0.134082    2.886960 ^ _691_/Y (sky130_fd_sc_hd__nand2b_2)
                                                         _150_ (net)
                      0.071175    0.000319    2.887279 ^ _694_/A (sky130_fd_sc_hd__xor2_2)
     1    0.002870    0.091488    0.117479    3.004758 ^ _694_/X (sky130_fd_sc_hd__xor2_2)
                                                         net30 (net)
                      0.091488    0.000088    3.004847 ^ output30/A (sky130_fd_sc_hd__clkdlybuf4s25_1)
     1    0.011314    0.123757    0.334376    3.339222 ^ output30/X (sky130_fd_sc_hd__clkdlybuf4s25_1)
                                                         p[7] (net)
                      0.123757    0.000265    3.339488 ^ p[7] (out)
                                              3.339488   data arrival time

                      0.000000    3.000000    3.000000   clock __VIRTUAL_CLK__ (rise edge)
                                  0.000000    3.000000   clock network delay (ideal)
                                  0.000000    3.000000   clock reconvergence pessimism
                                  0.000000    3.000000   output external delay
                                              3.000000   data required time
---------------------------------------------------------------------------------------------
                                              3.000000   data required time
                                             -3.339488   data arrival time
---------------------------------------------------------------------------------------------
                                             -0.339488   slack (VIOLATED)


Startpoint: a[4] (input port clocked by __VIRTUAL_CLK__)
Endpoint: p[12] (output port clocked by __VIRTUAL_CLK__)
Path Group: __VIRTUAL_CLK__
Path Type: max

Fanout         Cap        Slew       Delay        Time   Description
---------------------------------------------------------------------------------------------
                      0.000000    0.000000    0.000000   clock __VIRTUAL_CLK__ (rise edge)
                                  0.000000    0.000000   clock network delay (ideal)
                                  0.000000    0.000000 ^ input external delay
     1    0.003453    0.022563    0.013246    0.013246 ^ a[4] (in)
                                                         a[4] (net)
                      0.022571    0.000000    0.013246 ^ input5/A (sky130_fd_sc_hd__clkdlybuf4s25_1)
     2    0.015036    0.159733    0.335806    0.349052 ^ input5/X (sky130_fd_sc_hd__clkdlybuf4s25_1)
                                                         net5 (net)
                      0.159734    0.000795    0.349847 ^ fanout59/A (sky130_fd_sc_hd__clkbuf_4)
    10    0.059924    0.183334    0.291455    0.641302 ^ fanout59/X (sky130_fd_sc_hd__clkbuf_4)
                                                         net59 (net)
                      0.183466    0.003053    0.644356 ^ _478_/A (sky130_fd_sc_hd__inv_2)
     1    0.010160    0.054179    0.072698    0.717054 v _478_/Y (sky130_fd_sc_hd__inv_2)
                                                         _300_ (net)
                      0.054181    0.000407    0.717460 v _648_/A3 (sky130_fd_sc_hd__o311ai_4)
     3    0.024452    0.379469    0.364536    1.081997 ^ _648_/Y (sky130_fd_sc_hd__o311ai_4)
                                                         _107_ (net)
                      0.379469    0.000489    1.082485 ^ _652_/B1 (sky130_fd_sc_hd__o21ai_4)
     1    0.009770    0.091710    0.116841    1.199326 v _652_/Y (sky130_fd_sc_hd__o21ai_4)
                                                         _111_ (net)
                      0.091710    0.000368    1.199695 v _659_/B1 (sky130_fd_sc_hd__o21ai_4)
     3    0.023056    0.207454    0.117703    1.317398 ^ _659_/Y (sky130_fd_sc_hd__o21ai_4)
                                                         _118_ (net)
                      0.207454    0.000572    1.317970 ^ _667_/B1 (sky130_fd_sc_hd__o211ai_4)
     4    0.041267    0.161312    0.195274    1.513244 v _667_/Y (sky130_fd_sc_hd__o211ai_4)
                                                         _126_ (net)
                      0.161319    0.000826    1.514070 v _697_/B1 (sky130_fd_sc_hd__o21ai_2)
     1    0.014716    0.199975    0.150884    1.664954 ^ _697_/Y (sky130_fd_sc_hd__o21ai_2)
                                                         _155_ (net)
                      0.199979    0.000746    1.665700 ^ _723_/C (sky130_fd_sc_hd__nand3_4)
     5    0.025935    0.115102    0.146968    1.812668 v _723_/Y (sky130_fd_sc_hd__nand3_4)
                                                         _181_ (net)
                      0.115140    0.001699    1.814368 v _731_/A1 (sky130_fd_sc_hd__a21o_4)
     3    0.012248    0.043024    0.248733    2.063101 v _731_/X (sky130_fd_sc_hd__a21o_4)
                                                         _189_ (net)
                      0.043024    0.000215    2.063316 v _735_/A2 (sky130_fd_sc_hd__a21o_2)
     3    0.012895    0.057789    0.248241    2.311557 v _735_/X (sky130_fd_sc_hd__a21o_2)
                                                         _193_ (net)
                      0.057790    0.000332    2.311889 v _736_/B1 (sky130_fd_sc_hd__o21a_4)
     3    0.018860    0.051839    0.145790    2.457679 v _736_/X (sky130_fd_sc_hd__o21a_4)
                                                         _194_ (net)
                      0.051862    0.000372    2.458051 v _738_/B (sky130_fd_sc_hd__nand2_2)
     2    0.012238    0.079313    0.097772    2.555823 ^ _738_/Y (sky130_fd_sc_hd__nand2_2)
                                                         _196_ (net)
                      0.079313    0.000331    2.556154 ^ _789_/C1 (sky130_fd_sc_hd__o211ai_4)
     2    0.011816    0.080757    0.087302    2.643456 v _789_/Y (sky130_fd_sc_hd__o211ai_4)
                                                         _249_ (net)
                      0.080758    0.000422    2.643878 v _864_/B1 (sky130_fd_sc_hd__o211ai_4)
     4    0.031894    0.296642    0.160733    2.804611 ^ _864_/Y (sky130_fd_sc_hd__o211ai_4)
                                                         _329_ (net)
                      0.296707    0.001871    2.806482 ^ rebuffer98/A (sky130_fd_sc_hd__buf_6)
     1    0.004734    0.029640    0.149055    2.955537 ^ rebuffer98/X (sky130_fd_sc_hd__buf_6)
                                                         net98 (net)
                      0.029640    0.000096    2.955633 ^ _867_/B (sky130_fd_sc_hd__nand2_2)
     1    0.005249    0.041107    0.048052    3.003685 v _867_/Y (sky130_fd_sc_hd__nand2_2)
                                                         _332_ (net)
                      0.041107    0.000175    3.003860 v _869_/A (sky130_fd_sc_hd__nand2_2)
     1    0.005144    0.046393    0.056680    3.060539 ^ _869_/Y (sky130_fd_sc_hd__nand2_2)
                                                         _335_ (net)
                      0.046393    0.000115    3.060654 ^ _897_/B (sky130_fd_sc_hd__nand3_2)
     1    0.004838    0.071563    0.072176    3.132830 v _897_/Y (sky130_fd_sc_hd__nand3_2)
                                                         _364_ (net)
                      0.071563    0.000151    3.132981 v _898_/A (sky130_fd_sc_hd__nand2_2)
     1    0.005463    0.047802    0.071467    3.204448 ^ _898_/Y (sky130_fd_sc_hd__nand2_2)
                                                         net20 (net)
                      0.047802    0.000175    3.204623 ^ output20/A (sky130_fd_sc_hd__buf_6)
     1    0.011433    0.035511    0.098212    3.302834 ^ output20/X (sky130_fd_sc_hd__buf_6)
                                                         p[12] (net)
                      0.035513    0.000309    3.303144 ^ p[12] (out)
                                              3.303144   data arrival time

                      0.000000    3.000000    3.000000   clock __VIRTUAL_CLK__ (rise edge)
                                  0.000000    3.000000   clock network delay (ideal)
                                  0.000000    3.000000   clock reconvergence pessimism
                                  0.000000    3.000000   output external delay
                                              3.000000   data required time
---------------------------------------------------------------------------------------------
                                              3.000000   data required time
                                             -3.303144   data arrival time
---------------------------------------------------------------------------------------------
                                             -0.303144   slack (VIOLATED)


Startpoint: a[4] (input port clocked by __VIRTUAL_CLK__)
Endpoint: p[11] (output port clocked by __VIRTUAL_CLK__)
Path Group: __VIRTUAL_CLK__
Path Type: max

Fanout         Cap        Slew       Delay        Time   Description
---------------------------------------------------------------------------------------------
                      0.000000    0.000000    0.000000   clock __VIRTUAL_CLK__ (rise edge)
                                  0.000000    0.000000   clock network delay (ideal)
                                  0.000000    0.000000 ^ input external delay
     1    0.003453    0.022563    0.013246    0.013246 ^ a[4] (in)
                                                         a[4] (net)
                      0.022571    0.000000    0.013246 ^ input5/A (sky130_fd_sc_hd__clkdlybuf4s25_1)
     2    0.015036    0.159733    0.335806    0.349052 ^ input5/X (sky130_fd_sc_hd__clkdlybuf4s25_1)
                                                         net5 (net)
                      0.159734    0.000795    0.349847 ^ fanout59/A (sky130_fd_sc_hd__clkbuf_4)
    10    0.059924    0.183334    0.291455    0.641302 ^ fanout59/X (sky130_fd_sc_hd__clkbuf_4)
                                                         net59 (net)
                      0.183466    0.003053    0.644356 ^ _478_/A (sky130_fd_sc_hd__inv_2)
     1    0.010160    0.054179    0.072698    0.717054 v _478_/Y (sky130_fd_sc_hd__inv_2)
                                                         _300_ (net)
                      0.054181    0.000407    0.717460 v _648_/A3 (sky130_fd_sc_hd__o311ai_4)
     3    0.024452    0.379469    0.364536    1.081997 ^ _648_/Y (sky130_fd_sc_hd__o311ai_4)
                                                         _107_ (net)
                      0.379469    0.000489    1.082485 ^ _652_/B1 (sky130_fd_sc_hd__o21ai_4)
     1    0.009770    0.091710    0.116841    1.199326 v _652_/Y (sky130_fd_sc_hd__o21ai_4)
                                                         _111_ (net)
                      0.091710    0.000368    1.199695 v _659_/B1 (sky130_fd_sc_hd__o21ai_4)
     3    0.023056    0.207454    0.117703    1.317398 ^ _659_/Y (sky130_fd_sc_hd__o21ai_4)
                                                         _118_ (net)
                      0.207454    0.000572    1.317970 ^ _667_/B1 (sky130_fd_sc_hd__o211ai_4)
     4    0.041267    0.161312    0.195274    1.513244 v _667_/Y (sky130_fd_sc_hd__o211ai_4)
                                                         _126_ (net)
                      0.161412    0.003250    1.516493 v _670_/A1_N (sky130_fd_sc_hd__o2bb2ai_4)
     5    0.022445    0.078012    0.223728    1.740221 v _670_/Y (sky130_fd_sc_hd__o2bb2ai_4)
                                                         _129_ (net)
                      0.078017    0.000726    1.740947 v _680_/A2 (sky130_fd_sc_hd__a21o_4)
     1    0.009021    0.038818    0.240681    1.981628 v _680_/X (sky130_fd_sc_hd__a21o_4)
                                                         _139_ (net)
                      0.038818    0.000311    1.981939 v _684_/C1 (sky130_fd_sc_hd__o2111ai_4)
     3    0.022579    0.267110    0.124064    2.106004 ^ _684_/Y (sky130_fd_sc_hd__o2111ai_4)
                                                         _143_ (net)
                      0.267110    0.000562    2.106565 ^ _688_/B (sky130_fd_sc_hd__nand3b_4)
     3    0.018884    0.104811    0.150950    2.257515 v _688_/Y (sky130_fd_sc_hd__nand3b_4)
                                                         _147_ (net)
                      0.104811    0.000395    2.257910 v _695_/B (sky130_fd_sc_hd__nand2_2)
     5    0.027741    0.154363    0.178601    2.436511 ^ _695_/Y (sky130_fd_sc_hd__nand2_2)
                                                         _153_ (net)
                      0.154365    0.000564    2.437075 ^ _738_/A (sky130_fd_sc_hd__nand2_2)
     2    0.011596    0.071058    0.097831    2.534906 v _738_/Y (sky130_fd_sc_hd__nand2_2)
                                                         _196_ (net)
                      0.071058    0.000312    2.535218 v _789_/C1 (sky130_fd_sc_hd__o211ai_4)
     2    0.012731    0.181562    0.097148    2.632366 ^ _789_/Y (sky130_fd_sc_hd__o211ai_4)
                                                         _249_ (net)
                      0.181563    0.000456    2.632822 ^ _864_/B1 (sky130_fd_sc_hd__o211ai_4)
     4    0.029608    0.121823    0.163589    2.796411 v _864_/Y (sky130_fd_sc_hd__o211ai_4)
                                                         _329_ (net)
                      0.121906    0.001689    2.798100 v rebuffer130/A (sky130_fd_sc_hd__buf_6)
     1    0.005602    0.022110    0.152563    2.950663 v rebuffer130/X (sky130_fd_sc_hd__buf_6)
                                                         net130 (net)
                      0.022110    0.000183    2.950846 v _870_/B1 (sky130_fd_sc_hd__o211a_4)
     1    0.005303    0.039924    0.130795    3.081641 v _870_/X (sky130_fd_sc_hd__o211a_4)
                                                         _336_ (net)
                      0.039924    0.000187    3.081828 v _871_/B (sky130_fd_sc_hd__nor2_2)
     1    0.002583    0.059752    0.068880    3.150708 ^ _871_/Y (sky130_fd_sc_hd__nor2_2)
                                                         net19 (net)
                      0.059752    0.000054    3.150762 ^ output19/A (sky130_fd_sc_hd__clkbuf_2)
     1    0.011209    0.069495    0.135036    3.285798 ^ output19/X (sky130_fd_sc_hd__clkbuf_2)
                                                         p[11] (net)
                      0.069495    0.000284    3.286082 ^ p[11] (out)
                                              3.286082   data arrival time

                      0.000000    3.000000    3.000000   clock __VIRTUAL_CLK__ (rise edge)
                                  0.000000    3.000000   clock network delay (ideal)
                                  0.000000    3.000000   clock reconvergence pessimism
                                  0.000000    3.000000   output external delay
                                              3.000000   data required time
---------------------------------------------------------------------------------------------
                                              3.000000   data required time
                                             -3.286082   data arrival time
---------------------------------------------------------------------------------------------
                                             -0.286082   slack (VIOLATED)


Startpoint: a[4] (input port clocked by __VIRTUAL_CLK__)
Endpoint: p[10] (output port clocked by __VIRTUAL_CLK__)
Path Group: __VIRTUAL_CLK__
Path Type: max

Fanout         Cap        Slew       Delay        Time   Description
---------------------------------------------------------------------------------------------
                      0.000000    0.000000    0.000000   clock __VIRTUAL_CLK__ (rise edge)
                                  0.000000    0.000000   clock network delay (ideal)
                                  0.000000    0.000000 ^ input external delay
     1    0.003453    0.022563    0.013246    0.013246 ^ a[4] (in)
                                                         a[4] (net)
                      0.022571    0.000000    0.013246 ^ input5/A (sky130_fd_sc_hd__clkdlybuf4s25_1)
     2    0.015036    0.159733    0.335806    0.349052 ^ input5/X (sky130_fd_sc_hd__clkdlybuf4s25_1)
                                                         net5 (net)
                      0.159734    0.000795    0.349847 ^ fanout59/A (sky130_fd_sc_hd__clkbuf_4)
    10    0.059924    0.183334    0.291455    0.641302 ^ fanout59/X (sky130_fd_sc_hd__clkbuf_4)
                                                         net59 (net)
                      0.183466    0.003053    0.644356 ^ _478_/A (sky130_fd_sc_hd__inv_2)
     1    0.010160    0.054179    0.072698    0.717054 v _478_/Y (sky130_fd_sc_hd__inv_2)
                                                         _300_ (net)
                      0.054181    0.000407    0.717460 v _648_/A3 (sky130_fd_sc_hd__o311ai_4)
     3    0.024452    0.379469    0.364536    1.081997 ^ _648_/Y (sky130_fd_sc_hd__o311ai_4)
                                                         _107_ (net)
                      0.379469    0.000489    1.082485 ^ _652_/B1 (sky130_fd_sc_hd__o21ai_4)
     1    0.009770    0.091710    0.116841    1.199326 v _652_/Y (sky130_fd_sc_hd__o21ai_4)
                                                         _111_ (net)
                      0.091710    0.000368    1.199695 v _659_/B1 (sky130_fd_sc_hd__o21ai_4)
     3    0.023056    0.207454    0.117703    1.317398 ^ _659_/Y (sky130_fd_sc_hd__o21ai_4)
                                                         _118_ (net)
                      0.207454    0.000572    1.317970 ^ _667_/B1 (sky130_fd_sc_hd__o211ai_4)
     4    0.041267    0.161312    0.195274    1.513244 v _667_/Y (sky130_fd_sc_hd__o211ai_4)
                                                         _126_ (net)
                      0.161412    0.003250    1.516493 v _670_/A1_N (sky130_fd_sc_hd__o2bb2ai_4)
     5    0.022445    0.078012    0.223728    1.740221 v _670_/Y (sky130_fd_sc_hd__o2bb2ai_4)
                                                         _129_ (net)
                      0.078017    0.000726    1.740947 v _680_/A2 (sky130_fd_sc_hd__a21o_4)
     1    0.009021    0.038818    0.240681    1.981628 v _680_/X (sky130_fd_sc_hd__a21o_4)
                                                         _139_ (net)
                      0.038818    0.000311    1.981939 v _684_/C1 (sky130_fd_sc_hd__o2111ai_4)
     3    0.022579    0.267110    0.124064    2.106004 ^ _684_/Y (sky130_fd_sc_hd__o2111ai_4)
                                                         _143_ (net)
                      0.267110    0.000482    2.106486 ^ _687_/A1_N (sky130_fd_sc_hd__o2bb2ai_4)
     2    0.008576    0.113617    0.163723    2.270209 ^ _687_/Y (sky130_fd_sc_hd__o2bb2ai_4)
                                                         _146_ (net)
                      0.113617    0.000238    2.270447 ^ _689_/B2 (sky130_fd_sc_hd__a22oi_2)
     2    0.014299    0.085721    0.104682    2.375129 v _689_/Y (sky130_fd_sc_hd__a22oi_2)
                                                         _148_ (net)
                      0.085721    0.000365    2.375495 v rebuffer100/A (sky130_fd_sc_hd__buf_6)
     2    0.004935    0.021305    0.133999    2.509493 v rebuffer100/X (sky130_fd_sc_hd__buf_6)
                                                         net100 (net)
                      0.021305    0.000053    2.509547 v _788_/A2 (sky130_fd_sc_hd__o211a_2)
     1    0.009979    0.058710    0.262925    2.772471 v _788_/X (sky130_fd_sc_hd__o211a_2)
                                                         _248_ (net)
                      0.058712    0.000401    2.772872 v _826_/A3 (sky130_fd_sc_hd__o31ai_4)
     1    0.009302    0.210323    0.213121    2.985992 ^ _826_/Y (sky130_fd_sc_hd__o31ai_4)
                                                         _288_ (net)
                      0.210323    0.000226    2.986219 ^ _827_/B (sky130_fd_sc_hd__xor2_2)
     1    0.002671    0.089363    0.147686    3.133905 ^ _827_/X (sky130_fd_sc_hd__xor2_2)
                                                         net18 (net)
                      0.089363    0.000080    3.133985 ^ output18/A (sky130_fd_sc_hd__clkbuf_2)
     1    0.011204    0.069504    0.146347    3.280332 ^ output18/X (sky130_fd_sc_hd__clkbuf_2)
                                                         p[10] (net)
                      0.069504    0.000284    3.280616 ^ p[10] (out)
                                              3.280616   data arrival time

                      0.000000    3.000000    3.000000   clock __VIRTUAL_CLK__ (rise edge)
                                  0.000000    3.000000   clock network delay (ideal)
                                  0.000000    3.000000   clock reconvergence pessimism
                                  0.000000    3.000000   output external delay
                                              3.000000   data required time
---------------------------------------------------------------------------------------------
                                              3.000000   data required time
                                             -3.280616   data arrival time
---------------------------------------------------------------------------------------------
                                             -0.280616   slack (VIOLATED)


Startpoint: a[1] (input port clocked by __VIRTUAL_CLK__)
Endpoint: p[5] (output port clocked by __VIRTUAL_CLK__)
Path Group: __VIRTUAL_CLK__
Path Type: max

Fanout         Cap        Slew       Delay        Time   Description
---------------------------------------------------------------------------------------------
                      0.000000    0.000000    0.000000   clock __VIRTUAL_CLK__ (rise edge)
                                  0.000000    0.000000   clock network delay (ideal)
                                  0.000000    0.000000 ^ input external delay
     1    0.004275    0.026142    0.016277    0.016277 ^ a[1] (in)
                                                         a[1] (net)
                      0.026143    0.000000    0.016277 ^ input2/A (sky130_fd_sc_hd__clkdlybuf4s25_1)
     2    0.021656    0.223795    0.384200    0.400477 ^ input2/X (sky130_fd_sc_hd__clkdlybuf4s25_1)
                                                         net2 (net)
                      0.223795    0.000806    0.401283 ^ fanout64/A (sky130_fd_sc_hd__buf_4)
    10    0.051265    0.147429    0.255746    0.657029 ^ fanout64/X (sky130_fd_sc_hd__buf_4)
                                                         net64 (net)
                      0.147429    0.000623    0.657652 ^ _474_/A (sky130_fd_sc_hd__inv_2)
     7    0.047091    0.113299    0.143949    0.801602 v _474_/Y (sky130_fd_sc_hd__inv_2)
                                                         _257_ (net)
                      0.113320    0.001368    0.802970 v _531_/A2 (sky130_fd_sc_hd__o311ai_4)
     2    0.006964    0.228345    0.304295    1.107265 ^ _531_/Y (sky130_fd_sc_hd__o311ai_4)
                                                         _464_ (net)
                      0.228345    0.000250    1.107515 ^ rebuffer143/A (sky130_fd_sc_hd__buf_2)
     1    0.006239    0.044459    0.168784    1.276298 ^ rebuffer143/X (sky130_fd_sc_hd__buf_2)
                                                         net143 (net)
                      0.044459    0.000210    1.276509 ^ _541_/A1_N (sky130_fd_sc_hd__o2bb2ai_2)
     5    0.030320    0.368108    0.217934    1.494442 ^ _541_/Y (sky130_fd_sc_hd__o2bb2ai_2)
                                                         _003_ (net)
                      0.368114    0.001288    1.495731 ^ _551_/C1 (sky130_fd_sc_hd__o211ai_2)
     1    0.008725    0.128852    0.175917    1.671648 v _551_/Y (sky130_fd_sc_hd__o211ai_2)
                                                         _013_ (net)
                      0.128852    0.000285    1.671933 v _555_/C1 (sky130_fd_sc_hd__o211ai_4)
     3    0.018567    0.216319    0.140092    1.812025 ^ _555_/Y (sky130_fd_sc_hd__o211ai_4)
                                                         _017_ (net)
                      0.216320    0.000453    1.812478 ^ _557_/A1 (sky130_fd_sc_hd__a21o_4)
     2    0.020333    0.068233    0.193056    2.005534 ^ _557_/X (sky130_fd_sc_hd__a21o_4)
                                                         _019_ (net)
                      0.068236    0.000531    2.006066 ^ _558_/B1 (sky130_fd_sc_hd__a2bb2oi_4)
     2    0.012704    0.056932    0.070643    2.076709 v _558_/Y (sky130_fd_sc_hd__a2bb2oi_4)
                                                         _020_ (net)
                      0.056932    0.000268    2.076977 v rebuffer115/A (sky130_fd_sc_hd__buf_2)
     4    0.011930    0.043379    0.150689    2.227666 v rebuffer115/X (sky130_fd_sc_hd__buf_2)
                                                         net115 (net)
                      0.043379    0.000264    2.227931 v _562_/C (sky130_fd_sc_hd__or3_4)
     1    0.009776    0.074219    0.355237    2.583168 v _562_/X (sky130_fd_sc_hd__or3_4)
                                                         _024_ (net)
                      0.074219    0.000374    2.583542 v _598_/A1 (sky130_fd_sc_hd__a211oi_4)
     2    0.010900    0.218975    0.261722    2.845264 ^ _598_/Y (sky130_fd_sc_hd__a211oi_4)
                                                         _059_ (net)
                      0.218975    0.000280    2.845544 ^ rebuffer112/A (sky130_fd_sc_hd__buf_6)
     1    0.006105    0.030034    0.136704    2.982248 ^ rebuffer112/X (sky130_fd_sc_hd__buf_6)
                                                         net112 (net)
                      0.030034    0.000159    2.982407 ^ _599_/B (sky130_fd_sc_hd__nor2_2)
     1    0.002784    0.021136    0.026133    3.008540 v _599_/Y (sky130_fd_sc_hd__nor2_2)
                                                         net28 (net)
                      0.021137    0.000085    3.008625 v output28/A (sky130_fd_sc_hd__dlygate4sd1_1)
     1    0.011633    0.068455    0.266965    3.275590 v output28/X (sky130_fd_sc_hd__dlygate4sd1_1)
                                                         p[5] (net)
                      0.068455    0.000267    3.275857 v p[5] (out)
                                              3.275857   data arrival time

                      0.000000    3.000000    3.000000   clock __VIRTUAL_CLK__ (rise edge)
                                  0.000000    3.000000   clock network delay (ideal)
                                  0.000000    3.000000   clock reconvergence pessimism
                                  0.000000    3.000000   output external delay
                                              3.000000   data required time
---------------------------------------------------------------------------------------------
                                              3.000000   data required time
                                             -3.275857   data arrival time
---------------------------------------------------------------------------------------------
                                             -0.275857   slack (VIOLATED)


Startpoint: a[1] (input port clocked by __VIRTUAL_CLK__)
Endpoint: p[6] (output port clocked by __VIRTUAL_CLK__)
Path Group: __VIRTUAL_CLK__
Path Type: max

Fanout         Cap        Slew       Delay        Time   Description
---------------------------------------------------------------------------------------------
                      0.000000    0.000000    0.000000   clock __VIRTUAL_CLK__ (rise edge)
                                  0.000000    0.000000   clock network delay (ideal)
                                  0.000000    0.000000 ^ input external delay
     1    0.004275    0.026142    0.016277    0.016277 ^ a[1] (in)
                                                         a[1] (net)
                      0.026143    0.000000    0.016277 ^ input2/A (sky130_fd_sc_hd__clkdlybuf4s25_1)
     2    0.021656    0.223795    0.384200    0.400477 ^ input2/X (sky130_fd_sc_hd__clkdlybuf4s25_1)
                                                         net2 (net)
                      0.223795    0.000806    0.401283 ^ fanout64/A (sky130_fd_sc_hd__buf_4)
    10    0.051265    0.147429    0.255746    0.657029 ^ fanout64/X (sky130_fd_sc_hd__buf_4)
                                                         net64 (net)
                      0.147429    0.000623    0.657652 ^ _474_/A (sky130_fd_sc_hd__inv_2)
     7    0.047091    0.113299    0.143949    0.801602 v _474_/Y (sky130_fd_sc_hd__inv_2)
                                                         _257_ (net)
                      0.113320    0.001368    0.802970 v _531_/A2 (sky130_fd_sc_hd__o311ai_4)
     2    0.006964    0.228345    0.304295    1.107265 ^ _531_/Y (sky130_fd_sc_hd__o311ai_4)
                                                         _464_ (net)
                      0.228345    0.000250    1.107515 ^ rebuffer143/A (sky130_fd_sc_hd__buf_2)
     1    0.006239    0.044459    0.168784    1.276298 ^ rebuffer143/X (sky130_fd_sc_hd__buf_2)
                                                         net143 (net)
                      0.044459    0.000210    1.276509 ^ _541_/A1_N (sky130_fd_sc_hd__o2bb2ai_2)
     5    0.030320    0.368108    0.217934    1.494442 ^ _541_/Y (sky130_fd_sc_hd__o2bb2ai_2)
                                                         _003_ (net)
                      0.368114    0.001288    1.495731 ^ _551_/C1 (sky130_fd_sc_hd__o211ai_2)
     1    0.008725    0.128852    0.175917    1.671648 v _551_/Y (sky130_fd_sc_hd__o211ai_2)
                                                         _013_ (net)
                      0.128852    0.000285    1.671933 v _555_/C1 (sky130_fd_sc_hd__o211ai_4)
     3    0.018567    0.216319    0.140092    1.812025 ^ _555_/Y (sky130_fd_sc_hd__o211ai_4)
                                                         _017_ (net)
                      0.216320    0.000453    1.812478 ^ _557_/A1 (sky130_fd_sc_hd__a21o_4)
     2    0.020333    0.068233    0.193056    2.005534 ^ _557_/X (sky130_fd_sc_hd__a21o_4)
                                                         _019_ (net)
                      0.068236    0.000531    2.006066 ^ _558_/B1 (sky130_fd_sc_hd__a2bb2oi_4)
     2    0.012704    0.056932    0.070643    2.076709 v _558_/Y (sky130_fd_sc_hd__a2bb2oi_4)
                                                         _020_ (net)
                      0.056932    0.000268    2.076977 v rebuffer115/A (sky130_fd_sc_hd__buf_2)
     4    0.011930    0.043379    0.150689    2.227666 v rebuffer115/X (sky130_fd_sc_hd__buf_2)
                                                         net115 (net)
                      0.043379    0.000264    2.227931 v _562_/C (sky130_fd_sc_hd__or3_4)
     1    0.009776    0.074219    0.355237    2.583168 v _562_/X (sky130_fd_sc_hd__or3_4)
                                                         _024_ (net)
                      0.074219    0.000374    2.583542 v _598_/A1 (sky130_fd_sc_hd__a211oi_4)
     2    0.010900    0.218975    0.261722    2.845264 ^ _598_/Y (sky130_fd_sc_hd__a211oi_4)
                                                         _059_ (net)
                      0.218975    0.000265    2.845529 ^ rebuffer185/A (sky130_fd_sc_hd__buf_6)
     1    0.009863    0.035874    0.142968    2.988497 ^ rebuffer185/X (sky130_fd_sc_hd__buf_6)
                                                         net185 (net)
                      0.035885    0.000337    2.988833 ^ _645_/A (sky130_fd_sc_hd__xnor2_2)
     1    0.002549    0.096838    0.099168    3.088002 ^ _645_/Y (sky130_fd_sc_hd__xnor2_2)
                                                         net29 (net)
                      0.096838    0.000075    3.088077 ^ output29/A (sky130_fd_sc_hd__clkbuf_2)
     1    0.011145    0.069235    0.148993    3.237071 ^ output29/X (sky130_fd_sc_hd__clkbuf_2)
                                                         p[6] (net)
                      0.069235    0.000239    3.237309 ^ p[6] (out)
                                              3.237309   data arrival time

                      0.000000    3.000000    3.000000   clock __VIRTUAL_CLK__ (rise edge)
                                  0.000000    3.000000   clock network delay (ideal)
                                  0.000000    3.000000   clock reconvergence pessimism
                                  0.000000    3.000000   output external delay
                                              3.000000   data required time
---------------------------------------------------------------------------------------------
                                              3.000000   data required time
                                             -3.237309   data arrival time
---------------------------------------------------------------------------------------------
                                             -0.237310   slack (VIOLATED)


Startpoint: a[4] (input port clocked by __VIRTUAL_CLK__)
Endpoint: p[9] (output port clocked by __VIRTUAL_CLK__)
Path Group: __VIRTUAL_CLK__
Path Type: max

Fanout         Cap        Slew       Delay        Time   Description
---------------------------------------------------------------------------------------------
                      0.000000    0.000000    0.000000   clock __VIRTUAL_CLK__ (rise edge)
                                  0.000000    0.000000   clock network delay (ideal)
                                  0.000000    0.000000 ^ input external delay
     1    0.003453    0.022563    0.013246    0.013246 ^ a[4] (in)
                                                         a[4] (net)
                      0.022571    0.000000    0.013246 ^ input5/A (sky130_fd_sc_hd__clkdlybuf4s25_1)
     2    0.015036    0.159733    0.335806    0.349052 ^ input5/X (sky130_fd_sc_hd__clkdlybuf4s25_1)
                                                         net5 (net)
                      0.159734    0.000795    0.349847 ^ fanout59/A (sky130_fd_sc_hd__clkbuf_4)
    10    0.059924    0.183334    0.291455    0.641302 ^ fanout59/X (sky130_fd_sc_hd__clkbuf_4)
                                                         net59 (net)
                      0.183466    0.003053    0.644356 ^ _478_/A (sky130_fd_sc_hd__inv_2)
     1    0.010160    0.054179    0.072698    0.717054 v _478_/Y (sky130_fd_sc_hd__inv_2)
                                                         _300_ (net)
                      0.054181    0.000407    0.717460 v _648_/A3 (sky130_fd_sc_hd__o311ai_4)
     3    0.024452    0.379469    0.364536    1.081997 ^ _648_/Y (sky130_fd_sc_hd__o311ai_4)
                                                         _107_ (net)
                      0.379469    0.000489    1.082485 ^ _652_/B1 (sky130_fd_sc_hd__o21ai_4)
     1    0.009770    0.091710    0.116841    1.199326 v _652_/Y (sky130_fd_sc_hd__o21ai_4)
                                                         _111_ (net)
                      0.091710    0.000368    1.199695 v _659_/B1 (sky130_fd_sc_hd__o21ai_4)
     3    0.023056    0.207454    0.117703    1.317398 ^ _659_/Y (sky130_fd_sc_hd__o21ai_4)
                                                         _118_ (net)
                      0.207454    0.000572    1.317970 ^ _667_/B1 (sky130_fd_sc_hd__o211ai_4)
     4    0.041267    0.161312    0.195274    1.513244 v _667_/Y (sky130_fd_sc_hd__o211ai_4)
                                                         _126_ (net)
                      0.161319    0.000826    1.514070 v _697_/B1 (sky130_fd_sc_hd__o21ai_2)
     1    0.014716    0.199975    0.150884    1.664954 ^ _697_/Y (sky130_fd_sc_hd__o21ai_2)
                                                         _155_ (net)
                      0.199979    0.000746    1.665700 ^ _723_/C (sky130_fd_sc_hd__nand3_4)
     5    0.025935    0.115102    0.146968    1.812668 v _723_/Y (sky130_fd_sc_hd__nand3_4)
                                                         _181_ (net)
                      0.115140    0.001699    1.814368 v _731_/A1 (sky130_fd_sc_hd__a21o_4)
     3    0.012248    0.043024    0.248733    2.063101 v _731_/X (sky130_fd_sc_hd__a21o_4)
                                                         _189_ (net)
                      0.043024    0.000215    2.063316 v _735_/A2 (sky130_fd_sc_hd__a21o_2)
     3    0.012895    0.057789    0.248241    2.311557 v _735_/X (sky130_fd_sc_hd__a21o_2)
                                                         _193_ (net)
                      0.057790    0.000332    2.311889 v _736_/B1 (sky130_fd_sc_hd__o21a_4)
     3    0.018860    0.051839    0.145790    2.457679 v _736_/X (sky130_fd_sc_hd__o21a_4)
                                                         _194_ (net)
                      0.051862    0.000372    2.458051 v _738_/B (sky130_fd_sc_hd__nand2_2)
     2    0.012238    0.079313    0.097772    2.555823 ^ _738_/Y (sky130_fd_sc_hd__nand2_2)
                                                         _196_ (net)
                      0.079313    0.000331    2.556154 ^ _789_/C1 (sky130_fd_sc_hd__o211ai_4)
     2    0.011816    0.080757    0.087302    2.643456 v _789_/Y (sky130_fd_sc_hd__o211ai_4)
                                                         _249_ (net)
                      0.080758    0.000306    2.643762 v rebuffer113/A (sky130_fd_sc_hd__buf_2)
     1    0.004825    0.028212    0.143126    2.786888 v rebuffer113/X (sky130_fd_sc_hd__buf_2)
                                                         net113 (net)
                      0.028212    0.000150    2.787039 v _790_/B1 (sky130_fd_sc_hd__o21ai_2)
     1    0.009625    0.149528    0.070190    2.857229 ^ _790_/Y (sky130_fd_sc_hd__o21ai_2)
                                                         _250_ (net)
                      0.149528    0.000265    2.857494 ^ _791_/B (sky130_fd_sc_hd__xor2_2)
     1    0.003297    0.096005    0.146728    3.004222 ^ _791_/X (sky130_fd_sc_hd__xor2_2)
                                                         net32 (net)
                      0.096005    0.000106    3.004328 ^ output32/A (sky130_fd_sc_hd__clkbuf_2)
     1    0.011417    0.070485    0.149743    3.154071 ^ output32/X (sky130_fd_sc_hd__clkbuf_2)
                                                         p[9] (net)
                      0.070485    0.000305    3.154377 ^ p[9] (out)
                                              3.154377   data arrival time

                      0.000000    3.000000    3.000000   clock __VIRTUAL_CLK__ (rise edge)
                                  0.000000    3.000000   clock network delay (ideal)
                                  0.000000    3.000000   clock reconvergence pessimism
                                  0.000000    3.000000   output external delay
                                              3.000000   data required time
---------------------------------------------------------------------------------------------
                                              3.000000   data required time
                                             -3.154377   data arrival time
---------------------------------------------------------------------------------------------
                                             -0.154377   slack (VIOLATED)


Startpoint: a[4] (input port clocked by __VIRTUAL_CLK__)
Endpoint: p[8] (output port clocked by __VIRTUAL_CLK__)
Path Group: __VIRTUAL_CLK__
Path Type: max

Fanout         Cap        Slew       Delay        Time   Description
---------------------------------------------------------------------------------------------
                      0.000000    0.000000    0.000000   clock __VIRTUAL_CLK__ (rise edge)
                                  0.000000    0.000000   clock network delay (ideal)
                                  0.000000    0.000000 ^ input external delay
     1    0.003453    0.022563    0.013246    0.013246 ^ a[4] (in)
                                                         a[4] (net)
                      0.022571    0.000000    0.013246 ^ input5/A (sky130_fd_sc_hd__clkdlybuf4s25_1)
     2    0.015036    0.159733    0.335806    0.349052 ^ input5/X (sky130_fd_sc_hd__clkdlybuf4s25_1)
                                                         net5 (net)
                      0.159734    0.000795    0.349847 ^ fanout59/A (sky130_fd_sc_hd__clkbuf_4)
    10    0.059924    0.183334    0.291455    0.641302 ^ fanout59/X (sky130_fd_sc_hd__clkbuf_4)
                                                         net59 (net)
                      0.183466    0.003053    0.644356 ^ _478_/A (sky130_fd_sc_hd__inv_2)
     1    0.010160    0.054179    0.072698    0.717054 v _478_/Y (sky130_fd_sc_hd__inv_2)
                                                         _300_ (net)
                      0.054181    0.000407    0.717460 v _648_/A3 (sky130_fd_sc_hd__o311ai_4)
     3    0.024452    0.379469    0.364536    1.081997 ^ _648_/Y (sky130_fd_sc_hd__o311ai_4)
                                                         _107_ (net)
                      0.379469    0.000489    1.082485 ^ _652_/B1 (sky130_fd_sc_hd__o21ai_4)
     1    0.009770    0.091710    0.116841    1.199326 v _652_/Y (sky130_fd_sc_hd__o21ai_4)
                                                         _111_ (net)
                      0.091710    0.000368    1.199695 v _659_/B1 (sky130_fd_sc_hd__o21ai_4)
     3    0.023056    0.207454    0.117703    1.317398 ^ _659_/Y (sky130_fd_sc_hd__o21ai_4)
                                                         _118_ (net)
                      0.207454    0.000572    1.317970 ^ _667_/B1 (sky130_fd_sc_hd__o211ai_4)
     4    0.041267    0.161312    0.195274    1.513244 v _667_/Y (sky130_fd_sc_hd__o211ai_4)
                                                         _126_ (net)
                      0.161412    0.003250    1.516493 v _670_/A1_N (sky130_fd_sc_hd__o2bb2ai_4)
     5    0.022445    0.078012    0.223728    1.740221 v _670_/Y (sky130_fd_sc_hd__o2bb2ai_4)
                                                         _129_ (net)
                      0.078017    0.000726    1.740947 v _680_/A2 (sky130_fd_sc_hd__a21o_4)
     1    0.009021    0.038818    0.240681    1.981628 v _680_/X (sky130_fd_sc_hd__a21o_4)
                                                         _139_ (net)
                      0.038818    0.000311    1.981939 v _684_/C1 (sky130_fd_sc_hd__o2111ai_4)
     3    0.022579    0.267110    0.124064    2.106004 ^ _684_/Y (sky130_fd_sc_hd__o2111ai_4)
                                                         _143_ (net)
                      0.267110    0.000562    2.106565 ^ _688_/B (sky130_fd_sc_hd__nand3b_4)
     3    0.018884    0.104811    0.150950    2.257515 v _688_/Y (sky130_fd_sc_hd__nand3b_4)
                                                         _147_ (net)
                      0.104811    0.000280    2.257795 v _689_/B1 (sky130_fd_sc_hd__a22oi_2)
     2    0.015716    0.253019    0.245447    2.503242 ^ _689_/Y (sky130_fd_sc_hd__a22oi_2)
                                                         _148_ (net)
                      0.253019    0.000403    2.503644 ^ rebuffer100/A (sky130_fd_sc_hd__buf_6)
     2    0.005421    0.029721    0.142761    2.646406 ^ rebuffer100/X (sky130_fd_sc_hd__buf_6)
                                                         net100 (net)
                      0.029721    0.000057    2.646462 ^ rebuffer129/A (sky130_fd_sc_hd__buf_2)
     2    0.007114    0.045304    0.106293    2.752755 ^ rebuffer129/X (sky130_fd_sc_hd__buf_2)
                                                         net129 (net)
                      0.045304    0.000134    2.752889 ^ _741_/A2 (sky130_fd_sc_hd__o21ai_2)
     1    0.008122    0.047644    0.062168    2.815056 v _741_/Y (sky130_fd_sc_hd__o21ai_2)
                                                         _199_ (net)
                      0.047646    0.000173    2.815229 v _742_/B (sky130_fd_sc_hd__xor2_2)
     1    0.002569    0.049795    0.140043    2.955272 v _742_/X (sky130_fd_sc_hd__xor2_2)
                                                         net31 (net)
                      0.049795    0.000056    2.955328 v output31/A (sky130_fd_sc_hd__clkbuf_2)
     1    0.011236    0.051798    0.133287    3.088615 v output31/X (sky130_fd_sc_hd__clkbuf_2)
                                                         p[8] (net)
                      0.051798    0.000218    3.088834 v p[8] (out)
                                              3.088834   data arrival time

                      0.000000    3.000000    3.000000   clock __VIRTUAL_CLK__ (rise edge)
                                  0.000000    3.000000   clock network delay (ideal)
                                  0.000000    3.000000   clock reconvergence pessimism
                                  0.000000    3.000000   output external delay
                                              3.000000   data required time
---------------------------------------------------------------------------------------------
                                              3.000000   data required time
                                             -3.088834   data arrival time
---------------------------------------------------------------------------------------------
                                             -0.088834   slack (VIOLATED)


Startpoint: a[1] (input port clocked by __VIRTUAL_CLK__)
Endpoint: p[4] (output port clocked by __VIRTUAL_CLK__)
Path Group: __VIRTUAL_CLK__
Path Type: max

Fanout         Cap        Slew       Delay        Time   Description
---------------------------------------------------------------------------------------------
                      0.000000    0.000000    0.000000   clock __VIRTUAL_CLK__ (rise edge)
                                  0.000000    0.000000   clock network delay (ideal)
                                  0.000000    0.000000 ^ input external delay
     1    0.004275    0.026142    0.016277    0.016277 ^ a[1] (in)
                                                         a[1] (net)
                      0.026143    0.000000    0.016277 ^ input2/A (sky130_fd_sc_hd__clkdlybuf4s25_1)
     2    0.021656    0.223795    0.384200    0.400477 ^ input2/X (sky130_fd_sc_hd__clkdlybuf4s25_1)
                                                         net2 (net)
                      0.223795    0.000806    0.401283 ^ fanout64/A (sky130_fd_sc_hd__buf_4)
    10    0.051265    0.147429    0.255746    0.657029 ^ fanout64/X (sky130_fd_sc_hd__buf_4)
                                                         net64 (net)
                      0.147429    0.000623    0.657652 ^ _474_/A (sky130_fd_sc_hd__inv_2)
     7    0.047091    0.113299    0.143949    0.801602 v _474_/Y (sky130_fd_sc_hd__inv_2)
                                                         _257_ (net)
                      0.113320    0.001368    0.802970 v _531_/A2 (sky130_fd_sc_hd__o311ai_4)
     2    0.006964    0.228345    0.304295    1.107265 ^ _531_/Y (sky130_fd_sc_hd__o311ai_4)
                                                         _464_ (net)
                      0.228345    0.000250    1.107515 ^ rebuffer143/A (sky130_fd_sc_hd__buf_2)
     1    0.006239    0.044459    0.168784    1.276298 ^ rebuffer143/X (sky130_fd_sc_hd__buf_2)
                                                         net143 (net)
                      0.044459    0.000210    1.276509 ^ _541_/A1_N (sky130_fd_sc_hd__o2bb2ai_2)
     5    0.030320    0.368108    0.217934    1.494442 ^ _541_/Y (sky130_fd_sc_hd__o2bb2ai_2)
                                                         _003_ (net)
                      0.368113    0.001168    1.495610 ^ _550_/A2_N (sky130_fd_sc_hd__o2bb2ai_2)
     1    0.011081    0.169036    0.178786    1.674396 ^ _550_/Y (sky130_fd_sc_hd__o2bb2ai_2)
                                                         _012_ (net)
                      0.169036    0.000411    1.674806 ^ _555_/B1 (sky130_fd_sc_hd__o211ai_4)
     3    0.017678    0.096275    0.132730    1.807536 v _555_/Y (sky130_fd_sc_hd__o211ai_4)
                                                         _017_ (net)
                      0.096275    0.000429    1.807965 v _557_/A1 (sky130_fd_sc_hd__a21o_4)
     2    0.019139    0.051625    0.253207    2.061172 v _557_/X (sky130_fd_sc_hd__a21o_4)
                                                         _019_ (net)
                      0.051662    0.000495    2.061667 v _558_/B1 (sky130_fd_sc_hd__a2bb2oi_4)
     2    0.013770    0.135851    0.179935    2.241602 ^ _558_/Y (sky130_fd_sc_hd__a2bb2oi_4)
                                                         _020_ (net)
                      0.135851    0.000289    2.241890 ^ rebuffer115/A (sky130_fd_sc_hd__buf_2)
     4    0.013122    0.072191    0.168451    2.410341 ^ rebuffer115/X (sky130_fd_sc_hd__buf_2)
                                                         net115 (net)
                      0.072191    0.000250    2.410591 ^ _560_/A_N (sky130_fd_sc_hd__nand2b_2)
     1    0.006727    0.056874    0.131562    2.542153 ^ _560_/Y (sky130_fd_sc_hd__nand2b_2)
                                                         _022_ (net)
                      0.056874    0.000267    2.542420 ^ _561_/B1 (sky130_fd_sc_hd__o21ai_2)
     1    0.003087    0.035581    0.050490    2.592910 v _561_/Y (sky130_fd_sc_hd__o21ai_2)
                                                         _023_ (net)
                      0.035581    0.000099    2.593009 v _563_/B1 (sky130_fd_sc_hd__o31a_2)
     1    0.002340    0.048661    0.106475    2.699484 v _563_/X (sky130_fd_sc_hd__o31a_2)
                                                         net27 (net)
                      0.048661    0.000070    2.699554 v output27/A (sky130_fd_sc_hd__clkdlybuf4s25_1)
     1    0.010853    0.092292    0.305758    3.005312 v output27/X (sky130_fd_sc_hd__clkdlybuf4s25_1)
                                                         p[4] (net)
                      0.092292    0.000212    3.005525 v p[4] (out)
                                              3.005525   data arrival time

                      0.000000    3.000000    3.000000   clock __VIRTUAL_CLK__ (rise edge)
                                  0.000000    3.000000   clock network delay (ideal)
                                  0.000000    3.000000   clock reconvergence pessimism
                                  0.000000    3.000000   output external delay
                                              3.000000   data required time
---------------------------------------------------------------------------------------------
                                              3.000000   data required time
                                             -3.005525   data arrival time
---------------------------------------------------------------------------------------------
                                             -0.005525   slack (VIOLATED)


Startpoint: b[1] (input port clocked by __VIRTUAL_CLK__)
Endpoint: p[3] (output port clocked by __VIRTUAL_CLK__)
Path Group: __VIRTUAL_CLK__
Path Type: max

Fanout         Cap        Slew       Delay        Time   Description
---------------------------------------------------------------------------------------------
                      0.000000    0.000000    0.000000   clock __VIRTUAL_CLK__ (rise edge)
                                  0.000000    0.000000   clock network delay (ideal)
                                  0.000000    0.000000 v input external delay
     1    0.005587    0.014894    0.009528    0.009528 v b[1] (in)
                                                         b[1] (net)
                      0.014895    0.000000    0.009528 v input10/A (sky130_fd_sc_hd__buf_6)
     2    0.016541    0.030940    0.114538    0.124066 v input10/X (sky130_fd_sc_hd__buf_6)
                                                         net10 (net)
                      0.030950    0.000568    0.124634 v fanout90/A (sky130_fd_sc_hd__buf_6)
     2    0.009577    0.025078    0.113807    0.238441 v fanout90/X (sky130_fd_sc_hd__buf_6)
                                                         net90 (net)
                      0.025078    0.000234    0.238675 v fanout88/A (sky130_fd_sc_hd__buf_6)
     2    0.011363    0.026391    0.113171    0.351846 v fanout88/X (sky130_fd_sc_hd__buf_6)
                                                         net88 (net)
                      0.026406    0.000338    0.352183 v load_slew89/A (sky130_fd_sc_hd__buf_8)
     8    0.042415    0.045640    0.138145    0.490329 v load_slew89/X (sky130_fd_sc_hd__buf_8)
                                                         net89 (net)
                      0.045640    0.000209    0.490538 v rebuffer139/A (sky130_fd_sc_hd__buf_2)
     1    0.009095    0.037366    0.137879    0.628417 v rebuffer139/X (sky130_fd_sc_hd__buf_2)
                                                         net139 (net)
                      0.037367    0.000301    0.628719 v _492_/B (sky130_fd_sc_hd__nor2_4)
     2    0.013411    0.110082    0.112371    0.741089 ^ _492_/Y (sky130_fd_sc_hd__nor2_4)
                                                         _426_ (net)
                      0.110082    0.000425    0.741514 ^ rebuffer102/A (sky130_fd_sc_hd__buf_4)
     5    0.040504    0.118524    0.200387    0.941901 ^ rebuffer102/X (sky130_fd_sc_hd__buf_4)
                                                         net102 (net)
                      0.118559    0.002065    0.943965 ^ _502_/A (sky130_fd_sc_hd__nor3_2)
     5    0.018847    0.084720    0.098217    1.042182 v _502_/Y (sky130_fd_sc_hd__nor3_2)
                                                         _435_ (net)
                      0.084720    0.000331    1.042513 v _512_/C1 (sky130_fd_sc_hd__a311o_2)
     1    0.009112    0.070875    0.360389    1.402902 v _512_/X (sky130_fd_sc_hd__a311o_2)
                                                         _445_ (net)
                      0.070875    0.000224    1.403126 v _519_/A1 (sky130_fd_sc_hd__a21oi_4)
     4    0.022109    0.196378    0.215110    1.618237 ^ _519_/Y (sky130_fd_sc_hd__a21oi_4)
                                                         _452_ (net)
                      0.196378    0.000581    1.618818 ^ rebuffer170/A (sky130_fd_sc_hd__buf_2)
     1    0.005197    0.039380    0.155926    1.774744 ^ rebuffer170/X (sky130_fd_sc_hd__buf_2)
                                                         net170 (net)
                      0.039384    0.000164    1.774909 ^ _526_/A2 (sky130_fd_sc_hd__o21ai_2)
     2    0.010155    0.059191    0.066222    1.841131 v _526_/Y (sky130_fd_sc_hd__o21ai_2)
                                                         _459_ (net)
                      0.059191    0.000198    1.841329 v _527_/B (sky130_fd_sc_hd__nand2b_2)
     4    0.017688    0.108241    0.121767    1.963097 ^ _527_/Y (sky130_fd_sc_hd__nand2b_2)
                                                         _460_ (net)
                      0.108244    0.000533    1.963630 ^ _956_/B (sky130_fd_sc_hd__nand2_2)
     1    0.004272    0.040521    0.065449    2.029079 v _956_/Y (sky130_fd_sc_hd__nand2_2)
                                                         _423_ (net)
                      0.040521    0.000170    2.029249 v _957_/B (sky130_fd_sc_hd__and2_2)
     1    0.003292    0.037686    0.191566    2.220816 v _957_/X (sky130_fd_sc_hd__and2_2)
                                                         net26 (net)
                      0.037686    0.000106    2.220922 v output26/A (sky130_fd_sc_hd__clkdlybuf4s25_1)
     1    0.011972    0.099882    0.307169    2.528091 v output26/X (sky130_fd_sc_hd__clkdlybuf4s25_1)
                                                         p[3] (net)
                      0.099882    0.000236    2.528326 v p[3] (out)
                                              2.528326   data arrival time

                      0.000000    3.000000    3.000000   clock __VIRTUAL_CLK__ (rise edge)
                                  0.000000    3.000000   clock network delay (ideal)
                                  0.000000    3.000000   clock reconvergence pessimism
                                  0.000000    3.000000   output external delay
                                              3.000000   data required time
---------------------------------------------------------------------------------------------
                                              3.000000   data required time
                                             -2.528326   data arrival time
---------------------------------------------------------------------------------------------
                                              0.471674   slack (MET)


Startpoint: b[1] (input port clocked by __VIRTUAL_CLK__)
Endpoint: p[2] (output port clocked by __VIRTUAL_CLK__)
Path Group: __VIRTUAL_CLK__
Path Type: max

Fanout         Cap        Slew       Delay        Time   Description
---------------------------------------------------------------------------------------------
                      0.000000    0.000000    0.000000   clock __VIRTUAL_CLK__ (rise edge)
                                  0.000000    0.000000   clock network delay (ideal)
                                  0.000000    0.000000 ^ input external delay
     1    0.006066    0.033971    0.022387    0.022387 ^ b[1] (in)
                                                         b[1] (net)
                      0.033972    0.000000    0.022387 ^ input10/A (sky130_fd_sc_hd__buf_6)
     2    0.017499    0.046354    0.102565    0.124952 ^ input10/X (sky130_fd_sc_hd__buf_6)
                                                         net10 (net)
                      0.046360    0.000606    0.125558 ^ fanout90/A (sky130_fd_sc_hd__buf_6)
     2    0.010216    0.033424    0.095691    0.221249 ^ fanout90/X (sky130_fd_sc_hd__buf_6)
                                                         net90 (net)
                      0.033433    0.000252    0.221501 ^ fanout88/A (sky130_fd_sc_hd__buf_6)
     2    0.012184    0.036822    0.093881    0.315382 ^ fanout88/X (sky130_fd_sc_hd__buf_6)
                                                         net88 (net)
                      0.036825    0.000364    0.315747 ^ load_slew89/A (sky130_fd_sc_hd__buf_8)
     8    0.045938    0.083210    0.132583    0.448330 ^ load_slew89/X (sky130_fd_sc_hd__buf_8)
                                                         net89 (net)
                      0.083217    0.000867    0.449197 ^ _471_/A (sky130_fd_sc_hd__inv_6)
     3    0.029866    0.037053    0.054056    0.503253 v _471_/Y (sky130_fd_sc_hd__inv_6)
                                                         _225_ (net)
                      0.037084    0.000875    0.504128 v fanout52/A (sky130_fd_sc_hd__buf_8)
     4    0.036228    0.041253    0.138081    0.642209 v fanout52/X (sky130_fd_sc_hd__buf_8)
                                                         net52 (net)
                      0.041334    0.001707    0.643916 v rebuffer135/A (sky130_fd_sc_hd__buf_4)
     7    0.028378    0.052338    0.168077    0.811993 v rebuffer135/X (sky130_fd_sc_hd__buf_4)
                                                         net135 (net)
                      0.052339    0.000391    0.812384 v _497_/B1 (sky130_fd_sc_hd__a211o_2)
     1    0.002845    0.046425    0.313868    1.126251 v _497_/X (sky130_fd_sc_hd__a211o_2)
                                                         _431_ (net)
                      0.046425    0.000086    1.126338 v _498_/B1 (sky130_fd_sc_hd__o31a_2)
     2    0.019924    0.090460    0.157036    1.283374 v _498_/X (sky130_fd_sc_hd__o31a_2)
                                                         _432_ (net)
                      0.090465    0.000785    1.284158 v _499_/B (sky130_fd_sc_hd__xnor2_2)
     1    0.001837    0.039261    0.141892    1.426050 v _499_/Y (sky130_fd_sc_hd__xnor2_2)
                                                         net25 (net)
                      0.039262    0.000054    1.426104 v output25/A (sky130_fd_sc_hd__dlymetal6s2s_1)
     1    0.011158    0.071719    0.173443    1.599547 v output25/X (sky130_fd_sc_hd__dlymetal6s2s_1)
                                                         p[2] (net)
                      0.071719    0.000278    1.599825 v p[2] (out)
                                              1.599825   data arrival time

                      0.000000    3.000000    3.000000   clock __VIRTUAL_CLK__ (rise edge)
                                  0.000000    3.000000   clock network delay (ideal)
                                  0.000000    3.000000   clock reconvergence pessimism
                                  0.000000    3.000000   output external delay
                                              3.000000   data required time
---------------------------------------------------------------------------------------------
                                              3.000000   data required time
                                             -1.599825   data arrival time
---------------------------------------------------------------------------------------------
                                              1.400175   slack (MET)


Startpoint: a[0] (input port clocked by __VIRTUAL_CLK__)
Endpoint: p[1] (output port clocked by __VIRTUAL_CLK__)
Path Group: __VIRTUAL_CLK__
Path Type: max

Fanout         Cap        Slew       Delay        Time   Description
---------------------------------------------------------------------------------------------
                      0.000000    0.000000    0.000000   clock __VIRTUAL_CLK__ (rise edge)
                                  0.000000    0.000000   clock network delay (ideal)
                                  0.000000    0.000000 ^ input external delay
     1    0.003371    0.022206    0.012942    0.012942 ^ a[0] (in)
                                                         a[0] (net)
                      0.022206    0.000000    0.012942 ^ input1/A (sky130_fd_sc_hd__clkbuf_4)
     9    0.065336    0.199510    0.249664    0.262607 ^ input1/X (sky130_fd_sc_hd__clkbuf_4)
                                                         net1 (net)
                      0.199524    0.001492    0.264099 ^ fanout95/A (sky130_fd_sc_hd__buf_6)
    10    0.045797    0.099272    0.192330    0.456429 ^ fanout95/X (sky130_fd_sc_hd__buf_6)
                                                         net95 (net)
                      0.099278    0.000957    0.457386 ^ _472_/A (sky130_fd_sc_hd__inv_2)
     3    0.022572    0.060741    0.082542    0.539928 v _472_/Y (sky130_fd_sc_hd__inv_2)
                                                         _236_ (net)
                      0.060741    0.000066    0.539994 v fanout50/A (sky130_fd_sc_hd__clkbuf_2)
    10    0.051246    0.193991    0.250881    0.790875 v fanout50/X (sky130_fd_sc_hd__clkbuf_2)
                                                         net50 (net)
                      0.193995    0.001259    0.792134 v _487_/A2 (sky130_fd_sc_hd__o22a_2)
     1    0.004715    0.042341    0.296602    1.088736 v _487_/X (sky130_fd_sc_hd__o22a_2)
                                                         _396_ (net)
                      0.042341    0.000146    1.088882 v _489_/A (sky130_fd_sc_hd__nor2_2)
     1    0.003272    0.065432    0.099014    1.187896 ^ _489_/Y (sky130_fd_sc_hd__nor2_2)
                                                         net24 (net)
                      0.065433    0.000078    1.187974 ^ output24/A (sky130_fd_sc_hd__clkdlybuf4s25_1)
     1    0.012289    0.133151    0.331857    1.519831 ^ output24/X (sky130_fd_sc_hd__clkdlybuf4s25_1)
                                                         p[1] (net)
                      0.133151    0.000368    1.520199 ^ p[1] (out)
                                              1.520199   data arrival time

                      0.000000    3.000000    3.000000   clock __VIRTUAL_CLK__ (rise edge)
                                  0.000000    3.000000   clock network delay (ideal)
                                  0.000000    3.000000   clock reconvergence pessimism
                                  0.000000    3.000000   output external delay
                                              3.000000   data required time
---------------------------------------------------------------------------------------------
                                              3.000000   data required time
                                             -1.520199   data arrival time
---------------------------------------------------------------------------------------------
                                              1.479801   slack (MET)


Startpoint: a[0] (input port clocked by __VIRTUAL_CLK__)
Endpoint: p[0] (output port clocked by __VIRTUAL_CLK__)
Path Group: __VIRTUAL_CLK__
Path Type: max

Fanout         Cap        Slew       Delay        Time   Description
---------------------------------------------------------------------------------------------
                      0.000000    0.000000    0.000000   clock __VIRTUAL_CLK__ (rise edge)
                                  0.000000    0.000000   clock network delay (ideal)
                                  0.000000    0.000000 ^ input external delay
     1    0.003371    0.022206    0.012942    0.012942 ^ a[0] (in)
                                                         a[0] (net)
                      0.022206    0.000000    0.012942 ^ input1/A (sky130_fd_sc_hd__clkbuf_4)
     9    0.065336    0.199510    0.249664    0.262607 ^ input1/X (sky130_fd_sc_hd__clkbuf_4)
                                                         net1 (net)
                      0.199524    0.001492    0.264099 ^ fanout95/A (sky130_fd_sc_hd__buf_6)
    10    0.045797    0.099272    0.192330    0.456429 ^ fanout95/X (sky130_fd_sc_hd__buf_6)
                                                         net95 (net)
                      0.099278    0.000957    0.457386 ^ _472_/A (sky130_fd_sc_hd__inv_2)
     3    0.022572    0.060741    0.082542    0.539928 v _472_/Y (sky130_fd_sc_hd__inv_2)
                                                         _236_ (net)
                      0.060741    0.000066    0.539994 v fanout50/A (sky130_fd_sc_hd__clkbuf_2)
    10    0.051246    0.193991    0.250881    0.790875 v fanout50/X (sky130_fd_sc_hd__clkbuf_2)
                                                         net50 (net)
                      0.194060    0.001603    0.792478 v _486_/A (sky130_fd_sc_hd__nor2_2)
     1    0.003664    0.079053    0.160357    0.952835 ^ _486_/Y (sky130_fd_sc_hd__nor2_2)
                                                         net17 (net)
                      0.079053    0.000126    0.952961 ^ output17/A (sky130_fd_sc_hd__clkdlybuf4s25_1)
     1    0.012109    0.131425    0.335521    1.288481 ^ output17/X (sky130_fd_sc_hd__clkdlybuf4s25_1)
                                                         p[0] (net)
                      0.131425    0.000362    1.288844 ^ p[0] (out)
                                              1.288844   data arrival time

                      0.000000    3.000000    3.000000   clock __VIRTUAL_CLK__ (rise edge)
                                  0.000000    3.000000   clock network delay (ideal)
                                  0.000000    3.000000   clock reconvergence pessimism
                                  0.000000    3.000000   output external delay
                                              3.000000   data required time
---------------------------------------------------------------------------------------------
                                              3.000000   data required time
                                             -1.288844   data arrival time
---------------------------------------------------------------------------------------------
                                              1.711156   slack (MET)



