
===========================================================================
report_checks -path_delay max (Setup)
============================================================================
======================= nom_tt_025C_1v80 Corner ===================================

Startpoint: b[1] (input port clocked by __VIRTUAL_CLK__)
Endpoint: p[6] (output port clocked by __VIRTUAL_CLK__)
Path Group: __VIRTUAL_CLK__
Path Type: max

Fanout         Cap        Slew       Delay        Time   Description
---------------------------------------------------------------------------------------------
                      0.000000    0.000000    0.000000   clock __VIRTUAL_CLK__ (rise edge)
                                  0.000000    0.000000   clock network delay (ideal)
                                  0.000000    0.000000 ^ input external delay
     5    0.019899    0.095233    0.068678    0.068678 ^ b[1] (in)
                                                         b[1] (net)
                      0.095237    0.000000    0.068678 ^ g140/B (sky130_fd_sc_hd__nand2_1)
     1    0.002822    0.038441    0.063716    0.132394 v g140/Y (sky130_fd_sc_hd__nand2_1)
                                                         n140 (net)
                      0.038441    0.000063    0.132456 v g19/A (sky130_fd_sc_hd__inv_1)
     2    0.005386    0.052807    0.063800    0.196256 ^ g19/Y (sky130_fd_sc_hd__inv_1)
                                                         n19 (net)
                      0.052825    0.000144    0.196400 ^ g136/A (sky130_fd_sc_hd__nand2_1)
     1    0.002400    0.029284    0.046591    0.242991 v g136/Y (sky130_fd_sc_hd__nand2_1)
                                                         n136 (net)
                      0.029284    0.000049    0.243040 v g47/B (sky130_fd_sc_hd__nand2_1)
     2    0.005921    0.068906    0.077199    0.320240 ^ g47/Y (sky130_fd_sc_hd__nand2_1)
                                                         n47 (net)
                      0.068906    0.000097    0.320337 ^ g134/B (sky130_fd_sc_hd__nand2_1)
     1    0.002938    0.034131    0.057698    0.378034 v g134/Y (sky130_fd_sc_hd__nand2_1)
                                                         n134 (net)
                      0.034131    0.000064    0.378098 v g132/A (sky130_fd_sc_hd__nand2_1)
     1    0.002652    0.042161    0.050458    0.428557 ^ g132/Y (sky130_fd_sc_hd__nand2_1)
                                                         n132 (net)
                      0.042161    0.000079    0.428636 ^ g53/B (sky130_fd_sc_hd__nand2_1)
     3    0.007960    0.065851    0.077345    0.505981 v g53/Y (sky130_fd_sc_hd__nand2_1)
                                                         n53 (net)
                      0.065851    0.000177    0.506158 v g58/B (sky130_fd_sc_hd__nand2_1)
     2    0.005522    0.066654    0.091781    0.597939 ^ g58/Y (sky130_fd_sc_hd__nand2_1)
                                                         n58 (net)
                      0.066654    0.000147    0.598087 ^ g62/B (sky130_fd_sc_hd__nand2_1)
     3    0.008966    0.073941    0.090844    0.688931 v g62/Y (sky130_fd_sc_hd__nand2_1)
                                                         n62 (net)
                      0.073941    0.000278    0.689209 v g63/B (sky130_fd_sc_hd__nand2_1)
     2    0.005452    0.066828    0.095182    0.784391 ^ g63/Y (sky130_fd_sc_hd__nand2_1)
                                                         n63 (net)
                      0.066828    0.000094    0.784485 ^ g65/B (sky130_fd_sc_hd__nand2_1)
     1    0.002430    0.038217    0.054059    0.838544 v g65/Y (sky130_fd_sc_hd__nand2_1)
                                                         n65 (net)
                      0.038217    0.000049    0.838593 v g66/B (sky130_fd_sc_hd__nand2_1)
     3    0.009785    0.101811    0.106389    0.944982 ^ g66/Y (sky130_fd_sc_hd__nand2_1)
                                                         n66 (net)
                      0.101813    0.000319    0.945301 ^ g82/A (sky130_fd_sc_hd__nand2_1)
     2    0.005166    0.053634    0.077494    1.022795 v g82/Y (sky130_fd_sc_hd__nand2_1)
                                                         n82 (net)
                      0.053634    0.000079    1.022874 v g83/B (sky130_fd_sc_hd__nand2_1)
     1    0.003091    0.045654    0.070063    1.092937 ^ g83/Y (sky130_fd_sc_hd__nand2_1)
                                                         n83 (net)
                      0.045654    0.000098    1.093036 ^ g85/A (sky130_fd_sc_hd__nand2_1)
     2    0.005407    0.046786    0.060831    1.153866 v g85/Y (sky130_fd_sc_hd__nand2_1)
                                                         n85 (net)
                      0.046786    0.000129    1.153995 v g86/A (sky130_fd_sc_hd__nand2_1)
     3    0.008242    0.088680    0.093163    1.247158 ^ g86/Y (sky130_fd_sc_hd__nand2_1)
                                                         n86 (net)
                      0.088709    0.000113    1.247271 ^ g88/B (sky130_fd_sc_hd__nand2_1)
     1    0.002434    0.032454    0.059439    1.306711 v g88/Y (sky130_fd_sc_hd__nand2_1)
                                                         n88 (net)
                      0.032454    0.000072    1.306783 v g89/B (sky130_fd_sc_hd__nand2_1)
     2    0.005603    0.066229    0.076599    1.383381 ^ g89/Y (sky130_fd_sc_hd__nand2_1)
                                                         n89 (net)
                      0.066229    0.000151    1.383532 ^ g105/A (sky130_fd_sc_hd__nand2_1)
     3    0.007819    0.064298    0.081100    1.464633 v g105/Y (sky130_fd_sc_hd__nand2_1)
                                                         n105 (net)
                      0.064298    0.000172    1.464805 v g107/B (sky130_fd_sc_hd__nand2_1)
     1    0.003234    0.048231    0.076039    1.540844 ^ g107/Y (sky130_fd_sc_hd__nand2_1)
                                                         n107 (net)
                      0.048231    0.000098    1.540942 ^ g108/B (sky130_fd_sc_hd__nand2_1)
     2    0.005116    0.044942    0.063976    1.604918 v g108/Y (sky130_fd_sc_hd__nand2_1)
                                                         n108 (net)
                      0.044942    0.000135    1.605053 v g109/A (sky130_fd_sc_hd__nand2_1)
     3    0.008021    0.086783    0.090900    1.695952 ^ g109/Y (sky130_fd_sc_hd__nand2_1)
                                                         n109 (net)
                      0.086783    0.000118    1.696071 ^ g113/B (sky130_fd_sc_hd__nand2_1)
     3    0.007773    0.067119    0.090540    1.786611 v g113/Y (sky130_fd_sc_hd__nand2_1)
                                                         n113 (net)
                      0.067119    0.000198    1.786809 v g133/B (sky130_fd_sc_hd__nand2_1)
     1    0.003136    0.047891    0.076685    1.863494 ^ g133/Y (sky130_fd_sc_hd__nand2_1)
                                                         n133 (net)
                      0.047891    0.000099    1.863593 ^ g122/B (sky130_fd_sc_hd__nand2_1)
     3    0.008873    0.072776    0.084226    1.947819 v g122/Y (sky130_fd_sc_hd__nand2_1)
                                                         n122 (net)
                      0.072776    0.000206    1.948025 v g127/B (sky130_fd_sc_hd__nand2_1)
     2    0.005271    0.065272    0.093450    2.041475 ^ g127/Y (sky130_fd_sc_hd__nand2_1)
                                                         n127 (net)
                      0.065272    0.000081    2.041556 ^ g128/B (sky130_fd_sc_hd__nand2_1)
     1    0.002778    0.038079    0.055774    2.097330 v g128/Y (sky130_fd_sc_hd__nand2_1)
                                                         n128 (net)
                      0.038079    0.000085    2.097416 v g130/A (sky130_fd_sc_hd__nand2_1)
     1    0.011364    0.115371    0.109645    2.207061 ^ g130/Y (sky130_fd_sc_hd__nand2_1)
                                                         p[6] (net)
                      0.115372    0.000289    2.207350 ^ p[6] (out)
                                              2.207350   data arrival time

                      0.000000   10.000000   10.000000   clock __VIRTUAL_CLK__ (rise edge)
                                  0.000000   10.000000   clock network delay (ideal)
                                 -0.250000    9.750000   clock uncertainty
                                  0.000000    9.750000   clock reconvergence pessimism
                                  0.000000    9.750000   output external delay
                                              9.750000   data required time
---------------------------------------------------------------------------------------------
                                              9.750000   data required time
                                             -2.207350   data arrival time
---------------------------------------------------------------------------------------------
                                              7.542651   slack (MET)


Startpoint: b[1] (input port clocked by __VIRTUAL_CLK__)
Endpoint: p[7] (output port clocked by __VIRTUAL_CLK__)
Path Group: __VIRTUAL_CLK__
Path Type: max

Fanout         Cap        Slew       Delay        Time   Description
---------------------------------------------------------------------------------------------
                      0.000000    0.000000    0.000000   clock __VIRTUAL_CLK__ (rise edge)
                                  0.000000    0.000000   clock network delay (ideal)
                                  0.000000    0.000000 ^ input external delay
     5    0.019899    0.095233    0.068651    0.068651 ^ b[1] (in)
                                                         b[1] (net)
                      0.095236    0.000000    0.068651 ^ g10/B (sky130_fd_sc_hd__nand2_1)
     1    0.002989    0.038730    0.064865    0.133516 v g10/Y (sky130_fd_sc_hd__nand2_1)
                                                         n10 (net)
                      0.038730    0.000068    0.133585 v g11/A (sky130_fd_sc_hd__inv_1)
     2    0.005565    0.054224    0.064995    0.198580 ^ g11/Y (sky130_fd_sc_hd__inv_1)
                                                         n11 (net)
                      0.054242    0.000151    0.198731 ^ g40/B (sky130_fd_sc_hd__nand2_1)
     3    0.008020    0.064467    0.081773    0.280504 v g40/Y (sky130_fd_sc_hd__nand2_1)
                                                         n40 (net)
                      0.064467    0.000068    0.280572 v g44/A (sky130_fd_sc_hd__inv_1)
     3    0.008618    0.079428    0.094599    0.375171 ^ g44/Y (sky130_fd_sc_hd__inv_1)
                                                         n44 (net)
                      0.079428    0.000157    0.375328 ^ g132/B (sky130_fd_sc_hd__nand2_1)
     1    0.002444    0.031309    0.057225    0.432553 v g132/Y (sky130_fd_sc_hd__nand2_1)
                                                         n132 (net)
                      0.031309    0.000073    0.432626 v g53/B (sky130_fd_sc_hd__nand2_1)
     3    0.008497    0.090815    0.094860    0.527486 ^ g53/Y (sky130_fd_sc_hd__nand2_1)
                                                         n53 (net)
                      0.090816    0.000190    0.527676 ^ g58/B (sky130_fd_sc_hd__nand2_1)
     2    0.005106    0.050839    0.076409    0.604085 v g58/Y (sky130_fd_sc_hd__nand2_1)
                                                         n58 (net)
                      0.050839    0.000136    0.604221 v g62/B (sky130_fd_sc_hd__nand2_1)
     3    0.009503    0.099395    0.110548    0.714768 ^ g62/Y (sky130_fd_sc_hd__nand2_1)
                                                         n62 (net)
                      0.099396    0.000297    0.715065 ^ g63/B (sky130_fd_sc_hd__nand2_1)
     2    0.005068    0.049156    0.078684    0.793750 v g63/Y (sky130_fd_sc_hd__nand2_1)
                                                         n63 (net)
                      0.049156    0.000087    0.793837 v g65/B (sky130_fd_sc_hd__nand2_1)
     1    0.002638    0.042054    0.064976    0.858812 ^ g65/Y (sky130_fd_sc_hd__nand2_1)
                                                         n65 (net)
                      0.042054    0.000054    0.858866 ^ g66/B (sky130_fd_sc_hd__nand2_1)
     3    0.009422    0.073553    0.085144    0.944010 v g66/Y (sky130_fd_sc_hd__nand2_1)
                                                         n66 (net)
                      0.073554    0.000306    0.944316 v g82/A (sky130_fd_sc_hd__nand2_1)
     2    0.005495    0.065321    0.087133    1.031449 ^ g82/Y (sky130_fd_sc_hd__nand2_1)
                                                         n82 (net)
                      0.065321    0.000085    1.031534 ^ g83/B (sky130_fd_sc_hd__nand2_1)
     1    0.002970    0.041732    0.056946    1.088479 v g83/Y (sky130_fd_sc_hd__nand2_1)
                                                         n83 (net)
                      0.041732    0.000094    1.088574 v g85/A (sky130_fd_sc_hd__nand2_1)
     2    0.005649    0.066612    0.073739    1.162313 ^ g85/Y (sky130_fd_sc_hd__nand2_1)
                                                         n85 (net)
                      0.066612    0.000135    1.162448 ^ g86/A (sky130_fd_sc_hd__nand2_1)
     3    0.007618    0.063069    0.080125    1.242573 v g86/Y (sky130_fd_sc_hd__nand2_1)
                                                         n86 (net)
                      0.063069    0.000104    1.242677 v g88/B (sky130_fd_sc_hd__nand2_1)
     1    0.002642    0.043632    0.071408    1.314085 ^ g88/Y (sky130_fd_sc_hd__nand2_1)
                                                         n88 (net)
                      0.043632    0.000078    1.314164 ^ g89/B (sky130_fd_sc_hd__nand2_1)
     2    0.005361    0.046418    0.063791    1.377954 v g89/Y (sky130_fd_sc_hd__nand2_1)
                                                         n89 (net)
                      0.046418    0.000144    1.378098 v g105/A (sky130_fd_sc_hd__nand2_1)
     3    0.008356    0.089615    0.093742    1.471840 ^ g105/Y (sky130_fd_sc_hd__nand2_1)
                                                         n105 (net)
                      0.089615    0.000185    1.472025 ^ g107/B (sky130_fd_sc_hd__nand2_1)
     1    0.003026    0.035947    0.063644    1.535669 v g107/Y (sky130_fd_sc_hd__nand2_1)
                                                         n107 (net)
                      0.035947    0.000092    1.535761 v g108/B (sky130_fd_sc_hd__nand2_1)
     2    0.005358    0.064175    0.076642    1.612403 ^ g108/Y (sky130_fd_sc_hd__nand2_1)
                                                         n108 (net)
                      0.064175    0.000141    1.612544 ^ g109/A (sky130_fd_sc_hd__nand2_1)
     3    0.007397    0.061322    0.078068    1.690613 v g109/Y (sky130_fd_sc_hd__nand2_1)
                                                         n109 (net)
                      0.061322    0.000109    1.690722 v g113/B (sky130_fd_sc_hd__nand2_1)
     3    0.008310    0.089579    0.107808    1.798530 ^ g113/Y (sky130_fd_sc_hd__nand2_1)
                                                         n113 (net)
                      0.089579    0.000213    1.798743 ^ g133/B (sky130_fd_sc_hd__nand2_1)
     1    0.002928    0.038180    0.062972    1.861715 v g133/Y (sky130_fd_sc_hd__nand2_1)
                                                         n133 (net)
                      0.038180    0.000092    1.861807 v g122/B (sky130_fd_sc_hd__nand2_1)
     3    0.009410    0.098584    0.104019    1.965826 ^ g122/Y (sky130_fd_sc_hd__nand2_1)
                                                         n122 (net)
                      0.098585    0.000220    1.966046 ^ g127/B (sky130_fd_sc_hd__nand2_1)
     2    0.004855    0.049612    0.077207    2.043253 v g127/Y (sky130_fd_sc_hd__nand2_1)
                                                         n127 (net)
                      0.049612    0.000079    2.043333 v g131/B (sky130_fd_sc_hd__nand2_1)
     1    0.011849    0.119532    0.124922    2.168255 ^ g131/Y (sky130_fd_sc_hd__nand2_1)
                                                         p[7] (net)
                      0.119533    0.000335    2.168590 ^ p[7] (out)
                                              2.168590   data arrival time

                      0.000000   10.000000   10.000000   clock __VIRTUAL_CLK__ (rise edge)
                                  0.000000   10.000000   clock network delay (ideal)
                                 -0.250000    9.750000   clock uncertainty
                                  0.000000    9.750000   clock reconvergence pessimism
                                  0.000000    9.750000   output external delay
                                              9.750000   data required time
---------------------------------------------------------------------------------------------
                                              9.750000   data required time
                                             -2.168590   data arrival time
---------------------------------------------------------------------------------------------
                                              7.581410   slack (MET)


Startpoint: b[1] (input port clocked by __VIRTUAL_CLK__)
Endpoint: p[5] (output port clocked by __VIRTUAL_CLK__)
Path Group: __VIRTUAL_CLK__
Path Type: max

Fanout         Cap        Slew       Delay        Time   Description
---------------------------------------------------------------------------------------------
                      0.000000    0.000000    0.000000   clock __VIRTUAL_CLK__ (rise edge)
                                  0.000000    0.000000   clock network delay (ideal)
                                  0.000000    0.000000 ^ input external delay
     5    0.019899    0.095233    0.068678    0.068678 ^ b[1] (in)
                                                         b[1] (net)
                      0.095237    0.000000    0.068678 ^ g140/B (sky130_fd_sc_hd__nand2_1)
     1    0.002822    0.038441    0.063716    0.132394 v g140/Y (sky130_fd_sc_hd__nand2_1)
                                                         n140 (net)
                      0.038441    0.000063    0.132456 v g19/A (sky130_fd_sc_hd__inv_1)
     2    0.005386    0.052807    0.063800    0.196256 ^ g19/Y (sky130_fd_sc_hd__inv_1)
                                                         n19 (net)
                      0.052825    0.000144    0.196400 ^ g136/A (sky130_fd_sc_hd__nand2_1)
     1    0.002400    0.029284    0.046591    0.242991 v g136/Y (sky130_fd_sc_hd__nand2_1)
                                                         n136 (net)
                      0.029284    0.000049    0.243040 v g47/B (sky130_fd_sc_hd__nand2_1)
     2    0.005921    0.068906    0.077199    0.320240 ^ g47/Y (sky130_fd_sc_hd__nand2_1)
                                                         n47 (net)
                      0.068906    0.000097    0.320337 ^ g134/B (sky130_fd_sc_hd__nand2_1)
     1    0.002938    0.034131    0.057698    0.378034 v g134/Y (sky130_fd_sc_hd__nand2_1)
                                                         n134 (net)
                      0.034131    0.000064    0.378098 v g132/A (sky130_fd_sc_hd__nand2_1)
     1    0.002652    0.042161    0.050458    0.428557 ^ g132/Y (sky130_fd_sc_hd__nand2_1)
                                                         n132 (net)
                      0.042161    0.000079    0.428636 ^ g53/B (sky130_fd_sc_hd__nand2_1)
     3    0.007960    0.065851    0.077345    0.505981 v g53/Y (sky130_fd_sc_hd__nand2_1)
                                                         n53 (net)
                      0.065851    0.000177    0.506158 v g58/B (sky130_fd_sc_hd__nand2_1)
     2    0.005522    0.066654    0.091781    0.597939 ^ g58/Y (sky130_fd_sc_hd__nand2_1)
                                                         n58 (net)
                      0.066654    0.000147    0.598087 ^ g62/B (sky130_fd_sc_hd__nand2_1)
     3    0.008966    0.073941    0.090844    0.688931 v g62/Y (sky130_fd_sc_hd__nand2_1)
                                                         n62 (net)
                      0.073941    0.000278    0.689209 v g63/B (sky130_fd_sc_hd__nand2_1)
     2    0.005452    0.066828    0.095182    0.784391 ^ g63/Y (sky130_fd_sc_hd__nand2_1)
                                                         n63 (net)
                      0.066828    0.000094    0.784485 ^ g65/B (sky130_fd_sc_hd__nand2_1)
     1    0.002430    0.038217    0.054059    0.838544 v g65/Y (sky130_fd_sc_hd__nand2_1)
                                                         n65 (net)
                      0.038217    0.000049    0.838593 v g66/B (sky130_fd_sc_hd__nand2_1)
     3    0.009785    0.101811    0.106389    0.944982 ^ g66/Y (sky130_fd_sc_hd__nand2_1)
                                                         n66 (net)
                      0.101813    0.000319    0.945301 ^ g82/A (sky130_fd_sc_hd__nand2_1)
     2    0.005166    0.053634    0.077494    1.022795 v g82/Y (sky130_fd_sc_hd__nand2_1)
                                                         n82 (net)
                      0.053634    0.000079    1.022874 v g83/B (sky130_fd_sc_hd__nand2_1)
     1    0.003091    0.045654    0.070063    1.092937 ^ g83/Y (sky130_fd_sc_hd__nand2_1)
                                                         n83 (net)
                      0.045654    0.000098    1.093036 ^ g85/A (sky130_fd_sc_hd__nand2_1)
     2    0.005407    0.046786    0.060831    1.153866 v g85/Y (sky130_fd_sc_hd__nand2_1)
                                                         n85 (net)
                      0.046786    0.000129    1.153995 v g86/A (sky130_fd_sc_hd__nand2_1)
     3    0.008242    0.088680    0.093163    1.247158 ^ g86/Y (sky130_fd_sc_hd__nand2_1)
                                                         n86 (net)
                      0.088709    0.000113    1.247271 ^ g88/B (sky130_fd_sc_hd__nand2_1)
     1    0.002434    0.032454    0.059439    1.306711 v g88/Y (sky130_fd_sc_hd__nand2_1)
                                                         n88 (net)
                      0.032454    0.000072    1.306783 v g89/B (sky130_fd_sc_hd__nand2_1)
     2    0.005603    0.066229    0.076599    1.383381 ^ g89/Y (sky130_fd_sc_hd__nand2_1)
                                                         n89 (net)
                      0.066229    0.000151    1.383532 ^ g105/A (sky130_fd_sc_hd__nand2_1)
     3    0.007819    0.064298    0.081100    1.464633 v g105/Y (sky130_fd_sc_hd__nand2_1)
                                                         n105 (net)
                      0.064298    0.000172    1.464805 v g107/B (sky130_fd_sc_hd__nand2_1)
     1    0.003234    0.048231    0.076039    1.540844 ^ g107/Y (sky130_fd_sc_hd__nand2_1)
                                                         n107 (net)
                      0.048231    0.000098    1.540942 ^ g108/B (sky130_fd_sc_hd__nand2_1)
     2    0.005116    0.044942    0.063976    1.604918 v g108/Y (sky130_fd_sc_hd__nand2_1)
                                                         n108 (net)
                      0.044942    0.000135    1.605053 v g109/A (sky130_fd_sc_hd__nand2_1)
     3    0.008021    0.086783    0.090900    1.695952 ^ g109/Y (sky130_fd_sc_hd__nand2_1)
                                                         n109 (net)
                      0.086783    0.000118    1.696071 ^ g113/B (sky130_fd_sc_hd__nand2_1)
     3    0.007773    0.067119    0.090540    1.786611 v g113/Y (sky130_fd_sc_hd__nand2_1)
                                                         n113 (net)
                      0.067119    0.000196    1.786807 v g118/B (sky130_fd_sc_hd__nand2_1)
     2    0.005496    0.066576    0.092225    1.879032 ^ g118/Y (sky130_fd_sc_hd__nand2_1)
                                                         n118 (net)
                      0.066576    0.000115    1.879146 ^ g120/B (sky130_fd_sc_hd__nand2_1)
     1    0.003007    0.039545    0.057499    1.936646 v g120/Y (sky130_fd_sc_hd__nand2_1)
                                                         n120 (net)
                      0.039545    0.000093    1.936739 v g121/B (sky130_fd_sc_hd__nand2_1)
     1    0.011152    0.113542    0.115799    2.052539 ^ g121/Y (sky130_fd_sc_hd__nand2_1)
                                                         p[5] (net)
                      0.113542    0.000275    2.052814 ^ p[5] (out)
                                              2.052814   data arrival time

                      0.000000   10.000000   10.000000   clock __VIRTUAL_CLK__ (rise edge)
                                  0.000000   10.000000   clock network delay (ideal)
                                 -0.250000    9.750000   clock uncertainty
                                  0.000000    9.750000   clock reconvergence pessimism
                                  0.000000    9.750000   output external delay
                                              9.750000   data required time
---------------------------------------------------------------------------------------------
                                              9.750000   data required time
                                             -2.052814   data arrival time
---------------------------------------------------------------------------------------------
                                              7.697186   slack (MET)


Startpoint: b[1] (input port clocked by __VIRTUAL_CLK__)
Endpoint: p[4] (output port clocked by __VIRTUAL_CLK__)
Path Group: __VIRTUAL_CLK__
Path Type: max

Fanout         Cap        Slew       Delay        Time   Description
---------------------------------------------------------------------------------------------
                      0.000000    0.000000    0.000000   clock __VIRTUAL_CLK__ (rise edge)
                                  0.000000    0.000000   clock network delay (ideal)
                                  0.000000    0.000000 ^ input external delay
     5    0.019899    0.095233    0.068678    0.068678 ^ b[1] (in)
                                                         b[1] (net)
                      0.095237    0.000000    0.068678 ^ g140/B (sky130_fd_sc_hd__nand2_1)
     1    0.002822    0.038441    0.063716    0.132394 v g140/Y (sky130_fd_sc_hd__nand2_1)
                                                         n140 (net)
                      0.038441    0.000063    0.132456 v g19/A (sky130_fd_sc_hd__inv_1)
     2    0.005386    0.052807    0.063800    0.196256 ^ g19/Y (sky130_fd_sc_hd__inv_1)
                                                         n19 (net)
                      0.052825    0.000144    0.196400 ^ g136/A (sky130_fd_sc_hd__nand2_1)
     1    0.002400    0.029284    0.046591    0.242991 v g136/Y (sky130_fd_sc_hd__nand2_1)
                                                         n136 (net)
                      0.029284    0.000049    0.243040 v g47/B (sky130_fd_sc_hd__nand2_1)
     2    0.005921    0.068906    0.077199    0.320240 ^ g47/Y (sky130_fd_sc_hd__nand2_1)
                                                         n47 (net)
                      0.068906    0.000097    0.320337 ^ g134/B (sky130_fd_sc_hd__nand2_1)
     1    0.002938    0.034131    0.057698    0.378034 v g134/Y (sky130_fd_sc_hd__nand2_1)
                                                         n134 (net)
                      0.034131    0.000064    0.378098 v g132/A (sky130_fd_sc_hd__nand2_1)
     1    0.002652    0.042161    0.050458    0.428557 ^ g132/Y (sky130_fd_sc_hd__nand2_1)
                                                         n132 (net)
                      0.042161    0.000079    0.428636 ^ g53/B (sky130_fd_sc_hd__nand2_1)
     3    0.007960    0.065851    0.077345    0.505981 v g53/Y (sky130_fd_sc_hd__nand2_1)
                                                         n53 (net)
                      0.065851    0.000177    0.506158 v g58/B (sky130_fd_sc_hd__nand2_1)
     2    0.005522    0.066654    0.091781    0.597939 ^ g58/Y (sky130_fd_sc_hd__nand2_1)
                                                         n58 (net)
                      0.066654    0.000147    0.598087 ^ g62/B (sky130_fd_sc_hd__nand2_1)
     3    0.008966    0.073941    0.090844    0.688931 v g62/Y (sky130_fd_sc_hd__nand2_1)
                                                         n62 (net)
                      0.073941    0.000278    0.689209 v g63/B (sky130_fd_sc_hd__nand2_1)
     2    0.005452    0.066828    0.095182    0.784391 ^ g63/Y (sky130_fd_sc_hd__nand2_1)
                                                         n63 (net)
                      0.066828    0.000094    0.784485 ^ g65/B (sky130_fd_sc_hd__nand2_1)
     1    0.002430    0.038217    0.054059    0.838544 v g65/Y (sky130_fd_sc_hd__nand2_1)
                                                         n65 (net)
                      0.038217    0.000049    0.838593 v g66/B (sky130_fd_sc_hd__nand2_1)
     3    0.009785    0.101811    0.106389    0.944982 ^ g66/Y (sky130_fd_sc_hd__nand2_1)
                                                         n66 (net)
                      0.101813    0.000319    0.945301 ^ g82/A (sky130_fd_sc_hd__nand2_1)
     2    0.005166    0.053634    0.077494    1.022795 v g82/Y (sky130_fd_sc_hd__nand2_1)
                                                         n82 (net)
                      0.053634    0.000079    1.022874 v g83/B (sky130_fd_sc_hd__nand2_1)
     1    0.003091    0.045654    0.070063    1.092937 ^ g83/Y (sky130_fd_sc_hd__nand2_1)
                                                         n83 (net)
                      0.045654    0.000098    1.093036 ^ g85/A (sky130_fd_sc_hd__nand2_1)
     2    0.005407    0.046786    0.060831    1.153866 v g85/Y (sky130_fd_sc_hd__nand2_1)
                                                         n85 (net)
                      0.046786    0.000129    1.153995 v g86/A (sky130_fd_sc_hd__nand2_1)
     3    0.008242    0.088680    0.093163    1.247158 ^ g86/Y (sky130_fd_sc_hd__nand2_1)
                                                         n86 (net)
                      0.088709    0.000113    1.247271 ^ g88/B (sky130_fd_sc_hd__nand2_1)
     1    0.002434    0.032454    0.059439    1.306711 v g88/Y (sky130_fd_sc_hd__nand2_1)
                                                         n88 (net)
                      0.032454    0.000072    1.306783 v g89/B (sky130_fd_sc_hd__nand2_1)
     2    0.005603    0.066229    0.076599    1.383381 ^ g89/Y (sky130_fd_sc_hd__nand2_1)
                                                         n89 (net)
                      0.066229    0.000151    1.383532 ^ g105/A (sky130_fd_sc_hd__nand2_1)
     3    0.007819    0.064298    0.081100    1.464633 v g105/Y (sky130_fd_sc_hd__nand2_1)
                                                         n105 (net)
                      0.064298    0.000172    1.464805 v g107/B (sky130_fd_sc_hd__nand2_1)
     1    0.003234    0.048231    0.076039    1.540844 ^ g107/Y (sky130_fd_sc_hd__nand2_1)
                                                         n107 (net)
                      0.048231    0.000098    1.540942 ^ g108/B (sky130_fd_sc_hd__nand2_1)
     2    0.005116    0.044942    0.063976    1.604918 v g108/Y (sky130_fd_sc_hd__nand2_1)
                                                         n108 (net)
                      0.044942    0.000135    1.605053 v g109/A (sky130_fd_sc_hd__nand2_1)
     3    0.008021    0.086783    0.090900    1.695952 ^ g109/Y (sky130_fd_sc_hd__nand2_1)
                                                         n109 (net)
                      0.086783    0.000135    1.696088 ^ g111/B (sky130_fd_sc_hd__nand2_1)
     1    0.003090    0.035955    0.063321    1.759409 v g111/Y (sky130_fd_sc_hd__nand2_1)
                                                         n111 (net)
                      0.035955    0.000099    1.759508 v g112/B (sky130_fd_sc_hd__nand2_1)
     1    0.011173    0.113724    0.114271    1.873778 ^ g112/Y (sky130_fd_sc_hd__nand2_1)
                                                         p[4] (net)
                      0.113725    0.000253    1.874031 ^ p[4] (out)
                                              1.874031   data arrival time

                      0.000000   10.000000   10.000000   clock __VIRTUAL_CLK__ (rise edge)
                                  0.000000   10.000000   clock network delay (ideal)
                                 -0.250000    9.750000   clock uncertainty
                                  0.000000    9.750000   clock reconvergence pessimism
                                  0.000000    9.750000   output external delay
                                              9.750000   data required time
---------------------------------------------------------------------------------------------
                                              9.750000   data required time
                                             -1.874031   data arrival time
---------------------------------------------------------------------------------------------
                                              7.875968   slack (MET)


Startpoint: b[1] (input port clocked by __VIRTUAL_CLK__)
Endpoint: p[3] (output port clocked by __VIRTUAL_CLK__)
Path Group: __VIRTUAL_CLK__
Path Type: max

Fanout         Cap        Slew       Delay        Time   Description
---------------------------------------------------------------------------------------------
                      0.000000    0.000000    0.000000   clock __VIRTUAL_CLK__ (rise edge)
                                  0.000000    0.000000   clock network delay (ideal)
                                  0.000000    0.000000 ^ input external delay
     5    0.019899    0.095233    0.068651    0.068651 ^ b[1] (in)
                                                         b[1] (net)
                      0.095236    0.000000    0.068651 ^ g10/B (sky130_fd_sc_hd__nand2_1)
     1    0.002989    0.038730    0.064865    0.133516 v g10/Y (sky130_fd_sc_hd__nand2_1)
                                                         n10 (net)
                      0.038730    0.000068    0.133585 v g11/A (sky130_fd_sc_hd__inv_1)
     2    0.005565    0.054224    0.064995    0.198580 ^ g11/Y (sky130_fd_sc_hd__inv_1)
                                                         n11 (net)
                      0.054242    0.000151    0.198731 ^ g40/B (sky130_fd_sc_hd__nand2_1)
     3    0.008020    0.064467    0.081773    0.280504 v g40/Y (sky130_fd_sc_hd__nand2_1)
                                                         n40 (net)
                      0.064467    0.000068    0.280572 v g44/A (sky130_fd_sc_hd__inv_1)
     3    0.008618    0.079428    0.094599    0.375171 ^ g44/Y (sky130_fd_sc_hd__inv_1)
                                                         n44 (net)
                      0.079428    0.000157    0.375328 ^ g132/B (sky130_fd_sc_hd__nand2_1)
     1    0.002444    0.031309    0.057225    0.432553 v g132/Y (sky130_fd_sc_hd__nand2_1)
                                                         n132 (net)
                      0.031309    0.000073    0.432626 v g53/B (sky130_fd_sc_hd__nand2_1)
     3    0.008497    0.090815    0.094860    0.527486 ^ g53/Y (sky130_fd_sc_hd__nand2_1)
                                                         n53 (net)
                      0.090816    0.000190    0.527676 ^ g58/B (sky130_fd_sc_hd__nand2_1)
     2    0.005106    0.050839    0.076409    0.604085 v g58/Y (sky130_fd_sc_hd__nand2_1)
                                                         n58 (net)
                      0.050839    0.000134    0.604219 v g59/B (sky130_fd_sc_hd__nand2_1)
     1    0.003290    0.047132    0.070103    0.674322 ^ g59/Y (sky130_fd_sc_hd__nand2_1)
                                                         n59 (net)
                      0.047132    0.000074    0.674397 ^ g61/A (sky130_fd_sc_hd__nand2_1)
     2    0.006535    0.054146    0.067450    0.741847 v g61/Y (sky130_fd_sc_hd__nand2_1)
                                                         n61 (net)
                      0.054165    0.000199    0.742046 v g73/A (sky130_fd_sc_hd__nand2_1)
     3    0.008360    0.089645    0.097225    0.839271 ^ g73/Y (sky130_fd_sc_hd__nand2_1)
                                                         n73 (net)
                      0.089645    0.000164    0.839435 ^ g75/B (sky130_fd_sc_hd__nand2_1)
     1    0.002930    0.035400    0.063005    0.902440 v g75/Y (sky130_fd_sc_hd__nand2_1)
                                                         n75 (net)
                      0.035400    0.000092    0.902531 v g76/B (sky130_fd_sc_hd__nand2_1)
     2    0.005162    0.062530    0.075130    0.977662 ^ g76/Y (sky130_fd_sc_hd__nand2_1)
                                                         n76 (net)
                      0.062530    0.000086    0.977748 ^ g77/A (sky130_fd_sc_hd__nand2_1)
     3    0.008033    0.065181    0.080998    1.058745 v g77/Y (sky130_fd_sc_hd__nand2_1)
                                                         n77 (net)
                      0.065181    0.000174    1.058919 v g79/B (sky130_fd_sc_hd__nand2_1)
     1    0.002831    0.045351    0.073677    1.132596 ^ g79/Y (sky130_fd_sc_hd__nand2_1)
                                                         n79 (net)
                      0.045351    0.000085    1.132681 ^ g80/B (sky130_fd_sc_hd__nand2_1)
     2    0.005099    0.044808    0.062977    1.195658 v g80/Y (sky130_fd_sc_hd__nand2_1)
                                                         n80 (net)
                      0.044808    0.000050    1.195708 v g100/A (sky130_fd_sc_hd__nand2_1)
     3    0.008395    0.089947    0.093289    1.288997 ^ g100/Y (sky130_fd_sc_hd__nand2_1)
                                                         n100 (net)
                      0.089947    0.000190    1.289187 ^ g102/B (sky130_fd_sc_hd__nand2_1)
     1    0.002551    0.033269    0.060525    1.349712 v g102/Y (sky130_fd_sc_hd__nand2_1)
                                                         n102 (net)
                      0.033269    0.000077    1.349789 v g103/B (sky130_fd_sc_hd__nand2_1)
     1    0.011113    0.113212    0.112647    1.462436 ^ g103/Y (sky130_fd_sc_hd__nand2_1)
                                                         p[3] (net)
                      0.113212    0.000226    1.462662 ^ p[3] (out)
                                              1.462662   data arrival time

                      0.000000   10.000000   10.000000   clock __VIRTUAL_CLK__ (rise edge)
                                  0.000000   10.000000   clock network delay (ideal)
                                 -0.250000    9.750000   clock uncertainty
                                  0.000000    9.750000   clock reconvergence pessimism
                                  0.000000    9.750000   output external delay
                                              9.750000   data required time
---------------------------------------------------------------------------------------------
                                              9.750000   data required time
                                             -1.462662   data arrival time
---------------------------------------------------------------------------------------------
                                              8.287338   slack (MET)


Startpoint: b[1] (input port clocked by __VIRTUAL_CLK__)
Endpoint: p[2] (output port clocked by __VIRTUAL_CLK__)
Path Group: __VIRTUAL_CLK__
Path Type: max

Fanout         Cap        Slew       Delay        Time   Description
---------------------------------------------------------------------------------------------
                      0.000000    0.000000    0.000000   clock __VIRTUAL_CLK__ (rise edge)
                                  0.000000    0.000000   clock network delay (ideal)
                                  0.000000    0.000000 ^ input external delay
     5    0.019899    0.095233    0.068678    0.068678 ^ b[1] (in)
                                                         b[1] (net)
                      0.095237    0.000000    0.068678 ^ g140/B (sky130_fd_sc_hd__nand2_1)
     1    0.002822    0.038441    0.063716    0.132394 v g140/Y (sky130_fd_sc_hd__nand2_1)
                                                         n140 (net)
                      0.038441    0.000063    0.132456 v g19/A (sky130_fd_sc_hd__inv_1)
     2    0.005386    0.052807    0.063800    0.196256 ^ g19/Y (sky130_fd_sc_hd__inv_1)
                                                         n19 (net)
                      0.052825    0.000144    0.196400 ^ g136/A (sky130_fd_sc_hd__nand2_1)
     1    0.002400    0.029284    0.046591    0.242991 v g136/Y (sky130_fd_sc_hd__nand2_1)
                                                         n136 (net)
                      0.029284    0.000049    0.243040 v g47/B (sky130_fd_sc_hd__nand2_1)
     2    0.005921    0.068906    0.077199    0.320240 ^ g47/Y (sky130_fd_sc_hd__nand2_1)
                                                         n47 (net)
                      0.068906    0.000137    0.320377 ^ g48/B (sky130_fd_sc_hd__nand2_1)
     2    0.005813    0.051279    0.074016    0.394393 v g48/Y (sky130_fd_sc_hd__nand2_1)
                                                         n48 (net)
                      0.051279    0.000167    0.394560 v g49/A (sky130_fd_sc_hd__nand2_1)
     2    0.005217    0.062978    0.075071    0.469630 ^ g49/Y (sky130_fd_sc_hd__nand2_1)
                                                         n49 (net)
                      0.062978    0.000080    0.469710 ^ g51/B (sky130_fd_sc_hd__nand2_1)
     1    0.002646    0.035589    0.054399    0.524110 v g51/Y (sky130_fd_sc_hd__nand2_1)
                                                         n51 (net)
                      0.035589    0.000079    0.524188 v g52/B (sky130_fd_sc_hd__nand2_1)
     2    0.007811    0.084988    0.092414    0.616602 ^ g52/Y (sky130_fd_sc_hd__nand2_1)
                                                         n52 (net)
                      0.084989    0.000247    0.616850 ^ g68/A (sky130_fd_sc_hd__nand2_1)
     3    0.007447    0.064478    0.085498    0.702348 v g68/Y (sky130_fd_sc_hd__nand2_1)
                                                         n68 (net)
                      0.064478    0.000106    0.702454 v g70/B (sky130_fd_sc_hd__nand2_1)
     1    0.003056    0.046928    0.074908    0.777362 ^ g70/Y (sky130_fd_sc_hd__nand2_1)
                                                         n70 (net)
                      0.046928    0.000069    0.777431 ^ g71/B (sky130_fd_sc_hd__nand2_1)
     1    0.011543    0.088205    0.098144    0.875574 v g71/Y (sky130_fd_sc_hd__nand2_1)
                                                         p[2] (net)
                      0.088206    0.000311    0.875885 v p[2] (out)
                                              0.875885   data arrival time

                      0.000000   10.000000   10.000000   clock __VIRTUAL_CLK__ (rise edge)
                                  0.000000   10.000000   clock network delay (ideal)
                                 -0.250000    9.750000   clock uncertainty
                                  0.000000    9.750000   clock reconvergence pessimism
                                  0.000000    9.750000   output external delay
                                              9.750000   data required time
---------------------------------------------------------------------------------------------
                                              9.750000   data required time
                                             -0.875885   data arrival time
---------------------------------------------------------------------------------------------
                                              8.874115   slack (MET)


Startpoint: b[1] (input port clocked by __VIRTUAL_CLK__)
Endpoint: p[1] (output port clocked by __VIRTUAL_CLK__)
Path Group: __VIRTUAL_CLK__
Path Type: max

Fanout         Cap        Slew       Delay        Time   Description
---------------------------------------------------------------------------------------------
                      0.000000    0.000000    0.000000   clock __VIRTUAL_CLK__ (rise edge)
                                  0.000000    0.000000   clock network delay (ideal)
                                  0.000000    0.000000 ^ input external delay
     5    0.019899    0.095233    0.068651    0.068651 ^ b[1] (in)
                                                         b[1] (net)
                      0.095236    0.000000    0.068651 ^ g10/B (sky130_fd_sc_hd__nand2_1)
     1    0.002989    0.038730    0.064865    0.133516 v g10/Y (sky130_fd_sc_hd__nand2_1)
                                                         n10 (net)
                      0.038730    0.000068    0.133585 v g11/A (sky130_fd_sc_hd__inv_1)
     2    0.005565    0.054224    0.064995    0.198580 ^ g11/Y (sky130_fd_sc_hd__inv_1)
                                                         n11 (net)
                      0.054242    0.000151    0.198731 ^ g40/B (sky130_fd_sc_hd__nand2_1)
     3    0.008020    0.064467    0.081773    0.280504 v g40/Y (sky130_fd_sc_hd__nand2_1)
                                                         n40 (net)
                      0.064467    0.000083    0.280587 v g41/B (sky130_fd_sc_hd__nand2_1)
     1    0.004285    0.056498    0.083052    0.363639 ^ g41/Y (sky130_fd_sc_hd__nand2_1)
                                                         n41 (net)
                      0.056498    0.000145    0.363784 ^ g43/A (sky130_fd_sc_hd__nand2_1)
     1    0.011143    0.085475    0.095510    0.459294 v g43/Y (sky130_fd_sc_hd__nand2_1)
                                                         p[1] (net)
                      0.085476    0.000272    0.459566 v p[1] (out)
                                              0.459566   data arrival time

                      0.000000   10.000000   10.000000   clock __VIRTUAL_CLK__ (rise edge)
                                  0.000000   10.000000   clock network delay (ideal)
                                 -0.250000    9.750000   clock uncertainty
                                  0.000000    9.750000   clock reconvergence pessimism
                                  0.000000    9.750000   output external delay
                                              9.750000   data required time
---------------------------------------------------------------------------------------------
                                              9.750000   data required time
                                             -0.459566   data arrival time
---------------------------------------------------------------------------------------------
                                              9.290435   slack (MET)


Startpoint: a[0] (input port clocked by __VIRTUAL_CLK__)
Endpoint: p[0] (output port clocked by __VIRTUAL_CLK__)
Path Group: __VIRTUAL_CLK__
Path Type: max

Fanout         Cap        Slew       Delay        Time   Description
---------------------------------------------------------------------------------------------
                      0.000000    0.000000    0.000000   clock __VIRTUAL_CLK__ (rise edge)
                                  0.000000    0.000000   clock network delay (ideal)
                                  0.000000    0.000000 ^ input external delay
     5    0.017813    0.085935    0.061906    0.061906 ^ a[0] (in)
                                                         a[0] (net)
                      0.085939    0.000000    0.061906 ^ g8/A (sky130_fd_sc_hd__nand2_1)
     1    0.002446    0.035747    0.055078    0.116984 v g8/Y (sky130_fd_sc_hd__nand2_1)
                                                         n8 (net)
                      0.035747    0.000050    0.117035 v g9/A (sky130_fd_sc_hd__inv_1)
     1    0.011976    0.105373    0.101915    0.218950 ^ g9/Y (sky130_fd_sc_hd__inv_1)
                                                         p[0] (net)
                      0.105374    0.000360    0.219310 ^ p[0] (out)
                                              0.219310   data arrival time

                      0.000000   10.000000   10.000000   clock __VIRTUAL_CLK__ (rise edge)
                                  0.000000   10.000000   clock network delay (ideal)
                                 -0.250000    9.750000   clock uncertainty
                                  0.000000    9.750000   clock reconvergence pessimism
                                  0.000000    9.750000   output external delay
                                              9.750000   data required time
---------------------------------------------------------------------------------------------
                                              9.750000   data required time
                                             -0.219310   data arrival time
---------------------------------------------------------------------------------------------
                                              9.530690   slack (MET)



