
===========================================================================
report_checks -path_delay max (Setup)
============================================================================
======================= nom_tt_025C_1v80 Corner ===================================

Startpoint: a[7] (input port clocked by __VIRTUAL_CLK__)
Endpoint: p[14] (output port clocked by __VIRTUAL_CLK__)
Path Group: __VIRTUAL_CLK__
Path Type: max

Fanout         Cap        Slew       Delay        Time   Description
---------------------------------------------------------------------------------------------
                      0.000000    0.000000    0.000000   clock __VIRTUAL_CLK__ (rise edge)
                                  0.000000    0.000000   clock network delay (ideal)
                                  0.000000    0.000000 ^ input external delay
     1    0.003625    0.023311    0.013879    0.013879 ^ a[7] (in)
                                                         a[7] (net)
                      0.023319    0.000000    0.013879 ^ input8/A (sky130_fd_sc_hd__clkdlybuf4s25_1)
     2    0.016512    0.174001    0.346588    0.360466 ^ input8/X (sky130_fd_sc_hd__clkdlybuf4s25_1)
                                                         net8 (net)
                      0.174001    0.000318    0.360785 ^ fanout43/A (sky130_fd_sc_hd__clkbuf_2)
    10    0.053568    0.290535    0.332419    0.693204 ^ fanout43/X (sky130_fd_sc_hd__clkbuf_2)
                                                         net43 (net)
                      0.290544    0.001431    0.694635 ^ fanout41/A (sky130_fd_sc_hd__clkbuf_4)
    10    0.047762    0.151068    0.312116    1.006751 ^ fanout41/X (sky130_fd_sc_hd__clkbuf_4)
                                                         net41 (net)
                      0.151073    0.001046    1.007796 ^ _0802_/B (sky130_fd_sc_hd__and2_2)
     2    0.010364    0.070701    0.199565    1.207362 ^ _0802_/X (sky130_fd_sc_hd__and2_2)
                                                         _0236_ (net)
                      0.070702    0.000396    1.207758 ^ _0809_/B1 (sky130_fd_sc_hd__o21a_4)
     2    0.016146    0.063393    0.153220    1.360978 ^ _0809_/X (sky130_fd_sc_hd__o21a_4)
                                                         _0244_ (net)
                      0.063394    0.000420    1.361397 ^ _0818_/A2 (sky130_fd_sc_hd__o21ai_4)
     2    0.012308    0.062626    0.064987    1.426384 v _0818_/Y (sky130_fd_sc_hd__o21ai_4)
                                                         _0254_ (net)
                      0.062627    0.000360    1.426744 v _0821_/A1 (sky130_fd_sc_hd__o221ai_4)
     4    0.044730    0.399835    0.392319    1.819063 ^ _0821_/Y (sky130_fd_sc_hd__o221ai_4)
                                                         _0257_ (net)
                      0.399846    0.001741    1.820804 ^ _0827_/D1 (sky130_fd_sc_hd__o2111ai_4)
     3    0.020262    0.186788    0.235844    2.056648 v _0827_/Y (sky130_fd_sc_hd__o2111ai_4)
                                                         _0264_ (net)
                      0.186788    0.000511    2.057159 v _0831_/B1 (sky130_fd_sc_hd__a22oi_2)
     3    0.016598    0.262300    0.287118    2.344277 ^ _0831_/Y (sky130_fd_sc_hd__a22oi_2)
                                                         _0268_ (net)
                      0.262300    0.000340    2.344617 ^ rebuffer108/A (sky130_fd_sc_hd__buf_2)
     1    0.003030    0.032591    0.164580    2.509197 ^ rebuffer108/X (sky130_fd_sc_hd__buf_2)
                                                         net108 (net)
                      0.032591    0.000066    2.509264 ^ _0891_/B1 (sky130_fd_sc_hd__o22a_2)
     1    0.012438    0.075074    0.169398    2.678661 ^ _0891_/X (sky130_fd_sc_hd__o22a_2)
                                                         _0332_ (net)
                      0.075076    0.000547    2.679209 ^ _0895_/A1 (sky130_fd_sc_hd__a21oi_4)
     3    0.018837    0.072279    0.077245    2.756454 v _0895_/Y (sky130_fd_sc_hd__a21oi_4)
                                                         _0337_ (net)
                      0.072281    0.000440    2.756894 v _0946_/A2 (sky130_fd_sc_hd__a41oi_4)
     5    0.033165    0.334118    0.326962    3.083856 ^ _0946_/Y (sky130_fd_sc_hd__a41oi_4)
                                                         _0390_ (net)
                      0.334119    0.001479    3.085334 ^ _0989_/A1 (sky130_fd_sc_hd__a21oi_4)
     2    0.011610    0.087648    0.111807    3.197142 v _0989_/Y (sky130_fd_sc_hd__a21oi_4)
                                                         _0435_ (net)
                      0.087649    0.000422    3.197564 v rebuffer144/A (sky130_fd_sc_hd__buf_6)
     1    0.004616    0.021000    0.134379    3.331943 v rebuffer144/X (sky130_fd_sc_hd__buf_6)
                                                         net144 (net)
                      0.021000    0.000146    3.332088 v _1002_/B2 (sky130_fd_sc_hd__o22ai_2)
     1    0.005603    0.135841    0.096041    3.428129 ^ _1002_/Y (sky130_fd_sc_hd__o22ai_2)
                                                         _0448_ (net)
                      0.135841    0.000190    3.428319 ^ _1003_/A (sky130_fd_sc_hd__nand2_2)
     1    0.005148    0.047667    0.067676    3.495996 v _1003_/Y (sky130_fd_sc_hd__nand2_2)
                                                         net22 (net)
                      0.047667    0.000173    3.496169 v output22/A (sky130_fd_sc_hd__buf_6)
     1    0.011702    0.026629    0.123938    3.620106 v output22/X (sky130_fd_sc_hd__buf_6)
                                                         p[14] (net)
                      0.026645    0.000326    3.620432 v p[14] (out)
                                              3.620432   data arrival time

                      0.000000    3.000000    3.000000   clock __VIRTUAL_CLK__ (rise edge)
                                  0.000000    3.000000   clock network delay (ideal)
                                  0.000000    3.000000   clock reconvergence pessimism
                                  0.000000    3.000000   output external delay
                                              3.000000   data required time
---------------------------------------------------------------------------------------------
                                              3.000000   data required time
                                             -3.620432   data arrival time
---------------------------------------------------------------------------------------------
                                             -0.620432   slack (VIOLATED)


Startpoint: a[7] (input port clocked by __VIRTUAL_CLK__)
Endpoint: p[13] (output port clocked by __VIRTUAL_CLK__)
Path Group: __VIRTUAL_CLK__
Path Type: max

Fanout         Cap        Slew       Delay        Time   Description
---------------------------------------------------------------------------------------------
                      0.000000    0.000000    0.000000   clock __VIRTUAL_CLK__ (rise edge)
                                  0.000000    0.000000   clock network delay (ideal)
                                  0.000000    0.000000 ^ input external delay
     1    0.003625    0.023311    0.013879    0.013879 ^ a[7] (in)
                                                         a[7] (net)
                      0.023319    0.000000    0.013879 ^ input8/A (sky130_fd_sc_hd__clkdlybuf4s25_1)
     2    0.016512    0.174001    0.346588    0.360466 ^ input8/X (sky130_fd_sc_hd__clkdlybuf4s25_1)
                                                         net8 (net)
                      0.174001    0.000318    0.360785 ^ fanout43/A (sky130_fd_sc_hd__clkbuf_2)
    10    0.053568    0.290535    0.332419    0.693204 ^ fanout43/X (sky130_fd_sc_hd__clkbuf_2)
                                                         net43 (net)
                      0.290544    0.001431    0.694635 ^ fanout41/A (sky130_fd_sc_hd__clkbuf_4)
    10    0.047762    0.151068    0.312116    1.006751 ^ fanout41/X (sky130_fd_sc_hd__clkbuf_4)
                                                         net41 (net)
                      0.151073    0.001046    1.007796 ^ _0802_/B (sky130_fd_sc_hd__and2_2)
     2    0.010364    0.070701    0.199565    1.207362 ^ _0802_/X (sky130_fd_sc_hd__and2_2)
                                                         _0236_ (net)
                      0.070702    0.000396    1.207758 ^ _0809_/B1 (sky130_fd_sc_hd__o21a_4)
     2    0.016146    0.063393    0.153220    1.360978 ^ _0809_/X (sky130_fd_sc_hd__o21a_4)
                                                         _0244_ (net)
                      0.063394    0.000420    1.361397 ^ _0818_/A2 (sky130_fd_sc_hd__o21ai_4)
     2    0.012308    0.062626    0.064987    1.426384 v _0818_/Y (sky130_fd_sc_hd__o21ai_4)
                                                         _0254_ (net)
                      0.062627    0.000360    1.426744 v _0821_/A1 (sky130_fd_sc_hd__o221ai_4)
     4    0.044730    0.399835    0.392319    1.819063 ^ _0821_/Y (sky130_fd_sc_hd__o221ai_4)
                                                         _0257_ (net)
                      0.399846    0.001741    1.820804 ^ _0827_/D1 (sky130_fd_sc_hd__o2111ai_4)
     3    0.020262    0.186788    0.235844    2.056648 v _0827_/Y (sky130_fd_sc_hd__o2111ai_4)
                                                         _0264_ (net)
                      0.186788    0.000511    2.057159 v _0831_/B1 (sky130_fd_sc_hd__a22oi_2)
     3    0.016598    0.262300    0.287118    2.344277 ^ _0831_/Y (sky130_fd_sc_hd__a22oi_2)
                                                         _0268_ (net)
                      0.262300    0.000340    2.344617 ^ rebuffer108/A (sky130_fd_sc_hd__buf_2)
     1    0.003030    0.032591    0.164580    2.509197 ^ rebuffer108/X (sky130_fd_sc_hd__buf_2)
                                                         net108 (net)
                      0.032591    0.000066    2.509264 ^ _0891_/B1 (sky130_fd_sc_hd__o22a_2)
     1    0.012438    0.075074    0.169398    2.678661 ^ _0891_/X (sky130_fd_sc_hd__o22a_2)
                                                         _0332_ (net)
                      0.075076    0.000547    2.679209 ^ _0895_/A1 (sky130_fd_sc_hd__a21oi_4)
     3    0.018837    0.072279    0.077245    2.756454 v _0895_/Y (sky130_fd_sc_hd__a21oi_4)
                                                         _0337_ (net)
                      0.072281    0.000440    2.756894 v _0946_/A2 (sky130_fd_sc_hd__a41oi_4)
     5    0.033165    0.334118    0.326962    3.083856 ^ _0946_/Y (sky130_fd_sc_hd__a41oi_4)
                                                         _0390_ (net)
                      0.334118    0.001175    3.085030 ^ _0967_/B1 (sky130_fd_sc_hd__a22oi_2)
     2    0.014001    0.125900    0.147918    3.232948 v _0967_/Y (sky130_fd_sc_hd__a22oi_2)
                                                         _0413_ (net)
                      0.125900    0.000402    3.233350 v _0986_/A1 (sky130_fd_sc_hd__o21bai_4)
     1    0.005885    0.100587    0.171706    3.405056 ^ _0986_/Y (sky130_fd_sc_hd__o21bai_4)
                                                         _0433_ (net)
                      0.100588    0.000210    3.405267 ^ _0987_/A (sky130_fd_sc_hd__nand2_2)
     1    0.006014    0.043828    0.063824    3.469090 v _0987_/Y (sky130_fd_sc_hd__nand2_2)
                                                         net21 (net)
                      0.043830    0.000226    3.469316 v output21/A (sky130_fd_sc_hd__buf_6)
     1    0.011423    0.026413    0.121875    3.591191 v output21/X (sky130_fd_sc_hd__buf_6)
                                                         p[13] (net)
                      0.026427    0.000263    3.591454 v p[13] (out)
                                              3.591454   data arrival time

                      0.000000    3.000000    3.000000   clock __VIRTUAL_CLK__ (rise edge)
                                  0.000000    3.000000   clock network delay (ideal)
                                  0.000000    3.000000   clock reconvergence pessimism
                                  0.000000    3.000000   output external delay
                                              3.000000   data required time
---------------------------------------------------------------------------------------------
                                              3.000000   data required time
                                             -3.591454   data arrival time
---------------------------------------------------------------------------------------------
                                             -0.591454   slack (VIOLATED)


Startpoint: a[7] (input port clocked by __VIRTUAL_CLK__)
Endpoint: p[15] (output port clocked by __VIRTUAL_CLK__)
Path Group: __VIRTUAL_CLK__
Path Type: max

Fanout         Cap        Slew       Delay        Time   Description
---------------------------------------------------------------------------------------------
                      0.000000    0.000000    0.000000   clock __VIRTUAL_CLK__ (rise edge)
                                  0.000000    0.000000   clock network delay (ideal)
                                  0.000000    0.000000 ^ input external delay
     1    0.003625    0.023311    0.013879    0.013879 ^ a[7] (in)
                                                         a[7] (net)
                      0.023319    0.000000    0.013879 ^ input8/A (sky130_fd_sc_hd__clkdlybuf4s25_1)
     2    0.016512    0.174001    0.346588    0.360466 ^ input8/X (sky130_fd_sc_hd__clkdlybuf4s25_1)
                                                         net8 (net)
                      0.174001    0.000318    0.360785 ^ fanout43/A (sky130_fd_sc_hd__clkbuf_2)
    10    0.053568    0.290535    0.332419    0.693204 ^ fanout43/X (sky130_fd_sc_hd__clkbuf_2)
                                                         net43 (net)
                      0.290544    0.001431    0.694635 ^ fanout41/A (sky130_fd_sc_hd__clkbuf_4)
    10    0.047762    0.151068    0.312116    1.006751 ^ fanout41/X (sky130_fd_sc_hd__clkbuf_4)
                                                         net41 (net)
                      0.151073    0.001046    1.007796 ^ _0802_/B (sky130_fd_sc_hd__and2_2)
     2    0.010364    0.070701    0.199565    1.207362 ^ _0802_/X (sky130_fd_sc_hd__and2_2)
                                                         _0236_ (net)
                      0.070702    0.000396    1.207758 ^ _0809_/B1 (sky130_fd_sc_hd__o21a_4)
     2    0.016146    0.063393    0.153220    1.360978 ^ _0809_/X (sky130_fd_sc_hd__o21a_4)
                                                         _0244_ (net)
                      0.063394    0.000420    1.361397 ^ _0818_/A2 (sky130_fd_sc_hd__o21ai_4)
     2    0.012308    0.062626    0.064987    1.426384 v _0818_/Y (sky130_fd_sc_hd__o21ai_4)
                                                         _0254_ (net)
                      0.062627    0.000360    1.426744 v _0821_/A1 (sky130_fd_sc_hd__o221ai_4)
     4    0.044730    0.399835    0.392319    1.819063 ^ _0821_/Y (sky130_fd_sc_hd__o221ai_4)
                                                         _0257_ (net)
                      0.399846    0.001741    1.820804 ^ _0827_/D1 (sky130_fd_sc_hd__o2111ai_4)
     3    0.020262    0.186788    0.235844    2.056648 v _0827_/Y (sky130_fd_sc_hd__o2111ai_4)
                                                         _0264_ (net)
                      0.186788    0.000511    2.057159 v _0831_/B1 (sky130_fd_sc_hd__a22oi_2)
     3    0.016598    0.262300    0.287118    2.344277 ^ _0831_/Y (sky130_fd_sc_hd__a22oi_2)
                                                         _0268_ (net)
                      0.262300    0.000340    2.344617 ^ rebuffer108/A (sky130_fd_sc_hd__buf_2)
     1    0.003030    0.032591    0.164580    2.509197 ^ rebuffer108/X (sky130_fd_sc_hd__buf_2)
                                                         net108 (net)
                      0.032591    0.000066    2.509264 ^ _0891_/B1 (sky130_fd_sc_hd__o22a_2)
     1    0.012438    0.075074    0.169398    2.678661 ^ _0891_/X (sky130_fd_sc_hd__o22a_2)
                                                         _0332_ (net)
                      0.075076    0.000547    2.679209 ^ _0895_/A1 (sky130_fd_sc_hd__a21oi_4)
     3    0.018837    0.072279    0.077245    2.756454 v _0895_/Y (sky130_fd_sc_hd__a21oi_4)
                                                         _0337_ (net)
                      0.072281    0.000440    2.756894 v _0946_/A2 (sky130_fd_sc_hd__a41oi_4)
     5    0.033165    0.334118    0.326962    3.083856 ^ _0946_/Y (sky130_fd_sc_hd__a41oi_4)
                                                         _0390_ (net)
                      0.334119    0.001479    3.085334 ^ _0989_/A1 (sky130_fd_sc_hd__a21oi_4)
     2    0.011610    0.087648    0.111807    3.197142 v _0989_/Y (sky130_fd_sc_hd__a21oi_4)
                                                         _0435_ (net)
                      0.087648    0.000381    3.197523 v _1000_/B2 (sky130_fd_sc_hd__o22ai_2)
     1    0.004788    0.128743    0.114240    3.311763 ^ _1000_/Y (sky130_fd_sc_hd__o22ai_2)
                                                         _0446_ (net)
                      0.128743    0.000102    3.311865 ^ _1005_/C1 (sky130_fd_sc_hd__o211ai_2)
     1    0.005297    0.088588    0.104539    3.416404 v _1005_/Y (sky130_fd_sc_hd__o211ai_2)
                                                         net23 (net)
                      0.088588    0.000176    3.416580 v output23/A (sky130_fd_sc_hd__buf_6)
     1    0.011404    0.026418    0.143268    3.559848 v output23/X (sky130_fd_sc_hd__buf_6)
                                                         p[15] (net)
                      0.026418    0.000304    3.560151 v p[15] (out)
                                              3.560151   data arrival time

                      0.000000    3.000000    3.000000   clock __VIRTUAL_CLK__ (rise edge)
                                  0.000000    3.000000   clock network delay (ideal)
                                  0.000000    3.000000   clock reconvergence pessimism
                                  0.000000    3.000000   output external delay
                                              3.000000   data required time
---------------------------------------------------------------------------------------------
                                              3.000000   data required time
                                             -3.560151   data arrival time
---------------------------------------------------------------------------------------------
                                             -0.560152   slack (VIOLATED)


Startpoint: a[7] (input port clocked by __VIRTUAL_CLK__)
Endpoint: p[12] (output port clocked by __VIRTUAL_CLK__)
Path Group: __VIRTUAL_CLK__
Path Type: max

Fanout         Cap        Slew       Delay        Time   Description
---------------------------------------------------------------------------------------------
                      0.000000    0.000000    0.000000   clock __VIRTUAL_CLK__ (rise edge)
                                  0.000000    0.000000   clock network delay (ideal)
                                  0.000000    0.000000 ^ input external delay
     1    0.003625    0.023311    0.013879    0.013879 ^ a[7] (in)
                                                         a[7] (net)
                      0.023319    0.000000    0.013879 ^ input8/A (sky130_fd_sc_hd__clkdlybuf4s25_1)
     2    0.016512    0.174001    0.346588    0.360466 ^ input8/X (sky130_fd_sc_hd__clkdlybuf4s25_1)
                                                         net8 (net)
                      0.174001    0.000318    0.360785 ^ fanout43/A (sky130_fd_sc_hd__clkbuf_2)
    10    0.053568    0.290535    0.332419    0.693204 ^ fanout43/X (sky130_fd_sc_hd__clkbuf_2)
                                                         net43 (net)
                      0.290544    0.001431    0.694635 ^ fanout41/A (sky130_fd_sc_hd__clkbuf_4)
    10    0.047762    0.151068    0.312116    1.006751 ^ fanout41/X (sky130_fd_sc_hd__clkbuf_4)
                                                         net41 (net)
                      0.151073    0.001046    1.007796 ^ _0802_/B (sky130_fd_sc_hd__and2_2)
     2    0.010364    0.070701    0.199565    1.207362 ^ _0802_/X (sky130_fd_sc_hd__and2_2)
                                                         _0236_ (net)
                      0.070702    0.000396    1.207758 ^ _0809_/B1 (sky130_fd_sc_hd__o21a_4)
     2    0.016146    0.063393    0.153220    1.360978 ^ _0809_/X (sky130_fd_sc_hd__o21a_4)
                                                         _0244_ (net)
                      0.063394    0.000420    1.361397 ^ _0818_/A2 (sky130_fd_sc_hd__o21ai_4)
     2    0.012308    0.062626    0.064987    1.426384 v _0818_/Y (sky130_fd_sc_hd__o21ai_4)
                                                         _0254_ (net)
                      0.062627    0.000360    1.426744 v _0821_/A1 (sky130_fd_sc_hd__o221ai_4)
     4    0.044730    0.399835    0.392319    1.819063 ^ _0821_/Y (sky130_fd_sc_hd__o221ai_4)
                                                         _0257_ (net)
                      0.399846    0.001741    1.820804 ^ _0827_/D1 (sky130_fd_sc_hd__o2111ai_4)
     3    0.020262    0.186788    0.235844    2.056648 v _0827_/Y (sky130_fd_sc_hd__o2111ai_4)
                                                         _0264_ (net)
                      0.186788    0.000511    2.057159 v _0831_/B1 (sky130_fd_sc_hd__a22oi_2)
     3    0.016598    0.262300    0.287118    2.344277 ^ _0831_/Y (sky130_fd_sc_hd__a22oi_2)
                                                         _0268_ (net)
                      0.262300    0.000340    2.344617 ^ rebuffer108/A (sky130_fd_sc_hd__buf_2)
     1    0.003030    0.032591    0.164580    2.509197 ^ rebuffer108/X (sky130_fd_sc_hd__buf_2)
                                                         net108 (net)
                      0.032591    0.000066    2.509264 ^ _0891_/B1 (sky130_fd_sc_hd__o22a_2)
     1    0.012438    0.075074    0.169398    2.678661 ^ _0891_/X (sky130_fd_sc_hd__o22a_2)
                                                         _0332_ (net)
                      0.075076    0.000547    2.679209 ^ _0895_/A1 (sky130_fd_sc_hd__a21oi_4)
     3    0.018837    0.072279    0.077245    2.756454 v _0895_/Y (sky130_fd_sc_hd__a21oi_4)
                                                         _0337_ (net)
                      0.072281    0.000440    2.756894 v _0946_/A2 (sky130_fd_sc_hd__a41oi_4)
     5    0.033165    0.334118    0.326962    3.083856 ^ _0946_/Y (sky130_fd_sc_hd__a41oi_4)
                                                         _0390_ (net)
                      0.334118    0.001229    3.085085 ^ _0969_/B (sky130_fd_sc_hd__and3_4)
     1    0.005787    0.050336    0.259479    3.344564 ^ _0969_/X (sky130_fd_sc_hd__and3_4)
                                                         _0415_ (net)
                      0.050336    0.000196    3.344760 ^ _0970_/A (sky130_fd_sc_hd__nor2_2)
     1    0.002534    0.046041    0.037272    3.382033 v _0970_/Y (sky130_fd_sc_hd__nor2_2)
                                                         net20 (net)
                      0.046041    0.000052    3.382084 v output20/A (sky130_fd_sc_hd__clkbuf_2)
     1    0.011402    0.052185    0.132116    3.514200 v output20/X (sky130_fd_sc_hd__clkbuf_2)
                                                         p[12] (net)
                      0.052185    0.000268    3.514468 v p[12] (out)
                                              3.514468   data arrival time

                      0.000000    3.000000    3.000000   clock __VIRTUAL_CLK__ (rise edge)
                                  0.000000    3.000000   clock network delay (ideal)
                                  0.000000    3.000000   clock reconvergence pessimism
                                  0.000000    3.000000   output external delay
                                              3.000000   data required time
---------------------------------------------------------------------------------------------
                                              3.000000   data required time
                                             -3.514468   data arrival time
---------------------------------------------------------------------------------------------
                                             -0.514468   slack (VIOLATED)


Startpoint: b[5] (input port clocked by __VIRTUAL_CLK__)
Endpoint: p[11] (output port clocked by __VIRTUAL_CLK__)
Path Group: __VIRTUAL_CLK__
Path Type: max

Fanout         Cap        Slew       Delay        Time   Description
---------------------------------------------------------------------------------------------
                      0.000000    0.000000    0.000000   clock __VIRTUAL_CLK__ (rise edge)
                                  0.000000    0.000000   clock network delay (ideal)
                                  0.000000    0.000000 v input external delay
     1    0.003055    0.009214    0.005107    0.005107 v b[5] (in)
                                                         b[5] (net)
                      0.009214    0.000000    0.005107 v input14/A (sky130_fd_sc_hd__clkdlybuf4s25_1)
     2    0.009638    0.084070    0.281425    0.286532 v input14/X (sky130_fd_sc_hd__clkdlybuf4s25_1)
                                                         net14 (net)
                      0.084070    0.000221    0.286753 v fanout80/A (sky130_fd_sc_hd__buf_4)
    10    0.064714    0.089617    0.226543    0.513296 v fanout80/X (sky130_fd_sc_hd__buf_4)
                                                         net80 (net)
                      0.089619    0.000690    0.513986 v _0501_/A (sky130_fd_sc_hd__inv_2)
     2    0.017348    0.086256    0.111443    0.625429 ^ _0501_/Y (sky130_fd_sc_hd__inv_2)
                                                         _0281_ (net)
                      0.086260    0.000527    0.625957 ^ fanout37/A (sky130_fd_sc_hd__buf_2)
    10    0.058597    0.284734    0.306735    0.932692 ^ fanout37/X (sky130_fd_sc_hd__buf_2)
                                                         net37 (net)
                      0.284759    0.002380    0.935072 ^ _0674_/A2 (sky130_fd_sc_hd__o22ai_2)
     1    0.009632    0.101438    0.144648    1.079721 v _0674_/Y (sky130_fd_sc_hd__o22ai_2)
                                                         _0109_ (net)
                      0.101438    0.000318    1.080039 v _0679_/B1 (sky130_fd_sc_hd__a2bb2oi_4)
     4    0.043236    0.314420    0.333143    1.413182 ^ _0679_/Y (sky130_fd_sc_hd__a2bb2oi_4)
                                                         _0114_ (net)
                      0.314464    0.003251    1.416433 ^ rebuffer104/A (sky130_fd_sc_hd__buf_6)
     2    0.013767    0.044120    0.166964    1.583396 ^ rebuffer104/X (sky130_fd_sc_hd__buf_6)
                                                         net104 (net)
                      0.044125    0.000482    1.583878 ^ _0688_/A1 (sky130_fd_sc_hd__o211ai_4)
     3    0.020408    0.106997    0.112014    1.695892 v _0688_/Y (sky130_fd_sc_hd__o211ai_4)
                                                         _0123_ (net)
                      0.107038    0.001161    1.697053 v _0690_/B1 (sky130_fd_sc_hd__a22o_4)
     2    0.007777    0.043579    0.252385    1.949439 v _0690_/X (sky130_fd_sc_hd__a22o_4)
                                                         _0125_ (net)
                      0.043579    0.000210    1.949648 v _0692_/B2 (sky130_fd_sc_hd__a22oi_2)
     4    0.018107    0.278231    0.269278    2.218927 ^ _0692_/Y (sky130_fd_sc_hd__a22oi_2)
                                                         _0127_ (net)
                      0.278231    0.000493    2.219420 ^ rebuffer117/A (sky130_fd_sc_hd__buf_6)
     1    0.010369    0.037995    0.156781    2.376200 ^ rebuffer117/X (sky130_fd_sc_hd__buf_6)
                                                         net117 (net)
                      0.038006    0.000343    2.376544 ^ _0697_/A1 (sky130_fd_sc_hd__o21ai_4)
     2    0.014034    0.082623    0.068481    2.445025 v _0697_/Y (sky130_fd_sc_hd__o21ai_4)
                                                         _0132_ (net)
                      0.082624    0.000418    2.445443 v _0698_/A1 (sky130_fd_sc_hd__a21o_4)
     4    0.021712    0.054417    0.250735    2.696178 v _0698_/X (sky130_fd_sc_hd__a21o_4)
                                                         _0133_ (net)
                      0.054442    0.001075    2.697254 v rebuffer171/A (sky130_fd_sc_hd__buf_4)
     1    0.008772    0.030955    0.146889    2.844142 v rebuffer171/X (sky130_fd_sc_hd__buf_4)
                                                         net171 (net)
                      0.030956    0.000283    2.844425 v _0897_/B (sky130_fd_sc_hd__nand4_4)
     4    0.023333    0.121278    0.115191    2.959616 ^ _0897_/Y (sky130_fd_sc_hd__nand4_4)
                                                         _0339_ (net)
                      0.121281    0.001041    2.960657 ^ _0939_/D1 (sky130_fd_sc_hd__o2111ai_2)
     1    0.005511    0.103390    0.122586    3.083243 v _0939_/Y (sky130_fd_sc_hd__o2111ai_2)
                                                         _0383_ (net)
                      0.103390    0.000199    3.083443 v _0941_/B2 (sky130_fd_sc_hd__a22oi_2)
     1    0.005414    0.146954    0.184866    3.268309 ^ _0941_/Y (sky130_fd_sc_hd__a22oi_2)
                                                         _0385_ (net)
                      0.146954    0.000178    3.268487 ^ _0942_/A (sky130_fd_sc_hd__nor2_2)
     1    0.005451    0.050399    0.066143    3.334630 v _0942_/Y (sky130_fd_sc_hd__nor2_2)
                                                         net19 (net)
                      0.050399    0.000185    3.334815 v output19/A (sky130_fd_sc_hd__buf_6)
     1    0.010972    0.026072    0.124365    3.459180 v output19/X (sky130_fd_sc_hd__buf_6)
                                                         p[11] (net)
                      0.026072    0.000268    3.459447 v p[11] (out)
                                              3.459447   data arrival time

                      0.000000    3.000000    3.000000   clock __VIRTUAL_CLK__ (rise edge)
                                  0.000000    3.000000   clock network delay (ideal)
                                  0.000000    3.000000   clock reconvergence pessimism
                                  0.000000    3.000000   output external delay
                                              3.000000   data required time
---------------------------------------------------------------------------------------------
                                              3.000000   data required time
                                             -3.459447   data arrival time
---------------------------------------------------------------------------------------------
                                             -0.459447   slack (VIOLATED)


Startpoint: b[5] (input port clocked by __VIRTUAL_CLK__)
Endpoint: p[8] (output port clocked by __VIRTUAL_CLK__)
Path Group: __VIRTUAL_CLK__
Path Type: max

Fanout         Cap        Slew       Delay        Time   Description
---------------------------------------------------------------------------------------------
                      0.000000    0.000000    0.000000   clock __VIRTUAL_CLK__ (rise edge)
                                  0.000000    0.000000   clock network delay (ideal)
                                  0.000000    0.000000 v input external delay
     1    0.003055    0.009214    0.005107    0.005107 v b[5] (in)
                                                         b[5] (net)
                      0.009214    0.000000    0.005107 v input14/A (sky130_fd_sc_hd__clkdlybuf4s25_1)
     2    0.009638    0.084070    0.281425    0.286532 v input14/X (sky130_fd_sc_hd__clkdlybuf4s25_1)
                                                         net14 (net)
                      0.084070    0.000221    0.286753 v fanout80/A (sky130_fd_sc_hd__buf_4)
    10    0.064714    0.089617    0.226543    0.513296 v fanout80/X (sky130_fd_sc_hd__buf_4)
                                                         net80 (net)
                      0.089619    0.000690    0.513986 v _0501_/A (sky130_fd_sc_hd__inv_2)
     2    0.017348    0.086256    0.111443    0.625429 ^ _0501_/Y (sky130_fd_sc_hd__inv_2)
                                                         _0281_ (net)
                      0.086260    0.000527    0.625957 ^ fanout37/A (sky130_fd_sc_hd__buf_2)
    10    0.058597    0.284734    0.306735    0.932692 ^ fanout37/X (sky130_fd_sc_hd__buf_2)
                                                         net37 (net)
                      0.284759    0.002380    0.935072 ^ _0674_/A2 (sky130_fd_sc_hd__o22ai_2)
     1    0.009632    0.101438    0.144648    1.079721 v _0674_/Y (sky130_fd_sc_hd__o22ai_2)
                                                         _0109_ (net)
                      0.101438    0.000318    1.080039 v _0679_/B1 (sky130_fd_sc_hd__a2bb2oi_4)
     4    0.043236    0.314420    0.333143    1.413182 ^ _0679_/Y (sky130_fd_sc_hd__a2bb2oi_4)
                                                         _0114_ (net)
                      0.314464    0.003251    1.416433 ^ rebuffer104/A (sky130_fd_sc_hd__buf_6)
     2    0.013767    0.044120    0.166964    1.583396 ^ rebuffer104/X (sky130_fd_sc_hd__buf_6)
                                                         net104 (net)
                      0.044125    0.000482    1.583878 ^ _0688_/A1 (sky130_fd_sc_hd__o211ai_4)
     3    0.020408    0.106997    0.112014    1.695892 v _0688_/Y (sky130_fd_sc_hd__o211ai_4)
                                                         _0123_ (net)
                      0.107038    0.001161    1.697053 v _0690_/B1 (sky130_fd_sc_hd__a22o_4)
     2    0.007777    0.043579    0.252385    1.949439 v _0690_/X (sky130_fd_sc_hd__a22o_4)
                                                         _0125_ (net)
                      0.043579    0.000210    1.949648 v _0692_/B2 (sky130_fd_sc_hd__a22oi_2)
     4    0.018107    0.278231    0.269278    2.218927 ^ _0692_/Y (sky130_fd_sc_hd__a22oi_2)
                                                         _0127_ (net)
                      0.278231    0.000493    2.219420 ^ rebuffer117/A (sky130_fd_sc_hd__buf_6)
     1    0.010369    0.037995    0.156781    2.376200 ^ rebuffer117/X (sky130_fd_sc_hd__buf_6)
                                                         net117 (net)
                      0.038006    0.000343    2.376544 ^ _0697_/A1 (sky130_fd_sc_hd__o21ai_4)
     2    0.014034    0.082623    0.068481    2.445025 v _0697_/Y (sky130_fd_sc_hd__o21ai_4)
                                                         _0132_ (net)
                      0.082624    0.000402    2.445427 v _0699_/A (sky130_fd_sc_hd__nand3_4)
     3    0.020513    0.096921    0.103398    2.548826 ^ _0699_/Y (sky130_fd_sc_hd__nand3_4)
                                                         _0134_ (net)
                      0.096922    0.000535    2.549361 ^ _0777_/B1 (sky130_fd_sc_hd__o211ai_4)
     3    0.021127    0.114531    0.121844    2.671205 v _0777_/Y (sky130_fd_sc_hd__o211ai_4)
                                                         _0211_ (net)
                      0.114536    0.000895    2.672100 v rebuffer200/A (sky130_fd_sc_hd__buf_2)
     2    0.008464    0.035848    0.168850    2.840950 v rebuffer200/X (sky130_fd_sc_hd__buf_2)
                                                         net200 (net)
                      0.035849    0.000216    2.841166 v rebuffer116/A (sky130_fd_sc_hd__buf_6)
     2    0.008372    0.024217    0.114656    2.955822 v rebuffer116/X (sky130_fd_sc_hd__buf_6)
                                                         net116 (net)
                      0.024217    0.000216    2.956039 v _0778_/B1 (sky130_fd_sc_hd__a22o_2)
     1    0.004299    0.044157    0.212031    3.168069 v _0778_/X (sky130_fd_sc_hd__a22o_2)
                                                         _0212_ (net)
                      0.044157    0.000145    3.168214 v _0780_/A (sky130_fd_sc_hd__and2_4)
     1    0.005619    0.031633    0.141314    3.309528 v _0780_/X (sky130_fd_sc_hd__and2_4)
                                                         net31 (net)
                      0.031633    0.000200    3.309728 v output31/A (sky130_fd_sc_hd__buf_6)
     1    0.010971    0.026080    0.115744    3.425472 v output31/X (sky130_fd_sc_hd__buf_6)
                                                         p[8] (net)
                      0.026095    0.000268    3.425740 v p[8] (out)
                                              3.425740   data arrival time

                      0.000000    3.000000    3.000000   clock __VIRTUAL_CLK__ (rise edge)
                                  0.000000    3.000000   clock network delay (ideal)
                                  0.000000    3.000000   clock reconvergence pessimism
                                  0.000000    3.000000   output external delay
                                              3.000000   data required time
---------------------------------------------------------------------------------------------
                                              3.000000   data required time
                                             -3.425740   data arrival time
---------------------------------------------------------------------------------------------
                                             -0.425740   slack (VIOLATED)


Startpoint: b[5] (input port clocked by __VIRTUAL_CLK__)
Endpoint: p[10] (output port clocked by __VIRTUAL_CLK__)
Path Group: __VIRTUAL_CLK__
Path Type: max

Fanout         Cap        Slew       Delay        Time   Description
---------------------------------------------------------------------------------------------
                      0.000000    0.000000    0.000000   clock __VIRTUAL_CLK__ (rise edge)
                                  0.000000    0.000000   clock network delay (ideal)
                                  0.000000    0.000000 v input external delay
     1    0.003055    0.009214    0.005107    0.005107 v b[5] (in)
                                                         b[5] (net)
                      0.009214    0.000000    0.005107 v input14/A (sky130_fd_sc_hd__clkdlybuf4s25_1)
     2    0.009638    0.084070    0.281425    0.286532 v input14/X (sky130_fd_sc_hd__clkdlybuf4s25_1)
                                                         net14 (net)
                      0.084070    0.000221    0.286753 v fanout80/A (sky130_fd_sc_hd__buf_4)
    10    0.064714    0.089617    0.226543    0.513296 v fanout80/X (sky130_fd_sc_hd__buf_4)
                                                         net80 (net)
                      0.089619    0.000690    0.513986 v _0501_/A (sky130_fd_sc_hd__inv_2)
     2    0.017348    0.086256    0.111443    0.625429 ^ _0501_/Y (sky130_fd_sc_hd__inv_2)
                                                         _0281_ (net)
                      0.086260    0.000527    0.625957 ^ fanout37/A (sky130_fd_sc_hd__buf_2)
    10    0.058597    0.284734    0.306735    0.932692 ^ fanout37/X (sky130_fd_sc_hd__buf_2)
                                                         net37 (net)
                      0.284759    0.002380    0.935072 ^ _0674_/A2 (sky130_fd_sc_hd__o22ai_2)
     1    0.009632    0.101438    0.144648    1.079721 v _0674_/Y (sky130_fd_sc_hd__o22ai_2)
                                                         _0109_ (net)
                      0.101438    0.000318    1.080039 v _0679_/B1 (sky130_fd_sc_hd__a2bb2oi_4)
     4    0.043236    0.314420    0.333143    1.413182 ^ _0679_/Y (sky130_fd_sc_hd__a2bb2oi_4)
                                                         _0114_ (net)
                      0.314440    0.002191    1.415373 ^ _0736_/A2 (sky130_fd_sc_hd__o21ai_4)
     1    0.010777    0.066525    0.096100    1.511473 v _0736_/Y (sky130_fd_sc_hd__o21ai_4)
                                                         _0170_ (net)
                      0.066526    0.000434    1.511908 v _0740_/B1 (sky130_fd_sc_hd__o211ai_4)
     2    0.014005    0.189125    0.109528    1.621436 ^ _0740_/Y (sky130_fd_sc_hd__o211ai_4)
                                                         _0174_ (net)
                      0.189125    0.000620    1.622056 ^ max_cap34/A (sky130_fd_sc_hd__buf_6)
     5    0.036979    0.082726    0.177331    1.799387 ^ max_cap34/X (sky130_fd_sc_hd__buf_6)
                                                         net34 (net)
                      0.082741    0.001151    1.800538 ^ _0755_/A2_N (sky130_fd_sc_hd__o2bb2ai_4)
     2    0.008585    0.113509    0.124377    1.924915 ^ _0755_/Y (sky130_fd_sc_hd__o2bb2ai_4)
                                                         _0189_ (net)
                      0.113510    0.000282    1.925197 ^ _0760_/B1 (sky130_fd_sc_hd__o211ai_2)
     2    0.008190    0.094246    0.124784    2.049980 v _0760_/Y (sky130_fd_sc_hd__o211ai_2)
                                                         _0194_ (net)
                      0.094246    0.000282    2.050262 v max_cap33/A (sky130_fd_sc_hd__buf_6)
     6    0.031723    0.041783    0.164853    2.215115 v max_cap33/X (sky130_fd_sc_hd__buf_6)
                                                         net33 (net)
                      0.041821    0.001192    2.216307 v _0765_/A2 (sky130_fd_sc_hd__a21bo_4)
     1    0.009250    0.040500    0.226326    2.442633 v _0765_/X (sky130_fd_sc_hd__a21bo_4)
                                                         _0199_ (net)
                      0.040500    0.000308    2.442941 v _0772_/A (sky130_fd_sc_hd__nand3_4)
     2    0.010997    0.073777    0.064664    2.507605 ^ _0772_/Y (sky130_fd_sc_hd__nand3_4)
                                                         _0206_ (net)
                      0.073777    0.000188    2.507793 ^ rebuffer188/A (sky130_fd_sc_hd__buf_2)
     2    0.009120    0.054312    0.130923    2.638716 ^ rebuffer188/X (sky130_fd_sc_hd__buf_2)
                                                         net188 (net)
                      0.054313    0.000317    2.639032 ^ rebuffer178/A (sky130_fd_sc_hd__buf_6)
     1    0.004921    0.024438    0.089809    2.728842 ^ rebuffer178/X (sky130_fd_sc_hd__buf_6)
                                                         net178 (net)
                      0.024438    0.000149    2.728991 ^ _0776_/B1 (sky130_fd_sc_hd__o21a_4)
     1    0.009687    0.046823    0.120615    2.849605 ^ _0776_/X (sky130_fd_sc_hd__o21a_4)
                                                         _0210_ (net)
                      0.046824    0.000305    2.849910 ^ _0897_/D (sky130_fd_sc_hd__nand4_4)
     4    0.022455    0.131559    0.149792    2.999702 v _0897_/Y (sky130_fd_sc_hd__nand4_4)
                                                         _0339_ (net)
                      0.131561    0.000735    3.000437 v _0900_/A2 (sky130_fd_sc_hd__a21oi_2)
     1    0.003109    0.083877    0.166873    3.167310 ^ _0900_/Y (sky130_fd_sc_hd__a21oi_2)
                                                         _0342_ (net)
                      0.083877    0.000093    3.167403 ^ _0902_/A_N (sky130_fd_sc_hd__nand2b_4)
     1    0.005868    0.053822    0.132764    3.300167 ^ _0902_/Y (sky130_fd_sc_hd__nand2b_4)
                                                         net18 (net)
                      0.053822    0.000199    3.300366 ^ output18/A (sky130_fd_sc_hd__buf_6)
     1    0.010844    0.034509    0.099575    3.399941 ^ output18/X (sky130_fd_sc_hd__buf_6)
                                                         p[10] (net)
                      0.034510    0.000238    3.400179 ^ p[10] (out)
                                              3.400179   data arrival time

                      0.000000    3.000000    3.000000   clock __VIRTUAL_CLK__ (rise edge)
                                  0.000000    3.000000   clock network delay (ideal)
                                  0.000000    3.000000   clock reconvergence pessimism
                                  0.000000    3.000000   output external delay
                                              3.000000   data required time
---------------------------------------------------------------------------------------------
                                              3.000000   data required time
                                             -3.400179   data arrival time
---------------------------------------------------------------------------------------------
                                             -0.400179   slack (VIOLATED)


Startpoint: b[5] (input port clocked by __VIRTUAL_CLK__)
Endpoint: p[9] (output port clocked by __VIRTUAL_CLK__)
Path Group: __VIRTUAL_CLK__
Path Type: max

Fanout         Cap        Slew       Delay        Time   Description
---------------------------------------------------------------------------------------------
                      0.000000    0.000000    0.000000   clock __VIRTUAL_CLK__ (rise edge)
                                  0.000000    0.000000   clock network delay (ideal)
                                  0.000000    0.000000 v input external delay
     1    0.003055    0.009214    0.005107    0.005107 v b[5] (in)
                                                         b[5] (net)
                      0.009214    0.000000    0.005107 v input14/A (sky130_fd_sc_hd__clkdlybuf4s25_1)
     2    0.009638    0.084070    0.281425    0.286532 v input14/X (sky130_fd_sc_hd__clkdlybuf4s25_1)
                                                         net14 (net)
                      0.084070    0.000221    0.286753 v fanout80/A (sky130_fd_sc_hd__buf_4)
    10    0.064714    0.089617    0.226543    0.513296 v fanout80/X (sky130_fd_sc_hd__buf_4)
                                                         net80 (net)
                      0.089619    0.000690    0.513986 v _0501_/A (sky130_fd_sc_hd__inv_2)
     2    0.017348    0.086256    0.111443    0.625429 ^ _0501_/Y (sky130_fd_sc_hd__inv_2)
                                                         _0281_ (net)
                      0.086260    0.000527    0.625957 ^ fanout37/A (sky130_fd_sc_hd__buf_2)
    10    0.058597    0.284734    0.306735    0.932692 ^ fanout37/X (sky130_fd_sc_hd__buf_2)
                                                         net37 (net)
                      0.284759    0.002380    0.935072 ^ _0674_/A2 (sky130_fd_sc_hd__o22ai_2)
     1    0.009632    0.101438    0.144648    1.079721 v _0674_/Y (sky130_fd_sc_hd__o22ai_2)
                                                         _0109_ (net)
                      0.101438    0.000318    1.080039 v _0679_/B1 (sky130_fd_sc_hd__a2bb2oi_4)
     4    0.043236    0.314420    0.333143    1.413182 ^ _0679_/Y (sky130_fd_sc_hd__a2bb2oi_4)
                                                         _0114_ (net)
                      0.314464    0.003251    1.416433 ^ rebuffer104/A (sky130_fd_sc_hd__buf_6)
     2    0.013767    0.044120    0.166964    1.583396 ^ rebuffer104/X (sky130_fd_sc_hd__buf_6)
                                                         net104 (net)
                      0.044125    0.000482    1.583878 ^ _0688_/A1 (sky130_fd_sc_hd__o211ai_4)
     3    0.020408    0.106997    0.112014    1.695892 v _0688_/Y (sky130_fd_sc_hd__o211ai_4)
                                                         _0123_ (net)
                      0.107038    0.001161    1.697053 v _0690_/B1 (sky130_fd_sc_hd__a22o_4)
     2    0.007777    0.043579    0.252385    1.949439 v _0690_/X (sky130_fd_sc_hd__a22o_4)
                                                         _0125_ (net)
                      0.043579    0.000210    1.949648 v _0692_/B2 (sky130_fd_sc_hd__a22oi_2)
     4    0.018107    0.278231    0.269278    2.218927 ^ _0692_/Y (sky130_fd_sc_hd__a22oi_2)
                                                         _0127_ (net)
                      0.278231    0.000493    2.219420 ^ rebuffer117/A (sky130_fd_sc_hd__buf_6)
     1    0.010369    0.037995    0.156781    2.376200 ^ rebuffer117/X (sky130_fd_sc_hd__buf_6)
                                                         net117 (net)
                      0.038006    0.000343    2.376544 ^ _0697_/A1 (sky130_fd_sc_hd__o21ai_4)
     2    0.014034    0.082623    0.068481    2.445025 v _0697_/Y (sky130_fd_sc_hd__o21ai_4)
                                                         _0132_ (net)
                      0.082624    0.000402    2.445427 v _0699_/A (sky130_fd_sc_hd__nand3_4)
     3    0.020513    0.096921    0.103398    2.548826 ^ _0699_/Y (sky130_fd_sc_hd__nand3_4)
                                                         _0134_ (net)
                      0.096922    0.000535    2.549361 ^ _0777_/B1 (sky130_fd_sc_hd__o211ai_4)
     3    0.021127    0.114531    0.121844    2.671205 v _0777_/Y (sky130_fd_sc_hd__o211ai_4)
                                                         _0211_ (net)
                      0.114536    0.000895    2.672100 v rebuffer200/A (sky130_fd_sc_hd__buf_2)
     2    0.008464    0.035848    0.168850    2.840950 v rebuffer200/X (sky130_fd_sc_hd__buf_2)
                                                         net200 (net)
                      0.035849    0.000216    2.841166 v _0846_/A3 (sky130_fd_sc_hd__a31o_2)
     1    0.008463    0.050601    0.266229    3.107394 v _0846_/X (sky130_fd_sc_hd__a31o_2)
                                                         _0285_ (net)
                      0.050601    0.000116    3.107510 v _0847_/B (sky130_fd_sc_hd__xor2_2)
     1    0.002920    0.039406    0.142599    3.250110 v _0847_/X (sky130_fd_sc_hd__xor2_2)
                                                         net32 (net)
                      0.039406    0.000090    3.250199 v output32/A (sky130_fd_sc_hd__clkbuf_2)
     1    0.011140    0.051578    0.128251    3.378450 v output32/X (sky130_fd_sc_hd__clkbuf_2)
                                                         p[9] (net)
                      0.051579    0.000261    3.378711 v p[9] (out)
                                              3.378711   data arrival time

                      0.000000    3.000000    3.000000   clock __VIRTUAL_CLK__ (rise edge)
                                  0.000000    3.000000   clock network delay (ideal)
                                  0.000000    3.000000   clock reconvergence pessimism
                                  0.000000    3.000000   output external delay
                                              3.000000   data required time
---------------------------------------------------------------------------------------------
                                              3.000000   data required time
                                             -3.378711   data arrival time
---------------------------------------------------------------------------------------------
                                             -0.378711   slack (VIOLATED)


Startpoint: b[5] (input port clocked by __VIRTUAL_CLK__)
Endpoint: p[7] (output port clocked by __VIRTUAL_CLK__)
Path Group: __VIRTUAL_CLK__
Path Type: max

Fanout         Cap        Slew       Delay        Time   Description
---------------------------------------------------------------------------------------------
                      0.000000    0.000000    0.000000   clock __VIRTUAL_CLK__ (rise edge)
                                  0.000000    0.000000   clock network delay (ideal)
                                  0.000000    0.000000 v input external delay
     1    0.003055    0.009214    0.005107    0.005107 v b[5] (in)
                                                         b[5] (net)
                      0.009214    0.000000    0.005107 v input14/A (sky130_fd_sc_hd__clkdlybuf4s25_1)
     2    0.009638    0.084070    0.281425    0.286532 v input14/X (sky130_fd_sc_hd__clkdlybuf4s25_1)
                                                         net14 (net)
                      0.084070    0.000221    0.286753 v fanout80/A (sky130_fd_sc_hd__buf_4)
    10    0.064714    0.089617    0.226543    0.513296 v fanout80/X (sky130_fd_sc_hd__buf_4)
                                                         net80 (net)
                      0.089619    0.000690    0.513986 v _0501_/A (sky130_fd_sc_hd__inv_2)
     2    0.017348    0.086256    0.111443    0.625429 ^ _0501_/Y (sky130_fd_sc_hd__inv_2)
                                                         _0281_ (net)
                      0.086260    0.000527    0.625957 ^ fanout37/A (sky130_fd_sc_hd__buf_2)
    10    0.058597    0.284734    0.306735    0.932692 ^ fanout37/X (sky130_fd_sc_hd__buf_2)
                                                         net37 (net)
                      0.284759    0.002380    0.935072 ^ _0674_/A2 (sky130_fd_sc_hd__o22ai_2)
     1    0.009632    0.101438    0.144648    1.079721 v _0674_/Y (sky130_fd_sc_hd__o22ai_2)
                                                         _0109_ (net)
                      0.101438    0.000318    1.080039 v _0679_/B1 (sky130_fd_sc_hd__a2bb2oi_4)
     4    0.043236    0.314420    0.333143    1.413182 ^ _0679_/Y (sky130_fd_sc_hd__a2bb2oi_4)
                                                         _0114_ (net)
                      0.314464    0.003251    1.416433 ^ rebuffer104/A (sky130_fd_sc_hd__buf_6)
     2    0.013767    0.044120    0.166964    1.583396 ^ rebuffer104/X (sky130_fd_sc_hd__buf_6)
                                                         net104 (net)
                      0.044125    0.000482    1.583878 ^ _0688_/A1 (sky130_fd_sc_hd__o211ai_4)
     3    0.020408    0.106997    0.112014    1.695892 v _0688_/Y (sky130_fd_sc_hd__o211ai_4)
                                                         _0123_ (net)
                      0.107038    0.001161    1.697053 v _0690_/B1 (sky130_fd_sc_hd__a22o_4)
     2    0.007777    0.043579    0.252385    1.949439 v _0690_/X (sky130_fd_sc_hd__a22o_4)
                                                         _0125_ (net)
                      0.043579    0.000210    1.949648 v _0692_/B2 (sky130_fd_sc_hd__a22oi_2)
     4    0.018107    0.278231    0.269278    2.218927 ^ _0692_/Y (sky130_fd_sc_hd__a22oi_2)
                                                         _0127_ (net)
                      0.278231    0.000493    2.219420 ^ rebuffer117/A (sky130_fd_sc_hd__buf_6)
     1    0.010369    0.037995    0.156781    2.376200 ^ rebuffer117/X (sky130_fd_sc_hd__buf_6)
                                                         net117 (net)
                      0.038006    0.000343    2.376544 ^ _0697_/A1 (sky130_fd_sc_hd__o21ai_4)
     2    0.014034    0.082623    0.068481    2.445025 v _0697_/Y (sky130_fd_sc_hd__o21ai_4)
                                                         _0132_ (net)
                      0.082624    0.000418    2.445443 v _0698_/A1 (sky130_fd_sc_hd__a21o_4)
     4    0.021712    0.054417    0.250735    2.696178 v _0698_/X (sky130_fd_sc_hd__a21o_4)
                                                         _0133_ (net)
                      0.054418    0.000359    2.696538 v rebuffer195/A (sky130_fd_sc_hd__buf_6)
     2    0.007990    0.023946    0.122822    2.819360 v rebuffer195/X (sky130_fd_sc_hd__buf_6)
                                                         net195 (net)
                      0.023946    0.000085    2.819444 v _0700_/B (sky130_fd_sc_hd__and3_4)
     1    0.002554    0.030284    0.155464    2.974908 v _0700_/X (sky130_fd_sc_hd__and3_4)
                                                         _0135_ (net)
                      0.030284    0.000053    2.974961 v _0702_/A (sky130_fd_sc_hd__or2_4)
     1    0.005238    0.047922    0.250586    3.225548 v _0702_/X (sky130_fd_sc_hd__or2_4)
                                                         net30 (net)
                      0.047922    0.000168    3.225715 v output30/A (sky130_fd_sc_hd__buf_6)
     1    0.011679    0.026613    0.124025    3.349740 v output30/X (sky130_fd_sc_hd__buf_6)
                                                         p[7] (net)
                      0.026628    0.000335    3.350075 v p[7] (out)
                                              3.350075   data arrival time

                      0.000000    3.000000    3.000000   clock __VIRTUAL_CLK__ (rise edge)
                                  0.000000    3.000000   clock network delay (ideal)
                                  0.000000    3.000000   clock reconvergence pessimism
                                  0.000000    3.000000   output external delay
                                              3.000000   data required time
---------------------------------------------------------------------------------------------
                                              3.000000   data required time
                                             -3.350075   data arrival time
---------------------------------------------------------------------------------------------
                                             -0.350075   slack (VIOLATED)


Startpoint: a[3] (input port clocked by __VIRTUAL_CLK__)
Endpoint: p[6] (output port clocked by __VIRTUAL_CLK__)
Path Group: __VIRTUAL_CLK__
Path Type: max

Fanout         Cap        Slew       Delay        Time   Description
---------------------------------------------------------------------------------------------
                      0.000000    0.000000    0.000000   clock __VIRTUAL_CLK__ (rise edge)
                                  0.000000    0.000000   clock network delay (ideal)
                                  0.000000    0.000000 v input external delay
     1    0.007986    0.020121    0.013619    0.013619 v a[3] (in)
                                                         a[3] (net)
                      0.020123    0.000000    0.013619 v input4/A (sky130_fd_sc_hd__buf_8)
     2    0.015031    0.027796    0.114792    0.128411 v input4/X (sky130_fd_sc_hd__buf_8)
                                                         net4 (net)
                      0.027796    0.000844    0.129255 v fanout61/A (sky130_fd_sc_hd__buf_8)
     2    0.009891    0.024406    0.113798    0.243053 v fanout61/X (sky130_fd_sc_hd__buf_8)
                                                         net61 (net)
                      0.024406    0.000289    0.243342 v load_slew62/A (sky130_fd_sc_hd__buf_8)
     7    0.049463    0.049717    0.140973    0.384314 v load_slew62/X (sky130_fd_sc_hd__buf_8)
                                                         net62 (net)
                      0.050293    0.004275    0.388589 v fanout59/A (sky130_fd_sc_hd__buf_8)
     4    0.025918    0.034254    0.136646    0.525235 v fanout59/X (sky130_fd_sc_hd__buf_8)
                                                         net59 (net)
                      0.034263    0.000563    0.525798 v load_slew60/A (sky130_fd_sc_hd__buf_8)
     4    0.021923    0.031803    0.126002    0.651801 v load_slew60/X (sky130_fd_sc_hd__buf_8)
                                                         net60 (net)
                      0.031853    0.001005    0.652806 v _0603_/B1 (sky130_fd_sc_hd__a22o_4)
     6    0.031585    0.072742    0.265891    0.918696 v _0603_/X (sky130_fd_sc_hd__a22o_4)
                                                         _0039_ (net)
                      0.072743    0.000421    0.919117 v _0604_/B2 (sky130_fd_sc_hd__a22oi_2)
     1    0.010671    0.200916    0.217573    1.136690 ^ _0604_/Y (sky130_fd_sc_hd__a22oi_2)
                                                         _0040_ (net)
                      0.200916    0.000411    1.137101 ^ _0608_/B2 (sky130_fd_sc_hd__o22ai_4)
     2    0.013527    0.078962    0.113904    1.251005 v _0608_/Y (sky130_fd_sc_hd__o22ai_4)
                                                         _0044_ (net)
                      0.078964    0.000703    1.251708 v rebuffer185/A (sky130_fd_sc_hd__buf_6)
     3    0.020906    0.033970    0.149190    1.400898 v rebuffer185/X (sky130_fd_sc_hd__buf_6)
                                                         net185 (net)
                      0.033970    0.000386    1.401284 v _0613_/B1 (sky130_fd_sc_hd__o2111a_2)
     3    0.023853    0.087578    0.210170    1.611454 v _0613_/X (sky130_fd_sc_hd__o2111a_2)
                                                         _0049_ (net)
                      0.087587    0.000968    1.612422 v _0625_/A1 (sky130_fd_sc_hd__o21ai_4)
     1    0.009996    0.129055    0.184076    1.796498 ^ _0625_/Y (sky130_fd_sc_hd__o21ai_4)
                                                         _0061_ (net)
                      0.129056    0.000355    1.796853 ^ _0629_/A (sky130_fd_sc_hd__nand3_4)
     3    0.016301    0.082319    0.107327    1.904180 v _0629_/Y (sky130_fd_sc_hd__nand3_4)
                                                         _0065_ (net)
                      0.082320    0.000437    1.904616 v _0630_/A1 (sky130_fd_sc_hd__a21o_4)
     2    0.018069    0.050486    0.245842    2.150459 v _0630_/X (sky130_fd_sc_hd__a21o_4)
                                                         _0066_ (net)
                      0.050486    0.000340    2.150799 v _0633_/A2 (sky130_fd_sc_hd__a21oi_4)
     2    0.017455    0.168032    0.205652    2.356450 ^ _0633_/Y (sky130_fd_sc_hd__a21oi_4)
                                                         _0069_ (net)
                      0.168032    0.000621    2.357071 ^ rebuffer198/A (sky130_fd_sc_hd__buf_6)
     2    0.004895    0.026589    0.123261    2.480332 ^ rebuffer198/X (sky130_fd_sc_hd__buf_6)
                                                         net198 (net)
                      0.026589    0.000077    2.480410 ^ _0635_/A_N (sky130_fd_sc_hd__and2b_2)
     1    0.009138    0.050949    0.229464    2.709874 v _0635_/X (sky130_fd_sc_hd__and2b_2)
                                                         _0071_ (net)
                      0.050949    0.000307    2.710181 v _0637_/B (sky130_fd_sc_hd__xnor2_2)
     1    0.004893    0.060861    0.136036    2.846217 v _0637_/Y (sky130_fd_sc_hd__xnor2_2)
                                                         net29 (net)
                      0.060861    0.000151    2.846368 v output29/A (sky130_fd_sc_hd__buf_6)
     1    0.011591    0.026544    0.130058    2.976426 v output29/X (sky130_fd_sc_hd__buf_6)
                                                         p[6] (net)
                      0.026544    0.000324    2.976750 v p[6] (out)
                                              2.976750   data arrival time

                      0.000000    3.000000    3.000000   clock __VIRTUAL_CLK__ (rise edge)
                                  0.000000    3.000000   clock network delay (ideal)
                                  0.000000    3.000000   clock reconvergence pessimism
                                  0.000000    3.000000   output external delay
                                              3.000000   data required time
---------------------------------------------------------------------------------------------
                                              3.000000   data required time
                                             -2.976750   data arrival time
---------------------------------------------------------------------------------------------
                                              0.023250   slack (MET)


Startpoint: a[3] (input port clocked by __VIRTUAL_CLK__)
Endpoint: p[5] (output port clocked by __VIRTUAL_CLK__)
Path Group: __VIRTUAL_CLK__
Path Type: max

Fanout         Cap        Slew       Delay        Time   Description
---------------------------------------------------------------------------------------------
                      0.000000    0.000000    0.000000   clock __VIRTUAL_CLK__ (rise edge)
                                  0.000000    0.000000   clock network delay (ideal)
                                  0.000000    0.000000 ^ input external delay
     1    0.008647    0.045406    0.031159    0.031159 ^ a[3] (in)
                                                         a[3] (net)
                      0.045407    0.000000    0.031159 ^ input4/A (sky130_fd_sc_hd__buf_8)
     2    0.015852    0.038739    0.099326    0.130485 ^ input4/X (sky130_fd_sc_hd__buf_8)
                                                         net4 (net)
                      0.038770    0.000906    0.131390 ^ fanout61/A (sky130_fd_sc_hd__buf_8)
     2    0.010712    0.031687    0.090777    0.222167 ^ fanout61/X (sky130_fd_sc_hd__buf_8)
                                                         net61 (net)
                      0.031688    0.000314    0.222481 ^ load_slew62/A (sky130_fd_sc_hd__buf_8)
     7    0.051713    0.091115    0.136111    0.358592 ^ load_slew62/X (sky130_fd_sc_hd__buf_8)
                                                         net62 (net)
                      0.091433    0.004509    0.363101 ^ fanout59/A (sky130_fd_sc_hd__buf_8)
     4    0.027477    0.055785    0.129074    0.492175 ^ fanout59/X (sky130_fd_sc_hd__buf_8)
                                                         net59 (net)
                      0.055790    0.000603    0.492778 ^ load_slew60/A (sky130_fd_sc_hd__buf_8)
     4    0.023652    0.049938    0.112353    0.605131 ^ load_slew60/X (sky130_fd_sc_hd__buf_8)
                                                         net60 (net)
                      0.049987    0.001441    0.606571 ^ rebuffer206/A (sky130_fd_sc_hd__buf_2)
     3    0.019076    0.099448    0.156994    0.763565 ^ rebuffer206/X (sky130_fd_sc_hd__buf_2)
                                                         net206 (net)
                      0.099450    0.000634    0.764199 ^ _0556_/B (sky130_fd_sc_hd__nand2_4)
     3    0.017945    0.066640    0.079503    0.843703 v _0556_/Y (sky130_fd_sc_hd__nand2_4)
                                                         _0489_ (net)
                      0.066640    0.000378    0.844081 v _0564_/B1 (sky130_fd_sc_hd__a41o_4)
     2    0.011887    0.048722    0.269514    1.113595 v _0564_/X (sky130_fd_sc_hd__a41o_4)
                                                         _0001_ (net)
                      0.048722    0.000396    1.113991 v _0567_/A2 (sky130_fd_sc_hd__o211a_4)
     2    0.018535    0.056902    0.264529    1.378520 v _0567_/X (sky130_fd_sc_hd__o211a_4)
                                                         _0004_ (net)
                      0.056902    0.000463    1.378983 v _0578_/A1 (sky130_fd_sc_hd__o22ai_4)
     4    0.023887    0.243500    0.262803    1.641787 ^ _0578_/Y (sky130_fd_sc_hd__o22ai_4)
                                                         _0015_ (net)
                      0.243500    0.000730    1.642516 ^ _0583_/A (sky130_fd_sc_hd__and3_4)
     2    0.021013    0.087140    0.283111    1.925627 ^ _0583_/X (sky130_fd_sc_hd__and3_4)
                                                         _0020_ (net)
                      0.087142    0.000554    1.926182 ^ _0587_/A (sky130_fd_sc_hd__nor3b_4)
     2    0.011270    0.065917    0.059738    1.985920 v _0587_/Y (sky130_fd_sc_hd__nor3b_4)
                                                         _0024_ (net)
                      0.065917    0.000240    1.986160 v rebuffer211/A (sky130_fd_sc_hd__buf_2)
     1    0.004891    0.028336    0.136245    2.122406 v rebuffer211/X (sky130_fd_sc_hd__buf_2)
                                                         net211 (net)
                      0.028336    0.000153    2.122558 v rebuffer210/A (sky130_fd_sc_hd__buf_6)
     1    0.005203    0.021609    0.107196    2.229755 v rebuffer210/X (sky130_fd_sc_hd__buf_6)
                                                         net210 (net)
                      0.021609    0.000173    2.229928 v rebuffer151/A (sky130_fd_sc_hd__buf_6)
     1    0.009134    0.024758    0.109013    2.338941 v rebuffer151/X (sky130_fd_sc_hd__buf_6)
                                                         net151 (net)
                      0.024758    0.000288    2.339229 v _0590_/A1 (sky130_fd_sc_hd__o21ai_4)
     1    0.009401    0.128808    0.155144    2.494373 ^ _0590_/Y (sky130_fd_sc_hd__o21ai_4)
                                                         _0027_ (net)
                      0.128808    0.000321    2.494694 ^ _0592_/B (sky130_fd_sc_hd__xnor2_2)
     1    0.005990    0.133981    0.134821    2.629515 ^ _0592_/Y (sky130_fd_sc_hd__xnor2_2)
                                                         net28 (net)
                      0.133981    0.000195    2.629710 ^ output28/A (sky130_fd_sc_hd__buf_6)
     1    0.012497    0.038317    0.128703    2.758413 ^ output28/X (sky130_fd_sc_hd__buf_6)
                                                         p[5] (net)
                      0.038321    0.000420    2.758833 ^ p[5] (out)
                                              2.758833   data arrival time

                      0.000000    3.000000    3.000000   clock __VIRTUAL_CLK__ (rise edge)
                                  0.000000    3.000000   clock network delay (ideal)
                                  0.000000    3.000000   clock reconvergence pessimism
                                  0.000000    3.000000   output external delay
                                              3.000000   data required time
---------------------------------------------------------------------------------------------
                                              3.000000   data required time
                                             -2.758833   data arrival time
---------------------------------------------------------------------------------------------
                                              0.241167   slack (MET)


Startpoint: a[4] (input port clocked by __VIRTUAL_CLK__)
Endpoint: p[4] (output port clocked by __VIRTUAL_CLK__)
Path Group: __VIRTUAL_CLK__
Path Type: max

Fanout         Cap        Slew       Delay        Time   Description
---------------------------------------------------------------------------------------------
                      0.000000    0.000000    0.000000   clock __VIRTUAL_CLK__ (rise edge)
                                  0.000000    0.000000   clock network delay (ideal)
                                  0.000000    0.000000 ^ input external delay
     1    0.004627    0.027671    0.017507    0.017507 ^ a[4] (in)
                                                         a[4] (net)
                      0.027671    0.000000    0.017507 ^ input5/A (sky130_fd_sc_hd__clkbuf_4)
     7    0.047534    0.149103    0.214931    0.232439 ^ input5/X (sky130_fd_sc_hd__clkbuf_4)
                                                         net5 (net)
                      0.149244    0.003113    0.235551 ^ fanout56/A (sky130_fd_sc_hd__clkdlybuf4s25_1)
     2    0.009604    0.107306    0.340092    0.575643 ^ fanout56/X (sky130_fd_sc_hd__clkdlybuf4s25_1)
                                                         net56 (net)
                      0.107306    0.000371    0.576014 ^ load_slew57/A (sky130_fd_sc_hd__buf_6)
     3    0.010185    0.034024    0.117146    0.693160 ^ load_slew57/X (sky130_fd_sc_hd__buf_6)
                                                         net57 (net)
                      0.034025    0.000221    0.693381 ^ rebuffer180/A (sky130_fd_sc_hd__buf_2)
     7    0.042992    0.211023    0.232813    0.926194 ^ rebuffer180/X (sky130_fd_sc_hd__buf_2)
                                                         net180 (net)
                      0.211054    0.002233    0.928427 ^ _0535_/B (sky130_fd_sc_hd__and2_2)
     1    0.005038    0.048232    0.192535    1.120962 ^ _0535_/X (sky130_fd_sc_hd__and2_2)
                                                         _0469_ (net)
                      0.048232    0.000156    1.121118 ^ _0541_/B1 (sky130_fd_sc_hd__o21ai_2)
     3    0.012313    0.068190    0.074367    1.195485 v _0541_/Y (sky130_fd_sc_hd__o21ai_2)
                                                         _0475_ (net)
                      0.068190    0.000272    1.195758 v _0542_/B1 (sky130_fd_sc_hd__a21o_2)
     2    0.009275    0.049663    0.221570    1.417328 v _0542_/X (sky130_fd_sc_hd__a21o_2)
                                                         _0476_ (net)
                      0.049663    0.000172    1.417499 v _0544_/A2 (sky130_fd_sc_hd__a21o_2)
     2    0.018014    0.068662    0.263139    1.680638 v _0544_/X (sky130_fd_sc_hd__a21o_2)
                                                         _0478_ (net)
                      0.068664    0.000489    1.681127 v _0548_/A (sky130_fd_sc_hd__nand3_4)
     3    0.027126    0.115368    0.110116    1.791243 ^ _0548_/Y (sky130_fd_sc_hd__nand3_4)
                                                         _0482_ (net)
                      0.115370    0.000442    1.791685 ^ _0552_/A1 (sky130_fd_sc_hd__a21oi_4)
     3    0.014966    0.064570    0.084446    1.876130 v _0552_/Y (sky130_fd_sc_hd__a21oi_4)
                                                         _0486_ (net)
                      0.064570    0.000287    1.876417 v _0553_/A2 (sky130_fd_sc_hd__o21a_2)
     1    0.001620    0.030103    0.196905    2.073322 v _0553_/X (sky130_fd_sc_hd__o21a_2)
                                                         _0487_ (net)
                      0.030103    0.000046    2.073368 v _0554_/B1_N (sky130_fd_sc_hd__o21ba_2)
     1    0.003611    0.038938    0.228493    2.301862 ^ _0554_/X (sky130_fd_sc_hd__o21ba_2)
                                                         net27 (net)
                      0.038938    0.000119    2.301981 ^ output27/A (sky130_fd_sc_hd__clkdlybuf4s25_1)
     1    0.011610    0.126643    0.317326    2.619308 ^ output27/X (sky130_fd_sc_hd__clkdlybuf4s25_1)
                                                         p[4] (net)
                      0.126643    0.000320    2.619628 ^ p[4] (out)
                                              2.619628   data arrival time

                      0.000000    3.000000    3.000000   clock __VIRTUAL_CLK__ (rise edge)
                                  0.000000    3.000000   clock network delay (ideal)
                                  0.000000    3.000000   clock reconvergence pessimism
                                  0.000000    3.000000   output external delay
                                              3.000000   data required time
---------------------------------------------------------------------------------------------
                                              3.000000   data required time
                                             -2.619628   data arrival time
---------------------------------------------------------------------------------------------
                                              0.380372   slack (MET)


Startpoint: a[2] (input port clocked by __VIRTUAL_CLK__)
Endpoint: p[3] (output port clocked by __VIRTUAL_CLK__)
Path Group: __VIRTUAL_CLK__
Path Type: max

Fanout         Cap        Slew       Delay        Time   Description
---------------------------------------------------------------------------------------------
                      0.000000    0.000000    0.000000   clock __VIRTUAL_CLK__ (rise edge)
                                  0.000000    0.000000   clock network delay (ideal)
                                  0.000000    0.000000 v input external delay
     1    0.005386    0.014461    0.009169    0.009169 v a[2] (in)
                                                         a[2] (net)
                      0.014462    0.000000    0.009169 v input3/A (sky130_fd_sc_hd__buf_6)
     2    0.021588    0.034601    0.119590    0.128759 v input3/X (sky130_fd_sc_hd__buf_6)
                                                         net3 (net)
                      0.034602    0.000417    0.129176 v fanout66/A (sky130_fd_sc_hd__buf_6)
     2    0.014492    0.029035    0.121021    0.250197 v fanout66/X (sky130_fd_sc_hd__buf_6)
                                                         net66 (net)
                      0.029059    0.000791    0.250987 v fanout65/A (sky130_fd_sc_hd__buf_8)
     3    0.018824    0.029953    0.121452    0.372439 v fanout65/X (sky130_fd_sc_hd__buf_8)
                                                         net65 (net)
                      0.029963    0.000488    0.372928 v fanout63/A (sky130_fd_sc_hd__buf_8)
     3    0.021760    0.031694    0.124012    0.496939 v fanout63/X (sky130_fd_sc_hd__buf_8)
                                                         net63 (net)
                      0.031707    0.000632    0.497571 v load_slew64/A (sky130_fd_sc_hd__buf_12)
     8    0.053910    0.043256    0.144171    0.641742 v load_slew64/X (sky130_fd_sc_hd__buf_12)
                                                         net64 (net)
                      0.043766    0.003319    0.645061 v _0518_/A2 (sky130_fd_sc_hd__a22o_4)
     2    0.010070    0.046441    0.272144    0.917205 v _0518_/X (sky130_fd_sc_hd__a22o_4)
                                                         _0452_ (net)
                      0.046441    0.000253    0.917458 v _0521_/A1 (sky130_fd_sc_hd__a22o_4)
     3    0.014740    0.053220    0.271959    1.189417 v _0521_/X (sky130_fd_sc_hd__a22o_4)
                                                         _0455_ (net)
                      0.053222    0.000438    1.189854 v _0525_/A2 (sky130_fd_sc_hd__a211o_4)
     2    0.014245    0.064550    0.371018    1.560873 v _0525_/X (sky130_fd_sc_hd__a211o_4)
                                                         _0459_ (net)
                      0.064550    0.000346    1.561219 v rebuffer236/A (sky130_fd_sc_hd__buf_6)
     2    0.006996    0.023242    0.126555    1.687774 v rebuffer236/X (sky130_fd_sc_hd__buf_6)
                                                         net236 (net)
                      0.023242    0.000177    1.687950 v _0526_/C (sky130_fd_sc_hd__and3b_2)
     1    0.009987    0.055120    0.229422    1.917373 v _0526_/X (sky130_fd_sc_hd__and3b_2)
                                                         _0460_ (net)
                      0.055122    0.000368    1.917741 v _1007_/B (sky130_fd_sc_hd__nor2_4)
     1    0.008386    0.083432    0.096066    2.013807 ^ _1007_/Y (sky130_fd_sc_hd__nor2_4)
                                                         net26 (net)
                      0.083433    0.000378    2.014184 ^ output26/A (sky130_fd_sc_hd__buf_6)
     1    0.011737    0.036363    0.111312    2.125496 ^ output26/X (sky130_fd_sc_hd__buf_6)
                                                         p[3] (net)
                      0.036366    0.000373    2.125869 ^ p[3] (out)
                                              2.125869   data arrival time

                      0.000000    3.000000    3.000000   clock __VIRTUAL_CLK__ (rise edge)
                                  0.000000    3.000000   clock network delay (ideal)
                                  0.000000    3.000000   clock reconvergence pessimism
                                  0.000000    3.000000   output external delay
                                              3.000000   data required time
---------------------------------------------------------------------------------------------
                                              3.000000   data required time
                                             -2.125869   data arrival time
---------------------------------------------------------------------------------------------
                                              0.874131   slack (MET)


Startpoint: a[0] (input port clocked by __VIRTUAL_CLK__)
Endpoint: p[2] (output port clocked by __VIRTUAL_CLK__)
Path Group: __VIRTUAL_CLK__
Path Type: max

Fanout         Cap        Slew       Delay        Time   Description
---------------------------------------------------------------------------------------------
                      0.000000    0.000000    0.000000   clock __VIRTUAL_CLK__ (rise edge)
                                  0.000000    0.000000   clock network delay (ideal)
                                  0.000000    0.000000 ^ input external delay
     1    0.003687    0.023580    0.014107    0.014107 ^ a[0] (in)
                                                         a[0] (net)
                      0.023588    0.000000    0.014107 ^ input1/A (sky130_fd_sc_hd__dlymetal6s2s_1)
     4    0.024948    0.260782    0.244597    0.258704 ^ input1/X (sky130_fd_sc_hd__dlymetal6s2s_1)
                                                         net1 (net)
                      0.260784    0.000511    0.259215 ^ fanout101/A (sky130_fd_sc_hd__buf_6)
     4    0.017946    0.050034    0.165682    0.424897 ^ fanout101/X (sky130_fd_sc_hd__buf_6)
                                                         net101 (net)
                      0.050037    0.000462    0.425359 ^ rebuffer204/A (sky130_fd_sc_hd__buf_4)
     7    0.039782    0.116665    0.175916    0.601276 ^ rebuffer204/X (sky130_fd_sc_hd__buf_4)
                                                         net204 (net)
                      0.116672    0.001049    0.602324 ^ _0505_/B (sky130_fd_sc_hd__and2_2)
     3    0.012843    0.081670    0.200451    0.802776 ^ _0505_/X (sky130_fd_sc_hd__and2_2)
                                                         net17 (net)
                      0.081670    0.000301    0.803076 ^ _0506_/C (sky130_fd_sc_hd__and3_2)
     3    0.014733    0.094700    0.240652    1.043729 ^ _0506_/X (sky130_fd_sc_hd__and3_2)
                                                         _0334_ (net)
                      0.094700    0.000389    1.044118 ^ _0514_/C_N (sky130_fd_sc_hd__or3b_4)
     3    0.007543    0.072157    0.410126    1.454244 v _0514_/X (sky130_fd_sc_hd__or3b_4)
                                                         _0418_ (net)
                      0.072157    0.000160    1.454404 v _0516_/A (sky130_fd_sc_hd__and2_4)
     1    0.007376    0.033491    0.157445    1.611849 v _0516_/X (sky130_fd_sc_hd__and2_4)
                                                         net25 (net)
                      0.033491    0.000297    1.612146 v output25/A (sky130_fd_sc_hd__buf_6)
     1    0.011976    0.026874    0.117743    1.729890 v output25/X (sky130_fd_sc_hd__buf_6)
                                                         p[2] (net)
                      0.026879    0.000335    1.730225 v p[2] (out)
                                              1.730225   data arrival time

                      0.000000    3.000000    3.000000   clock __VIRTUAL_CLK__ (rise edge)
                                  0.000000    3.000000   clock network delay (ideal)
                                  0.000000    3.000000   clock reconvergence pessimism
                                  0.000000    3.000000   output external delay
                                              3.000000   data required time
---------------------------------------------------------------------------------------------
                                              3.000000   data required time
                                             -1.730225   data arrival time
---------------------------------------------------------------------------------------------
                                              1.269775   slack (MET)


Startpoint: a[0] (input port clocked by __VIRTUAL_CLK__)
Endpoint: p[1] (output port clocked by __VIRTUAL_CLK__)
Path Group: __VIRTUAL_CLK__
Path Type: max

Fanout         Cap        Slew       Delay        Time   Description
---------------------------------------------------------------------------------------------
                      0.000000    0.000000    0.000000   clock __VIRTUAL_CLK__ (rise edge)
                                  0.000000    0.000000   clock network delay (ideal)
                                  0.000000    0.000000 v input external delay
     1    0.003529    0.010312    0.005959    0.005959 v a[0] (in)
                                                         a[0] (net)
                      0.010317    0.000000    0.005959 v input1/A (sky130_fd_sc_hd__dlymetal6s2s_1)
     4    0.023800    0.125045    0.209518    0.215477 v input1/X (sky130_fd_sc_hd__dlymetal6s2s_1)
                                                         net1 (net)
                      0.125045    0.000483    0.215960 v fanout101/A (sky130_fd_sc_hd__buf_6)
     4    0.016823    0.031192    0.166981    0.382941 v fanout101/X (sky130_fd_sc_hd__buf_6)
                                                         net101 (net)
                      0.031197    0.000431    0.383373 v rebuffer204/A (sky130_fd_sc_hd__buf_4)
     7    0.038404    0.063660    0.174220    0.557593 v rebuffer204/X (sky130_fd_sc_hd__buf_4)
                                                         net204 (net)
                      0.063674    0.001011    0.558604 v _0505_/B (sky130_fd_sc_hd__and2_2)
     3    0.012213    0.057352    0.233484    0.792088 v _0505_/X (sky130_fd_sc_hd__and2_2)
                                                         net17 (net)
                      0.057353    0.000287    0.792375 v _0506_/C (sky130_fd_sc_hd__and3_2)
     3    0.013899    0.063024    0.256807    1.049182 v _0506_/X (sky130_fd_sc_hd__and3_2)
                                                         _0334_ (net)
                      0.063025    0.000349    1.049531 v _0508_/A (sky130_fd_sc_hd__nor2_2)
     1    0.005117    0.083297    0.122457    1.171987 ^ _0508_/Y (sky130_fd_sc_hd__nor2_2)
                                                         net24 (net)
                      0.083297    0.000185    1.172173 ^ output24/A (sky130_fd_sc_hd__clkdlybuf4s25_1)
     1    0.011285    0.123479    0.331190    1.503363 ^ output24/X (sky130_fd_sc_hd__clkdlybuf4s25_1)
                                                         p[1] (net)
                      0.123479    0.000253    1.503615 ^ p[1] (out)
                                              1.503615   data arrival time

                      0.000000    3.000000    3.000000   clock __VIRTUAL_CLK__ (rise edge)
                                  0.000000    3.000000   clock network delay (ideal)
                                  0.000000    3.000000   clock reconvergence pessimism
                                  0.000000    3.000000   output external delay
                                              3.000000   data required time
---------------------------------------------------------------------------------------------
                                              3.000000   data required time
                                             -1.503615   data arrival time
---------------------------------------------------------------------------------------------
                                              1.496385   slack (MET)


Startpoint: a[0] (input port clocked by __VIRTUAL_CLK__)
Endpoint: p[0] (output port clocked by __VIRTUAL_CLK__)
Path Group: __VIRTUAL_CLK__
Path Type: max

Fanout         Cap        Slew       Delay        Time   Description
---------------------------------------------------------------------------------------------
                      0.000000    0.000000    0.000000   clock __VIRTUAL_CLK__ (rise edge)
                                  0.000000    0.000000   clock network delay (ideal)
                                  0.000000    0.000000 ^ input external delay
     1    0.003687    0.023580    0.014107    0.014107 ^ a[0] (in)
                                                         a[0] (net)
                      0.023588    0.000000    0.014107 ^ input1/A (sky130_fd_sc_hd__dlymetal6s2s_1)
     4    0.024948    0.260782    0.244597    0.258704 ^ input1/X (sky130_fd_sc_hd__dlymetal6s2s_1)
                                                         net1 (net)
                      0.260784    0.000511    0.259215 ^ fanout101/A (sky130_fd_sc_hd__buf_6)
     4    0.017946    0.050034    0.165682    0.424897 ^ fanout101/X (sky130_fd_sc_hd__buf_6)
                                                         net101 (net)
                      0.050037    0.000462    0.425359 ^ rebuffer204/A (sky130_fd_sc_hd__buf_4)
     7    0.039782    0.116665    0.175916    0.601276 ^ rebuffer204/X (sky130_fd_sc_hd__buf_4)
                                                         net204 (net)
                      0.116672    0.001049    0.602324 ^ _0505_/B (sky130_fd_sc_hd__and2_2)
     3    0.012843    0.081670    0.200451    0.802776 ^ _0505_/X (sky130_fd_sc_hd__and2_2)
                                                         net17 (net)
                      0.081671    0.000431    0.803207 ^ output17/A (sky130_fd_sc_hd__clkdlybuf4s25_1)
     1    0.013105    0.141022    0.343570    1.146776 ^ output17/X (sky130_fd_sc_hd__clkdlybuf4s25_1)
                                                         p[0] (net)
                      0.141022    0.000489    1.147266 ^ p[0] (out)
                                              1.147266   data arrival time

                      0.000000    3.000000    3.000000   clock __VIRTUAL_CLK__ (rise edge)
                                  0.000000    3.000000   clock network delay (ideal)
                                  0.000000    3.000000   clock reconvergence pessimism
                                  0.000000    3.000000   output external delay
                                              3.000000   data required time
---------------------------------------------------------------------------------------------
                                              3.000000   data required time
                                             -1.147266   data arrival time
---------------------------------------------------------------------------------------------
                                              1.852734   slack (MET)



