
===========================================================================
report_checks -path_delay max (Setup)
============================================================================
======================= nom_tt_025C_1v80 Corner ===================================

Startpoint: b[1] (input port clocked by __VIRTUAL_CLK__)
Endpoint: p[6] (output port clocked by __VIRTUAL_CLK__)
Path Group: __VIRTUAL_CLK__
Path Type: max

Fanout         Cap        Slew       Delay        Time   Description
---------------------------------------------------------------------------------------------
                      0.000000    0.000000    0.000000   clock __VIRTUAL_CLK__ (rise edge)
                                  0.000000    0.000000   clock network delay (ideal)
                                  0.000000    0.000000 ^ input external delay
     5    0.032242    0.150313    0.109180    0.109180 ^ b[1] (in)
                                                         b[1] (net)
                      0.150317    0.000000    0.109180 ^ g10/B (sky130_fd_sc_hd__nand2_1)
     1    0.003369    0.052763    0.079465    0.188645 v g10/Y (sky130_fd_sc_hd__nand2_1)
                                                         n10 (net)
                      0.052763    0.000110    0.188755 v g11/A (sky130_fd_sc_hd__inv_1)
     2    0.005514    0.054101    0.070796    0.259552 ^ g11/Y (sky130_fd_sc_hd__inv_1)
                                                         n11 (net)
                      0.054101    0.000149    0.259701 ^ g40/B (sky130_fd_sc_hd__nand2_1)
     3    0.008152    0.065362    0.082419    0.342120 v g40/Y (sky130_fd_sc_hd__nand2_1)
                                                         n40 (net)
                      0.065362    0.000156    0.342276 v g44/A (sky130_fd_sc_hd__inv_1)
     3    0.009123    0.083341    0.098001    0.440277 ^ g44/Y (sky130_fd_sc_hd__inv_1)
                                                         n44 (net)
                      0.083342    0.000274    0.440551 ^ g132/B (sky130_fd_sc_hd__nand2_1)
     1    0.002664    0.033069    0.059641    0.500192 v g132/Y (sky130_fd_sc_hd__nand2_1)
                                                         n132 (net)
                      0.033069    0.000055    0.500247 v g53/B (sky130_fd_sc_hd__nand2_1)
     2    0.008260    0.088809    0.094162    0.594409 ^ g53/Y (sky130_fd_sc_hd__nand2_1)
                                                         n53 (net)
                      0.088809    0.000219    0.594629 ^ g58/B (sky130_fd_sc_hd__nand2_2)
     3    0.008417    0.050325    0.074475    0.669103 v g58/Y (sky130_fd_sc_hd__nand2_2)
                                                         n58 (net)
                      0.050325    0.000148    0.669252 v g60/B (sky130_fd_sc_hd__nand2_1)
     1    0.002818    0.043461    0.066711    0.735963 ^ g60/Y (sky130_fd_sc_hd__nand2_1)
                                                         n60 (net)
                      0.043461    0.000084    0.736046 ^ g61/B (sky130_fd_sc_hd__nand2_1)
     3    0.008264    0.065801    0.079393    0.815440 v g61/Y (sky130_fd_sc_hd__nand2_1)
                                                         n61 (net)
                      0.065823    0.000270    0.815710 v g73/A (sky130_fd_sc_hd__nand2_1)
     2    0.005500    0.065359    0.083598    0.899307 ^ g73/Y (sky130_fd_sc_hd__nand2_1)
                                                         n73 (net)
                      0.065359    0.000089    0.899397 ^ g74/B (sky130_fd_sc_hd__nand2_1)
     1    0.002977    0.039838    0.057000    0.956396 v g74/Y (sky130_fd_sc_hd__nand2_1)
                                                         n74 (net)
                      0.039838    0.000093    0.956490 v g76/A (sky130_fd_sc_hd__nand2_1)
     3    0.008172    0.088060    0.089637    1.046126 ^ g76/Y (sky130_fd_sc_hd__nand2_1)
                                                         n76 (net)
                      0.088061    0.000118    1.046245 ^ g136/A (sky130_fd_sc_hd__nand2_1)
     1    0.002706    0.037574    0.057538    1.103783 v g136/Y (sky130_fd_sc_hd__nand2_1)
                                                         n136 (net)
                      0.037574    0.000058    1.103841 v g81/B (sky130_fd_sc_hd__nand2_1)
     2    0.007873    0.085519    0.093738    1.197579 ^ g81/Y (sky130_fd_sc_hd__nand2_1)
                                                         n81 (net)
                      0.085520    0.000235    1.197813 ^ g86/B (sky130_fd_sc_hd__nand2_2)
     3    0.007540    0.042639    0.070730    1.268543 v g86/Y (sky130_fd_sc_hd__nand2_2)
                                                         n86 (net)
                      0.042639    0.000115    1.268658 v g87/B (sky130_fd_sc_hd__nand2_1)
     1    0.003358    0.047669    0.066731    1.335389 ^ g87/Y (sky130_fd_sc_hd__nand2_1)
                                                         n87 (net)
                      0.047669    0.000105    1.335494 ^ g89/A (sky130_fd_sc_hd__nand2_1)
     2    0.005303    0.046178    0.060975    1.396469 v g89/Y (sky130_fd_sc_hd__nand2_1)
                                                         n89 (net)
                      0.046178    0.000134    1.396603 v g105/A (sky130_fd_sc_hd__nand2_1)
     3    0.008210    0.088372    0.092698    1.489301 ^ g105/Y (sky130_fd_sc_hd__nand2_1)
                                                         n105 (net)
                      0.088372    0.000128    1.489428 ^ g107/B (sky130_fd_sc_hd__nand2_1)
     1    0.002485    0.032696    0.059699    1.549127 v g107/Y (sky130_fd_sc_hd__nand2_1)
                                                         n107 (net)
                      0.032696    0.000074    1.549201 v g108/B (sky130_fd_sc_hd__nand2_1)
     2    0.005336    0.063988    0.074997    1.624198 ^ g108/Y (sky130_fd_sc_hd__nand2_1)
                                                         n108 (net)
                      0.063988    0.000091    1.624290 ^ g109/A (sky130_fd_sc_hd__nand2_1)
     3    0.008048    0.065453    0.081618    1.705907 v g109/Y (sky130_fd_sc_hd__nand2_1)
                                                         n109 (net)
                      0.065453    0.000127    1.706035 v g113/B (sky130_fd_sc_hd__nand2_1)
     3    0.008671    0.092710    0.112155    1.818190 ^ g113/Y (sky130_fd_sc_hd__nand2_1)
                                                         n113 (net)
                      0.092710    0.000149    1.818339 ^ g133/B (sky130_fd_sc_hd__nand2_1)
     1    0.002616    0.036537    0.061671    1.880010 v g133/Y (sky130_fd_sc_hd__nand2_1)
                                                         n133 (net)
                      0.036537    0.000055    1.880065 v g122/B (sky130_fd_sc_hd__nand2_1)
     3    0.009164    0.096481    0.101689    1.981755 ^ g122/Y (sky130_fd_sc_hd__nand2_1)
                                                         n122 (net)
                      0.096481    0.000174    1.981928 ^ g127/B (sky130_fd_sc_hd__nand2_1)
     2    0.005240    0.051792    0.078843    2.060772 v g127/Y (sky130_fd_sc_hd__nand2_1)
                                                         n127 (net)
                      0.051792    0.000082    2.060854 v g128/B (sky130_fd_sc_hd__nand2_1)
     1    0.005168    0.062564    0.082814    2.143668 ^ g128/Y (sky130_fd_sc_hd__nand2_1)
                                                         n128 (net)
                      0.062564    0.000118    2.143786 ^ g130/A (sky130_fd_sc_hd__nand2_2)
     1    0.011818    0.056206    0.072076    2.215863 v g130/Y (sky130_fd_sc_hd__nand2_2)
                                                         p[6] (net)
                      0.056209    0.000375    2.216238 v p[6] (out)
                                              2.216238   data arrival time

                      0.000000   10.000000   10.000000   clock __VIRTUAL_CLK__ (rise edge)
                                  0.000000   10.000000   clock network delay (ideal)
                                 -0.250000    9.750000   clock uncertainty
                                  0.000000    9.750000   clock reconvergence pessimism
                                  0.000000    9.750000   output external delay
                                              9.750000   data required time
---------------------------------------------------------------------------------------------
                                              9.750000   data required time
                                             -2.216238   data arrival time
---------------------------------------------------------------------------------------------
                                              7.533762   slack (MET)


Startpoint: b[1] (input port clocked by __VIRTUAL_CLK__)
Endpoint: p[7] (output port clocked by __VIRTUAL_CLK__)
Path Group: __VIRTUAL_CLK__
Path Type: max

Fanout         Cap        Slew       Delay        Time   Description
---------------------------------------------------------------------------------------------
                      0.000000    0.000000    0.000000   clock __VIRTUAL_CLK__ (rise edge)
                                  0.000000    0.000000   clock network delay (ideal)
                                  0.000000    0.000000 ^ input external delay
     5    0.032242    0.150313    0.109180    0.109180 ^ b[1] (in)
                                                         b[1] (net)
                      0.150317    0.000000    0.109180 ^ g10/B (sky130_fd_sc_hd__nand2_1)
     1    0.003369    0.052763    0.079465    0.188645 v g10/Y (sky130_fd_sc_hd__nand2_1)
                                                         n10 (net)
                      0.052763    0.000110    0.188755 v g11/A (sky130_fd_sc_hd__inv_1)
     2    0.005514    0.054101    0.070796    0.259552 ^ g11/Y (sky130_fd_sc_hd__inv_1)
                                                         n11 (net)
                      0.054101    0.000149    0.259701 ^ g40/B (sky130_fd_sc_hd__nand2_1)
     3    0.008152    0.065362    0.082419    0.342120 v g40/Y (sky130_fd_sc_hd__nand2_1)
                                                         n40 (net)
                      0.065362    0.000156    0.342276 v g44/A (sky130_fd_sc_hd__inv_1)
     3    0.009123    0.083341    0.098001    0.440277 ^ g44/Y (sky130_fd_sc_hd__inv_1)
                                                         n44 (net)
                      0.083342    0.000274    0.440551 ^ g132/B (sky130_fd_sc_hd__nand2_1)
     1    0.002664    0.033069    0.059641    0.500192 v g132/Y (sky130_fd_sc_hd__nand2_1)
                                                         n132 (net)
                      0.033069    0.000055    0.500247 v g53/B (sky130_fd_sc_hd__nand2_1)
     2    0.008260    0.088809    0.094162    0.594409 ^ g53/Y (sky130_fd_sc_hd__nand2_1)
                                                         n53 (net)
                      0.088809    0.000219    0.594629 ^ g58/B (sky130_fd_sc_hd__nand2_2)
     3    0.008417    0.050325    0.074475    0.669103 v g58/Y (sky130_fd_sc_hd__nand2_2)
                                                         n58 (net)
                      0.050325    0.000148    0.669252 v g60/B (sky130_fd_sc_hd__nand2_1)
     1    0.002818    0.043461    0.066711    0.735963 ^ g60/Y (sky130_fd_sc_hd__nand2_1)
                                                         n60 (net)
                      0.043461    0.000084    0.736046 ^ g61/B (sky130_fd_sc_hd__nand2_1)
     3    0.008264    0.065801    0.079393    0.815440 v g61/Y (sky130_fd_sc_hd__nand2_1)
                                                         n61 (net)
                      0.065823    0.000270    0.815710 v g73/A (sky130_fd_sc_hd__nand2_1)
     2    0.005500    0.065359    0.083598    0.899307 ^ g73/Y (sky130_fd_sc_hd__nand2_1)
                                                         n73 (net)
                      0.065359    0.000089    0.899397 ^ g74/B (sky130_fd_sc_hd__nand2_1)
     1    0.002977    0.039838    0.057000    0.956396 v g74/Y (sky130_fd_sc_hd__nand2_1)
                                                         n74 (net)
                      0.039838    0.000093    0.956490 v g76/A (sky130_fd_sc_hd__nand2_1)
     3    0.008172    0.088060    0.089637    1.046126 ^ g76/Y (sky130_fd_sc_hd__nand2_1)
                                                         n76 (net)
                      0.088061    0.000118    1.046245 ^ g136/A (sky130_fd_sc_hd__nand2_1)
     1    0.002706    0.037574    0.057538    1.103783 v g136/Y (sky130_fd_sc_hd__nand2_1)
                                                         n136 (net)
                      0.037574    0.000058    1.103841 v g81/B (sky130_fd_sc_hd__nand2_1)
     2    0.007873    0.085519    0.093738    1.197579 ^ g81/Y (sky130_fd_sc_hd__nand2_1)
                                                         n81 (net)
                      0.085520    0.000235    1.197813 ^ g86/B (sky130_fd_sc_hd__nand2_2)
     3    0.007540    0.042639    0.070730    1.268543 v g86/Y (sky130_fd_sc_hd__nand2_2)
                                                         n86 (net)
                      0.042639    0.000115    1.268658 v g87/B (sky130_fd_sc_hd__nand2_1)
     1    0.003358    0.047669    0.066731    1.335389 ^ g87/Y (sky130_fd_sc_hd__nand2_1)
                                                         n87 (net)
                      0.047669    0.000105    1.335494 ^ g89/A (sky130_fd_sc_hd__nand2_1)
     2    0.005303    0.046178    0.060975    1.396469 v g89/Y (sky130_fd_sc_hd__nand2_1)
                                                         n89 (net)
                      0.046178    0.000134    1.396603 v g105/A (sky130_fd_sc_hd__nand2_1)
     3    0.008210    0.088372    0.092698    1.489301 ^ g105/Y (sky130_fd_sc_hd__nand2_1)
                                                         n105 (net)
                      0.088372    0.000128    1.489428 ^ g107/B (sky130_fd_sc_hd__nand2_1)
     1    0.002485    0.032696    0.059699    1.549127 v g107/Y (sky130_fd_sc_hd__nand2_1)
                                                         n107 (net)
                      0.032696    0.000074    1.549201 v g108/B (sky130_fd_sc_hd__nand2_1)
     2    0.005336    0.063988    0.074997    1.624198 ^ g108/Y (sky130_fd_sc_hd__nand2_1)
                                                         n108 (net)
                      0.063988    0.000091    1.624290 ^ g109/A (sky130_fd_sc_hd__nand2_1)
     3    0.008048    0.065453    0.081618    1.705907 v g109/Y (sky130_fd_sc_hd__nand2_1)
                                                         n109 (net)
                      0.065453    0.000127    1.706035 v g113/B (sky130_fd_sc_hd__nand2_1)
     3    0.008671    0.092710    0.112155    1.818190 ^ g113/Y (sky130_fd_sc_hd__nand2_1)
                                                         n113 (net)
                      0.092710    0.000149    1.818339 ^ g133/B (sky130_fd_sc_hd__nand2_1)
     1    0.002616    0.036537    0.061671    1.880010 v g133/Y (sky130_fd_sc_hd__nand2_1)
                                                         n133 (net)
                      0.036537    0.000055    1.880065 v g122/B (sky130_fd_sc_hd__nand2_1)
     3    0.009164    0.096481    0.101689    1.981755 ^ g122/Y (sky130_fd_sc_hd__nand2_1)
                                                         n122 (net)
                      0.096481    0.000174    1.981928 ^ g127/B (sky130_fd_sc_hd__nand2_1)
     2    0.005240    0.051792    0.078843    2.060772 v g127/Y (sky130_fd_sc_hd__nand2_1)
                                                         n127 (net)
                      0.051792    0.000114    2.060885 v g131/B (sky130_fd_sc_hd__nand2_1)
     1    0.011135    0.113383    0.121446    2.182331 ^ g131/Y (sky130_fd_sc_hd__nand2_1)
                                                         p[7] (net)
                      0.113384    0.000212    2.182544 ^ p[7] (out)
                                              2.182544   data arrival time

                      0.000000   10.000000   10.000000   clock __VIRTUAL_CLK__ (rise edge)
                                  0.000000   10.000000   clock network delay (ideal)
                                 -0.250000    9.750000   clock uncertainty
                                  0.000000    9.750000   clock reconvergence pessimism
                                  0.000000    9.750000   output external delay
                                              9.750000   data required time
---------------------------------------------------------------------------------------------
                                              9.750000   data required time
                                             -2.182544   data arrival time
---------------------------------------------------------------------------------------------
                                              7.567456   slack (MET)


Startpoint: b[1] (input port clocked by __VIRTUAL_CLK__)
Endpoint: p[5] (output port clocked by __VIRTUAL_CLK__)
Path Group: __VIRTUAL_CLK__
Path Type: max

Fanout         Cap        Slew       Delay        Time   Description
---------------------------------------------------------------------------------------------
                      0.000000    0.000000    0.000000   clock __VIRTUAL_CLK__ (rise edge)
                                  0.000000    0.000000   clock network delay (ideal)
                                  0.000000    0.000000 ^ input external delay
     5    0.032242    0.150313    0.109180    0.109180 ^ b[1] (in)
                                                         b[1] (net)
                      0.150317    0.000000    0.109180 ^ g10/B (sky130_fd_sc_hd__nand2_1)
     1    0.003369    0.052763    0.079465    0.188645 v g10/Y (sky130_fd_sc_hd__nand2_1)
                                                         n10 (net)
                      0.052763    0.000110    0.188755 v g11/A (sky130_fd_sc_hd__inv_1)
     2    0.005514    0.054101    0.070796    0.259552 ^ g11/Y (sky130_fd_sc_hd__inv_1)
                                                         n11 (net)
                      0.054101    0.000149    0.259701 ^ g40/B (sky130_fd_sc_hd__nand2_1)
     3    0.008152    0.065362    0.082419    0.342120 v g40/Y (sky130_fd_sc_hd__nand2_1)
                                                         n40 (net)
                      0.065362    0.000156    0.342276 v g44/A (sky130_fd_sc_hd__inv_1)
     3    0.009123    0.083341    0.098001    0.440277 ^ g44/Y (sky130_fd_sc_hd__inv_1)
                                                         n44 (net)
                      0.083342    0.000274    0.440551 ^ g132/B (sky130_fd_sc_hd__nand2_1)
     1    0.002664    0.033069    0.059641    0.500192 v g132/Y (sky130_fd_sc_hd__nand2_1)
                                                         n132 (net)
                      0.033069    0.000055    0.500247 v g53/B (sky130_fd_sc_hd__nand2_1)
     2    0.008260    0.088809    0.094162    0.594409 ^ g53/Y (sky130_fd_sc_hd__nand2_1)
                                                         n53 (net)
                      0.088809    0.000219    0.594629 ^ g58/B (sky130_fd_sc_hd__nand2_2)
     3    0.008417    0.050325    0.074475    0.669103 v g58/Y (sky130_fd_sc_hd__nand2_2)
                                                         n58 (net)
                      0.050325    0.000148    0.669252 v g60/B (sky130_fd_sc_hd__nand2_1)
     1    0.002818    0.043461    0.066711    0.735963 ^ g60/Y (sky130_fd_sc_hd__nand2_1)
                                                         n60 (net)
                      0.043461    0.000084    0.736046 ^ g61/B (sky130_fd_sc_hd__nand2_1)
     3    0.008264    0.065801    0.079393    0.815440 v g61/Y (sky130_fd_sc_hd__nand2_1)
                                                         n61 (net)
                      0.065823    0.000270    0.815710 v g73/A (sky130_fd_sc_hd__nand2_1)
     2    0.005500    0.065359    0.083598    0.899307 ^ g73/Y (sky130_fd_sc_hd__nand2_1)
                                                         n73 (net)
                      0.065359    0.000089    0.899397 ^ g74/B (sky130_fd_sc_hd__nand2_1)
     1    0.002977    0.039838    0.057000    0.956396 v g74/Y (sky130_fd_sc_hd__nand2_1)
                                                         n74 (net)
                      0.039838    0.000093    0.956490 v g76/A (sky130_fd_sc_hd__nand2_1)
     3    0.008172    0.088060    0.089637    1.046126 ^ g76/Y (sky130_fd_sc_hd__nand2_1)
                                                         n76 (net)
                      0.088061    0.000118    1.046245 ^ g136/A (sky130_fd_sc_hd__nand2_1)
     1    0.002706    0.037574    0.057538    1.103783 v g136/Y (sky130_fd_sc_hd__nand2_1)
                                                         n136 (net)
                      0.037574    0.000058    1.103841 v g81/B (sky130_fd_sc_hd__nand2_1)
     2    0.007873    0.085519    0.093738    1.197579 ^ g81/Y (sky130_fd_sc_hd__nand2_1)
                                                         n81 (net)
                      0.085520    0.000235    1.197813 ^ g86/B (sky130_fd_sc_hd__nand2_2)
     3    0.007540    0.042639    0.070730    1.268543 v g86/Y (sky130_fd_sc_hd__nand2_2)
                                                         n86 (net)
                      0.042639    0.000102    1.268645 v g90/B (sky130_fd_sc_hd__nand2_1)
     2    0.006048    0.069980    0.084281    1.352926 ^ g90/Y (sky130_fd_sc_hd__nand2_1)
                                                         n90 (net)
                      0.069980    0.000122    1.353048 ^ g95/B (sky130_fd_sc_hd__nand2_1)
     3    0.007769    0.064724    0.085304    1.438352 v g95/Y (sky130_fd_sc_hd__nand2_1)
                                                         n95 (net)
                      0.064724    0.000116    1.438468 v g97/B (sky130_fd_sc_hd__nand2_1)
     1    0.002806    0.045103    0.073298    1.511766 ^ g97/Y (sky130_fd_sc_hd__nand2_1)
                                                         n97 (net)
                      0.045103    0.000085    1.511851 ^ g98/B (sky130_fd_sc_hd__nand2_1)
     2    0.005336    0.046341    0.064135    1.575986 v g98/Y (sky130_fd_sc_hd__nand2_1)
                                                         n98 (net)
                      0.046341    0.000145    1.576132 v g114/A (sky130_fd_sc_hd__nand2_1)
     3    0.008521    0.091010    0.094833    1.670965 ^ g114/Y (sky130_fd_sc_hd__nand2_1)
                                                         n114 (net)
                      0.091010    0.000126    1.671091 ^ g116/B (sky130_fd_sc_hd__nand2_1)
     1    0.002566    0.033494    0.060897    1.731988 v g116/Y (sky130_fd_sc_hd__nand2_1)
                                                         n116 (net)
                      0.033494    0.000076    1.732064 v g117/B (sky130_fd_sc_hd__nand2_1)
     3    0.007839    0.085216    0.091658    1.823722 ^ g117/Y (sky130_fd_sc_hd__nand2_1)
                                                         n117 (net)
                      0.085216    0.000122    1.823844 ^ g118/A (sky130_fd_sc_hd__nand2_1)
     2    0.004895    0.049257    0.070703    1.894547 v g118/Y (sky130_fd_sc_hd__nand2_1)
                                                         n118 (net)
                      0.049257    0.000075    1.894622 v g120/B (sky130_fd_sc_hd__nand2_1)
     1    0.003647    0.049973    0.071707    1.966329 ^ g120/Y (sky130_fd_sc_hd__nand2_1)
                                                         n120 (net)
                      0.049973    0.000121    1.966449 ^ g121/B (sky130_fd_sc_hd__nand2_1)
     1    0.011836    0.090333    0.100737    2.067186 v g121/Y (sky130_fd_sc_hd__nand2_1)
                                                         p[5] (net)
                      0.090335    0.000353    2.067539 v p[5] (out)
                                              2.067539   data arrival time

                      0.000000   10.000000   10.000000   clock __VIRTUAL_CLK__ (rise edge)
                                  0.000000   10.000000   clock network delay (ideal)
                                 -0.250000    9.750000   clock uncertainty
                                  0.000000    9.750000   clock reconvergence pessimism
                                  0.000000    9.750000   output external delay
                                              9.750000   data required time
---------------------------------------------------------------------------------------------
                                              9.750000   data required time
                                             -2.067539   data arrival time
---------------------------------------------------------------------------------------------
                                              7.682461   slack (MET)


Startpoint: b[1] (input port clocked by __VIRTUAL_CLK__)
Endpoint: p[4] (output port clocked by __VIRTUAL_CLK__)
Path Group: __VIRTUAL_CLK__
Path Type: max

Fanout         Cap        Slew       Delay        Time   Description
---------------------------------------------------------------------------------------------
                      0.000000    0.000000    0.000000   clock __VIRTUAL_CLK__ (rise edge)
                                  0.000000    0.000000   clock network delay (ideal)
                                  0.000000    0.000000 ^ input external delay
     5    0.032242    0.150313    0.109180    0.109180 ^ b[1] (in)
                                                         b[1] (net)
                      0.150317    0.000000    0.109180 ^ g10/B (sky130_fd_sc_hd__nand2_1)
     1    0.003369    0.052763    0.079465    0.188645 v g10/Y (sky130_fd_sc_hd__nand2_1)
                                                         n10 (net)
                      0.052763    0.000110    0.188755 v g11/A (sky130_fd_sc_hd__inv_1)
     2    0.005514    0.054101    0.070796    0.259552 ^ g11/Y (sky130_fd_sc_hd__inv_1)
                                                         n11 (net)
                      0.054101    0.000149    0.259701 ^ g40/B (sky130_fd_sc_hd__nand2_1)
     3    0.008152    0.065362    0.082419    0.342120 v g40/Y (sky130_fd_sc_hd__nand2_1)
                                                         n40 (net)
                      0.065362    0.000156    0.342276 v g44/A (sky130_fd_sc_hd__inv_1)
     3    0.009123    0.083341    0.098001    0.440277 ^ g44/Y (sky130_fd_sc_hd__inv_1)
                                                         n44 (net)
                      0.083342    0.000274    0.440551 ^ g132/B (sky130_fd_sc_hd__nand2_1)
     1    0.002664    0.033069    0.059641    0.500192 v g132/Y (sky130_fd_sc_hd__nand2_1)
                                                         n132 (net)
                      0.033069    0.000055    0.500247 v g53/B (sky130_fd_sc_hd__nand2_1)
     2    0.008260    0.088809    0.094162    0.594409 ^ g53/Y (sky130_fd_sc_hd__nand2_1)
                                                         n53 (net)
                      0.088809    0.000219    0.594629 ^ g58/B (sky130_fd_sc_hd__nand2_2)
     3    0.008417    0.050325    0.074475    0.669103 v g58/Y (sky130_fd_sc_hd__nand2_2)
                                                         n58 (net)
                      0.050325    0.000148    0.669252 v g60/B (sky130_fd_sc_hd__nand2_1)
     1    0.002818    0.043461    0.066711    0.735963 ^ g60/Y (sky130_fd_sc_hd__nand2_1)
                                                         n60 (net)
                      0.043461    0.000084    0.736046 ^ g61/B (sky130_fd_sc_hd__nand2_1)
     3    0.008264    0.065801    0.079393    0.815440 v g61/Y (sky130_fd_sc_hd__nand2_1)
                                                         n61 (net)
                      0.065823    0.000270    0.815710 v g73/A (sky130_fd_sc_hd__nand2_1)
     2    0.005500    0.065359    0.083598    0.899307 ^ g73/Y (sky130_fd_sc_hd__nand2_1)
                                                         n73 (net)
                      0.065359    0.000089    0.899397 ^ g74/B (sky130_fd_sc_hd__nand2_1)
     1    0.002977    0.039838    0.057000    0.956396 v g74/Y (sky130_fd_sc_hd__nand2_1)
                                                         n74 (net)
                      0.039838    0.000093    0.956490 v g76/A (sky130_fd_sc_hd__nand2_1)
     3    0.008172    0.088060    0.089637    1.046126 ^ g76/Y (sky130_fd_sc_hd__nand2_1)
                                                         n76 (net)
                      0.088061    0.000118    1.046245 ^ g136/A (sky130_fd_sc_hd__nand2_1)
     1    0.002706    0.037574    0.057538    1.103783 v g136/Y (sky130_fd_sc_hd__nand2_1)
                                                         n136 (net)
                      0.037574    0.000058    1.103841 v g81/B (sky130_fd_sc_hd__nand2_1)
     2    0.007873    0.085519    0.093738    1.197579 ^ g81/Y (sky130_fd_sc_hd__nand2_1)
                                                         n81 (net)
                      0.085520    0.000235    1.197813 ^ g86/B (sky130_fd_sc_hd__nand2_2)
     3    0.007540    0.042639    0.070730    1.268543 v g86/Y (sky130_fd_sc_hd__nand2_2)
                                                         n86 (net)
                      0.042639    0.000115    1.268658 v g87/B (sky130_fd_sc_hd__nand2_1)
     1    0.003358    0.047669    0.066731    1.335389 ^ g87/Y (sky130_fd_sc_hd__nand2_1)
                                                         n87 (net)
                      0.047669    0.000105    1.335494 ^ g89/A (sky130_fd_sc_hd__nand2_1)
     2    0.005303    0.046178    0.060975    1.396469 v g89/Y (sky130_fd_sc_hd__nand2_1)
                                                         n89 (net)
                      0.046178    0.000134    1.396603 v g105/A (sky130_fd_sc_hd__nand2_1)
     3    0.008210    0.088372    0.092698    1.489301 ^ g105/Y (sky130_fd_sc_hd__nand2_1)
                                                         n105 (net)
                      0.088372    0.000128    1.489428 ^ g107/B (sky130_fd_sc_hd__nand2_1)
     1    0.002485    0.032696    0.059699    1.549127 v g107/Y (sky130_fd_sc_hd__nand2_1)
                                                         n107 (net)
                      0.032696    0.000074    1.549201 v g108/B (sky130_fd_sc_hd__nand2_1)
     2    0.005336    0.063988    0.074997    1.624198 ^ g108/Y (sky130_fd_sc_hd__nand2_1)
                                                         n108 (net)
                      0.063988    0.000091    1.624290 ^ g109/A (sky130_fd_sc_hd__nand2_1)
     3    0.008048    0.065453    0.081618    1.705907 v g109/Y (sky130_fd_sc_hd__nand2_1)
                                                         n109 (net)
                      0.065453    0.000135    1.706042 v g111/B (sky130_fd_sc_hd__nand2_1)
     1    0.002985    0.046539    0.074868    1.780911 ^ g111/Y (sky130_fd_sc_hd__nand2_1)
                                                         n111 (net)
                      0.046539    0.000091    1.781001 ^ g112/B (sky130_fd_sc_hd__nand2_1)
     1    0.011952    0.091002    0.100170    1.881171 v g112/Y (sky130_fd_sc_hd__nand2_1)
                                                         p[4] (net)
                      0.091004    0.000357    1.881528 v p[4] (out)
                                              1.881528   data arrival time

                      0.000000   10.000000   10.000000   clock __VIRTUAL_CLK__ (rise edge)
                                  0.000000   10.000000   clock network delay (ideal)
                                 -0.250000    9.750000   clock uncertainty
                                  0.000000    9.750000   clock reconvergence pessimism
                                  0.000000    9.750000   output external delay
                                              9.750000   data required time
---------------------------------------------------------------------------------------------
                                              9.750000   data required time
                                             -1.881528   data arrival time
---------------------------------------------------------------------------------------------
                                              7.868472   slack (MET)


Startpoint: b[1] (input port clocked by __VIRTUAL_CLK__)
Endpoint: p[3] (output port clocked by __VIRTUAL_CLK__)
Path Group: __VIRTUAL_CLK__
Path Type: max

Fanout         Cap        Slew       Delay        Time   Description
---------------------------------------------------------------------------------------------
                      0.000000    0.000000    0.000000   clock __VIRTUAL_CLK__ (rise edge)
                                  0.000000    0.000000   clock network delay (ideal)
                                  0.000000    0.000000 ^ input external delay
     5    0.032242    0.150313    0.109180    0.109180 ^ b[1] (in)
                                                         b[1] (net)
                      0.150317    0.000000    0.109180 ^ g10/B (sky130_fd_sc_hd__nand2_1)
     1    0.003369    0.052763    0.079465    0.188645 v g10/Y (sky130_fd_sc_hd__nand2_1)
                                                         n10 (net)
                      0.052763    0.000110    0.188755 v g11/A (sky130_fd_sc_hd__inv_1)
     2    0.005514    0.054101    0.070796    0.259552 ^ g11/Y (sky130_fd_sc_hd__inv_1)
                                                         n11 (net)
                      0.054101    0.000149    0.259701 ^ g40/B (sky130_fd_sc_hd__nand2_1)
     3    0.008152    0.065362    0.082419    0.342120 v g40/Y (sky130_fd_sc_hd__nand2_1)
                                                         n40 (net)
                      0.065362    0.000156    0.342276 v g44/A (sky130_fd_sc_hd__inv_1)
     3    0.009123    0.083341    0.098001    0.440277 ^ g44/Y (sky130_fd_sc_hd__inv_1)
                                                         n44 (net)
                      0.083342    0.000274    0.440551 ^ g132/B (sky130_fd_sc_hd__nand2_1)
     1    0.002664    0.033069    0.059641    0.500192 v g132/Y (sky130_fd_sc_hd__nand2_1)
                                                         n132 (net)
                      0.033069    0.000055    0.500247 v g53/B (sky130_fd_sc_hd__nand2_1)
     2    0.008260    0.088809    0.094162    0.594409 ^ g53/Y (sky130_fd_sc_hd__nand2_1)
                                                         n53 (net)
                      0.088809    0.000219    0.594629 ^ g58/B (sky130_fd_sc_hd__nand2_2)
     3    0.008417    0.050325    0.074475    0.669103 v g58/Y (sky130_fd_sc_hd__nand2_2)
                                                         n58 (net)
                      0.050325    0.000148    0.669252 v g60/B (sky130_fd_sc_hd__nand2_1)
     1    0.002818    0.043461    0.066711    0.735963 ^ g60/Y (sky130_fd_sc_hd__nand2_1)
                                                         n60 (net)
                      0.043461    0.000084    0.736046 ^ g61/B (sky130_fd_sc_hd__nand2_1)
     3    0.008264    0.065801    0.079393    0.815440 v g61/Y (sky130_fd_sc_hd__nand2_1)
                                                         n61 (net)
                      0.065823    0.000270    0.815710 v g73/A (sky130_fd_sc_hd__nand2_1)
     2    0.005500    0.065359    0.083598    0.899307 ^ g73/Y (sky130_fd_sc_hd__nand2_1)
                                                         n73 (net)
                      0.065359    0.000089    0.899397 ^ g74/B (sky130_fd_sc_hd__nand2_1)
     1    0.002977    0.039838    0.057000    0.956396 v g74/Y (sky130_fd_sc_hd__nand2_1)
                                                         n74 (net)
                      0.039838    0.000093    0.956490 v g76/A (sky130_fd_sc_hd__nand2_1)
     3    0.008172    0.088060    0.089637    1.046126 ^ g76/Y (sky130_fd_sc_hd__nand2_1)
                                                         n76 (net)
                      0.088061    0.000187    1.046314 ^ g77/A (sky130_fd_sc_hd__nand2_1)
     2    0.005457    0.052999    0.074876    1.121190 v g77/Y (sky130_fd_sc_hd__nand2_1)
                                                         n77 (net)
                      0.052999    0.000095    1.121285 v g79/B (sky130_fd_sc_hd__nand2_1)
     1    0.002643    0.042131    0.066794    1.188079 ^ g79/Y (sky130_fd_sc_hd__nand2_1)
                                                         n79 (net)
                      0.042131    0.000055    1.188134 ^ g80/B (sky130_fd_sc_hd__nand2_1)
     2    0.005306    0.046029    0.062995    1.251129 v g80/Y (sky130_fd_sc_hd__nand2_1)
                                                         n80 (net)
                      0.046029    0.000143    1.251271 v g100/A (sky130_fd_sc_hd__nand2_1)
     3    0.008278    0.088941    0.093103    1.344375 ^ g100/Y (sky130_fd_sc_hd__nand2_1)
                                                         n100 (net)
                      0.088941    0.000117    1.344491 ^ g102/B (sky130_fd_sc_hd__nand2_1)
     1    0.002428    0.032452    0.059456    1.403947 v g102/Y (sky130_fd_sc_hd__nand2_1)
                                                         n102 (net)
                      0.032452    0.000072    1.404020 v g103/B (sky130_fd_sc_hd__nand2_1)
     1    0.010908    0.111447    0.110939    1.514959 ^ g103/Y (sky130_fd_sc_hd__nand2_1)
                                                         p[3] (net)
                      0.111447    0.000237    1.515196 ^ p[3] (out)
                                              1.515196   data arrival time

                      0.000000   10.000000   10.000000   clock __VIRTUAL_CLK__ (rise edge)
                                  0.000000   10.000000   clock network delay (ideal)
                                 -0.250000    9.750000   clock uncertainty
                                  0.000000    9.750000   clock reconvergence pessimism
                                  0.000000    9.750000   output external delay
                                              9.750000   data required time
---------------------------------------------------------------------------------------------
                                              9.750000   data required time
                                             -1.515196   data arrival time
---------------------------------------------------------------------------------------------
                                              8.234804   slack (MET)


Startpoint: b[1] (input port clocked by __VIRTUAL_CLK__)
Endpoint: p[2] (output port clocked by __VIRTUAL_CLK__)
Path Group: __VIRTUAL_CLK__
Path Type: max

Fanout         Cap        Slew       Delay        Time   Description
---------------------------------------------------------------------------------------------
                      0.000000    0.000000    0.000000   clock __VIRTUAL_CLK__ (rise edge)
                                  0.000000    0.000000   clock network delay (ideal)
                                  0.000000    0.000000 ^ input external delay
     5    0.032242    0.150313    0.109180    0.109180 ^ b[1] (in)
                                                         b[1] (net)
                      0.150317    0.000000    0.109180 ^ g10/B (sky130_fd_sc_hd__nand2_1)
     1    0.003369    0.052763    0.079465    0.188645 v g10/Y (sky130_fd_sc_hd__nand2_1)
                                                         n10 (net)
                      0.052763    0.000110    0.188755 v g11/A (sky130_fd_sc_hd__inv_1)
     2    0.005514    0.054101    0.070796    0.259552 ^ g11/Y (sky130_fd_sc_hd__inv_1)
                                                         n11 (net)
                      0.054101    0.000149    0.259701 ^ g40/B (sky130_fd_sc_hd__nand2_1)
     3    0.008152    0.065362    0.082419    0.342120 v g40/Y (sky130_fd_sc_hd__nand2_1)
                                                         n40 (net)
                      0.065362    0.000156    0.342276 v g44/A (sky130_fd_sc_hd__inv_1)
     3    0.009123    0.083341    0.098001    0.440277 ^ g44/Y (sky130_fd_sc_hd__inv_1)
                                                         n44 (net)
                      0.083342    0.000223    0.440500 ^ g49/B (sky130_fd_sc_hd__nand2_1)
     2    0.005128    0.047933    0.074373    0.514873 v g49/Y (sky130_fd_sc_hd__nand2_1)
                                                         n49 (net)
                      0.047933    0.000138    0.515011 v g51/B (sky130_fd_sc_hd__nand2_1)
     1    0.002620    0.041903    0.064289    0.579300 ^ g51/Y (sky130_fd_sc_hd__nand2_1)
                                                         n51 (net)
                      0.041903    0.000054    0.579355 ^ g52/B (sky130_fd_sc_hd__nand2_1)
     2    0.005585    0.047830    0.064431    0.643786 v g52/Y (sky130_fd_sc_hd__nand2_1)
                                                         n52 (net)
                      0.047846    0.000152    0.643937 v g68/A (sky130_fd_sc_hd__nand2_1)
     3    0.008479    0.090655    0.095220    0.739157 ^ g68/Y (sky130_fd_sc_hd__nand2_1)
                                                         n68 (net)
                      0.090656    0.000125    0.739282 ^ g70/B (sky130_fd_sc_hd__nand2_1)
     1    0.002661    0.033990    0.061450    0.800733 v g70/Y (sky130_fd_sc_hd__nand2_1)
                                                         n70 (net)
                      0.033990    0.000080    0.800813 v g71/B (sky130_fd_sc_hd__nand2_1)
     1    0.011600    0.117402    0.116066    0.916878 ^ g71/Y (sky130_fd_sc_hd__nand2_1)
                                                         p[2] (net)
                      0.117403    0.000308    0.917186 ^ p[2] (out)
                                              0.917186   data arrival time

                      0.000000   10.000000   10.000000   clock __VIRTUAL_CLK__ (rise edge)
                                  0.000000   10.000000   clock network delay (ideal)
                                 -0.250000    9.750000   clock uncertainty
                                  0.000000    9.750000   clock reconvergence pessimism
                                  0.000000    9.750000   output external delay
                                              9.750000   data required time
---------------------------------------------------------------------------------------------
                                              9.750000   data required time
                                             -0.917186   data arrival time
---------------------------------------------------------------------------------------------
                                              8.832814   slack (MET)


Startpoint: b[1] (input port clocked by __VIRTUAL_CLK__)
Endpoint: p[1] (output port clocked by __VIRTUAL_CLK__)
Path Group: __VIRTUAL_CLK__
Path Type: max

Fanout         Cap        Slew       Delay        Time   Description
---------------------------------------------------------------------------------------------
                      0.000000    0.000000    0.000000   clock __VIRTUAL_CLK__ (rise edge)
                                  0.000000    0.000000   clock network delay (ideal)
                                  0.000000    0.000000 ^ input external delay
     5    0.032242    0.150313    0.109180    0.109180 ^ b[1] (in)
                                                         b[1] (net)
                      0.150317    0.000000    0.109180 ^ g10/B (sky130_fd_sc_hd__nand2_1)
     1    0.003369    0.052763    0.079465    0.188645 v g10/Y (sky130_fd_sc_hd__nand2_1)
                                                         n10 (net)
                      0.052763    0.000110    0.188755 v g11/A (sky130_fd_sc_hd__inv_1)
     2    0.005514    0.054101    0.070796    0.259552 ^ g11/Y (sky130_fd_sc_hd__inv_1)
                                                         n11 (net)
                      0.054101    0.000149    0.259701 ^ g40/B (sky130_fd_sc_hd__nand2_1)
     3    0.008152    0.065362    0.082419    0.342120 v g40/Y (sky130_fd_sc_hd__nand2_1)
                                                         n40 (net)
                      0.065362    0.000110    0.342229 v g42/B (sky130_fd_sc_hd__nand2_1)
     1    0.002850    0.045523    0.073896    0.416125 ^ g42/Y (sky130_fd_sc_hd__nand2_1)
                                                         n42 (net)
                      0.045523    0.000088    0.416212 ^ g43/B (sky130_fd_sc_hd__nand2_1)
     1    0.011578    0.088396    0.097854    0.514066 v g43/Y (sky130_fd_sc_hd__nand2_1)
                                                         p[1] (net)
                      0.088397    0.000306    0.514372 v p[1] (out)
                                              0.514372   data arrival time

                      0.000000   10.000000   10.000000   clock __VIRTUAL_CLK__ (rise edge)
                                  0.000000   10.000000   clock network delay (ideal)
                                 -0.250000    9.750000   clock uncertainty
                                  0.000000    9.750000   clock reconvergence pessimism
                                  0.000000    9.750000   output external delay
                                              9.750000   data required time
---------------------------------------------------------------------------------------------
                                              9.750000   data required time
                                             -0.514372   data arrival time
---------------------------------------------------------------------------------------------
                                              9.235628   slack (MET)


Startpoint: a[0] (input port clocked by __VIRTUAL_CLK__)
Endpoint: p[0] (output port clocked by __VIRTUAL_CLK__)
Path Group: __VIRTUAL_CLK__
Path Type: max

Fanout         Cap        Slew       Delay        Time   Description
---------------------------------------------------------------------------------------------
                      0.000000    0.000000    0.000000   clock __VIRTUAL_CLK__ (rise edge)
                                  0.000000    0.000000   clock network delay (ideal)
                                  0.000000    0.000000 ^ input external delay
     5    0.031722    0.148030    0.107142    0.107142 ^ a[0] (in)
                                                         a[0] (net)
                      0.148033    0.000000    0.107142 ^ g8/A (sky130_fd_sc_hd__nand2_1)
     1    0.002409    0.046532    0.067030    0.174172 v g8/Y (sky130_fd_sc_hd__nand2_1)
                                                         n8 (net)
                      0.046532    0.000049    0.174221 v g9/A (sky130_fd_sc_hd__inv_1)
     1    0.011118    0.098563    0.101442    0.275663 ^ g9/Y (sky130_fd_sc_hd__inv_1)
                                                         p[0] (net)
                      0.098564    0.000241    0.275903 ^ p[0] (out)
                                              0.275903   data arrival time

                      0.000000   10.000000   10.000000   clock __VIRTUAL_CLK__ (rise edge)
                                  0.000000   10.000000   clock network delay (ideal)
                                 -0.250000    9.750000   clock uncertainty
                                  0.000000    9.750000   clock reconvergence pessimism
                                  0.000000    9.750000   output external delay
                                              9.750000   data required time
---------------------------------------------------------------------------------------------
                                              9.750000   data required time
                                             -0.275903   data arrival time
---------------------------------------------------------------------------------------------
                                              9.474097   slack (MET)



