
===========================================================================
report_checks -path_delay max (Setup)
============================================================================
======================= nom_tt_025C_1v80 Corner ===================================

Startpoint: b[2] (input port clocked by __VIRTUAL_CLK__)
Endpoint: p[6] (output port clocked by __VIRTUAL_CLK__)
Path Group: __VIRTUAL_CLK__
Path Type: max

Fanout         Cap        Slew       Delay        Time   Description
---------------------------------------------------------------------------------------------
                      0.000000    0.000000    0.000000   clock __VIRTUAL_CLK__ (rise edge)
                                  0.000000    0.000000   clock network delay (ideal)
                                  0.000000    0.000000 ^ input external delay
     4    0.023467    0.111163    0.080390    0.080390 ^ b[2] (in)
                                                         b[2] (net)
                      0.111168    0.000000    0.080390 ^ g4/B (sky130_fd_sc_hd__nand2_4)
     1    0.004739    0.033649    0.056777    0.137167 v g4/Y (sky130_fd_sc_hd__nand2_4)
                                                         n12 (net)
                      0.033649    0.000149    0.137316 v g5/A (sky130_fd_sc_hd__inv_2)
     2    0.012436    0.062088    0.069556    0.206873 ^ g5/Y (sky130_fd_sc_hd__inv_2)
                                                         n13 (net)
                      0.062091    0.000349    0.207222 ^ g37/B (sky130_fd_sc_hd__nand2_4)
     3    0.007502    0.031287    0.052525    0.259747 v g37/Y (sky130_fd_sc_hd__nand2_4)
                                                         n45 (net)
                      0.031287    0.000170    0.259917 v g39/B (sky130_fd_sc_hd__nand2_1)
     2    0.006045    0.069949    0.078939    0.338856 ^ g39/Y (sky130_fd_sc_hd__nand2_1)
                                                         n47 (net)
                      0.069949    0.000096    0.338952 ^ g119/B (sky130_fd_sc_hd__nand2_1)
     1    0.002695    0.033500    0.056451    0.395404 v g119/Y (sky130_fd_sc_hd__nand2_1)
                                                         n127 (net)
                      0.033500    0.000082    0.395485 v g118/A (sky130_fd_sc_hd__nand2_1)
     1    0.002725    0.042729    0.050687    0.446173 ^ g118/Y (sky130_fd_sc_hd__nand2_1)
                                                         n126 (net)
                      0.042729    0.000056    0.446229 ^ g45/B (sky130_fd_sc_hd__nand2_1)
     2    0.007409    0.059999    0.074587    0.520816 v g45/Y (sky130_fd_sc_hd__nand2_1)
                                                         n53 (net)
                      0.059999    0.000150    0.520966 v g50/B (sky130_fd_sc_hd__nand2_2)
     3    0.007965    0.059873    0.085725    0.606691 ^ g50/Y (sky130_fd_sc_hd__nand2_2)
                                                         n58 (net)
                      0.059873    0.000056    0.606747 ^ g54/B (sky130_fd_sc_hd__nand2_1)
     3    0.008169    0.070415    0.084273    0.691020 v g54/Y (sky130_fd_sc_hd__nand2_1)
                                                         n62 (net)
                      0.070415    0.000233    0.691253 v g55/B (sky130_fd_sc_hd__nand2_1)
     2    0.005470    0.066665    0.093634    0.784887 ^ g55/Y (sky130_fd_sc_hd__nand2_1)
                                                         n63 (net)
                      0.066665    0.000056    0.784943 ^ g57/B (sky130_fd_sc_hd__nand2_1)
     1    0.002575    0.037727    0.054893    0.839836 v g57/Y (sky130_fd_sc_hd__nand2_1)
                                                         n65 (net)
                      0.037727    0.000078    0.839914 v g58/B (sky130_fd_sc_hd__nand2_1)
     3    0.008763    0.093083    0.099637    0.939552 ^ g58/Y (sky130_fd_sc_hd__nand2_1)
                                                         n66 (net)
                      0.093083    0.000162    0.939714 ^ g67/A (sky130_fd_sc_hd__nand2_1)
     2    0.005181    0.052249    0.074822    1.014536 v g67/Y (sky130_fd_sc_hd__nand2_1)
                                                         n75 (net)
                      0.052249    0.000115    1.014651 v g68/B (sky130_fd_sc_hd__nand2_1)
     1    0.002548    0.041390    0.065814    1.080465 ^ g68/Y (sky130_fd_sc_hd__nand2_1)
                                                         n76 (net)
                      0.041390    0.000052    1.080516 ^ g70/A (sky130_fd_sc_hd__nand2_1)
     2    0.007913    0.063473    0.072877    1.153393 v g70/Y (sky130_fd_sc_hd__nand2_1)
                                                         n78 (net)
                      0.063493    0.000221    1.153614 v g71/A (sky130_fd_sc_hd__nand2_2)
     3    0.008399    0.062314    0.078996    1.232610 ^ g71/Y (sky130_fd_sc_hd__nand2_2)
                                                         n79 (net)
                      0.062314    0.000150    1.232760 ^ g73/B (sky130_fd_sc_hd__nand2_1)
     1    0.002454    0.031370    0.053096    1.285856 v g73/Y (sky130_fd_sc_hd__nand2_1)
                                                         n81 (net)
                      0.031370    0.000051    1.285907 v g74/B (sky130_fd_sc_hd__nand2_1)
     2    0.006911    0.077311    0.084579    1.370486 ^ g74/Y (sky130_fd_sc_hd__nand2_1)
                                                         n82 (net)
                      0.077312    0.000213    1.370699 ^ g90/A (sky130_fd_sc_hd__nand2_1)
     3    0.008206    0.068108    0.087190    1.457889 v g90/Y (sky130_fd_sc_hd__nand2_1)
                                                         n98 (net)
                      0.068108    0.000129    1.458018 v g92/B (sky130_fd_sc_hd__nand2_1)
     1    0.002660    0.044530    0.073855    1.531873 ^ g92/Y (sky130_fd_sc_hd__nand2_1)
                                                         n100 (net)
                      0.044530    0.000055    1.531928 ^ g93/B (sky130_fd_sc_hd__nand2_1)
     2    0.005902    0.049966    0.067017    1.598945 v g93/Y (sky130_fd_sc_hd__nand2_1)
                                                         n101 (net)
                      0.049966    0.000139    1.599084 v g94/A (sky130_fd_sc_hd__nand2_1)
     3    0.008329    0.089405    0.095188    1.694272 ^ g94/Y (sky130_fd_sc_hd__nand2_1)
                                                         n102 (net)
                      0.089405    0.000067    1.694339 ^ g98/B (sky130_fd_sc_hd__nand2_1)
     3    0.007860    0.068060    0.091889    1.786227 v g98/Y (sky130_fd_sc_hd__nand2_1)
                                                         n106 (net)
                      0.068060    0.000175    1.786402 v g117/B (sky130_fd_sc_hd__nand2_1)
     1    0.002844    0.045873    0.075109    1.861512 ^ g117/Y (sky130_fd_sc_hd__nand2_1)
                                                         n125 (net)
                      0.045873    0.000061    1.861572 ^ g107/B (sky130_fd_sc_hd__nand2_1)
     2    0.007643    0.066520    0.076897    1.938469 v g107/Y (sky130_fd_sc_hd__nand2_1)
                                                         n115 (net)
                      0.066520    0.000148    1.938617 v g112/B (sky130_fd_sc_hd__nand2_2)
     3    0.008584    0.063216    0.091135    2.029752 ^ g112/Y (sky130_fd_sc_hd__nand2_2)
                                                         n120 (net)
                      0.063216    0.000143    2.029896 ^ g114/B (sky130_fd_sc_hd__nand2_1)
     1    0.004577    0.047948    0.065502    2.095397 v g114/Y (sky130_fd_sc_hd__nand2_1)
                                                         n122 (net)
                      0.047948    0.000140    2.095537 v g115/B (sky130_fd_sc_hd__nand2_2)
     1    0.011853    0.077493    0.094496    2.190033 ^ g115/Y (sky130_fd_sc_hd__nand2_2)
                                                         p[6] (net)
                      0.077493    0.000345    2.190378 ^ p[6] (out)
                                              2.190378   data arrival time

                      0.000000   10.000000   10.000000   clock __VIRTUAL_CLK__ (rise edge)
                                  0.000000   10.000000   clock network delay (ideal)
                                  0.000000   10.000000   clock reconvergence pessimism
                                  0.000000   10.000000   output external delay
                                             10.000000   data required time
---------------------------------------------------------------------------------------------
                                             10.000000   data required time
                                             -2.190378   data arrival time
---------------------------------------------------------------------------------------------
                                              7.809622   slack (MET)


Startpoint: b[2] (input port clocked by __VIRTUAL_CLK__)
Endpoint: p[7] (output port clocked by __VIRTUAL_CLK__)
Path Group: __VIRTUAL_CLK__
Path Type: max

Fanout         Cap        Slew       Delay        Time   Description
---------------------------------------------------------------------------------------------
                      0.000000    0.000000    0.000000   clock __VIRTUAL_CLK__ (rise edge)
                                  0.000000    0.000000   clock network delay (ideal)
                                  0.000000    0.000000 ^ input external delay
     4    0.023467    0.111163    0.080390    0.080390 ^ b[2] (in)
                                                         b[2] (net)
                      0.111168    0.000000    0.080390 ^ g4/B (sky130_fd_sc_hd__nand2_4)
     1    0.004739    0.033649    0.056777    0.137167 v g4/Y (sky130_fd_sc_hd__nand2_4)
                                                         n12 (net)
                      0.033649    0.000149    0.137316 v g5/A (sky130_fd_sc_hd__inv_2)
     2    0.012436    0.062088    0.069556    0.206873 ^ g5/Y (sky130_fd_sc_hd__inv_2)
                                                         n13 (net)
                      0.062091    0.000349    0.207222 ^ g37/B (sky130_fd_sc_hd__nand2_4)
     3    0.007502    0.031287    0.052525    0.259747 v g37/Y (sky130_fd_sc_hd__nand2_4)
                                                         n45 (net)
                      0.031287    0.000170    0.259917 v g39/B (sky130_fd_sc_hd__nand2_1)
     2    0.006045    0.069949    0.078939    0.338856 ^ g39/Y (sky130_fd_sc_hd__nand2_1)
                                                         n47 (net)
                      0.069949    0.000096    0.338952 ^ g119/B (sky130_fd_sc_hd__nand2_1)
     1    0.002695    0.033500    0.056451    0.395404 v g119/Y (sky130_fd_sc_hd__nand2_1)
                                                         n127 (net)
                      0.033500    0.000082    0.395485 v g118/A (sky130_fd_sc_hd__nand2_1)
     1    0.002725    0.042729    0.050687    0.446173 ^ g118/Y (sky130_fd_sc_hd__nand2_1)
                                                         n126 (net)
                      0.042729    0.000056    0.446229 ^ g45/B (sky130_fd_sc_hd__nand2_1)
     2    0.007409    0.059999    0.074587    0.520816 v g45/Y (sky130_fd_sc_hd__nand2_1)
                                                         n53 (net)
                      0.059999    0.000150    0.520966 v g50/B (sky130_fd_sc_hd__nand2_2)
     3    0.007965    0.059873    0.085725    0.606691 ^ g50/Y (sky130_fd_sc_hd__nand2_2)
                                                         n58 (net)
                      0.059873    0.000056    0.606747 ^ g54/B (sky130_fd_sc_hd__nand2_1)
     3    0.008169    0.070415    0.084273    0.691020 v g54/Y (sky130_fd_sc_hd__nand2_1)
                                                         n62 (net)
                      0.070415    0.000233    0.691253 v g55/B (sky130_fd_sc_hd__nand2_1)
     2    0.005470    0.066665    0.093634    0.784887 ^ g55/Y (sky130_fd_sc_hd__nand2_1)
                                                         n63 (net)
                      0.066665    0.000056    0.784943 ^ g57/B (sky130_fd_sc_hd__nand2_1)
     1    0.002575    0.037727    0.054893    0.839836 v g57/Y (sky130_fd_sc_hd__nand2_1)
                                                         n65 (net)
                      0.037727    0.000078    0.839914 v g58/B (sky130_fd_sc_hd__nand2_1)
     3    0.008763    0.093083    0.099637    0.939552 ^ g58/Y (sky130_fd_sc_hd__nand2_1)
                                                         n66 (net)
                      0.093083    0.000162    0.939714 ^ g67/A (sky130_fd_sc_hd__nand2_1)
     2    0.005181    0.052249    0.074822    1.014536 v g67/Y (sky130_fd_sc_hd__nand2_1)
                                                         n75 (net)
                      0.052249    0.000115    1.014651 v g68/B (sky130_fd_sc_hd__nand2_1)
     1    0.002548    0.041390    0.065814    1.080465 ^ g68/Y (sky130_fd_sc_hd__nand2_1)
                                                         n76 (net)
                      0.041390    0.000052    1.080516 ^ g70/A (sky130_fd_sc_hd__nand2_1)
     2    0.007913    0.063473    0.072877    1.153393 v g70/Y (sky130_fd_sc_hd__nand2_1)
                                                         n78 (net)
                      0.063493    0.000221    1.153614 v g71/A (sky130_fd_sc_hd__nand2_2)
     3    0.008399    0.062314    0.078996    1.232610 ^ g71/Y (sky130_fd_sc_hd__nand2_2)
                                                         n79 (net)
                      0.062314    0.000150    1.232760 ^ g73/B (sky130_fd_sc_hd__nand2_1)
     1    0.002454    0.031370    0.053096    1.285856 v g73/Y (sky130_fd_sc_hd__nand2_1)
                                                         n81 (net)
                      0.031370    0.000051    1.285907 v g74/B (sky130_fd_sc_hd__nand2_1)
     2    0.006911    0.077311    0.084579    1.370486 ^ g74/Y (sky130_fd_sc_hd__nand2_1)
                                                         n82 (net)
                      0.077312    0.000213    1.370699 ^ g90/A (sky130_fd_sc_hd__nand2_1)
     3    0.008206    0.068108    0.087190    1.457889 v g90/Y (sky130_fd_sc_hd__nand2_1)
                                                         n98 (net)
                      0.068108    0.000129    1.458018 v g92/B (sky130_fd_sc_hd__nand2_1)
     1    0.002660    0.044530    0.073855    1.531873 ^ g92/Y (sky130_fd_sc_hd__nand2_1)
                                                         n100 (net)
                      0.044530    0.000055    1.531928 ^ g93/B (sky130_fd_sc_hd__nand2_1)
     2    0.005902    0.049966    0.067017    1.598945 v g93/Y (sky130_fd_sc_hd__nand2_1)
                                                         n101 (net)
                      0.049966    0.000139    1.599084 v g94/A (sky130_fd_sc_hd__nand2_1)
     3    0.008329    0.089405    0.095188    1.694272 ^ g94/Y (sky130_fd_sc_hd__nand2_1)
                                                         n102 (net)
                      0.089405    0.000067    1.694339 ^ g98/B (sky130_fd_sc_hd__nand2_1)
     3    0.007860    0.068060    0.091889    1.786227 v g98/Y (sky130_fd_sc_hd__nand2_1)
                                                         n106 (net)
                      0.068060    0.000175    1.786402 v g117/B (sky130_fd_sc_hd__nand2_1)
     1    0.002844    0.045873    0.075109    1.861512 ^ g117/Y (sky130_fd_sc_hd__nand2_1)
                                                         n125 (net)
                      0.045873    0.000061    1.861572 ^ g107/B (sky130_fd_sc_hd__nand2_1)
     2    0.007643    0.066520    0.076897    1.938469 v g107/Y (sky130_fd_sc_hd__nand2_1)
                                                         n115 (net)
                      0.066520    0.000148    1.938617 v g112/B (sky130_fd_sc_hd__nand2_2)
     3    0.008584    0.063216    0.091135    2.029752 ^ g112/Y (sky130_fd_sc_hd__nand2_2)
                                                         n120 (net)
                      0.063216    0.000187    2.029940 ^ g116/B (sky130_fd_sc_hd__nand2_1)
     1    0.011790    0.091676    0.104876    2.134815 v g116/Y (sky130_fd_sc_hd__nand2_1)
                                                         p[7] (net)
                      0.091705    0.000334    2.135149 v p[7] (out)
                                              2.135149   data arrival time

                      0.000000   10.000000   10.000000   clock __VIRTUAL_CLK__ (rise edge)
                                  0.000000   10.000000   clock network delay (ideal)
                                  0.000000   10.000000   clock reconvergence pessimism
                                  0.000000   10.000000   output external delay
                                             10.000000   data required time
---------------------------------------------------------------------------------------------
                                             10.000000   data required time
                                             -2.135149   data arrival time
---------------------------------------------------------------------------------------------
                                              7.864851   slack (MET)


Startpoint: b[2] (input port clocked by __VIRTUAL_CLK__)
Endpoint: p[5] (output port clocked by __VIRTUAL_CLK__)
Path Group: __VIRTUAL_CLK__
Path Type: max

Fanout         Cap        Slew       Delay        Time   Description
---------------------------------------------------------------------------------------------
                      0.000000    0.000000    0.000000   clock __VIRTUAL_CLK__ (rise edge)
                                  0.000000    0.000000   clock network delay (ideal)
                                  0.000000    0.000000 ^ input external delay
     4    0.023467    0.111163    0.080390    0.080390 ^ b[2] (in)
                                                         b[2] (net)
                      0.111168    0.000000    0.080390 ^ g4/B (sky130_fd_sc_hd__nand2_4)
     1    0.004739    0.033649    0.056777    0.137167 v g4/Y (sky130_fd_sc_hd__nand2_4)
                                                         n12 (net)
                      0.033649    0.000149    0.137316 v g5/A (sky130_fd_sc_hd__inv_2)
     2    0.012436    0.062088    0.069556    0.206873 ^ g5/Y (sky130_fd_sc_hd__inv_2)
                                                         n13 (net)
                      0.062091    0.000349    0.207222 ^ g37/B (sky130_fd_sc_hd__nand2_4)
     3    0.007502    0.031287    0.052525    0.259747 v g37/Y (sky130_fd_sc_hd__nand2_4)
                                                         n45 (net)
                      0.031287    0.000170    0.259917 v g39/B (sky130_fd_sc_hd__nand2_1)
     2    0.006045    0.069949    0.078939    0.338856 ^ g39/Y (sky130_fd_sc_hd__nand2_1)
                                                         n47 (net)
                      0.069949    0.000096    0.338952 ^ g119/B (sky130_fd_sc_hd__nand2_1)
     1    0.002695    0.033500    0.056451    0.395404 v g119/Y (sky130_fd_sc_hd__nand2_1)
                                                         n127 (net)
                      0.033500    0.000082    0.395485 v g118/A (sky130_fd_sc_hd__nand2_1)
     1    0.002725    0.042729    0.050687    0.446173 ^ g118/Y (sky130_fd_sc_hd__nand2_1)
                                                         n126 (net)
                      0.042729    0.000056    0.446229 ^ g45/B (sky130_fd_sc_hd__nand2_1)
     2    0.007409    0.059999    0.074587    0.520816 v g45/Y (sky130_fd_sc_hd__nand2_1)
                                                         n53 (net)
                      0.059999    0.000150    0.520966 v g50/B (sky130_fd_sc_hd__nand2_2)
     3    0.007965    0.059873    0.085725    0.606691 ^ g50/Y (sky130_fd_sc_hd__nand2_2)
                                                         n58 (net)
                      0.059873    0.000056    0.606747 ^ g54/B (sky130_fd_sc_hd__nand2_1)
     3    0.008169    0.070415    0.084273    0.691020 v g54/Y (sky130_fd_sc_hd__nand2_1)
                                                         n62 (net)
                      0.070415    0.000233    0.691253 v g55/B (sky130_fd_sc_hd__nand2_1)
     2    0.005470    0.066665    0.093634    0.784887 ^ g55/Y (sky130_fd_sc_hd__nand2_1)
                                                         n63 (net)
                      0.066665    0.000056    0.784943 ^ g57/B (sky130_fd_sc_hd__nand2_1)
     1    0.002575    0.037727    0.054893    0.839836 v g57/Y (sky130_fd_sc_hd__nand2_1)
                                                         n65 (net)
                      0.037727    0.000078    0.839914 v g58/B (sky130_fd_sc_hd__nand2_1)
     3    0.008763    0.093083    0.099637    0.939552 ^ g58/Y (sky130_fd_sc_hd__nand2_1)
                                                         n66 (net)
                      0.093083    0.000162    0.939714 ^ g67/A (sky130_fd_sc_hd__nand2_1)
     2    0.005181    0.052249    0.074822    1.014536 v g67/Y (sky130_fd_sc_hd__nand2_1)
                                                         n75 (net)
                      0.052249    0.000115    1.014651 v g68/B (sky130_fd_sc_hd__nand2_1)
     1    0.002548    0.041390    0.065814    1.080465 ^ g68/Y (sky130_fd_sc_hd__nand2_1)
                                                         n76 (net)
                      0.041390    0.000052    1.080516 ^ g70/A (sky130_fd_sc_hd__nand2_1)
     2    0.007913    0.063473    0.072877    1.153393 v g70/Y (sky130_fd_sc_hd__nand2_1)
                                                         n78 (net)
                      0.063493    0.000221    1.153614 v g71/A (sky130_fd_sc_hd__nand2_2)
     3    0.008399    0.062314    0.078996    1.232610 ^ g71/Y (sky130_fd_sc_hd__nand2_2)
                                                         n79 (net)
                      0.062314    0.000150    1.232760 ^ g73/B (sky130_fd_sc_hd__nand2_1)
     1    0.002454    0.031370    0.053096    1.285856 v g73/Y (sky130_fd_sc_hd__nand2_1)
                                                         n81 (net)
                      0.031370    0.000051    1.285907 v g74/B (sky130_fd_sc_hd__nand2_1)
     2    0.006911    0.077311    0.084579    1.370486 ^ g74/Y (sky130_fd_sc_hd__nand2_1)
                                                         n82 (net)
                      0.077312    0.000213    1.370699 ^ g90/A (sky130_fd_sc_hd__nand2_1)
     3    0.008206    0.068108    0.087190    1.457889 v g90/Y (sky130_fd_sc_hd__nand2_1)
                                                         n98 (net)
                      0.068108    0.000129    1.458018 v g92/B (sky130_fd_sc_hd__nand2_1)
     1    0.002660    0.044530    0.073855    1.531873 ^ g92/Y (sky130_fd_sc_hd__nand2_1)
                                                         n100 (net)
                      0.044530    0.000055    1.531928 ^ g93/B (sky130_fd_sc_hd__nand2_1)
     2    0.005902    0.049966    0.067017    1.598945 v g93/Y (sky130_fd_sc_hd__nand2_1)
                                                         n101 (net)
                      0.049966    0.000139    1.599084 v g94/A (sky130_fd_sc_hd__nand2_1)
     3    0.008329    0.089405    0.095188    1.694272 ^ g94/Y (sky130_fd_sc_hd__nand2_1)
                                                         n102 (net)
                      0.089405    0.000067    1.694339 ^ g98/B (sky130_fd_sc_hd__nand2_1)
     3    0.007860    0.068060    0.091889    1.786227 v g98/Y (sky130_fd_sc_hd__nand2_1)
                                                         n106 (net)
                      0.068060    0.000127    1.786355 v g103/B (sky130_fd_sc_hd__nand2_1)
     2    0.005358    0.065524    0.091779    1.878133 ^ g103/Y (sky130_fd_sc_hd__nand2_1)
                                                         n111 (net)
                      0.065524    0.000081    1.878214 ^ g105/B (sky130_fd_sc_hd__nand2_1)
     1    0.002826    0.038694    0.056129    1.934344 v g105/Y (sky130_fd_sc_hd__nand2_1)
                                                         n113 (net)
                      0.038694    0.000087    1.934430 v g106/B (sky130_fd_sc_hd__nand2_1)
     1    0.011795    0.119083    0.119495    2.053925 ^ g106/Y (sky130_fd_sc_hd__nand2_1)
                                                         p[5] (net)
                      0.119084    0.000343    2.054268 ^ p[5] (out)
                                              2.054268   data arrival time

                      0.000000   10.000000   10.000000   clock __VIRTUAL_CLK__ (rise edge)
                                  0.000000   10.000000   clock network delay (ideal)
                                  0.000000   10.000000   clock reconvergence pessimism
                                  0.000000   10.000000   output external delay
                                             10.000000   data required time
---------------------------------------------------------------------------------------------
                                             10.000000   data required time
                                             -2.054268   data arrival time
---------------------------------------------------------------------------------------------
                                              7.945732   slack (MET)


Startpoint: b[2] (input port clocked by __VIRTUAL_CLK__)
Endpoint: p[4] (output port clocked by __VIRTUAL_CLK__)
Path Group: __VIRTUAL_CLK__
Path Type: max

Fanout         Cap        Slew       Delay        Time   Description
---------------------------------------------------------------------------------------------
                      0.000000    0.000000    0.000000   clock __VIRTUAL_CLK__ (rise edge)
                                  0.000000    0.000000   clock network delay (ideal)
                                  0.000000    0.000000 ^ input external delay
     4    0.023467    0.111163    0.080390    0.080390 ^ b[2] (in)
                                                         b[2] (net)
                      0.111168    0.000000    0.080390 ^ g4/B (sky130_fd_sc_hd__nand2_4)
     1    0.004739    0.033649    0.056777    0.137167 v g4/Y (sky130_fd_sc_hd__nand2_4)
                                                         n12 (net)
                      0.033649    0.000149    0.137316 v g5/A (sky130_fd_sc_hd__inv_2)
     2    0.012436    0.062088    0.069556    0.206873 ^ g5/Y (sky130_fd_sc_hd__inv_2)
                                                         n13 (net)
                      0.062091    0.000349    0.207222 ^ g37/B (sky130_fd_sc_hd__nand2_4)
     3    0.007502    0.031287    0.052525    0.259747 v g37/Y (sky130_fd_sc_hd__nand2_4)
                                                         n45 (net)
                      0.031287    0.000170    0.259917 v g39/B (sky130_fd_sc_hd__nand2_1)
     2    0.006045    0.069949    0.078939    0.338856 ^ g39/Y (sky130_fd_sc_hd__nand2_1)
                                                         n47 (net)
                      0.069949    0.000096    0.338952 ^ g119/B (sky130_fd_sc_hd__nand2_1)
     1    0.002695    0.033500    0.056451    0.395404 v g119/Y (sky130_fd_sc_hd__nand2_1)
                                                         n127 (net)
                      0.033500    0.000082    0.395485 v g118/A (sky130_fd_sc_hd__nand2_1)
     1    0.002725    0.042729    0.050687    0.446173 ^ g118/Y (sky130_fd_sc_hd__nand2_1)
                                                         n126 (net)
                      0.042729    0.000056    0.446229 ^ g45/B (sky130_fd_sc_hd__nand2_1)
     2    0.007409    0.059999    0.074587    0.520816 v g45/Y (sky130_fd_sc_hd__nand2_1)
                                                         n53 (net)
                      0.059999    0.000150    0.520966 v g50/B (sky130_fd_sc_hd__nand2_2)
     3    0.007965    0.059873    0.085725    0.606691 ^ g50/Y (sky130_fd_sc_hd__nand2_2)
                                                         n58 (net)
                      0.059873    0.000056    0.606747 ^ g54/B (sky130_fd_sc_hd__nand2_1)
     3    0.008169    0.070415    0.084273    0.691020 v g54/Y (sky130_fd_sc_hd__nand2_1)
                                                         n62 (net)
                      0.070415    0.000233    0.691253 v g55/B (sky130_fd_sc_hd__nand2_1)
     2    0.005470    0.066665    0.093634    0.784887 ^ g55/Y (sky130_fd_sc_hd__nand2_1)
                                                         n63 (net)
                      0.066665    0.000056    0.784943 ^ g57/B (sky130_fd_sc_hd__nand2_1)
     1    0.002575    0.037727    0.054893    0.839836 v g57/Y (sky130_fd_sc_hd__nand2_1)
                                                         n65 (net)
                      0.037727    0.000078    0.839914 v g58/B (sky130_fd_sc_hd__nand2_1)
     3    0.008763    0.093083    0.099637    0.939552 ^ g58/Y (sky130_fd_sc_hd__nand2_1)
                                                         n66 (net)
                      0.093083    0.000162    0.939714 ^ g67/A (sky130_fd_sc_hd__nand2_1)
     2    0.005181    0.052249    0.074822    1.014536 v g67/Y (sky130_fd_sc_hd__nand2_1)
                                                         n75 (net)
                      0.052249    0.000115    1.014651 v g68/B (sky130_fd_sc_hd__nand2_1)
     1    0.002548    0.041390    0.065814    1.080465 ^ g68/Y (sky130_fd_sc_hd__nand2_1)
                                                         n76 (net)
                      0.041390    0.000052    1.080516 ^ g70/A (sky130_fd_sc_hd__nand2_1)
     2    0.007913    0.063473    0.072877    1.153393 v g70/Y (sky130_fd_sc_hd__nand2_1)
                                                         n78 (net)
                      0.063493    0.000221    1.153614 v g71/A (sky130_fd_sc_hd__nand2_2)
     3    0.008399    0.062314    0.078996    1.232610 ^ g71/Y (sky130_fd_sc_hd__nand2_2)
                                                         n79 (net)
                      0.062314    0.000150    1.232760 ^ g73/B (sky130_fd_sc_hd__nand2_1)
     1    0.002454    0.031370    0.053096    1.285856 v g73/Y (sky130_fd_sc_hd__nand2_1)
                                                         n81 (net)
                      0.031370    0.000051    1.285907 v g74/B (sky130_fd_sc_hd__nand2_1)
     2    0.006911    0.077311    0.084579    1.370486 ^ g74/Y (sky130_fd_sc_hd__nand2_1)
                                                         n82 (net)
                      0.077312    0.000213    1.370699 ^ g90/A (sky130_fd_sc_hd__nand2_1)
     3    0.008206    0.068108    0.087190    1.457889 v g90/Y (sky130_fd_sc_hd__nand2_1)
                                                         n98 (net)
                      0.068108    0.000129    1.458018 v g92/B (sky130_fd_sc_hd__nand2_1)
     1    0.002660    0.044530    0.073855    1.531873 ^ g92/Y (sky130_fd_sc_hd__nand2_1)
                                                         n100 (net)
                      0.044530    0.000055    1.531928 ^ g93/B (sky130_fd_sc_hd__nand2_1)
     2    0.005902    0.049966    0.067017    1.598945 v g93/Y (sky130_fd_sc_hd__nand2_1)
                                                         n101 (net)
                      0.049966    0.000139    1.599084 v g94/A (sky130_fd_sc_hd__nand2_1)
     3    0.008329    0.089405    0.095188    1.694272 ^ g94/Y (sky130_fd_sc_hd__nand2_1)
                                                         n102 (net)
                      0.089405    0.000089    1.694360 ^ g96/B (sky130_fd_sc_hd__nand2_1)
     1    0.002506    0.032947    0.060104    1.754464 v g96/Y (sky130_fd_sc_hd__nand2_1)
                                                         n104 (net)
                      0.032947    0.000053    1.754516 v g97/B (sky130_fd_sc_hd__nand2_1)
     1    0.010855    0.110989    0.110831    1.865347 ^ g97/Y (sky130_fd_sc_hd__nand2_1)
                                                         p[4] (net)
                      0.110990    0.000234    1.865581 ^ p[4] (out)
                                              1.865581   data arrival time

                      0.000000   10.000000   10.000000   clock __VIRTUAL_CLK__ (rise edge)
                                  0.000000   10.000000   clock network delay (ideal)
                                  0.000000   10.000000   clock reconvergence pessimism
                                  0.000000   10.000000   output external delay
                                             10.000000   data required time
---------------------------------------------------------------------------------------------
                                             10.000000   data required time
                                             -1.865581   data arrival time
---------------------------------------------------------------------------------------------
                                              8.134418   slack (MET)


Startpoint: b[2] (input port clocked by __VIRTUAL_CLK__)
Endpoint: p[3] (output port clocked by __VIRTUAL_CLK__)
Path Group: __VIRTUAL_CLK__
Path Type: max

Fanout         Cap        Slew       Delay        Time   Description
---------------------------------------------------------------------------------------------
                      0.000000    0.000000    0.000000   clock __VIRTUAL_CLK__ (rise edge)
                                  0.000000    0.000000   clock network delay (ideal)
                                  0.000000    0.000000 ^ input external delay
     4    0.023467    0.111163    0.080390    0.080390 ^ b[2] (in)
                                                         b[2] (net)
                      0.111168    0.000000    0.080390 ^ g4/B (sky130_fd_sc_hd__nand2_4)
     1    0.004739    0.033649    0.056777    0.137167 v g4/Y (sky130_fd_sc_hd__nand2_4)
                                                         n12 (net)
                      0.033649    0.000149    0.137316 v g5/A (sky130_fd_sc_hd__inv_2)
     2    0.012436    0.062088    0.069556    0.206873 ^ g5/Y (sky130_fd_sc_hd__inv_2)
                                                         n13 (net)
                      0.062091    0.000349    0.207222 ^ g37/B (sky130_fd_sc_hd__nand2_4)
     3    0.007502    0.031287    0.052525    0.259747 v g37/Y (sky130_fd_sc_hd__nand2_4)
                                                         n45 (net)
                      0.031287    0.000170    0.259917 v g39/B (sky130_fd_sc_hd__nand2_1)
     2    0.006045    0.069949    0.078939    0.338856 ^ g39/Y (sky130_fd_sc_hd__nand2_1)
                                                         n47 (net)
                      0.069949    0.000096    0.338952 ^ g119/B (sky130_fd_sc_hd__nand2_1)
     1    0.002695    0.033500    0.056451    0.395404 v g119/Y (sky130_fd_sc_hd__nand2_1)
                                                         n127 (net)
                      0.033500    0.000082    0.395485 v g118/A (sky130_fd_sc_hd__nand2_1)
     1    0.002725    0.042729    0.050687    0.446173 ^ g118/Y (sky130_fd_sc_hd__nand2_1)
                                                         n126 (net)
                      0.042729    0.000056    0.446229 ^ g45/B (sky130_fd_sc_hd__nand2_1)
     2    0.007409    0.059999    0.074587    0.520816 v g45/Y (sky130_fd_sc_hd__nand2_1)
                                                         n53 (net)
                      0.059999    0.000150    0.520966 v g50/B (sky130_fd_sc_hd__nand2_2)
     3    0.007965    0.059873    0.085725    0.606691 ^ g50/Y (sky130_fd_sc_hd__nand2_2)
                                                         n58 (net)
                      0.059873    0.000090    0.606781 ^ g52/B (sky130_fd_sc_hd__nand2_1)
     1    0.002857    0.038019    0.054865    0.661646 v g52/Y (sky130_fd_sc_hd__nand2_1)
                                                         n60 (net)
                      0.038019    0.000086    0.661732 v g53/B (sky130_fd_sc_hd__nand2_1)
     2    0.008497    0.090828    0.098008    0.759741 ^ g53/Y (sky130_fd_sc_hd__nand2_1)
                                                         n61 (net)
                      0.090829    0.000249    0.759989 ^ g65/A (sky130_fd_sc_hd__xor3_2)
     2    0.005382    0.081030    0.458420    1.218409 v g65/X (sky130_fd_sc_hd__xor3_2)
                                                         n73 (net)
                      0.081030    0.000147    1.218556 v g85/A (sky130_fd_sc_hd__nand2_1)
     3    0.008550    0.091260    0.111029    1.329585 ^ g85/Y (sky130_fd_sc_hd__nand2_1)
                                                         n93 (net)
                      0.091260    0.000128    1.329713 ^ g87/B (sky130_fd_sc_hd__nand2_1)
     1    0.002773    0.034706    0.062358    1.392071 v g87/Y (sky130_fd_sc_hd__nand2_1)
                                                         n95 (net)
                      0.034706    0.000085    1.392156 v g88/B (sky130_fd_sc_hd__nand2_1)
     1    0.011605    0.117443    0.116445    1.508601 ^ g88/Y (sky130_fd_sc_hd__nand2_1)
                                                         p[3] (net)
                      0.117444    0.000280    1.508882 ^ p[3] (out)
                                              1.508882   data arrival time

                      0.000000   10.000000   10.000000   clock __VIRTUAL_CLK__ (rise edge)
                                  0.000000   10.000000   clock network delay (ideal)
                                  0.000000   10.000000   clock reconvergence pessimism
                                  0.000000   10.000000   output external delay
                                             10.000000   data required time
---------------------------------------------------------------------------------------------
                                             10.000000   data required time
                                             -1.508882   data arrival time
---------------------------------------------------------------------------------------------
                                              8.491118   slack (MET)


Startpoint: b[2] (input port clocked by __VIRTUAL_CLK__)
Endpoint: p[2] (output port clocked by __VIRTUAL_CLK__)
Path Group: __VIRTUAL_CLK__
Path Type: max

Fanout         Cap        Slew       Delay        Time   Description
---------------------------------------------------------------------------------------------
                      0.000000    0.000000    0.000000   clock __VIRTUAL_CLK__ (rise edge)
                                  0.000000    0.000000   clock network delay (ideal)
                                  0.000000    0.000000 ^ input external delay
     4    0.023467    0.111163    0.080390    0.080390 ^ b[2] (in)
                                                         b[2] (net)
                      0.111168    0.000000    0.080390 ^ g4/B (sky130_fd_sc_hd__nand2_4)
     1    0.004739    0.033649    0.056777    0.137167 v g4/Y (sky130_fd_sc_hd__nand2_4)
                                                         n12 (net)
                      0.033649    0.000149    0.137316 v g5/A (sky130_fd_sc_hd__inv_2)
     2    0.012436    0.062088    0.069556    0.206873 ^ g5/Y (sky130_fd_sc_hd__inv_2)
                                                         n13 (net)
                      0.062091    0.000349    0.207222 ^ g37/B (sky130_fd_sc_hd__nand2_4)
     3    0.007502    0.031287    0.052525    0.259747 v g37/Y (sky130_fd_sc_hd__nand2_4)
                                                         n45 (net)
                      0.031287    0.000170    0.259917 v g39/B (sky130_fd_sc_hd__nand2_1)
     2    0.006045    0.069949    0.078939    0.338856 ^ g39/Y (sky130_fd_sc_hd__nand2_1)
                                                         n47 (net)
                      0.069949    0.000144    0.339000 ^ g40/B (sky130_fd_sc_hd__nand2_1)
     2    0.005115    0.047488    0.070455    0.409456 v g40/Y (sky130_fd_sc_hd__nand2_1)
                                                         n48 (net)
                      0.047488    0.000090    0.409545 v g41/A (sky130_fd_sc_hd__nand2_1)
     2    0.005374    0.064298    0.074457    0.484003 ^ g41/Y (sky130_fd_sc_hd__nand2_1)
                                                         n49 (net)
                      0.064298    0.000084    0.484087 ^ g43/B (sky130_fd_sc_hd__nand2_1)
     1    0.002688    0.035788    0.054983    0.539070 v g43/Y (sky130_fd_sc_hd__nand2_1)
                                                         n51 (net)
                      0.035788    0.000081    0.539151 v g44/B (sky130_fd_sc_hd__nand2_1)
     2    0.005601    0.066209    0.078164    0.617315 ^ g44/Y (sky130_fd_sc_hd__nand2_1)
                                                         n52 (net)
                      0.066209    0.000102    0.617417 ^ g60/A (sky130_fd_sc_hd__nand2_1)
     3    0.010358    0.080297    0.094955    0.712371 v g60/Y (sky130_fd_sc_hd__nand2_1)
                                                         n68 (net)
                      0.080298    0.000214    0.712585 v g62/B (sky130_fd_sc_hd__nand2_1)
     1    0.002662    0.046388    0.079467    0.792052 ^ g62/Y (sky130_fd_sc_hd__nand2_1)
                                                         n70 (net)
                      0.046388    0.000080    0.792132 ^ g63/B (sky130_fd_sc_hd__nand2_1)
     1    0.011531    0.088091    0.097939    0.890071 v g63/Y (sky130_fd_sc_hd__nand2_1)
                                                         p[2] (net)
                      0.088092    0.000244    0.890315 v p[2] (out)
                                              0.890315   data arrival time

                      0.000000   10.000000   10.000000   clock __VIRTUAL_CLK__ (rise edge)
                                  0.000000   10.000000   clock network delay (ideal)
                                  0.000000   10.000000   clock reconvergence pessimism
                                  0.000000   10.000000   output external delay
                                             10.000000   data required time
---------------------------------------------------------------------------------------------
                                             10.000000   data required time
                                             -0.890315   data arrival time
---------------------------------------------------------------------------------------------
                                              9.109686   slack (MET)


Startpoint: a[0] (input port clocked by __VIRTUAL_CLK__)
Endpoint: p[1] (output port clocked by __VIRTUAL_CLK__)
Path Group: __VIRTUAL_CLK__
Path Type: max

Fanout         Cap        Slew       Delay        Time   Description
---------------------------------------------------------------------------------------------
                      0.000000    0.000000    0.000000   clock __VIRTUAL_CLK__ (rise edge)
                                  0.000000    0.000000   clock network delay (ideal)
                                  0.000000    0.000000 ^ input external delay
     4    0.020962    0.099987    0.072005    0.072005 ^ a[0] (in)
                                                         a[0] (net)
                      0.099989    0.000000    0.072005 ^ g2/A (sky130_fd_sc_hd__nand2_1)
     1    0.002588    0.039208    0.059681    0.131686 v g2/Y (sky130_fd_sc_hd__nand2_1)
                                                         n10 (net)
                      0.039208    0.000078    0.131763 v g3/A (sky130_fd_sc_hd__inv_1)
     2    0.005854    0.056543    0.066939    0.198703 ^ g3/Y (sky130_fd_sc_hd__inv_1)
                                                         n11 (net)
                      0.056543    0.000141    0.198844 ^ g32/B (sky130_fd_sc_hd__nand2_1)
     3    0.007463    0.060901    0.079380    0.278223 v g32/Y (sky130_fd_sc_hd__nand2_1)
                                                         n40 (net)
                      0.060901    0.000177    0.278400 v g34/B (sky130_fd_sc_hd__nand2_1)
     1    0.002656    0.043408    0.070513    0.348914 ^ g34/Y (sky130_fd_sc_hd__nand2_1)
                                                         n42 (net)
                      0.043408    0.000055    0.348968 ^ g35/B (sky130_fd_sc_hd__nand2_1)
     1    0.010812    0.083073    0.093071    0.442039 v g35/Y (sky130_fd_sc_hd__nand2_1)
                                                         p[1] (net)
                      0.083074    0.000242    0.442282 v p[1] (out)
                                              0.442282   data arrival time

                      0.000000   10.000000   10.000000   clock __VIRTUAL_CLK__ (rise edge)
                                  0.000000   10.000000   clock network delay (ideal)
                                  0.000000   10.000000   clock reconvergence pessimism
                                  0.000000   10.000000   output external delay
                                             10.000000   data required time
---------------------------------------------------------------------------------------------
                                             10.000000   data required time
                                             -0.442282   data arrival time
---------------------------------------------------------------------------------------------
                                              9.557718   slack (MET)


Startpoint: a[0] (input port clocked by __VIRTUAL_CLK__)
Endpoint: p[0] (output port clocked by __VIRTUAL_CLK__)
Path Group: __VIRTUAL_CLK__
Path Type: max

Fanout         Cap        Slew       Delay        Time   Description
---------------------------------------------------------------------------------------------
                      0.000000    0.000000    0.000000   clock __VIRTUAL_CLK__ (rise edge)
                                  0.000000    0.000000   clock network delay (ideal)
                                  0.000000    0.000000 ^ input external delay
     4    0.020962    0.099987    0.071987    0.071987 ^ a[0] (in)
                                                         a[0] (net)
                      0.099989    0.000000    0.071987 ^ g0/A (sky130_fd_sc_hd__nand2_1)
     1    0.002583    0.039177    0.059649    0.131636 v g0/Y (sky130_fd_sc_hd__nand2_1)
                                                         n8 (net)
                      0.039177    0.000056    0.131691 v g1/A (sky130_fd_sc_hd__inv_1)
     1    0.012381    0.108662    0.105763    0.237455 ^ g1/Y (sky130_fd_sc_hd__inv_1)
                                                         p[0] (net)
                      0.108664    0.000368    0.237823 ^ p[0] (out)
                                              0.237823   data arrival time

                      0.000000   10.000000   10.000000   clock __VIRTUAL_CLK__ (rise edge)
                                  0.000000   10.000000   clock network delay (ideal)
                                  0.000000   10.000000   clock reconvergence pessimism
                                  0.000000   10.000000   output external delay
                                             10.000000   data required time
---------------------------------------------------------------------------------------------
                                             10.000000   data required time
                                             -0.237823   data arrival time
---------------------------------------------------------------------------------------------
                                              9.762177   slack (MET)



