
===========================================================================
report_checks -path_delay max (Setup)
============================================================================
======================= nom_tt_025C_1v80 Corner ===================================

Startpoint: b[2] (input port clocked by __VIRTUAL_CLK__)
Endpoint: p[6] (output port clocked by __VIRTUAL_CLK__)
Path Group: __VIRTUAL_CLK__
Path Type: max

Fanout         Cap        Slew       Delay        Time   Description
---------------------------------------------------------------------------------------------
                      0.000000    0.000000    0.000000   clock __VIRTUAL_CLK__ (rise edge)
                                  0.000000    0.000000   clock network delay (ideal)
                                  0.000000    0.000000 ^ input external delay
     4    0.023022    0.109186    0.078862    0.078862 ^ b[2] (in)
                                                         b[2] (net)
                      0.109191    0.000000    0.078862 ^ g4/B (sky130_fd_sc_hd__nand2_4)
     1    0.004734    0.033542    0.056402    0.135264 v g4/Y (sky130_fd_sc_hd__nand2_4)
                                                         n12 (net)
                      0.033542    0.000148    0.135412 v g5/A (sky130_fd_sc_hd__inv_2)
     2    0.008205    0.043709    0.055440    0.190852 ^ g5/Y (sky130_fd_sc_hd__inv_2)
                                                         n13 (net)
                      0.043726    0.000237    0.191089 ^ g37/B (sky130_fd_sc_hd__nand2_2)
     3    0.008033    0.041220    0.060645    0.251734 v g37/Y (sky130_fd_sc_hd__nand2_2)
                                                         n45 (net)
                      0.041220    0.000183    0.251917 v g39/B (sky130_fd_sc_hd__nand2_1)
     2    0.005381    0.064361    0.079277    0.331194 ^ g39/Y (sky130_fd_sc_hd__nand2_1)
                                                         n47 (net)
                      0.064361    0.000083    0.331277 ^ g119/B (sky130_fd_sc_hd__nand2_1)
     1    0.002711    0.033203    0.055141    0.386418 v g119/Y (sky130_fd_sc_hd__nand2_1)
                                                         n127 (net)
                      0.033203    0.000081    0.386499 v g118/A (sky130_fd_sc_hd__nand2_1)
     1    0.002725    0.042726    0.050556    0.437055 ^ g118/Y (sky130_fd_sc_hd__nand2_1)
                                                         n126 (net)
                      0.042726    0.000056    0.437111 ^ g45/B (sky130_fd_sc_hd__nand2_1)
     2    0.004916    0.045394    0.061116    0.498227 v g45/Y (sky130_fd_sc_hd__nand2_1)
                                                         n53 (net)
                      0.045394    0.000082    0.498308 v g50/B (sky130_fd_sc_hd__nand2_1)
     4    0.011049    0.112648    0.117932    0.616240 ^ g50/Y (sky130_fd_sc_hd__nand2_1)
                                                         n58 (net)
                      0.112648    0.000174    0.616415 ^ g121/B (sky130_fd_sc_hd__nand2_1)
     1    0.003067    0.044189    0.069972    0.686386 v g121/Y (sky130_fd_sc_hd__nand2_1)
                                                         n129 (net)
                      0.044189    0.000096    0.686482 v g55/B (sky130_fd_sc_hd__nand2_1)
     3    0.007944    0.086138    0.097387    0.783869 ^ g55/Y (sky130_fd_sc_hd__nand2_1)
                                                         n63 (net)
                      0.086138    0.000087    0.783957 ^ g57/B (sky130_fd_sc_hd__nand2_1)
     1    0.002686    0.033551    0.060476    0.844433 v g57/Y (sky130_fd_sc_hd__nand2_1)
                                                         n65 (net)
                      0.033551    0.000081    0.844513 v g58/B (sky130_fd_sc_hd__nand2_1)
     3    0.008672    0.092304    0.097063    0.941576 ^ g58/Y (sky130_fd_sc_hd__nand2_1)
                                                         n66 (net)
                      0.092305    0.000230    0.941807 ^ g67/A (sky130_fd_sc_hd__nand2_1)
     2    0.005674    0.054954    0.077506    1.019313 v g67/Y (sky130_fd_sc_hd__nand2_1)
                                                         n75 (net)
                      0.054954    0.000101    1.019414 v g69/B (sky130_fd_sc_hd__nand2_1)
     1    0.002654    0.042487    0.067762    1.087176 ^ g69/Y (sky130_fd_sc_hd__nand2_1)
                                                         n77 (net)
                      0.042487    0.000054    1.087230 ^ g70/B (sky130_fd_sc_hd__nand2_1)
     2    0.007941    0.063616    0.077339    1.164570 v g70/Y (sky130_fd_sc_hd__nand2_1)
                                                         n78 (net)
                      0.063637    0.000226    1.164796 v g71/A (sky130_fd_sc_hd__nand2_2)
     3    0.008086    0.060945    0.077896    1.242692 ^ g71/Y (sky130_fd_sc_hd__nand2_2)
                                                         n79 (net)
                      0.060945    0.000054    1.242746 ^ g75/B (sky130_fd_sc_hd__nand2_1)
     2    0.005554    0.050587    0.070268    1.313014 v g75/Y (sky130_fd_sc_hd__nand2_1)
                                                         n83 (net)
                      0.050587    0.000097    1.313112 v g80/B (sky130_fd_sc_hd__nand2_1)
     3    0.008990    0.095022    0.107154    1.420265 ^ g80/Y (sky130_fd_sc_hd__nand2_1)
                                                         n88 (net)
                      0.095022    0.000195    1.420460 ^ g82/B (sky130_fd_sc_hd__nand2_1)
     1    0.002434    0.033269    0.060997    1.481457 v g82/Y (sky130_fd_sc_hd__nand2_1)
                                                         n90 (net)
                      0.033269    0.000050    1.481508 v g83/B (sky130_fd_sc_hd__nand2_1)
     2    0.006135    0.070709    0.080429    1.561937 ^ g83/Y (sky130_fd_sc_hd__nand2_1)
                                                         n91 (net)
                      0.070709    0.000177    1.562113 ^ g99/A (sky130_fd_sc_hd__nand2_1)
     3    0.008340    0.068037    0.085618    1.647731 v g99/Y (sky130_fd_sc_hd__nand2_1)
                                                         n107 (net)
                      0.068037    0.000131    1.647862 v g101/B (sky130_fd_sc_hd__nand2_1)
     1    0.002618    0.044210    0.073531    1.721393 ^ g101/Y (sky130_fd_sc_hd__nand2_1)
                                                         n109 (net)
                      0.044210    0.000054    1.721447 ^ g102/B (sky130_fd_sc_hd__nand2_1)
     3    0.007808    0.062756    0.077197    1.798643 v g102/Y (sky130_fd_sc_hd__nand2_1)
                                                         n110 (net)
                      0.062776    0.000196    1.798840 v g117/A (sky130_fd_sc_hd__nand2_1)
     1    0.002854    0.045748    0.064404    1.863244 ^ g117/Y (sky130_fd_sc_hd__nand2_1)
                                                         n125 (net)
                      0.045748    0.000061    1.863304 ^ g107/B (sky130_fd_sc_hd__nand2_1)
     2    0.007071    0.063462    0.073766    1.937071 v g107/Y (sky130_fd_sc_hd__nand2_1)
                                                         n115 (net)
                      0.063462    0.000142    1.937212 v g112/B (sky130_fd_sc_hd__nand2_2)
     3    0.008448    0.062354    0.089181    2.026394 ^ g112/Y (sky130_fd_sc_hd__nand2_2)
                                                         n120 (net)
                      0.062354    0.000080    2.026474 ^ g114/B (sky130_fd_sc_hd__nand2_1)
     1    0.004873    0.048777    0.066909    2.093383 v g114/Y (sky130_fd_sc_hd__nand2_1)
                                                         n122 (net)
                      0.048777    0.000111    2.093494 v g115/B (sky130_fd_sc_hd__nand2_2)
     1    0.011938    0.077891    0.095195    2.188689 ^ g115/Y (sky130_fd_sc_hd__nand2_2)
                                                         p[6] (net)
                      0.077891    0.000343    2.189031 ^ p[6] (out)
                                              2.189031   data arrival time

                      0.000000   10.000000   10.000000   clock __VIRTUAL_CLK__ (rise edge)
                                  0.000000   10.000000   clock network delay (ideal)
                                  0.000000   10.000000   clock reconvergence pessimism
                                  0.000000   10.000000   output external delay
                                             10.000000   data required time
---------------------------------------------------------------------------------------------
                                             10.000000   data required time
                                             -2.189031   data arrival time
---------------------------------------------------------------------------------------------
                                              7.810969   slack (MET)


Startpoint: b[2] (input port clocked by __VIRTUAL_CLK__)
Endpoint: p[7] (output port clocked by __VIRTUAL_CLK__)
Path Group: __VIRTUAL_CLK__
Path Type: max

Fanout         Cap        Slew       Delay        Time   Description
---------------------------------------------------------------------------------------------
                      0.000000    0.000000    0.000000   clock __VIRTUAL_CLK__ (rise edge)
                                  0.000000    0.000000   clock network delay (ideal)
                                  0.000000    0.000000 ^ input external delay
     4    0.023022    0.109186    0.078862    0.078862 ^ b[2] (in)
                                                         b[2] (net)
                      0.109191    0.000000    0.078862 ^ g4/B (sky130_fd_sc_hd__nand2_4)
     1    0.004734    0.033542    0.056402    0.135264 v g4/Y (sky130_fd_sc_hd__nand2_4)
                                                         n12 (net)
                      0.033542    0.000148    0.135412 v g5/A (sky130_fd_sc_hd__inv_2)
     2    0.008205    0.043709    0.055440    0.190852 ^ g5/Y (sky130_fd_sc_hd__inv_2)
                                                         n13 (net)
                      0.043726    0.000237    0.191089 ^ g37/B (sky130_fd_sc_hd__nand2_2)
     3    0.008033    0.041220    0.060645    0.251734 v g37/Y (sky130_fd_sc_hd__nand2_2)
                                                         n45 (net)
                      0.041220    0.000183    0.251917 v g39/B (sky130_fd_sc_hd__nand2_1)
     2    0.005381    0.064361    0.079277    0.331194 ^ g39/Y (sky130_fd_sc_hd__nand2_1)
                                                         n47 (net)
                      0.064361    0.000083    0.331277 ^ g119/B (sky130_fd_sc_hd__nand2_1)
     1    0.002711    0.033203    0.055141    0.386418 v g119/Y (sky130_fd_sc_hd__nand2_1)
                                                         n127 (net)
                      0.033203    0.000081    0.386499 v g118/A (sky130_fd_sc_hd__nand2_1)
     1    0.002725    0.042726    0.050556    0.437055 ^ g118/Y (sky130_fd_sc_hd__nand2_1)
                                                         n126 (net)
                      0.042726    0.000056    0.437111 ^ g45/B (sky130_fd_sc_hd__nand2_1)
     2    0.004916    0.045394    0.061116    0.498227 v g45/Y (sky130_fd_sc_hd__nand2_1)
                                                         n53 (net)
                      0.045394    0.000082    0.498308 v g50/B (sky130_fd_sc_hd__nand2_1)
     4    0.011049    0.112648    0.117932    0.616240 ^ g50/Y (sky130_fd_sc_hd__nand2_1)
                                                         n58 (net)
                      0.112648    0.000174    0.616415 ^ g121/B (sky130_fd_sc_hd__nand2_1)
     1    0.003067    0.044189    0.069972    0.686386 v g121/Y (sky130_fd_sc_hd__nand2_1)
                                                         n129 (net)
                      0.044189    0.000096    0.686482 v g55/B (sky130_fd_sc_hd__nand2_1)
     3    0.007944    0.086138    0.097387    0.783869 ^ g55/Y (sky130_fd_sc_hd__nand2_1)
                                                         n63 (net)
                      0.086138    0.000087    0.783957 ^ g57/B (sky130_fd_sc_hd__nand2_1)
     1    0.002686    0.033551    0.060476    0.844433 v g57/Y (sky130_fd_sc_hd__nand2_1)
                                                         n65 (net)
                      0.033551    0.000081    0.844513 v g58/B (sky130_fd_sc_hd__nand2_1)
     3    0.008672    0.092304    0.097063    0.941576 ^ g58/Y (sky130_fd_sc_hd__nand2_1)
                                                         n66 (net)
                      0.092305    0.000230    0.941807 ^ g67/A (sky130_fd_sc_hd__nand2_1)
     2    0.005674    0.054954    0.077506    1.019313 v g67/Y (sky130_fd_sc_hd__nand2_1)
                                                         n75 (net)
                      0.054954    0.000101    1.019414 v g69/B (sky130_fd_sc_hd__nand2_1)
     1    0.002654    0.042487    0.067762    1.087176 ^ g69/Y (sky130_fd_sc_hd__nand2_1)
                                                         n77 (net)
                      0.042487    0.000054    1.087230 ^ g70/B (sky130_fd_sc_hd__nand2_1)
     2    0.007941    0.063616    0.077339    1.164570 v g70/Y (sky130_fd_sc_hd__nand2_1)
                                                         n78 (net)
                      0.063637    0.000226    1.164796 v g71/A (sky130_fd_sc_hd__nand2_2)
     3    0.008086    0.060945    0.077896    1.242692 ^ g71/Y (sky130_fd_sc_hd__nand2_2)
                                                         n79 (net)
                      0.060945    0.000054    1.242746 ^ g75/B (sky130_fd_sc_hd__nand2_1)
     2    0.005554    0.050587    0.070268    1.313014 v g75/Y (sky130_fd_sc_hd__nand2_1)
                                                         n83 (net)
                      0.050587    0.000097    1.313112 v g80/B (sky130_fd_sc_hd__nand2_1)
     3    0.008990    0.095022    0.107154    1.420265 ^ g80/Y (sky130_fd_sc_hd__nand2_1)
                                                         n88 (net)
                      0.095022    0.000195    1.420460 ^ g82/B (sky130_fd_sc_hd__nand2_1)
     1    0.002434    0.033269    0.060997    1.481457 v g82/Y (sky130_fd_sc_hd__nand2_1)
                                                         n90 (net)
                      0.033269    0.000050    1.481508 v g83/B (sky130_fd_sc_hd__nand2_1)
     2    0.006135    0.070709    0.080429    1.561937 ^ g83/Y (sky130_fd_sc_hd__nand2_1)
                                                         n91 (net)
                      0.070709    0.000177    1.562113 ^ g99/A (sky130_fd_sc_hd__nand2_1)
     3    0.008340    0.068037    0.085618    1.647731 v g99/Y (sky130_fd_sc_hd__nand2_1)
                                                         n107 (net)
                      0.068037    0.000131    1.647862 v g101/B (sky130_fd_sc_hd__nand2_1)
     1    0.002618    0.044210    0.073531    1.721393 ^ g101/Y (sky130_fd_sc_hd__nand2_1)
                                                         n109 (net)
                      0.044210    0.000054    1.721447 ^ g102/B (sky130_fd_sc_hd__nand2_1)
     3    0.007808    0.062756    0.077197    1.798643 v g102/Y (sky130_fd_sc_hd__nand2_1)
                                                         n110 (net)
                      0.062776    0.000196    1.798840 v g117/A (sky130_fd_sc_hd__nand2_1)
     1    0.002854    0.045748    0.064404    1.863244 ^ g117/Y (sky130_fd_sc_hd__nand2_1)
                                                         n125 (net)
                      0.045748    0.000061    1.863304 ^ g107/B (sky130_fd_sc_hd__nand2_1)
     2    0.007071    0.063462    0.073766    1.937071 v g107/Y (sky130_fd_sc_hd__nand2_1)
                                                         n115 (net)
                      0.063462    0.000142    1.937212 v g112/B (sky130_fd_sc_hd__nand2_2)
     3    0.008448    0.062354    0.089181    2.026394 ^ g112/Y (sky130_fd_sc_hd__nand2_2)
                                                         n120 (net)
                      0.062354    0.000131    2.026525 ^ g116/B (sky130_fd_sc_hd__nand2_1)
     1    0.011176    0.087963    0.101329    2.127854 v g116/Y (sky130_fd_sc_hd__nand2_1)
                                                         p[7] (net)
                      0.087990    0.000274    2.128128 v p[7] (out)
                                              2.128128   data arrival time

                      0.000000   10.000000   10.000000   clock __VIRTUAL_CLK__ (rise edge)
                                  0.000000   10.000000   clock network delay (ideal)
                                  0.000000   10.000000   clock reconvergence pessimism
                                  0.000000   10.000000   output external delay
                                             10.000000   data required time
---------------------------------------------------------------------------------------------
                                             10.000000   data required time
                                             -2.128128   data arrival time
---------------------------------------------------------------------------------------------
                                              7.871872   slack (MET)


Startpoint: b[2] (input port clocked by __VIRTUAL_CLK__)
Endpoint: p[5] (output port clocked by __VIRTUAL_CLK__)
Path Group: __VIRTUAL_CLK__
Path Type: max

Fanout         Cap        Slew       Delay        Time   Description
---------------------------------------------------------------------------------------------
                      0.000000    0.000000    0.000000   clock __VIRTUAL_CLK__ (rise edge)
                                  0.000000    0.000000   clock network delay (ideal)
                                  0.000000    0.000000 ^ input external delay
     4    0.023022    0.109186    0.078862    0.078862 ^ b[2] (in)
                                                         b[2] (net)
                      0.109191    0.000000    0.078862 ^ g4/B (sky130_fd_sc_hd__nand2_4)
     1    0.004734    0.033542    0.056402    0.135264 v g4/Y (sky130_fd_sc_hd__nand2_4)
                                                         n12 (net)
                      0.033542    0.000148    0.135412 v g5/A (sky130_fd_sc_hd__inv_2)
     2    0.008205    0.043709    0.055440    0.190852 ^ g5/Y (sky130_fd_sc_hd__inv_2)
                                                         n13 (net)
                      0.043726    0.000237    0.191089 ^ g37/B (sky130_fd_sc_hd__nand2_2)
     3    0.008033    0.041220    0.060645    0.251734 v g37/Y (sky130_fd_sc_hd__nand2_2)
                                                         n45 (net)
                      0.041220    0.000183    0.251917 v g39/B (sky130_fd_sc_hd__nand2_1)
     2    0.005381    0.064361    0.079277    0.331194 ^ g39/Y (sky130_fd_sc_hd__nand2_1)
                                                         n47 (net)
                      0.064361    0.000083    0.331277 ^ g119/B (sky130_fd_sc_hd__nand2_1)
     1    0.002711    0.033203    0.055141    0.386418 v g119/Y (sky130_fd_sc_hd__nand2_1)
                                                         n127 (net)
                      0.033203    0.000081    0.386499 v g118/A (sky130_fd_sc_hd__nand2_1)
     1    0.002725    0.042726    0.050556    0.437055 ^ g118/Y (sky130_fd_sc_hd__nand2_1)
                                                         n126 (net)
                      0.042726    0.000056    0.437111 ^ g45/B (sky130_fd_sc_hd__nand2_1)
     2    0.004916    0.045394    0.061116    0.498227 v g45/Y (sky130_fd_sc_hd__nand2_1)
                                                         n53 (net)
                      0.045394    0.000082    0.498308 v g50/B (sky130_fd_sc_hd__nand2_1)
     4    0.011049    0.112648    0.117932    0.616240 ^ g50/Y (sky130_fd_sc_hd__nand2_1)
                                                         n58 (net)
                      0.112648    0.000174    0.616415 ^ g121/B (sky130_fd_sc_hd__nand2_1)
     1    0.003067    0.044189    0.069972    0.686386 v g121/Y (sky130_fd_sc_hd__nand2_1)
                                                         n129 (net)
                      0.044189    0.000096    0.686482 v g55/B (sky130_fd_sc_hd__nand2_1)
     3    0.007944    0.086138    0.097387    0.783869 ^ g55/Y (sky130_fd_sc_hd__nand2_1)
                                                         n63 (net)
                      0.086138    0.000087    0.783957 ^ g57/B (sky130_fd_sc_hd__nand2_1)
     1    0.002686    0.033551    0.060476    0.844433 v g57/Y (sky130_fd_sc_hd__nand2_1)
                                                         n65 (net)
                      0.033551    0.000081    0.844513 v g58/B (sky130_fd_sc_hd__nand2_1)
     3    0.008672    0.092304    0.097063    0.941576 ^ g58/Y (sky130_fd_sc_hd__nand2_1)
                                                         n66 (net)
                      0.092305    0.000230    0.941807 ^ g67/A (sky130_fd_sc_hd__nand2_1)
     2    0.005674    0.054954    0.077506    1.019313 v g67/Y (sky130_fd_sc_hd__nand2_1)
                                                         n75 (net)
                      0.054954    0.000101    1.019414 v g69/B (sky130_fd_sc_hd__nand2_1)
     1    0.002654    0.042487    0.067762    1.087176 ^ g69/Y (sky130_fd_sc_hd__nand2_1)
                                                         n77 (net)
                      0.042487    0.000054    1.087230 ^ g70/B (sky130_fd_sc_hd__nand2_1)
     2    0.007941    0.063616    0.077339    1.164570 v g70/Y (sky130_fd_sc_hd__nand2_1)
                                                         n78 (net)
                      0.063637    0.000226    1.164796 v g71/A (sky130_fd_sc_hd__nand2_2)
     3    0.008086    0.060945    0.077896    1.242692 ^ g71/Y (sky130_fd_sc_hd__nand2_2)
                                                         n79 (net)
                      0.060945    0.000054    1.242746 ^ g75/B (sky130_fd_sc_hd__nand2_1)
     2    0.005554    0.050587    0.070268    1.313014 v g75/Y (sky130_fd_sc_hd__nand2_1)
                                                         n83 (net)
                      0.050587    0.000097    1.313112 v g80/B (sky130_fd_sc_hd__nand2_1)
     3    0.008990    0.095022    0.107154    1.420265 ^ g80/Y (sky130_fd_sc_hd__nand2_1)
                                                         n88 (net)
                      0.095022    0.000195    1.420460 ^ g82/B (sky130_fd_sc_hd__nand2_1)
     1    0.002434    0.033269    0.060997    1.481457 v g82/Y (sky130_fd_sc_hd__nand2_1)
                                                         n90 (net)
                      0.033269    0.000050    1.481508 v g83/B (sky130_fd_sc_hd__nand2_1)
     2    0.006135    0.070709    0.080429    1.561937 ^ g83/Y (sky130_fd_sc_hd__nand2_1)
                                                         n91 (net)
                      0.070709    0.000177    1.562113 ^ g99/A (sky130_fd_sc_hd__nand2_1)
     3    0.008340    0.068037    0.085618    1.647731 v g99/Y (sky130_fd_sc_hd__nand2_1)
                                                         n107 (net)
                      0.068037    0.000131    1.647862 v g101/B (sky130_fd_sc_hd__nand2_1)
     1    0.002618    0.044210    0.073531    1.721393 ^ g101/Y (sky130_fd_sc_hd__nand2_1)
                                                         n109 (net)
                      0.044210    0.000054    1.721447 ^ g102/B (sky130_fd_sc_hd__nand2_1)
     3    0.007808    0.062756    0.077197    1.798643 v g102/Y (sky130_fd_sc_hd__nand2_1)
                                                         n110 (net)
                      0.062776    0.000235    1.798879 v g103/A (sky130_fd_sc_hd__nand2_1)
     2    0.005236    0.064408    0.080444    1.879323 ^ g103/Y (sky130_fd_sc_hd__nand2_1)
                                                         n111 (net)
                      0.064408    0.000080    1.879403 ^ g105/B (sky130_fd_sc_hd__nand2_1)
     1    0.002876    0.038515    0.056143    1.935546 v g105/Y (sky130_fd_sc_hd__nand2_1)
                                                         n113 (net)
                      0.038515    0.000089    1.935635 v g106/B (sky130_fd_sc_hd__nand2_1)
     1    0.012234    0.122860    0.122194    2.057829 ^ g106/Y (sky130_fd_sc_hd__nand2_1)
                                                         p[5] (net)
                      0.122862    0.000400    2.058228 ^ p[5] (out)
                                              2.058228   data arrival time

                      0.000000   10.000000   10.000000   clock __VIRTUAL_CLK__ (rise edge)
                                  0.000000   10.000000   clock network delay (ideal)
                                  0.000000   10.000000   clock reconvergence pessimism
                                  0.000000   10.000000   output external delay
                                             10.000000   data required time
---------------------------------------------------------------------------------------------
                                             10.000000   data required time
                                             -2.058228   data arrival time
---------------------------------------------------------------------------------------------
                                              7.941772   slack (MET)


Startpoint: b[2] (input port clocked by __VIRTUAL_CLK__)
Endpoint: p[4] (output port clocked by __VIRTUAL_CLK__)
Path Group: __VIRTUAL_CLK__
Path Type: max

Fanout         Cap        Slew       Delay        Time   Description
---------------------------------------------------------------------------------------------
                      0.000000    0.000000    0.000000   clock __VIRTUAL_CLK__ (rise edge)
                                  0.000000    0.000000   clock network delay (ideal)
                                  0.000000    0.000000 ^ input external delay
     4    0.023022    0.109186    0.078862    0.078862 ^ b[2] (in)
                                                         b[2] (net)
                      0.109191    0.000000    0.078862 ^ g4/B (sky130_fd_sc_hd__nand2_4)
     1    0.004734    0.033542    0.056402    0.135264 v g4/Y (sky130_fd_sc_hd__nand2_4)
                                                         n12 (net)
                      0.033542    0.000148    0.135412 v g5/A (sky130_fd_sc_hd__inv_2)
     2    0.008205    0.043709    0.055440    0.190852 ^ g5/Y (sky130_fd_sc_hd__inv_2)
                                                         n13 (net)
                      0.043726    0.000237    0.191089 ^ g37/B (sky130_fd_sc_hd__nand2_2)
     3    0.008033    0.041220    0.060645    0.251734 v g37/Y (sky130_fd_sc_hd__nand2_2)
                                                         n45 (net)
                      0.041220    0.000183    0.251917 v g39/B (sky130_fd_sc_hd__nand2_1)
     2    0.005381    0.064361    0.079277    0.331194 ^ g39/Y (sky130_fd_sc_hd__nand2_1)
                                                         n47 (net)
                      0.064361    0.000083    0.331277 ^ g119/B (sky130_fd_sc_hd__nand2_1)
     1    0.002711    0.033203    0.055141    0.386418 v g119/Y (sky130_fd_sc_hd__nand2_1)
                                                         n127 (net)
                      0.033203    0.000081    0.386499 v g118/A (sky130_fd_sc_hd__nand2_1)
     1    0.002725    0.042726    0.050556    0.437055 ^ g118/Y (sky130_fd_sc_hd__nand2_1)
                                                         n126 (net)
                      0.042726    0.000056    0.437111 ^ g45/B (sky130_fd_sc_hd__nand2_1)
     2    0.004916    0.045394    0.061116    0.498227 v g45/Y (sky130_fd_sc_hd__nand2_1)
                                                         n53 (net)
                      0.045394    0.000082    0.498308 v g50/B (sky130_fd_sc_hd__nand2_1)
     4    0.011049    0.112648    0.117932    0.616240 ^ g50/Y (sky130_fd_sc_hd__nand2_1)
                                                         n58 (net)
                      0.112648    0.000174    0.616415 ^ g121/B (sky130_fd_sc_hd__nand2_1)
     1    0.003067    0.044189    0.069972    0.686386 v g121/Y (sky130_fd_sc_hd__nand2_1)
                                                         n129 (net)
                      0.044189    0.000096    0.686482 v g55/B (sky130_fd_sc_hd__nand2_1)
     3    0.007944    0.086138    0.097387    0.783869 ^ g55/Y (sky130_fd_sc_hd__nand2_1)
                                                         n63 (net)
                      0.086138    0.000087    0.783957 ^ g57/B (sky130_fd_sc_hd__nand2_1)
     1    0.002686    0.033551    0.060476    0.844433 v g57/Y (sky130_fd_sc_hd__nand2_1)
                                                         n65 (net)
                      0.033551    0.000081    0.844513 v g58/B (sky130_fd_sc_hd__nand2_1)
     3    0.008672    0.092304    0.097063    0.941576 ^ g58/Y (sky130_fd_sc_hd__nand2_1)
                                                         n66 (net)
                      0.092305    0.000230    0.941807 ^ g67/A (sky130_fd_sc_hd__nand2_1)
     2    0.005674    0.054954    0.077506    1.019313 v g67/Y (sky130_fd_sc_hd__nand2_1)
                                                         n75 (net)
                      0.054954    0.000101    1.019414 v g69/B (sky130_fd_sc_hd__nand2_1)
     1    0.002654    0.042487    0.067762    1.087176 ^ g69/Y (sky130_fd_sc_hd__nand2_1)
                                                         n77 (net)
                      0.042487    0.000054    1.087230 ^ g70/B (sky130_fd_sc_hd__nand2_1)
     2    0.007941    0.063616    0.077339    1.164570 v g70/Y (sky130_fd_sc_hd__nand2_1)
                                                         n78 (net)
                      0.063637    0.000226    1.164796 v g71/A (sky130_fd_sc_hd__nand2_2)
     3    0.008086    0.060945    0.077896    1.242692 ^ g71/Y (sky130_fd_sc_hd__nand2_2)
                                                         n79 (net)
                      0.060947    0.000119    1.242811 ^ g73/B (sky130_fd_sc_hd__nand2_1)
     1    0.002424    0.031310    0.052582    1.295393 v g73/Y (sky130_fd_sc_hd__nand2_1)
                                                         n81 (net)
                      0.031310    0.000049    1.295442 v g74/B (sky130_fd_sc_hd__nand2_1)
     2    0.006021    0.069752    0.078776    1.374218 ^ g74/Y (sky130_fd_sc_hd__nand2_1)
                                                         n82 (net)
                      0.069752    0.000163    1.374381 ^ g90/A (sky130_fd_sc_hd__nand2_1)
     3    0.008484    0.068748    0.086081    1.460462 v g90/Y (sky130_fd_sc_hd__nand2_1)
                                                         n98 (net)
                      0.068748    0.000179    1.460641 v g92/B (sky130_fd_sc_hd__nand2_1)
     1    0.002660    0.044623    0.074147    1.534787 ^ g92/Y (sky130_fd_sc_hd__nand2_1)
                                                         n100 (net)
                      0.044623    0.000055    1.534842 ^ g93/B (sky130_fd_sc_hd__nand2_1)
     2    0.005514    0.047440    0.064939    1.599781 v g93/Y (sky130_fd_sc_hd__nand2_1)
                                                         n101 (net)
                      0.047440    0.000147    1.599928 v g94/A (sky130_fd_sc_hd__nand2_1)
     3    0.008162    0.087990    0.092940    1.692869 ^ g94/Y (sky130_fd_sc_hd__nand2_1)
                                                         n102 (net)
                      0.087990    0.000117    1.692986 ^ g96/B (sky130_fd_sc_hd__nand2_1)
     1    0.002724    0.034009    0.061202    1.754188 v g96/Y (sky130_fd_sc_hd__nand2_1)
                                                         n104 (net)
                      0.034009    0.000082    1.754270 v g97/B (sky130_fd_sc_hd__nand2_1)
     1    0.011756    0.118751    0.117070    1.871340 ^ g97/Y (sky130_fd_sc_hd__nand2_1)
                                                         p[4] (net)
                      0.118752    0.000329    1.871669 ^ p[4] (out)
                                              1.871669   data arrival time

                      0.000000   10.000000   10.000000   clock __VIRTUAL_CLK__ (rise edge)
                                  0.000000   10.000000   clock network delay (ideal)
                                  0.000000   10.000000   clock reconvergence pessimism
                                  0.000000   10.000000   output external delay
                                             10.000000   data required time
---------------------------------------------------------------------------------------------
                                             10.000000   data required time
                                             -1.871669   data arrival time
---------------------------------------------------------------------------------------------
                                              8.128331   slack (MET)


Startpoint: b[2] (input port clocked by __VIRTUAL_CLK__)
Endpoint: p[3] (output port clocked by __VIRTUAL_CLK__)
Path Group: __VIRTUAL_CLK__
Path Type: max

Fanout         Cap        Slew       Delay        Time   Description
---------------------------------------------------------------------------------------------
                      0.000000    0.000000    0.000000   clock __VIRTUAL_CLK__ (rise edge)
                                  0.000000    0.000000   clock network delay (ideal)
                                  0.000000    0.000000 ^ input external delay
     4    0.023022    0.109186    0.078862    0.078862 ^ b[2] (in)
                                                         b[2] (net)
                      0.109191    0.000000    0.078862 ^ g4/B (sky130_fd_sc_hd__nand2_4)
     1    0.004734    0.033542    0.056402    0.135264 v g4/Y (sky130_fd_sc_hd__nand2_4)
                                                         n12 (net)
                      0.033542    0.000148    0.135412 v g5/A (sky130_fd_sc_hd__inv_2)
     2    0.008205    0.043709    0.055440    0.190852 ^ g5/Y (sky130_fd_sc_hd__inv_2)
                                                         n13 (net)
                      0.043726    0.000237    0.191089 ^ g37/B (sky130_fd_sc_hd__nand2_2)
     3    0.008033    0.041220    0.060645    0.251734 v g37/Y (sky130_fd_sc_hd__nand2_2)
                                                         n45 (net)
                      0.041220    0.000183    0.251917 v g39/B (sky130_fd_sc_hd__nand2_1)
     2    0.005381    0.064361    0.079277    0.331194 ^ g39/Y (sky130_fd_sc_hd__nand2_1)
                                                         n47 (net)
                      0.064361    0.000083    0.331277 ^ g119/B (sky130_fd_sc_hd__nand2_1)
     1    0.002711    0.033203    0.055141    0.386418 v g119/Y (sky130_fd_sc_hd__nand2_1)
                                                         n127 (net)
                      0.033203    0.000081    0.386499 v g118/A (sky130_fd_sc_hd__nand2_1)
     1    0.002725    0.042726    0.050556    0.437055 ^ g118/Y (sky130_fd_sc_hd__nand2_1)
                                                         n126 (net)
                      0.042726    0.000056    0.437111 ^ g45/B (sky130_fd_sc_hd__nand2_1)
     2    0.004916    0.045394    0.061116    0.498227 v g45/Y (sky130_fd_sc_hd__nand2_1)
                                                         n53 (net)
                      0.045394    0.000082    0.498308 v g50/B (sky130_fd_sc_hd__nand2_1)
     4    0.011049    0.112648    0.117932    0.616240 ^ g50/Y (sky130_fd_sc_hd__nand2_1)
                                                         n58 (net)
                      0.112648    0.000139    0.616379 ^ g52/B (sky130_fd_sc_hd__nand2_1)
     1    0.002551    0.036188    0.066169    0.682549 v g52/Y (sky130_fd_sc_hd__nand2_1)
                                                         n60 (net)
                      0.036188    0.000076    0.682625 v g53/B (sky130_fd_sc_hd__nand2_1)
     2    0.007856    0.085369    0.092964    0.775589 ^ g53/Y (sky130_fd_sc_hd__nand2_1)
                                                         n61 (net)
                      0.085371    0.000279    0.775868 ^ g65/A (sky130_fd_sc_hd__xor3_2)
     2    0.005343    0.080956    0.456026    1.231894 v g65/X (sky130_fd_sc_hd__xor3_2)
                                                         n73 (net)
                      0.080956    0.000146    1.232040 v g85/A (sky130_fd_sc_hd__nand2_1)
     3    0.008582    0.091526    0.111239    1.343279 ^ g85/Y (sky130_fd_sc_hd__nand2_1)
                                                         n93 (net)
                      0.091526    0.000093    1.343372 ^ g87/B (sky130_fd_sc_hd__nand2_1)
     1    0.002653    0.034052    0.061610    1.404981 v g87/Y (sky130_fd_sc_hd__nand2_1)
                                                         n95 (net)
                      0.034052    0.000081    1.405062 v g88/B (sky130_fd_sc_hd__nand2_1)
     1    0.011412    0.115778    0.114914    1.519976 ^ g88/Y (sky130_fd_sc_hd__nand2_1)
                                                         p[3] (net)
                      0.115779    0.000254    1.520230 ^ p[3] (out)
                                              1.520230   data arrival time

                      0.000000   10.000000   10.000000   clock __VIRTUAL_CLK__ (rise edge)
                                  0.000000   10.000000   clock network delay (ideal)
                                  0.000000   10.000000   clock reconvergence pessimism
                                  0.000000   10.000000   output external delay
                                             10.000000   data required time
---------------------------------------------------------------------------------------------
                                             10.000000   data required time
                                             -1.520230   data arrival time
---------------------------------------------------------------------------------------------
                                              8.479771   slack (MET)


Startpoint: b[2] (input port clocked by __VIRTUAL_CLK__)
Endpoint: p[2] (output port clocked by __VIRTUAL_CLK__)
Path Group: __VIRTUAL_CLK__
Path Type: max

Fanout         Cap        Slew       Delay        Time   Description
---------------------------------------------------------------------------------------------
                      0.000000    0.000000    0.000000   clock __VIRTUAL_CLK__ (rise edge)
                                  0.000000    0.000000   clock network delay (ideal)
                                  0.000000    0.000000 ^ input external delay
     4    0.023022    0.109186    0.078862    0.078862 ^ b[2] (in)
                                                         b[2] (net)
                      0.109191    0.000000    0.078862 ^ g4/B (sky130_fd_sc_hd__nand2_4)
     1    0.004734    0.033542    0.056402    0.135264 v g4/Y (sky130_fd_sc_hd__nand2_4)
                                                         n12 (net)
                      0.033542    0.000148    0.135412 v g5/A (sky130_fd_sc_hd__inv_2)
     2    0.008205    0.043709    0.055440    0.190852 ^ g5/Y (sky130_fd_sc_hd__inv_2)
                                                         n13 (net)
                      0.043726    0.000237    0.191089 ^ g37/B (sky130_fd_sc_hd__nand2_2)
     3    0.008033    0.041220    0.060645    0.251734 v g37/Y (sky130_fd_sc_hd__nand2_2)
                                                         n45 (net)
                      0.041220    0.000183    0.251917 v g39/B (sky130_fd_sc_hd__nand2_1)
     2    0.005381    0.064361    0.079277    0.331194 ^ g39/Y (sky130_fd_sc_hd__nand2_1)
                                                         n47 (net)
                      0.064361    0.000089    0.331283 ^ g40/B (sky130_fd_sc_hd__nand2_1)
     2    0.005492    0.049500    0.070902    0.402186 v g40/Y (sky130_fd_sc_hd__nand2_1)
                                                         n48 (net)
                      0.049500    0.000153    0.402338 v g41/A (sky130_fd_sc_hd__nand2_1)
     2    0.005370    0.064265    0.075310    0.477648 ^ g41/Y (sky130_fd_sc_hd__nand2_1)
                                                         n49 (net)
                      0.064265    0.000085    0.477733 ^ g43/B (sky130_fd_sc_hd__nand2_1)
     1    0.002729    0.035853    0.055222    0.532955 v g43/Y (sky130_fd_sc_hd__nand2_1)
                                                         n51 (net)
                      0.035853    0.000082    0.533037 v g44/B (sky130_fd_sc_hd__nand2_1)
     2    0.005628    0.066433    0.078367    0.611404 ^ g44/Y (sky130_fd_sc_hd__nand2_1)
                                                         n52 (net)
                      0.066433    0.000104    0.611508 ^ g60/A (sky130_fd_sc_hd__nand2_1)
     3    0.008116    0.066209    0.082842    0.694350 v g60/Y (sky130_fd_sc_hd__nand2_1)
                                                         n68 (net)
                      0.066209    0.000112    0.694462 v g61/B (sky130_fd_sc_hd__nand2_1)
     1    0.003048    0.047112    0.075654    0.770116 ^ g61/Y (sky130_fd_sc_hd__nand2_1)
                                                         n69 (net)
                      0.047112    0.000091    0.770207 ^ g63/A (sky130_fd_sc_hd__nand2_1)
     1    0.010906    0.083726    0.090904    0.861111 v g63/Y (sky130_fd_sc_hd__nand2_1)
                                                         p[2] (net)
                      0.083727    0.000251    0.861362 v p[2] (out)
                                              0.861362   data arrival time

                      0.000000   10.000000   10.000000   clock __VIRTUAL_CLK__ (rise edge)
                                  0.000000   10.000000   clock network delay (ideal)
                                  0.000000   10.000000   clock reconvergence pessimism
                                  0.000000   10.000000   output external delay
                                             10.000000   data required time
---------------------------------------------------------------------------------------------
                                             10.000000   data required time
                                             -0.861362   data arrival time
---------------------------------------------------------------------------------------------
                                              9.138638   slack (MET)


Startpoint: a[0] (input port clocked by __VIRTUAL_CLK__)
Endpoint: p[1] (output port clocked by __VIRTUAL_CLK__)
Path Group: __VIRTUAL_CLK__
Path Type: max

Fanout         Cap        Slew       Delay        Time   Description
---------------------------------------------------------------------------------------------
                      0.000000    0.000000    0.000000   clock __VIRTUAL_CLK__ (rise edge)
                                  0.000000    0.000000   clock network delay (ideal)
                                  0.000000    0.000000 ^ input external delay
     4    0.020842    0.099458    0.071676    0.071676 ^ a[0] (in)
                                                         a[0] (net)
                      0.099461    0.000000    0.071676 ^ g2/A (sky130_fd_sc_hd__nand2_1)
     1    0.002593    0.039132    0.059582    0.131258 v g2/Y (sky130_fd_sc_hd__nand2_1)
                                                         n10 (net)
                      0.039132    0.000078    0.131335 v g3/A (sky130_fd_sc_hd__inv_1)
     2    0.005833    0.056374    0.066780    0.198116 ^ g3/Y (sky130_fd_sc_hd__inv_1)
                                                         n11 (net)
                      0.056374    0.000140    0.198256 ^ g32/B (sky130_fd_sc_hd__nand2_1)
     3    0.007473    0.060955    0.079381    0.277637 v g32/Y (sky130_fd_sc_hd__nand2_1)
                                                         n40 (net)
                      0.060955    0.000177    0.277814 v g34/B (sky130_fd_sc_hd__nand2_1)
     1    0.002615    0.043105    0.070257    0.348071 ^ g34/Y (sky130_fd_sc_hd__nand2_1)
                                                         n42 (net)
                      0.043105    0.000054    0.348125 ^ g35/B (sky130_fd_sc_hd__nand2_1)
     1    0.010820    0.083111    0.093011    0.441136 v g35/Y (sky130_fd_sc_hd__nand2_1)
                                                         p[1] (net)
                      0.083112    0.000235    0.441372 v p[1] (out)
                                              0.441372   data arrival time

                      0.000000   10.000000   10.000000   clock __VIRTUAL_CLK__ (rise edge)
                                  0.000000   10.000000   clock network delay (ideal)
                                  0.000000   10.000000   clock reconvergence pessimism
                                  0.000000   10.000000   output external delay
                                             10.000000   data required time
---------------------------------------------------------------------------------------------
                                             10.000000   data required time
                                             -0.441372   data arrival time
---------------------------------------------------------------------------------------------
                                              9.558629   slack (MET)


Startpoint: a[0] (input port clocked by __VIRTUAL_CLK__)
Endpoint: p[0] (output port clocked by __VIRTUAL_CLK__)
Path Group: __VIRTUAL_CLK__
Path Type: max

Fanout         Cap        Slew       Delay        Time   Description
---------------------------------------------------------------------------------------------
                      0.000000    0.000000    0.000000   clock __VIRTUAL_CLK__ (rise edge)
                                  0.000000    0.000000   clock network delay (ideal)
                                  0.000000    0.000000 ^ input external delay
     4    0.020842    0.099458    0.071623    0.071623 ^ a[0] (in)
                                                         a[0] (net)
                      0.099460    0.000000    0.071623 ^ g0/A (sky130_fd_sc_hd__nand2_1)
     1    0.002549    0.038881    0.059240    0.130863 v g0/Y (sky130_fd_sc_hd__nand2_1)
                                                         n8 (net)
                      0.038881    0.000054    0.130916 v g1/A (sky130_fd_sc_hd__inv_1)
     1    0.012139    0.106708    0.104207    0.235123 ^ g1/Y (sky130_fd_sc_hd__inv_1)
                                                         p[0] (net)
                      0.106710    0.000353    0.235477 ^ p[0] (out)
                                              0.235477   data arrival time

                      0.000000   10.000000   10.000000   clock __VIRTUAL_CLK__ (rise edge)
                                  0.000000   10.000000   clock network delay (ideal)
                                  0.000000   10.000000   clock reconvergence pessimism
                                  0.000000   10.000000   output external delay
                                             10.000000   data required time
---------------------------------------------------------------------------------------------
                                             10.000000   data required time
                                             -0.235477   data arrival time
---------------------------------------------------------------------------------------------
                                              9.764524   slack (MET)



