
===========================================================================
report_checks -path_delay max (Setup)
============================================================================
======================= nom_tt_025C_1v80 Corner ===================================

Startpoint: b[4] (input port clocked by __VIRTUAL_CLK__)
Endpoint: p[14] (output port clocked by __VIRTUAL_CLK__)
Path Group: __VIRTUAL_CLK__
Path Type: max

Fanout         Cap        Slew       Delay        Time   Description
---------------------------------------------------------------------------------------------
                      0.000000    0.000000    0.000000   clock __VIRTUAL_CLK__ (rise edge)
                                  0.000000    0.000000   clock network delay (ideal)
                                  0.000000    0.000000 ^ input external delay
     8    0.044693    0.205418    0.150583    0.150583 ^ b[4] (in)
                                                         b[4] (net)
                      0.205452    0.000000    0.150583 ^ g24/B (sky130_fd_sc_hd__nand2_1)
     1    0.002933    0.052622    0.084336    0.234919 v g24/Y (sky130_fd_sc_hd__nand2_1)
                                                         n40 (net)
                      0.052622    0.000089    0.235007 v g25/A (sky130_fd_sc_hd__inv_1)
     2    0.007267    0.067894    0.081122    0.316130 ^ g25/Y (sky130_fd_sc_hd__inv_1)
                                                         n41 (net)
                      0.067895    0.000213    0.316343 ^ g175/B (sky130_fd_sc_hd__nand2_1)
     3    0.008267    0.067007    0.087399    0.403741 v g175/Y (sky130_fd_sc_hd__nand2_1)
                                                         n191 (net)
                      0.067007    0.000186    0.403928 v g177/B (sky130_fd_sc_hd__nand2_1)
     1    0.003174    0.048164    0.076908    0.480836 ^ g177/Y (sky130_fd_sc_hd__nand2_1)
                                                         n193 (net)
                      0.048164    0.000071    0.480907 ^ g178/B (sky130_fd_sc_hd__nand2_1)
     2    0.005605    0.048027    0.066603    0.547511 v g178/Y (sky130_fd_sc_hd__nand2_1)
                                                         n194 (net)
                      0.048027    0.000128    0.547639 v g179/A (sky130_fd_sc_hd__nand2_1)
     3    0.008555    0.091303    0.095775    0.643414 ^ g179/Y (sky130_fd_sc_hd__nand2_1)
                                                         n195 (net)
                      0.091304    0.000126    0.643541 ^ g183/B (sky130_fd_sc_hd__nand2_1)
     2    0.007491    0.065909    0.090327    0.733867 v g183/Y (sky130_fd_sc_hd__nand2_1)
                                                         n199 (net)
                      0.065909    0.000180    0.734047 v g311/B (sky130_fd_sc_hd__nand2_1)
     3    0.008631    0.092402    0.112094    0.846141 ^ g311/Y (sky130_fd_sc_hd__nand2_1)
                                                         n327 (net)
                      0.092402    0.000217    0.846358 ^ g313/B (sky130_fd_sc_hd__nand2_1)
     1    0.003165    0.039654    0.065312    0.911669 v g313/Y (sky130_fd_sc_hd__nand2_1)
                                                         n329 (net)
                      0.039654    0.000101    0.911770 v g314/B (sky130_fd_sc_hd__nand2_1)
     2    0.005401    0.064530    0.078653    0.990423 ^ g314/Y (sky130_fd_sc_hd__nand2_1)
                                                         n330 (net)
                      0.064530    0.000143    0.990565 ^ g315/A (sky130_fd_sc_hd__nand2_1)
     3    0.007421    0.062034    0.078327    1.068892 v g315/Y (sky130_fd_sc_hd__nand2_1)
                                                         n331 (net)
                      0.062034    0.000118    1.069010 v g319/B (sky130_fd_sc_hd__nand2_1)
     2    0.005414    0.065423    0.089271    1.158281 ^ g319/Y (sky130_fd_sc_hd__nand2_1)
                                                         n335 (net)
                      0.065423    0.000121    1.158403 ^ g415/B (sky130_fd_sc_hd__nand2_1)
     3    0.011009    0.086171    0.101433    1.259835 v g415/Y (sky130_fd_sc_hd__nand2_1)
                                                         n431 (net)
                      0.086198    0.000230    1.260066 v g417/B (sky130_fd_sc_hd__nand2_1)
     1    0.002640    0.047129    0.082027    1.342093 ^ g417/Y (sky130_fd_sc_hd__nand2_1)
                                                         n433 (net)
                      0.047129    0.000054    1.342148 ^ g418/B (sky130_fd_sc_hd__nand2_1)
     2    0.007357    0.059779    0.075710    1.417858 v g418/Y (sky130_fd_sc_hd__nand2_1)
                                                         n434 (net)
                      0.059799    0.000258    1.418116 v g419/A (sky130_fd_sc_hd__nand2_1)
     3    0.007951    0.086203    0.097095    1.515211 ^ g419/Y (sky130_fd_sc_hd__nand2_1)
                                                         n435 (net)
                      0.086203    0.000200    1.515411 ^ g421/B (sky130_fd_sc_hd__nand2_1)
     1    0.002852    0.034513    0.061607    1.577017 v g421/Y (sky130_fd_sc_hd__nand2_1)
                                                         n437 (net)
                      0.034513    0.000064    1.577081 v g422/B (sky130_fd_sc_hd__nand2_1)
     2    0.007108    0.078984    0.087341    1.664422 ^ g422/Y (sky130_fd_sc_hd__nand2_1)
                                                         n438 (net)
                      0.078985    0.000206    1.664629 ^ g491/B (sky130_fd_sc_hd__xor2_1)
     5    0.018578    0.395913    0.372118    2.036746 ^ g491/X (sky130_fd_sc_hd__xor2_1)
                                                         n507 (net)
                      0.395914    0.000465    2.037211 ^ g524/A (sky130_fd_sc_hd__and2_1)
     4    0.009926    0.111202    0.249222    2.286433 ^ g524/X (sky130_fd_sc_hd__and2_1)
                                                         n540 (net)
                      0.111202    0.000199    2.286631 ^ g567/B (sky130_fd_sc_hd__and2_1)
     4    0.012328    0.130584    0.208235    2.494867 ^ g567/X (sky130_fd_sc_hd__and2_1)
                                                         n583 (net)
                      0.130584    0.000321    2.495187 ^ g610/B (sky130_fd_sc_hd__and2_1)
     3    0.010025    0.109427    0.197606    2.692793 ^ g610/X (sky130_fd_sc_hd__and2_1)
                                                         n626 (net)
                      0.109427    0.000188    2.692981 ^ g628/A1 (sky130_fd_sc_hd__a21o_1)
     1    0.006734    0.068659    0.150642    2.843623 ^ g628/X (sky130_fd_sc_hd__a21o_1)
                                                         n644 (net)
                      0.068659    0.000272    2.843895 ^ g645/B (sky130_fd_sc_hd__xor2_1)
     1    0.011886    0.273476    0.276078    3.119973 ^ g645/X (sky130_fd_sc_hd__xor2_1)
                                                         p[14] (net)
                      0.273477    0.000356    3.120328 ^ p[14] (out)
                                              3.120328   data arrival time

                      0.000000   10.000000   10.000000   clock __VIRTUAL_CLK__ (rise edge)
                                  0.000000   10.000000   clock network delay (ideal)
                                  0.000000   10.000000   clock reconvergence pessimism
                                  0.000000   10.000000   output external delay
                                             10.000000   data required time
---------------------------------------------------------------------------------------------
                                             10.000000   data required time
                                             -3.120328   data arrival time
---------------------------------------------------------------------------------------------
                                              6.879672   slack (MET)


Startpoint: b[4] (input port clocked by __VIRTUAL_CLK__)
Endpoint: p[10] (output port clocked by __VIRTUAL_CLK__)
Path Group: __VIRTUAL_CLK__
Path Type: max

Fanout         Cap        Slew       Delay        Time   Description
---------------------------------------------------------------------------------------------
                      0.000000    0.000000    0.000000   clock __VIRTUAL_CLK__ (rise edge)
                                  0.000000    0.000000   clock network delay (ideal)
                                  0.000000    0.000000 ^ input external delay
     8    0.044693    0.205418    0.150583    0.150583 ^ b[4] (in)
                                                         b[4] (net)
                      0.205452    0.000000    0.150583 ^ g24/B (sky130_fd_sc_hd__nand2_1)
     1    0.002933    0.052622    0.084336    0.234919 v g24/Y (sky130_fd_sc_hd__nand2_1)
                                                         n40 (net)
                      0.052622    0.000089    0.235007 v g25/A (sky130_fd_sc_hd__inv_1)
     2    0.007267    0.067894    0.081122    0.316130 ^ g25/Y (sky130_fd_sc_hd__inv_1)
                                                         n41 (net)
                      0.067895    0.000213    0.316343 ^ g175/B (sky130_fd_sc_hd__nand2_1)
     3    0.008267    0.067007    0.087399    0.403741 v g175/Y (sky130_fd_sc_hd__nand2_1)
                                                         n191 (net)
                      0.067007    0.000186    0.403928 v g177/B (sky130_fd_sc_hd__nand2_1)
     1    0.003174    0.048164    0.076908    0.480836 ^ g177/Y (sky130_fd_sc_hd__nand2_1)
                                                         n193 (net)
                      0.048164    0.000071    0.480907 ^ g178/B (sky130_fd_sc_hd__nand2_1)
     2    0.005605    0.048027    0.066603    0.547511 v g178/Y (sky130_fd_sc_hd__nand2_1)
                                                         n194 (net)
                      0.048027    0.000128    0.547639 v g179/A (sky130_fd_sc_hd__nand2_1)
     3    0.008555    0.091303    0.095775    0.643414 ^ g179/Y (sky130_fd_sc_hd__nand2_1)
                                                         n195 (net)
                      0.091304    0.000126    0.643541 ^ g183/B (sky130_fd_sc_hd__nand2_1)
     2    0.007491    0.065909    0.090327    0.733867 v g183/Y (sky130_fd_sc_hd__nand2_1)
                                                         n199 (net)
                      0.065909    0.000180    0.734047 v g311/B (sky130_fd_sc_hd__nand2_1)
     3    0.008631    0.092402    0.112094    0.846141 ^ g311/Y (sky130_fd_sc_hd__nand2_1)
                                                         n327 (net)
                      0.092402    0.000217    0.846358 ^ g313/B (sky130_fd_sc_hd__nand2_1)
     1    0.003165    0.039654    0.065312    0.911669 v g313/Y (sky130_fd_sc_hd__nand2_1)
                                                         n329 (net)
                      0.039654    0.000101    0.911770 v g314/B (sky130_fd_sc_hd__nand2_1)
     2    0.005401    0.064530    0.078653    0.990423 ^ g314/Y (sky130_fd_sc_hd__nand2_1)
                                                         n330 (net)
                      0.064530    0.000143    0.990565 ^ g315/A (sky130_fd_sc_hd__nand2_1)
     3    0.007421    0.062034    0.078327    1.068892 v g315/Y (sky130_fd_sc_hd__nand2_1)
                                                         n331 (net)
                      0.062034    0.000118    1.069010 v g319/B (sky130_fd_sc_hd__nand2_1)
     2    0.005414    0.065423    0.089271    1.158281 ^ g319/Y (sky130_fd_sc_hd__nand2_1)
                                                         n335 (net)
                      0.065423    0.000121    1.158403 ^ g415/B (sky130_fd_sc_hd__nand2_1)
     3    0.011009    0.086171    0.101433    1.259835 v g415/Y (sky130_fd_sc_hd__nand2_1)
                                                         n431 (net)
                      0.086198    0.000230    1.260066 v g417/B (sky130_fd_sc_hd__nand2_1)
     1    0.002640    0.047129    0.082027    1.342093 ^ g417/Y (sky130_fd_sc_hd__nand2_1)
                                                         n433 (net)
                      0.047129    0.000054    1.342148 ^ g418/B (sky130_fd_sc_hd__nand2_1)
     2    0.007357    0.059779    0.075710    1.417858 v g418/Y (sky130_fd_sc_hd__nand2_1)
                                                         n434 (net)
                      0.059799    0.000258    1.418116 v g419/A (sky130_fd_sc_hd__nand2_1)
     3    0.007951    0.086203    0.097095    1.515211 ^ g419/Y (sky130_fd_sc_hd__nand2_1)
                                                         n435 (net)
                      0.086203    0.000200    1.515411 ^ g421/B (sky130_fd_sc_hd__nand2_1)
     1    0.002852    0.034513    0.061607    1.577017 v g421/Y (sky130_fd_sc_hd__nand2_1)
                                                         n437 (net)
                      0.034513    0.000064    1.577081 v g422/B (sky130_fd_sc_hd__nand2_1)
     2    0.007108    0.078984    0.087341    1.664422 ^ g422/Y (sky130_fd_sc_hd__nand2_1)
                                                         n438 (net)
                      0.078985    0.000206    1.664629 ^ g491/B (sky130_fd_sc_hd__xor2_1)
     5    0.018578    0.395913    0.372118    2.036746 ^ g491/X (sky130_fd_sc_hd__xor2_1)
                                                         n507 (net)
                      0.395914    0.000465    2.037211 ^ g524/A (sky130_fd_sc_hd__and2_1)
     4    0.009926    0.111202    0.249222    2.286433 ^ g524/X (sky130_fd_sc_hd__and2_1)
                                                         n540 (net)
                      0.111202    0.000199    2.286631 ^ g567/B (sky130_fd_sc_hd__and2_1)
     4    0.012328    0.130584    0.208235    2.494867 ^ g567/X (sky130_fd_sc_hd__and2_1)
                                                         n583 (net)
                      0.130584    0.000475    2.495341 ^ g598/A (sky130_fd_sc_hd__and2_1)
     3    0.008375    0.094596    0.185806    2.681147 ^ g598/X (sky130_fd_sc_hd__and2_1)
                                                         n614 (net)
                      0.094596    0.000123    2.681270 ^ g616/A1 (sky130_fd_sc_hd__a21o_1)
     1    0.005796    0.062598    0.139664    2.820935 ^ g616/X (sky130_fd_sc_hd__a21o_1)
                                                         n632 (net)
                      0.062598    0.000199    2.821133 ^ g641/B (sky130_fd_sc_hd__xor2_1)
     1    0.012850    0.291251    0.288119    3.109252 ^ g641/X (sky130_fd_sc_hd__xor2_1)
                                                         p[10] (net)
                      0.291252    0.000469    3.109721 ^ p[10] (out)
                                              3.109721   data arrival time

                      0.000000   10.000000   10.000000   clock __VIRTUAL_CLK__ (rise edge)
                                  0.000000   10.000000   clock network delay (ideal)
                                  0.000000   10.000000   clock reconvergence pessimism
                                  0.000000   10.000000   output external delay
                                             10.000000   data required time
---------------------------------------------------------------------------------------------
                                             10.000000   data required time
                                             -3.109721   data arrival time
---------------------------------------------------------------------------------------------
                                              6.890279   slack (MET)


Startpoint: a[4] (input port clocked by __VIRTUAL_CLK__)
Endpoint: p[13] (output port clocked by __VIRTUAL_CLK__)
Path Group: __VIRTUAL_CLK__
Path Type: max

Fanout         Cap        Slew       Delay        Time   Description
---------------------------------------------------------------------------------------------
                      0.000000    0.000000    0.000000   clock __VIRTUAL_CLK__ (rise edge)
                                  0.000000    0.000000   clock network delay (ideal)
                                  0.000000    0.000000 ^ input external delay
     8    0.043670    0.200898    0.145461    0.145461 ^ a[4] (in)
                                                         a[4] (net)
                      0.200901    0.000000    0.145461 ^ g76/A (sky130_fd_sc_hd__nand2_1)
     1    0.002424    0.055028    0.073911    0.219373 v g76/Y (sky130_fd_sc_hd__nand2_1)
                                                         n92 (net)
                      0.055028    0.000050    0.219422 v g77/A (sky130_fd_sc_hd__inv_1)
     2    0.005428    0.053706    0.071303    0.290725 ^ g77/Y (sky130_fd_sc_hd__inv_1)
                                                         n93 (net)
                      0.053706    0.000082    0.290807 ^ g261/B (sky130_fd_sc_hd__nand2_1)
     3    0.008414    0.067085    0.083675    0.374482 v g261/Y (sky130_fd_sc_hd__nand2_1)
                                                         n277 (net)
                      0.067085    0.000209    0.374690 v g263/B (sky130_fd_sc_hd__nand2_1)
     1    0.002964    0.046617    0.075490    0.450180 ^ g263/Y (sky130_fd_sc_hd__nand2_1)
                                                         n279 (net)
                      0.046617    0.000064    0.450244 ^ g264/B (sky130_fd_sc_hd__nand2_1)
     2    0.005283    0.045944    0.064348    0.514593 v g264/Y (sky130_fd_sc_hd__nand2_1)
                                                         n280 (net)
                      0.045944    0.000143    0.514735 v g265/A (sky130_fd_sc_hd__nand2_1)
     3    0.008340    0.089476    0.093458    0.608194 ^ g265/Y (sky130_fd_sc_hd__nand2_1)
                                                         n281 (net)
                      0.089476    0.000158    0.608351 ^ g267/B (sky130_fd_sc_hd__nand2_1)
     1    0.002428    0.032519    0.059595    0.667947 v g267/Y (sky130_fd_sc_hd__nand2_1)
                                                         n283 (net)
                      0.032519    0.000049    0.667996 v g268/B (sky130_fd_sc_hd__nand2_1)
     2    0.005965    0.069275    0.078983    0.746979 ^ g268/Y (sky130_fd_sc_hd__nand2_1)
                                                         n284 (net)
                      0.069275    0.000137    0.747117 ^ g347/B (sky130_fd_sc_hd__nand2_1)
     3    0.008542    0.070118    0.089352    0.836468 v g347/Y (sky130_fd_sc_hd__nand2_1)
                                                         n363 (net)
                      0.070118    0.000187    0.836655 v g349/B (sky130_fd_sc_hd__nand2_1)
     1    0.002884    0.046468    0.076342    0.912997 ^ g349/Y (sky130_fd_sc_hd__nand2_1)
                                                         n365 (net)
                      0.046468    0.000061    0.913058 ^ g350/B (sky130_fd_sc_hd__nand2_1)
     2    0.006082    0.051161    0.068648    0.981707 v g350/Y (sky130_fd_sc_hd__nand2_1)
                                                         n366 (net)
                      0.051161    0.000113    0.981820 v g351/A (sky130_fd_sc_hd__nand2_1)
     3    0.008326    0.089401    0.095648    1.077468 ^ g351/Y (sky130_fd_sc_hd__nand2_1)
                                                         n367 (net)
                      0.089401    0.000117    1.077585 ^ g353/B (sky130_fd_sc_hd__nand2_1)
     1    0.003026    0.035918    0.063586    1.141171 v g353/Y (sky130_fd_sc_hd__nand2_1)
                                                         n369 (net)
                      0.035918    0.000093    1.141264 v g354/B (sky130_fd_sc_hd__nand2_1)
     2    0.005306    0.063740    0.076313    1.217577 ^ g354/Y (sky130_fd_sc_hd__nand2_1)
                                                         n370 (net)
                      0.063740    0.000085    1.217662 ^ g442/B (sky130_fd_sc_hd__nand2_1)
     3    0.007935    0.069458    0.084258    1.301920 v g442/Y (sky130_fd_sc_hd__nand2_1)
                                                         n458 (net)
                      0.069458    0.000136    1.302056 v g444/B (sky130_fd_sc_hd__nand2_1)
     1    0.002634    0.044544    0.074289    1.376345 ^ g444/Y (sky130_fd_sc_hd__nand2_1)
                                                         n460 (net)
                      0.044544    0.000079    1.376423 ^ g445/B (sky130_fd_sc_hd__nand2_1)
     2    0.005370    0.046515    0.064167    1.440590 v g445/Y (sky130_fd_sc_hd__nand2_1)
                                                         n461 (net)
                      0.046515    0.000085    1.440675 v g446/A (sky130_fd_sc_hd__nand2_1)
     3    0.007997    0.086939    0.091436    1.532111 ^ g446/Y (sky130_fd_sc_hd__nand2_1)
                                                         n462 (net)
                      0.086939    0.000116    1.532226 ^ g448/B (sky130_fd_sc_hd__nand2_1)
     1    0.002853    0.036477    0.061803    1.594030 v g448/Y (sky130_fd_sc_hd__nand2_1)
                                                         n464 (net)
                      0.036477    0.000061    1.594091 v g449/B (sky130_fd_sc_hd__nand2_1)
     2    0.007497    0.082311    0.090789    1.684880 ^ g449/Y (sky130_fd_sc_hd__nand2_1)
                                                         n465 (net)
                      0.082312    0.000226    1.685106 ^ g497/B (sky130_fd_sc_hd__xor2_1)
     5    0.018246    0.389812    0.368324    2.053430 ^ g497/X (sky130_fd_sc_hd__xor2_1)
                                                         n513 (net)
                      0.389813    0.000581    2.054011 ^ g533/A (sky130_fd_sc_hd__and2_1)
     4    0.011121    0.121917    0.256685    2.310695 ^ g533/X (sky130_fd_sc_hd__and2_1)
                                                         n549 (net)
                      0.121917    0.000205    2.310900 ^ g576/B (sky130_fd_sc_hd__and2_1)
     3    0.007473    0.086673    0.177521    2.488421 ^ g576/X (sky130_fd_sc_hd__and2_1)
                                                         n592 (net)
                      0.086673    0.000130    2.488551 ^ g607/A (sky130_fd_sc_hd__and2_1)
     3    0.009692    0.106299    0.180287    2.668838 ^ g607/X (sky130_fd_sc_hd__and2_1)
                                                         n623 (net)
                      0.106299    0.000243    2.669081 ^ g625/A1 (sky130_fd_sc_hd__a21o_1)
     1    0.006688    0.068493    0.149297    2.818378 ^ g625/X (sky130_fd_sc_hd__a21o_1)
                                                         n641 (net)
                      0.068493    0.000264    2.818643 ^ g644/B (sky130_fd_sc_hd__xor2_1)
     1    0.012480    0.284422    0.284342    3.102984 ^ g644/X (sky130_fd_sc_hd__xor2_1)
                                                         p[13] (net)
                      0.284423    0.000393    3.103377 ^ p[13] (out)
                                              3.103377   data arrival time

                      0.000000   10.000000   10.000000   clock __VIRTUAL_CLK__ (rise edge)
                                  0.000000   10.000000   clock network delay (ideal)
                                  0.000000   10.000000   clock reconvergence pessimism
                                  0.000000   10.000000   output external delay
                                             10.000000   data required time
---------------------------------------------------------------------------------------------
                                             10.000000   data required time
                                             -3.103377   data arrival time
---------------------------------------------------------------------------------------------
                                              6.896623   slack (MET)


Startpoint: a[4] (input port clocked by __VIRTUAL_CLK__)
Endpoint: p[11] (output port clocked by __VIRTUAL_CLK__)
Path Group: __VIRTUAL_CLK__
Path Type: max

Fanout         Cap        Slew       Delay        Time   Description
---------------------------------------------------------------------------------------------
                      0.000000    0.000000    0.000000   clock __VIRTUAL_CLK__ (rise edge)
                                  0.000000    0.000000   clock network delay (ideal)
                                  0.000000    0.000000 ^ input external delay
     8    0.043670    0.200898    0.145461    0.145461 ^ a[4] (in)
                                                         a[4] (net)
                      0.200901    0.000000    0.145461 ^ g76/A (sky130_fd_sc_hd__nand2_1)
     1    0.002424    0.055028    0.073911    0.219373 v g76/Y (sky130_fd_sc_hd__nand2_1)
                                                         n92 (net)
                      0.055028    0.000050    0.219422 v g77/A (sky130_fd_sc_hd__inv_1)
     2    0.005428    0.053706    0.071303    0.290725 ^ g77/Y (sky130_fd_sc_hd__inv_1)
                                                         n93 (net)
                      0.053706    0.000082    0.290807 ^ g261/B (sky130_fd_sc_hd__nand2_1)
     3    0.008414    0.067085    0.083675    0.374482 v g261/Y (sky130_fd_sc_hd__nand2_1)
                                                         n277 (net)
                      0.067085    0.000209    0.374690 v g263/B (sky130_fd_sc_hd__nand2_1)
     1    0.002964    0.046617    0.075490    0.450180 ^ g263/Y (sky130_fd_sc_hd__nand2_1)
                                                         n279 (net)
                      0.046617    0.000064    0.450244 ^ g264/B (sky130_fd_sc_hd__nand2_1)
     2    0.005283    0.045944    0.064348    0.514593 v g264/Y (sky130_fd_sc_hd__nand2_1)
                                                         n280 (net)
                      0.045944    0.000143    0.514735 v g265/A (sky130_fd_sc_hd__nand2_1)
     3    0.008340    0.089476    0.093458    0.608194 ^ g265/Y (sky130_fd_sc_hd__nand2_1)
                                                         n281 (net)
                      0.089476    0.000158    0.608351 ^ g267/B (sky130_fd_sc_hd__nand2_1)
     1    0.002428    0.032519    0.059595    0.667947 v g267/Y (sky130_fd_sc_hd__nand2_1)
                                                         n283 (net)
                      0.032519    0.000049    0.667996 v g268/B (sky130_fd_sc_hd__nand2_1)
     2    0.005965    0.069275    0.078983    0.746979 ^ g268/Y (sky130_fd_sc_hd__nand2_1)
                                                         n284 (net)
                      0.069275    0.000137    0.747117 ^ g347/B (sky130_fd_sc_hd__nand2_1)
     3    0.008542    0.070118    0.089352    0.836468 v g347/Y (sky130_fd_sc_hd__nand2_1)
                                                         n363 (net)
                      0.070118    0.000187    0.836655 v g349/B (sky130_fd_sc_hd__nand2_1)
     1    0.002884    0.046468    0.076342    0.912997 ^ g349/Y (sky130_fd_sc_hd__nand2_1)
                                                         n365 (net)
                      0.046468    0.000061    0.913058 ^ g350/B (sky130_fd_sc_hd__nand2_1)
     2    0.006082    0.051161    0.068648    0.981707 v g350/Y (sky130_fd_sc_hd__nand2_1)
                                                         n366 (net)
                      0.051161    0.000113    0.981820 v g351/A (sky130_fd_sc_hd__nand2_1)
     3    0.008326    0.089401    0.095648    1.077468 ^ g351/Y (sky130_fd_sc_hd__nand2_1)
                                                         n367 (net)
                      0.089401    0.000117    1.077585 ^ g353/B (sky130_fd_sc_hd__nand2_1)
     1    0.003026    0.035918    0.063586    1.141171 v g353/Y (sky130_fd_sc_hd__nand2_1)
                                                         n369 (net)
                      0.035918    0.000093    1.141264 v g354/B (sky130_fd_sc_hd__nand2_1)
     2    0.005306    0.063740    0.076313    1.217577 ^ g354/Y (sky130_fd_sc_hd__nand2_1)
                                                         n370 (net)
                      0.063740    0.000085    1.217662 ^ g442/B (sky130_fd_sc_hd__nand2_1)
     3    0.007935    0.069458    0.084258    1.301920 v g442/Y (sky130_fd_sc_hd__nand2_1)
                                                         n458 (net)
                      0.069458    0.000136    1.302056 v g444/B (sky130_fd_sc_hd__nand2_1)
     1    0.002634    0.044544    0.074289    1.376345 ^ g444/Y (sky130_fd_sc_hd__nand2_1)
                                                         n460 (net)
                      0.044544    0.000079    1.376423 ^ g445/B (sky130_fd_sc_hd__nand2_1)
     2    0.005370    0.046515    0.064167    1.440590 v g445/Y (sky130_fd_sc_hd__nand2_1)
                                                         n461 (net)
                      0.046515    0.000085    1.440675 v g446/A (sky130_fd_sc_hd__nand2_1)
     3    0.007997    0.086939    0.091436    1.532111 ^ g446/Y (sky130_fd_sc_hd__nand2_1)
                                                         n462 (net)
                      0.086939    0.000116    1.532226 ^ g448/B (sky130_fd_sc_hd__nand2_1)
     1    0.002853    0.036477    0.061803    1.594030 v g448/Y (sky130_fd_sc_hd__nand2_1)
                                                         n464 (net)
                      0.036477    0.000061    1.594091 v g449/B (sky130_fd_sc_hd__nand2_1)
     2    0.007497    0.082311    0.090789    1.684880 ^ g449/Y (sky130_fd_sc_hd__nand2_1)
                                                         n465 (net)
                      0.082312    0.000226    1.685106 ^ g497/B (sky130_fd_sc_hd__xor2_1)
     5    0.018246    0.389812    0.368324    2.053430 ^ g497/X (sky130_fd_sc_hd__xor2_1)
                                                         n513 (net)
                      0.389813    0.000581    2.054011 ^ g533/A (sky130_fd_sc_hd__and2_1)
     4    0.011121    0.121917    0.256685    2.310695 ^ g533/X (sky130_fd_sc_hd__and2_1)
                                                         n549 (net)
                      0.121917    0.000227    2.310922 ^ g570/A (sky130_fd_sc_hd__and2_1)
     4    0.009710    0.106432    0.192980    2.503903 ^ g570/X (sky130_fd_sc_hd__and2_1)
                                                         n586 (net)
                      0.106432    0.000228    2.504131 ^ g601/A (sky130_fd_sc_hd__and2_1)
     3    0.006917    0.081735    0.167548    2.671678 ^ g601/X (sky130_fd_sc_hd__and2_1)
                                                         n617 (net)
                      0.081735    0.000164    2.671842 ^ g619/A1 (sky130_fd_sc_hd__a21o_1)
     1    0.007128    0.072437    0.143942    2.815784 ^ g619/X (sky130_fd_sc_hd__a21o_1)
                                                         n635 (net)
                      0.072437    0.000226    2.816010 ^ g642/B (sky130_fd_sc_hd__xor2_1)
     1    0.011861    0.273098    0.276592    3.092602 ^ g642/X (sky130_fd_sc_hd__xor2_1)
                                                         p[11] (net)
                      0.273098    0.000349    3.092951 ^ p[11] (out)
                                              3.092951   data arrival time

                      0.000000   10.000000   10.000000   clock __VIRTUAL_CLK__ (rise edge)
                                  0.000000   10.000000   clock network delay (ideal)
                                  0.000000   10.000000   clock reconvergence pessimism
                                  0.000000   10.000000   output external delay
                                             10.000000   data required time
---------------------------------------------------------------------------------------------
                                             10.000000   data required time
                                             -3.092951   data arrival time
---------------------------------------------------------------------------------------------
                                              6.907049   slack (MET)


Startpoint: b[4] (input port clocked by __VIRTUAL_CLK__)
Endpoint: p[12] (output port clocked by __VIRTUAL_CLK__)
Path Group: __VIRTUAL_CLK__
Path Type: max

Fanout         Cap        Slew       Delay        Time   Description
---------------------------------------------------------------------------------------------
                      0.000000    0.000000    0.000000   clock __VIRTUAL_CLK__ (rise edge)
                                  0.000000    0.000000   clock network delay (ideal)
                                  0.000000    0.000000 ^ input external delay
     8    0.044693    0.205418    0.150583    0.150583 ^ b[4] (in)
                                                         b[4] (net)
                      0.205452    0.000000    0.150583 ^ g24/B (sky130_fd_sc_hd__nand2_1)
     1    0.002933    0.052622    0.084336    0.234919 v g24/Y (sky130_fd_sc_hd__nand2_1)
                                                         n40 (net)
                      0.052622    0.000089    0.235007 v g25/A (sky130_fd_sc_hd__inv_1)
     2    0.007267    0.067894    0.081122    0.316130 ^ g25/Y (sky130_fd_sc_hd__inv_1)
                                                         n41 (net)
                      0.067895    0.000213    0.316343 ^ g175/B (sky130_fd_sc_hd__nand2_1)
     3    0.008267    0.067007    0.087399    0.403741 v g175/Y (sky130_fd_sc_hd__nand2_1)
                                                         n191 (net)
                      0.067007    0.000186    0.403928 v g177/B (sky130_fd_sc_hd__nand2_1)
     1    0.003174    0.048164    0.076908    0.480836 ^ g177/Y (sky130_fd_sc_hd__nand2_1)
                                                         n193 (net)
                      0.048164    0.000071    0.480907 ^ g178/B (sky130_fd_sc_hd__nand2_1)
     2    0.005605    0.048027    0.066603    0.547511 v g178/Y (sky130_fd_sc_hd__nand2_1)
                                                         n194 (net)
                      0.048027    0.000128    0.547639 v g179/A (sky130_fd_sc_hd__nand2_1)
     3    0.008555    0.091303    0.095775    0.643414 ^ g179/Y (sky130_fd_sc_hd__nand2_1)
                                                         n195 (net)
                      0.091304    0.000126    0.643541 ^ g183/B (sky130_fd_sc_hd__nand2_1)
     2    0.007491    0.065909    0.090327    0.733867 v g183/Y (sky130_fd_sc_hd__nand2_1)
                                                         n199 (net)
                      0.065909    0.000180    0.734047 v g311/B (sky130_fd_sc_hd__nand2_1)
     3    0.008631    0.092402    0.112094    0.846141 ^ g311/Y (sky130_fd_sc_hd__nand2_1)
                                                         n327 (net)
                      0.092402    0.000217    0.846358 ^ g313/B (sky130_fd_sc_hd__nand2_1)
     1    0.003165    0.039654    0.065312    0.911669 v g313/Y (sky130_fd_sc_hd__nand2_1)
                                                         n329 (net)
                      0.039654    0.000101    0.911770 v g314/B (sky130_fd_sc_hd__nand2_1)
     2    0.005401    0.064530    0.078653    0.990423 ^ g314/Y (sky130_fd_sc_hd__nand2_1)
                                                         n330 (net)
                      0.064530    0.000143    0.990565 ^ g315/A (sky130_fd_sc_hd__nand2_1)
     3    0.007421    0.062034    0.078327    1.068892 v g315/Y (sky130_fd_sc_hd__nand2_1)
                                                         n331 (net)
                      0.062034    0.000118    1.069010 v g319/B (sky130_fd_sc_hd__nand2_1)
     2    0.005414    0.065423    0.089271    1.158281 ^ g319/Y (sky130_fd_sc_hd__nand2_1)
                                                         n335 (net)
                      0.065423    0.000121    1.158403 ^ g415/B (sky130_fd_sc_hd__nand2_1)
     3    0.011009    0.086171    0.101433    1.259835 v g415/Y (sky130_fd_sc_hd__nand2_1)
                                                         n431 (net)
                      0.086198    0.000230    1.260066 v g417/B (sky130_fd_sc_hd__nand2_1)
     1    0.002640    0.047129    0.082027    1.342093 ^ g417/Y (sky130_fd_sc_hd__nand2_1)
                                                         n433 (net)
                      0.047129    0.000054    1.342148 ^ g418/B (sky130_fd_sc_hd__nand2_1)
     2    0.007357    0.059779    0.075710    1.417858 v g418/Y (sky130_fd_sc_hd__nand2_1)
                                                         n434 (net)
                      0.059799    0.000258    1.418116 v g419/A (sky130_fd_sc_hd__nand2_1)
     3    0.007951    0.086203    0.097095    1.515211 ^ g419/Y (sky130_fd_sc_hd__nand2_1)
                                                         n435 (net)
                      0.086203    0.000200    1.515411 ^ g421/B (sky130_fd_sc_hd__nand2_1)
     1    0.002852    0.034513    0.061607    1.577017 v g421/Y (sky130_fd_sc_hd__nand2_1)
                                                         n437 (net)
                      0.034513    0.000064    1.577081 v g422/B (sky130_fd_sc_hd__nand2_1)
     2    0.007108    0.078984    0.087341    1.664422 ^ g422/Y (sky130_fd_sc_hd__nand2_1)
                                                         n438 (net)
                      0.078985    0.000206    1.664629 ^ g491/B (sky130_fd_sc_hd__xor2_1)
     5    0.018578    0.395913    0.372118    2.036746 ^ g491/X (sky130_fd_sc_hd__xor2_1)
                                                         n507 (net)
                      0.395914    0.000465    2.037211 ^ g524/A (sky130_fd_sc_hd__and2_1)
     4    0.009926    0.111202    0.249222    2.286433 ^ g524/X (sky130_fd_sc_hd__and2_1)
                                                         n540 (net)
                      0.111202    0.000212    2.286645 ^ g561/A (sky130_fd_sc_hd__and2_1)
     4    0.009521    0.104699    0.187918    2.474563 ^ g561/X (sky130_fd_sc_hd__and2_1)
                                                         n577 (net)
                      0.104699    0.000154    2.474716 ^ g604/B (sky130_fd_sc_hd__and2_1)
     3    0.007254    0.084692    0.170850    2.645566 ^ g604/X (sky130_fd_sc_hd__and2_1)
                                                         n620 (net)
                      0.084692    0.000107    2.645673 ^ g622/A1 (sky130_fd_sc_hd__a21o_1)
     1    0.006888    0.070131    0.143356    2.789028 ^ g622/X (sky130_fd_sc_hd__a21o_1)
                                                         n638 (net)
                      0.070131    0.000272    2.789300 ^ g643/B (sky130_fd_sc_hd__xor2_1)
     1    0.013096    0.295752    0.293307    3.082607 ^ g643/X (sky130_fd_sc_hd__xor2_1)
                                                         p[12] (net)
                      0.295753    0.000492    3.083099 ^ p[12] (out)
                                              3.083099   data arrival time

                      0.000000   10.000000   10.000000   clock __VIRTUAL_CLK__ (rise edge)
                                  0.000000   10.000000   clock network delay (ideal)
                                  0.000000   10.000000   clock reconvergence pessimism
                                  0.000000   10.000000   output external delay
                                             10.000000   data required time
---------------------------------------------------------------------------------------------
                                             10.000000   data required time
                                             -3.083099   data arrival time
---------------------------------------------------------------------------------------------
                                              6.916901   slack (MET)


Startpoint: b[4] (input port clocked by __VIRTUAL_CLK__)
Endpoint: p[8] (output port clocked by __VIRTUAL_CLK__)
Path Group: __VIRTUAL_CLK__
Path Type: max

Fanout         Cap        Slew       Delay        Time   Description
---------------------------------------------------------------------------------------------
                      0.000000    0.000000    0.000000   clock __VIRTUAL_CLK__ (rise edge)
                                  0.000000    0.000000   clock network delay (ideal)
                                  0.000000    0.000000 ^ input external delay
     8    0.044693    0.205418    0.150583    0.150583 ^ b[4] (in)
                                                         b[4] (net)
                      0.205452    0.000000    0.150583 ^ g24/B (sky130_fd_sc_hd__nand2_1)
     1    0.002933    0.052622    0.084336    0.234919 v g24/Y (sky130_fd_sc_hd__nand2_1)
                                                         n40 (net)
                      0.052622    0.000089    0.235007 v g25/A (sky130_fd_sc_hd__inv_1)
     2    0.007267    0.067894    0.081122    0.316130 ^ g25/Y (sky130_fd_sc_hd__inv_1)
                                                         n41 (net)
                      0.067895    0.000213    0.316343 ^ g175/B (sky130_fd_sc_hd__nand2_1)
     3    0.008267    0.067007    0.087399    0.403741 v g175/Y (sky130_fd_sc_hd__nand2_1)
                                                         n191 (net)
                      0.067007    0.000186    0.403928 v g177/B (sky130_fd_sc_hd__nand2_1)
     1    0.003174    0.048164    0.076908    0.480836 ^ g177/Y (sky130_fd_sc_hd__nand2_1)
                                                         n193 (net)
                      0.048164    0.000071    0.480907 ^ g178/B (sky130_fd_sc_hd__nand2_1)
     2    0.005605    0.048027    0.066603    0.547511 v g178/Y (sky130_fd_sc_hd__nand2_1)
                                                         n194 (net)
                      0.048027    0.000128    0.547639 v g179/A (sky130_fd_sc_hd__nand2_1)
     3    0.008555    0.091303    0.095775    0.643414 ^ g179/Y (sky130_fd_sc_hd__nand2_1)
                                                         n195 (net)
                      0.091304    0.000126    0.643541 ^ g183/B (sky130_fd_sc_hd__nand2_1)
     2    0.007491    0.065909    0.090327    0.733867 v g183/Y (sky130_fd_sc_hd__nand2_1)
                                                         n199 (net)
                      0.065909    0.000180    0.734047 v g311/B (sky130_fd_sc_hd__nand2_1)
     3    0.008631    0.092402    0.112094    0.846141 ^ g311/Y (sky130_fd_sc_hd__nand2_1)
                                                         n327 (net)
                      0.092402    0.000217    0.846358 ^ g313/B (sky130_fd_sc_hd__nand2_1)
     1    0.003165    0.039654    0.065312    0.911669 v g313/Y (sky130_fd_sc_hd__nand2_1)
                                                         n329 (net)
                      0.039654    0.000101    0.911770 v g314/B (sky130_fd_sc_hd__nand2_1)
     2    0.005401    0.064530    0.078653    0.990423 ^ g314/Y (sky130_fd_sc_hd__nand2_1)
                                                         n330 (net)
                      0.064530    0.000143    0.990565 ^ g315/A (sky130_fd_sc_hd__nand2_1)
     3    0.007421    0.062034    0.078327    1.068892 v g315/Y (sky130_fd_sc_hd__nand2_1)
                                                         n331 (net)
                      0.062034    0.000118    1.069010 v g319/B (sky130_fd_sc_hd__nand2_1)
     2    0.005414    0.065423    0.089271    1.158281 ^ g319/Y (sky130_fd_sc_hd__nand2_1)
                                                         n335 (net)
                      0.065423    0.000121    1.158403 ^ g415/B (sky130_fd_sc_hd__nand2_1)
     3    0.011009    0.086171    0.101433    1.259835 v g415/Y (sky130_fd_sc_hd__nand2_1)
                                                         n431 (net)
                      0.086198    0.000230    1.260066 v g417/B (sky130_fd_sc_hd__nand2_1)
     1    0.002640    0.047129    0.082027    1.342093 ^ g417/Y (sky130_fd_sc_hd__nand2_1)
                                                         n433 (net)
                      0.047129    0.000054    1.342148 ^ g418/B (sky130_fd_sc_hd__nand2_1)
     2    0.007357    0.059779    0.075710    1.417858 v g418/Y (sky130_fd_sc_hd__nand2_1)
                                                         n434 (net)
                      0.059799    0.000258    1.418116 v g419/A (sky130_fd_sc_hd__nand2_1)
     3    0.007951    0.086203    0.097095    1.515211 ^ g419/Y (sky130_fd_sc_hd__nand2_1)
                                                         n435 (net)
                      0.086203    0.000200    1.515411 ^ g421/B (sky130_fd_sc_hd__nand2_1)
     1    0.002852    0.034513    0.061607    1.577017 v g421/Y (sky130_fd_sc_hd__nand2_1)
                                                         n437 (net)
                      0.034513    0.000064    1.577081 v g422/B (sky130_fd_sc_hd__nand2_1)
     2    0.007108    0.078984    0.087341    1.664422 ^ g422/Y (sky130_fd_sc_hd__nand2_1)
                                                         n438 (net)
                      0.078985    0.000206    1.664629 ^ g491/B (sky130_fd_sc_hd__xor2_1)
     5    0.018578    0.395913    0.372118    2.036746 ^ g491/X (sky130_fd_sc_hd__xor2_1)
                                                         n507 (net)
                      0.395914    0.000465    2.037211 ^ g524/A (sky130_fd_sc_hd__and2_1)
     4    0.009926    0.111202    0.249222    2.286433 ^ g524/X (sky130_fd_sc_hd__and2_1)
                                                         n540 (net)
                      0.111202    0.000212    2.286645 ^ g561/A (sky130_fd_sc_hd__and2_1)
     4    0.009521    0.104699    0.187918    2.474563 ^ g561/X (sky130_fd_sc_hd__and2_1)
                                                         n577 (net)
                      0.104699    0.000073    2.474636 ^ g591/A1 (sky130_fd_sc_hd__a21o_1)
     1    0.005076    0.055754    0.138420    2.613056 ^ g591/X (sky130_fd_sc_hd__a21o_1)
                                                         n607 (net)
                      0.055754    0.000161    2.613217 ^ g639/B (sky130_fd_sc_hd__xor2_1)
     1    0.014688    0.324760    0.312196    2.925413 ^ g639/X (sky130_fd_sc_hd__xor2_1)
                                                         p[8] (net)
                      0.324762    0.000562    2.925974 ^ p[8] (out)
                                              2.925974   data arrival time

                      0.000000   10.000000   10.000000   clock __VIRTUAL_CLK__ (rise edge)
                                  0.000000   10.000000   clock network delay (ideal)
                                  0.000000   10.000000   clock reconvergence pessimism
                                  0.000000   10.000000   output external delay
                                             10.000000   data required time
---------------------------------------------------------------------------------------------
                                             10.000000   data required time
                                             -2.925974   data arrival time
---------------------------------------------------------------------------------------------
                                              7.074026   slack (MET)


Startpoint: b[4] (input port clocked by __VIRTUAL_CLK__)
Endpoint: p[9] (output port clocked by __VIRTUAL_CLK__)
Path Group: __VIRTUAL_CLK__
Path Type: max

Fanout         Cap        Slew       Delay        Time   Description
---------------------------------------------------------------------------------------------
                      0.000000    0.000000    0.000000   clock __VIRTUAL_CLK__ (rise edge)
                                  0.000000    0.000000   clock network delay (ideal)
                                  0.000000    0.000000 ^ input external delay
     8    0.044693    0.205418    0.150583    0.150583 ^ b[4] (in)
                                                         b[4] (net)
                      0.205452    0.000000    0.150583 ^ g24/B (sky130_fd_sc_hd__nand2_1)
     1    0.002933    0.052622    0.084336    0.234919 v g24/Y (sky130_fd_sc_hd__nand2_1)
                                                         n40 (net)
                      0.052622    0.000089    0.235007 v g25/A (sky130_fd_sc_hd__inv_1)
     2    0.007267    0.067894    0.081122    0.316130 ^ g25/Y (sky130_fd_sc_hd__inv_1)
                                                         n41 (net)
                      0.067895    0.000213    0.316343 ^ g175/B (sky130_fd_sc_hd__nand2_1)
     3    0.008267    0.067007    0.087399    0.403741 v g175/Y (sky130_fd_sc_hd__nand2_1)
                                                         n191 (net)
                      0.067007    0.000186    0.403928 v g177/B (sky130_fd_sc_hd__nand2_1)
     1    0.003174    0.048164    0.076908    0.480836 ^ g177/Y (sky130_fd_sc_hd__nand2_1)
                                                         n193 (net)
                      0.048164    0.000071    0.480907 ^ g178/B (sky130_fd_sc_hd__nand2_1)
     2    0.005605    0.048027    0.066603    0.547511 v g178/Y (sky130_fd_sc_hd__nand2_1)
                                                         n194 (net)
                      0.048027    0.000128    0.547639 v g179/A (sky130_fd_sc_hd__nand2_1)
     3    0.008555    0.091303    0.095775    0.643414 ^ g179/Y (sky130_fd_sc_hd__nand2_1)
                                                         n195 (net)
                      0.091304    0.000126    0.643541 ^ g183/B (sky130_fd_sc_hd__nand2_1)
     2    0.007491    0.065909    0.090327    0.733867 v g183/Y (sky130_fd_sc_hd__nand2_1)
                                                         n199 (net)
                      0.065909    0.000180    0.734047 v g311/B (sky130_fd_sc_hd__nand2_1)
     3    0.008631    0.092402    0.112094    0.846141 ^ g311/Y (sky130_fd_sc_hd__nand2_1)
                                                         n327 (net)
                      0.092402    0.000217    0.846358 ^ g313/B (sky130_fd_sc_hd__nand2_1)
     1    0.003165    0.039654    0.065312    0.911669 v g313/Y (sky130_fd_sc_hd__nand2_1)
                                                         n329 (net)
                      0.039654    0.000101    0.911770 v g314/B (sky130_fd_sc_hd__nand2_1)
     2    0.005401    0.064530    0.078653    0.990423 ^ g314/Y (sky130_fd_sc_hd__nand2_1)
                                                         n330 (net)
                      0.064530    0.000143    0.990565 ^ g315/A (sky130_fd_sc_hd__nand2_1)
     3    0.007421    0.062034    0.078327    1.068892 v g315/Y (sky130_fd_sc_hd__nand2_1)
                                                         n331 (net)
                      0.062034    0.000118    1.069010 v g319/B (sky130_fd_sc_hd__nand2_1)
     2    0.005414    0.065423    0.089271    1.158281 ^ g319/Y (sky130_fd_sc_hd__nand2_1)
                                                         n335 (net)
                      0.065423    0.000121    1.158403 ^ g415/B (sky130_fd_sc_hd__nand2_1)
     3    0.011009    0.086171    0.101433    1.259835 v g415/Y (sky130_fd_sc_hd__nand2_1)
                                                         n431 (net)
                      0.086198    0.000230    1.260066 v g417/B (sky130_fd_sc_hd__nand2_1)
     1    0.002640    0.047129    0.082027    1.342093 ^ g417/Y (sky130_fd_sc_hd__nand2_1)
                                                         n433 (net)
                      0.047129    0.000054    1.342148 ^ g418/B (sky130_fd_sc_hd__nand2_1)
     2    0.007357    0.059779    0.075710    1.417858 v g418/Y (sky130_fd_sc_hd__nand2_1)
                                                         n434 (net)
                      0.059799    0.000258    1.418116 v g419/A (sky130_fd_sc_hd__nand2_1)
     3    0.007951    0.086203    0.097095    1.515211 ^ g419/Y (sky130_fd_sc_hd__nand2_1)
                                                         n435 (net)
                      0.086203    0.000200    1.515411 ^ g421/B (sky130_fd_sc_hd__nand2_1)
     1    0.002852    0.034513    0.061607    1.577017 v g421/Y (sky130_fd_sc_hd__nand2_1)
                                                         n437 (net)
                      0.034513    0.000064    1.577081 v g422/B (sky130_fd_sc_hd__nand2_1)
     2    0.007108    0.078984    0.087341    1.664422 ^ g422/Y (sky130_fd_sc_hd__nand2_1)
                                                         n438 (net)
                      0.078985    0.000206    1.664629 ^ g491/B (sky130_fd_sc_hd__xor2_1)
     5    0.018578    0.395913    0.372118    2.036746 ^ g491/X (sky130_fd_sc_hd__xor2_1)
                                                         n507 (net)
                      0.395914    0.000696    2.037442 ^ g527/B (sky130_fd_sc_hd__and2_1)
     4    0.008709    0.100116    0.237583    2.275025 ^ g527/X (sky130_fd_sc_hd__and2_1)
                                                         n543 (net)
                      0.100116    0.000265    2.275290 ^ g564/A (sky130_fd_sc_hd__and2_1)
     4    0.010749    0.115986    0.192482    2.467772 ^ g564/X (sky130_fd_sc_hd__and2_1)
                                                         n580 (net)
                      0.115986    0.000178    2.467949 ^ g594/A1 (sky130_fd_sc_hd__a21o_1)
     1    0.005408    0.058316    0.144341    2.612291 ^ g594/X (sky130_fd_sc_hd__a21o_1)
                                                         n610 (net)
                      0.058316    0.000173    2.612464 ^ g640/B (sky130_fd_sc_hd__xor2_1)
     1    0.011988    0.275428    0.275122    2.887586 ^ g640/X (sky130_fd_sc_hd__xor2_1)
                                                         p[9] (net)
                      0.275428    0.000364    2.887950 ^ p[9] (out)
                                              2.887950   data arrival time

                      0.000000   10.000000   10.000000   clock __VIRTUAL_CLK__ (rise edge)
                                  0.000000   10.000000   clock network delay (ideal)
                                  0.000000   10.000000   clock reconvergence pessimism
                                  0.000000   10.000000   output external delay
                                             10.000000   data required time
---------------------------------------------------------------------------------------------
                                             10.000000   data required time
                                             -2.887950   data arrival time
---------------------------------------------------------------------------------------------
                                              7.112050   slack (MET)


Startpoint: a[4] (input port clocked by __VIRTUAL_CLK__)
Endpoint: p[15] (output port clocked by __VIRTUAL_CLK__)
Path Group: __VIRTUAL_CLK__
Path Type: max

Fanout         Cap        Slew       Delay        Time   Description
---------------------------------------------------------------------------------------------
                      0.000000    0.000000    0.000000   clock __VIRTUAL_CLK__ (rise edge)
                                  0.000000    0.000000   clock network delay (ideal)
                                  0.000000    0.000000 ^ input external delay
     8    0.043670    0.200898    0.145461    0.145461 ^ a[4] (in)
                                                         a[4] (net)
                      0.200901    0.000000    0.145461 ^ g76/A (sky130_fd_sc_hd__nand2_1)
     1    0.002424    0.055028    0.073911    0.219373 v g76/Y (sky130_fd_sc_hd__nand2_1)
                                                         n92 (net)
                      0.055028    0.000050    0.219422 v g77/A (sky130_fd_sc_hd__inv_1)
     2    0.005428    0.053706    0.071303    0.290725 ^ g77/Y (sky130_fd_sc_hd__inv_1)
                                                         n93 (net)
                      0.053706    0.000082    0.290807 ^ g261/B (sky130_fd_sc_hd__nand2_1)
     3    0.008414    0.067085    0.083675    0.374482 v g261/Y (sky130_fd_sc_hd__nand2_1)
                                                         n277 (net)
                      0.067085    0.000209    0.374690 v g263/B (sky130_fd_sc_hd__nand2_1)
     1    0.002964    0.046617    0.075490    0.450180 ^ g263/Y (sky130_fd_sc_hd__nand2_1)
                                                         n279 (net)
                      0.046617    0.000064    0.450244 ^ g264/B (sky130_fd_sc_hd__nand2_1)
     2    0.005283    0.045944    0.064348    0.514593 v g264/Y (sky130_fd_sc_hd__nand2_1)
                                                         n280 (net)
                      0.045944    0.000143    0.514735 v g265/A (sky130_fd_sc_hd__nand2_1)
     3    0.008340    0.089476    0.093458    0.608194 ^ g265/Y (sky130_fd_sc_hd__nand2_1)
                                                         n281 (net)
                      0.089476    0.000158    0.608351 ^ g267/B (sky130_fd_sc_hd__nand2_1)
     1    0.002428    0.032519    0.059595    0.667947 v g267/Y (sky130_fd_sc_hd__nand2_1)
                                                         n283 (net)
                      0.032519    0.000049    0.667996 v g268/B (sky130_fd_sc_hd__nand2_1)
     2    0.005965    0.069275    0.078983    0.746979 ^ g268/Y (sky130_fd_sc_hd__nand2_1)
                                                         n284 (net)
                      0.069275    0.000137    0.747117 ^ g347/B (sky130_fd_sc_hd__nand2_1)
     3    0.008542    0.070118    0.089352    0.836468 v g347/Y (sky130_fd_sc_hd__nand2_1)
                                                         n363 (net)
                      0.070118    0.000187    0.836655 v g349/B (sky130_fd_sc_hd__nand2_1)
     1    0.002884    0.046468    0.076342    0.912997 ^ g349/Y (sky130_fd_sc_hd__nand2_1)
                                                         n365 (net)
                      0.046468    0.000061    0.913058 ^ g350/B (sky130_fd_sc_hd__nand2_1)
     2    0.006082    0.051161    0.068648    0.981707 v g350/Y (sky130_fd_sc_hd__nand2_1)
                                                         n366 (net)
                      0.051161    0.000113    0.981820 v g351/A (sky130_fd_sc_hd__nand2_1)
     3    0.008326    0.089401    0.095648    1.077468 ^ g351/Y (sky130_fd_sc_hd__nand2_1)
                                                         n367 (net)
                      0.089401    0.000117    1.077585 ^ g353/B (sky130_fd_sc_hd__nand2_1)
     1    0.003026    0.035918    0.063586    1.141171 v g353/Y (sky130_fd_sc_hd__nand2_1)
                                                         n369 (net)
                      0.035918    0.000093    1.141264 v g354/B (sky130_fd_sc_hd__nand2_1)
     2    0.005306    0.063740    0.076313    1.217577 ^ g354/Y (sky130_fd_sc_hd__nand2_1)
                                                         n370 (net)
                      0.063740    0.000085    1.217662 ^ g442/B (sky130_fd_sc_hd__nand2_1)
     3    0.007935    0.069458    0.084258    1.301920 v g442/Y (sky130_fd_sc_hd__nand2_1)
                                                         n458 (net)
                      0.069458    0.000136    1.302056 v g444/B (sky130_fd_sc_hd__nand2_1)
     1    0.002634    0.044544    0.074289    1.376345 ^ g444/Y (sky130_fd_sc_hd__nand2_1)
                                                         n460 (net)
                      0.044544    0.000079    1.376423 ^ g445/B (sky130_fd_sc_hd__nand2_1)
     2    0.005370    0.046515    0.064167    1.440590 v g445/Y (sky130_fd_sc_hd__nand2_1)
                                                         n461 (net)
                      0.046515    0.000085    1.440675 v g446/A (sky130_fd_sc_hd__nand2_1)
     3    0.007997    0.086939    0.091436    1.532111 ^ g446/Y (sky130_fd_sc_hd__nand2_1)
                                                         n462 (net)
                      0.086939    0.000116    1.532226 ^ g448/B (sky130_fd_sc_hd__nand2_1)
     1    0.002853    0.036477    0.061803    1.594030 v g448/Y (sky130_fd_sc_hd__nand2_1)
                                                         n464 (net)
                      0.036477    0.000061    1.594091 v g449/B (sky130_fd_sc_hd__nand2_1)
     2    0.007497    0.082311    0.090789    1.684880 ^ g449/Y (sky130_fd_sc_hd__nand2_1)
                                                         n465 (net)
                      0.082312    0.000226    1.685106 ^ g497/B (sky130_fd_sc_hd__xor2_1)
     5    0.018246    0.389812    0.368324    2.053430 ^ g497/X (sky130_fd_sc_hd__xor2_1)
                                                         n513 (net)
                      0.389813    0.000581    2.054011 ^ g533/A (sky130_fd_sc_hd__and2_1)
     4    0.011121    0.121917    0.256685    2.310695 ^ g533/X (sky130_fd_sc_hd__and2_1)
                                                         n549 (net)
                      0.121917    0.000227    2.310922 ^ g570/A (sky130_fd_sc_hd__and2_1)
     4    0.009710    0.106432    0.192980    2.503903 ^ g570/X (sky130_fd_sc_hd__and2_1)
                                                         n586 (net)
                      0.106432    0.000214    2.504117 ^ g613/B (sky130_fd_sc_hd__and2_1)
     3    0.008405    0.094778    0.179604    2.683721 ^ g613/X (sky130_fd_sc_hd__and2_1)
                                                         n629 (net)
                      0.094778    0.000211    2.683932 ^ g631/A1 (sky130_fd_sc_hd__a21o_1)
     1    0.012019    0.111362    0.179113    2.863045 ^ g631/X (sky130_fd_sc_hd__a21o_1)
                                                         p[15] (net)
                      0.111362    0.000366    2.863411 ^ p[15] (out)
                                              2.863411   data arrival time

                      0.000000   10.000000   10.000000   clock __VIRTUAL_CLK__ (rise edge)
                                  0.000000   10.000000   clock network delay (ideal)
                                  0.000000   10.000000   clock reconvergence pessimism
                                  0.000000   10.000000   output external delay
                                             10.000000   data required time
---------------------------------------------------------------------------------------------
                                             10.000000   data required time
                                             -2.863411   data arrival time
---------------------------------------------------------------------------------------------
                                              7.136590   slack (MET)


Startpoint: b[4] (input port clocked by __VIRTUAL_CLK__)
Endpoint: p[7] (output port clocked by __VIRTUAL_CLK__)
Path Group: __VIRTUAL_CLK__
Path Type: max

Fanout         Cap        Slew       Delay        Time   Description
---------------------------------------------------------------------------------------------
                      0.000000    0.000000    0.000000   clock __VIRTUAL_CLK__ (rise edge)
                                  0.000000    0.000000   clock network delay (ideal)
                                  0.000000    0.000000 ^ input external delay
     8    0.044693    0.205418    0.150583    0.150583 ^ b[4] (in)
                                                         b[4] (net)
                      0.205452    0.000000    0.150583 ^ g24/B (sky130_fd_sc_hd__nand2_1)
     1    0.002933    0.052622    0.084336    0.234919 v g24/Y (sky130_fd_sc_hd__nand2_1)
                                                         n40 (net)
                      0.052622    0.000089    0.235007 v g25/A (sky130_fd_sc_hd__inv_1)
     2    0.007267    0.067894    0.081122    0.316130 ^ g25/Y (sky130_fd_sc_hd__inv_1)
                                                         n41 (net)
                      0.067895    0.000213    0.316343 ^ g175/B (sky130_fd_sc_hd__nand2_1)
     3    0.008267    0.067007    0.087399    0.403741 v g175/Y (sky130_fd_sc_hd__nand2_1)
                                                         n191 (net)
                      0.067007    0.000186    0.403928 v g177/B (sky130_fd_sc_hd__nand2_1)
     1    0.003174    0.048164    0.076908    0.480836 ^ g177/Y (sky130_fd_sc_hd__nand2_1)
                                                         n193 (net)
                      0.048164    0.000071    0.480907 ^ g178/B (sky130_fd_sc_hd__nand2_1)
     2    0.005605    0.048027    0.066603    0.547511 v g178/Y (sky130_fd_sc_hd__nand2_1)
                                                         n194 (net)
                      0.048027    0.000128    0.547639 v g179/A (sky130_fd_sc_hd__nand2_1)
     3    0.008555    0.091303    0.095775    0.643414 ^ g179/Y (sky130_fd_sc_hd__nand2_1)
                                                         n195 (net)
                      0.091304    0.000126    0.643541 ^ g183/B (sky130_fd_sc_hd__nand2_1)
     2    0.007491    0.065909    0.090327    0.733867 v g183/Y (sky130_fd_sc_hd__nand2_1)
                                                         n199 (net)
                      0.065909    0.000180    0.734047 v g311/B (sky130_fd_sc_hd__nand2_1)
     3    0.008631    0.092402    0.112094    0.846141 ^ g311/Y (sky130_fd_sc_hd__nand2_1)
                                                         n327 (net)
                      0.092402    0.000217    0.846358 ^ g313/B (sky130_fd_sc_hd__nand2_1)
     1    0.003165    0.039654    0.065312    0.911669 v g313/Y (sky130_fd_sc_hd__nand2_1)
                                                         n329 (net)
                      0.039654    0.000101    0.911770 v g314/B (sky130_fd_sc_hd__nand2_1)
     2    0.005401    0.064530    0.078653    0.990423 ^ g314/Y (sky130_fd_sc_hd__nand2_1)
                                                         n330 (net)
                      0.064530    0.000143    0.990565 ^ g315/A (sky130_fd_sc_hd__nand2_1)
     3    0.007421    0.062034    0.078327    1.068892 v g315/Y (sky130_fd_sc_hd__nand2_1)
                                                         n331 (net)
                      0.062034    0.000116    1.069008 v g317/B (sky130_fd_sc_hd__nand2_1)
     1    0.003468    0.049679    0.076564    1.145573 ^ g317/Y (sky130_fd_sc_hd__nand2_1)
                                                         n333 (net)
                      0.049679    0.000114    1.145686 ^ g318/B (sky130_fd_sc_hd__nand2_1)
     2    0.008812    0.069622    0.084436    1.230122 v g318/Y (sky130_fd_sc_hd__nand2_1)
                                                         n334 (net)
                      0.069624    0.000319    1.230441 v g410/B (sky130_fd_sc_hd__nand2_1)
     3    0.007974    0.087134    0.109547    1.339988 ^ g410/Y (sky130_fd_sc_hd__nand2_1)
                                                         n426 (net)
                      0.087134    0.000203    1.340191 ^ g412/B (sky130_fd_sc_hd__nand2_1)
     1    0.002622    0.038687    0.060313    1.400504 v g412/Y (sky130_fd_sc_hd__nand2_1)
                                                         n428 (net)
                      0.038687    0.000055    1.400560 v g413/B (sky130_fd_sc_hd__nand2_1)
     2    0.006610    0.074736    0.086053    1.486613 ^ g413/Y (sky130_fd_sc_hd__nand2_1)
                                                         n429 (net)
                      0.074736    0.000194    1.486807 ^ g489/B (sky130_fd_sc_hd__xor2_1)
     5    0.016789    0.363076    0.346093    1.832900 ^ g489/X (sky130_fd_sc_hd__xor2_1)
                                                         n505 (net)
                      0.363078    0.000637    1.833538 ^ g521/A (sky130_fd_sc_hd__and2_1)
     4    0.008911    0.101763    0.237795    2.071332 ^ g521/X (sky130_fd_sc_hd__and2_1)
                                                         n537 (net)
                      0.101763    0.000199    2.071531 ^ g558/A (sky130_fd_sc_hd__and2_1)
     4    0.009259    0.102327    0.182667    2.254198 ^ g558/X (sky130_fd_sc_hd__and2_1)
                                                         n574 (net)
                      0.102327    0.000252    2.254450 ^ g588/A1 (sky130_fd_sc_hd__a21o_1)
     3    0.010408    0.098427    0.171750    2.426200 ^ g588/X (sky130_fd_sc_hd__a21o_1)
                                                         n604 (net)
                      0.098427    0.000191    2.426390 ^ g638/B (sky130_fd_sc_hd__xor2_1)
     1    0.011786    0.271782    0.281530    2.707921 ^ g638/X (sky130_fd_sc_hd__xor2_1)
                                                         p[7] (net)
                      0.271782    0.000344    2.708265 ^ p[7] (out)
                                              2.708265   data arrival time

                      0.000000   10.000000   10.000000   clock __VIRTUAL_CLK__ (rise edge)
                                  0.000000   10.000000   clock network delay (ideal)
                                  0.000000   10.000000   clock reconvergence pessimism
                                  0.000000   10.000000   output external delay
                                             10.000000   data required time
---------------------------------------------------------------------------------------------
                                             10.000000   data required time
                                             -2.708265   data arrival time
---------------------------------------------------------------------------------------------
                                              7.291735   slack (MET)


Startpoint: b[4] (input port clocked by __VIRTUAL_CLK__)
Endpoint: p[6] (output port clocked by __VIRTUAL_CLK__)
Path Group: __VIRTUAL_CLK__
Path Type: max

Fanout         Cap        Slew       Delay        Time   Description
---------------------------------------------------------------------------------------------
                      0.000000    0.000000    0.000000   clock __VIRTUAL_CLK__ (rise edge)
                                  0.000000    0.000000   clock network delay (ideal)
                                  0.000000    0.000000 ^ input external delay
     8    0.044693    0.205418    0.150583    0.150583 ^ b[4] (in)
                                                         b[4] (net)
                      0.205452    0.000000    0.150583 ^ g24/B (sky130_fd_sc_hd__nand2_1)
     1    0.002933    0.052622    0.084336    0.234919 v g24/Y (sky130_fd_sc_hd__nand2_1)
                                                         n40 (net)
                      0.052622    0.000089    0.235007 v g25/A (sky130_fd_sc_hd__inv_1)
     2    0.007267    0.067894    0.081122    0.316130 ^ g25/Y (sky130_fd_sc_hd__inv_1)
                                                         n41 (net)
                      0.067895    0.000213    0.316343 ^ g175/B (sky130_fd_sc_hd__nand2_1)
     3    0.008267    0.067007    0.087399    0.403741 v g175/Y (sky130_fd_sc_hd__nand2_1)
                                                         n191 (net)
                      0.067007    0.000186    0.403928 v g177/B (sky130_fd_sc_hd__nand2_1)
     1    0.003174    0.048164    0.076908    0.480836 ^ g177/Y (sky130_fd_sc_hd__nand2_1)
                                                         n193 (net)
                      0.048164    0.000071    0.480907 ^ g178/B (sky130_fd_sc_hd__nand2_1)
     2    0.005605    0.048027    0.066603    0.547511 v g178/Y (sky130_fd_sc_hd__nand2_1)
                                                         n194 (net)
                      0.048027    0.000128    0.547639 v g179/A (sky130_fd_sc_hd__nand2_1)
     3    0.008555    0.091303    0.095775    0.643414 ^ g179/Y (sky130_fd_sc_hd__nand2_1)
                                                         n195 (net)
                      0.091304    0.000203    0.643618 ^ g181/B (sky130_fd_sc_hd__nand2_1)
     1    0.002455    0.032901    0.060223    0.703840 v g181/Y (sky130_fd_sc_hd__nand2_1)
                                                         n197 (net)
                      0.032901    0.000051    0.703891 v g182/B (sky130_fd_sc_hd__nand2_1)
     2    0.006096    0.070386    0.080018    0.783909 ^ g182/Y (sky130_fd_sc_hd__nand2_1)
                                                         n198 (net)
                      0.070386    0.000144    0.784053 ^ g397/B (sky130_fd_sc_hd__nand2_1)
     3    0.008992    0.072073    0.092246    0.876299 v g397/Y (sky130_fd_sc_hd__nand2_1)
                                                         n413 (net)
                      0.072073    0.000180    0.876479 v g399/B (sky130_fd_sc_hd__nand2_1)
     1    0.002646    0.045029    0.075581    0.952060 ^ g399/Y (sky130_fd_sc_hd__nand2_1)
                                                         n415 (net)
                      0.045029    0.000054    0.952114 ^ g400/B (sky130_fd_sc_hd__nand2_1)
     2    0.005315    0.046162    0.064004    1.016118 v g400/Y (sky130_fd_sc_hd__nand2_1)
                                                         n416 (net)
                      0.046162    0.000134    1.016252 v g401/A (sky130_fd_sc_hd__nand2_1)
     3    0.008206    0.088375    0.092661    1.108913 ^ g401/Y (sky130_fd_sc_hd__nand2_1)
                                                         n417 (net)
                      0.088375    0.000120    1.109034 ^ g403/B (sky130_fd_sc_hd__nand2_1)
     1    0.002731    0.034097    0.061355    1.170389 v g403/Y (sky130_fd_sc_hd__nand2_1)
                                                         n419 (net)
                      0.034097    0.000058    1.170447 v g404/B (sky130_fd_sc_hd__nand2_1)
     2    0.008572    0.091459    0.096624    1.267071 ^ g404/Y (sky130_fd_sc_hd__nand2_1)
                                                         n420 (net)
                      0.091461    0.000317    1.267388 ^ g487/B (sky130_fd_sc_hd__xor2_1)
     5    0.016360    0.355194    0.344020    1.611408 ^ g487/X (sky130_fd_sc_hd__xor2_1)
                                                         n503 (net)
                      0.355195    0.000552    1.611960 ^ g518/A (sky130_fd_sc_hd__and2_1)
     4    0.009219    0.104444    0.238923    1.850883 ^ g518/X (sky130_fd_sc_hd__and2_1)
                                                         n534 (net)
                      0.104444    0.000135    1.851018 ^ g555/A (sky130_fd_sc_hd__and2_1)
     4    0.009812    0.107384    0.187442    2.038460 ^ g555/X (sky130_fd_sc_hd__and2_1)
                                                         n571 (net)
                      0.107384    0.000276    2.038736 ^ g585/A1 (sky130_fd_sc_hd__a21o_1)
     3    0.011616    0.108732    0.180895    2.219631 ^ g585/X (sky130_fd_sc_hd__a21o_1)
                                                         n601 (net)
                      0.108732    0.000178    2.219809 ^ g637/B (sky130_fd_sc_hd__xor2_1)
     1    0.013326    0.299984    0.305587    2.525396 ^ g637/X (sky130_fd_sc_hd__xor2_1)
                                                         p[6] (net)
                      0.299985    0.000423    2.525819 ^ p[6] (out)
                                              2.525819   data arrival time

                      0.000000   10.000000   10.000000   clock __VIRTUAL_CLK__ (rise edge)
                                  0.000000   10.000000   clock network delay (ideal)
                                  0.000000   10.000000   clock reconvergence pessimism
                                  0.000000   10.000000   output external delay
                                             10.000000   data required time
---------------------------------------------------------------------------------------------
                                             10.000000   data required time
                                             -2.525819   data arrival time
---------------------------------------------------------------------------------------------
                                              7.474182   slack (MET)


Startpoint: b[3] (input port clocked by __VIRTUAL_CLK__)
Endpoint: p[5] (output port clocked by __VIRTUAL_CLK__)
Path Group: __VIRTUAL_CLK__
Path Type: max

Fanout         Cap        Slew       Delay        Time   Description
---------------------------------------------------------------------------------------------
                      0.000000    0.000000    0.000000   clock __VIRTUAL_CLK__ (rise edge)
                                  0.000000    0.000000   clock network delay (ideal)
                                  0.000000    0.000000 ^ input external delay
     8    0.044950    0.206583    0.151642    0.151642 ^ b[3] (in)
                                                         b[3] (net)
                      0.206628    0.000000    0.151642 ^ g22/B (sky130_fd_sc_hd__nand2_1)
     1    0.002937    0.052651    0.084553    0.236196 v g22/Y (sky130_fd_sc_hd__nand2_1)
                                                         n38 (net)
                      0.052651    0.000090    0.236286 v g23/A (sky130_fd_sc_hd__inv_1)
     2    0.006505    0.061879    0.076629    0.312915 ^ g23/Y (sky130_fd_sc_hd__inv_1)
                                                         n39 (net)
                      0.061900    0.000165    0.313080 ^ g170/B (sky130_fd_sc_hd__nand2_1)
     3    0.009198    0.072607    0.090597    0.403677 v g170/Y (sky130_fd_sc_hd__nand2_1)
                                                         n186 (net)
                      0.072607    0.000218    0.403895 v g172/B (sky130_fd_sc_hd__nand2_1)
     1    0.003230    0.049350    0.079921    0.483817 ^ g172/Y (sky130_fd_sc_hd__nand2_1)
                                                         n188 (net)
                      0.049350    0.000102    0.483919 ^ g173/B (sky130_fd_sc_hd__nand2_1)
     2    0.005121    0.044954    0.064368    0.548287 v g173/Y (sky130_fd_sc_hd__nand2_1)
                                                         n189 (net)
                      0.044954    0.000129    0.548416 v g388/B (sky130_fd_sc_hd__nand2_1)
     3    0.008439    0.090353    0.100936    0.649352 ^ g388/Y (sky130_fd_sc_hd__nand2_1)
                                                         n404 (net)
                      0.090353    0.000124    0.649476 ^ g390/B (sky130_fd_sc_hd__nand2_1)
     1    0.002411    0.032539    0.059694    0.709171 v g390/Y (sky130_fd_sc_hd__nand2_1)
                                                         n406 (net)
                      0.032539    0.000049    0.709220 v g391/B (sky130_fd_sc_hd__nand2_1)
     2    0.005386    0.064410    0.075247    0.784467 ^ g391/Y (sky130_fd_sc_hd__nand2_1)
                                                         n407 (net)
                      0.064410    0.000083    0.784550 ^ g392/A (sky130_fd_sc_hd__nand2_1)
     3    0.007543    0.062851    0.078917    0.863467 v g392/Y (sky130_fd_sc_hd__nand2_1)
                                                         n408 (net)
                      0.062851    0.000183    0.863650 v g394/B (sky130_fd_sc_hd__nand2_1)
     1    0.002608    0.043344    0.071081    0.934731 ^ g394/Y (sky130_fd_sc_hd__nand2_1)
                                                         n410 (net)
                      0.043344    0.000053    0.934784 ^ g395/B (sky130_fd_sc_hd__nand2_1)
     2    0.006553    0.054244    0.070127    1.004911 v g395/Y (sky130_fd_sc_hd__nand2_1)
                                                         n411 (net)
                      0.054244    0.000193    1.005104 v g485/B (sky130_fd_sc_hd__xor2_1)
     5    0.015011    0.330514    0.307869    1.312973 ^ g485/X (sky130_fd_sc_hd__xor2_1)
                                                         n501 (net)
                      0.330515    0.000374    1.313347 ^ g515/A (sky130_fd_sc_hd__and2_1)
     4    0.011083    0.121073    0.248483    1.561830 ^ g515/X (sky130_fd_sc_hd__and2_1)
                                                         n531 (net)
                      0.121073    0.000371    1.562201 ^ g551/A1 (sky130_fd_sc_hd__a21o_1)
     5    0.017057    0.153324    0.219096    1.781296 ^ g551/X (sky130_fd_sc_hd__a21o_1)
                                                         n567 (net)
                      0.153324    0.000337    1.781633 ^ g636/B (sky130_fd_sc_hd__xor2_1)
     1    0.012170    0.278737    0.296524    2.078157 ^ g636/X (sky130_fd_sc_hd__xor2_1)
                                                         p[5] (net)
                      0.278738    0.000312    2.078470 ^ p[5] (out)
                                              2.078470   data arrival time

                      0.000000   10.000000   10.000000   clock __VIRTUAL_CLK__ (rise edge)
                                  0.000000   10.000000   clock network delay (ideal)
                                  0.000000   10.000000   clock reconvergence pessimism
                                  0.000000   10.000000   output external delay
                                             10.000000   data required time
---------------------------------------------------------------------------------------------
                                             10.000000   data required time
                                             -2.078470   data arrival time
---------------------------------------------------------------------------------------------
                                              7.921530   slack (MET)


Startpoint: a[2] (input port clocked by __VIRTUAL_CLK__)
Endpoint: p[4] (output port clocked by __VIRTUAL_CLK__)
Path Group: __VIRTUAL_CLK__
Path Type: max

Fanout         Cap        Slew       Delay        Time   Description
---------------------------------------------------------------------------------------------
                      0.000000    0.000000    0.000000   clock __VIRTUAL_CLK__ (rise edge)
                                  0.000000    0.000000   clock network delay (ideal)
                                  0.000000    0.000000 ^ input external delay
     8    0.038650    0.178548    0.131094    0.131094 ^ a[2] (in)
                                                         a[2] (net)
                      0.178603    0.000000    0.131094 ^ g34/A (sky130_fd_sc_hd__nand2_1)
     1    0.002455    0.051674    0.071394    0.202488 v g34/Y (sky130_fd_sc_hd__nand2_1)
                                                         n50 (net)
                      0.051674    0.000072    0.202561 v g35/A (sky130_fd_sc_hd__inv_1)
     2    0.005499    0.053960    0.070234    0.272795 ^ g35/Y (sky130_fd_sc_hd__inv_1)
                                                         n51 (net)
                      0.053960    0.000145    0.272940 ^ g379/A (sky130_fd_sc_hd__nand2_1)
     3    0.007765    0.062641    0.076559    0.349499 v g379/Y (sky130_fd_sc_hd__nand2_1)
                                                         n395 (net)
                      0.062641    0.000143    0.349643 v g381/B (sky130_fd_sc_hd__nand2_1)
     1    0.002886    0.045388    0.072876    0.422519 ^ g381/Y (sky130_fd_sc_hd__nand2_1)
                                                         n397 (net)
                      0.045388    0.000088    0.422606 ^ g382/B (sky130_fd_sc_hd__nand2_1)
     2    0.005479    0.047255    0.065010    0.487617 v g382/Y (sky130_fd_sc_hd__nand2_1)
                                                         n398 (net)
                      0.047255    0.000141    0.487758 v g383/A (sky130_fd_sc_hd__nand2_1)
     3    0.007971    0.086358    0.091596    0.579353 ^ g383/Y (sky130_fd_sc_hd__nand2_1)
                                                         n399 (net)
                      0.086358    0.000116    0.579469 ^ g385/B (sky130_fd_sc_hd__nand2_1)
     1    0.002477    0.032386    0.059143    0.638612 v g385/Y (sky130_fd_sc_hd__nand2_1)
                                                         n401 (net)
                      0.032386    0.000074    0.638686 v g386/B (sky130_fd_sc_hd__nand2_1)
     2    0.008337    0.089460    0.094288    0.732974 ^ g386/Y (sky130_fd_sc_hd__nand2_1)
                                                         n402 (net)
                      0.089462    0.000305    0.733280 ^ g483/B (sky130_fd_sc_hd__xor2_1)
     5    0.014793    0.326469    0.321675    1.054955 ^ g483/X (sky130_fd_sc_hd__xor2_1)
                                                         n499 (net)
                      0.326470    0.000480    1.055435 ^ g512/A (sky130_fd_sc_hd__and2_1)
     4    0.009464    0.106385    0.236827    1.292262 ^ g512/X (sky130_fd_sc_hd__and2_1)
                                                         n528 (net)
                      0.106385    0.000075    1.292337 ^ g548/A1 (sky130_fd_sc_hd__a21o_1)
     5    0.017728    0.159049    0.218305    1.510643 ^ g548/X (sky130_fd_sc_hd__a21o_1)
                                                         n564 (net)
                      0.159049    0.000287    1.510930 ^ g635/B (sky130_fd_sc_hd__xor2_1)
     1    0.011479    0.266043    0.287539    1.798468 ^ g635/X (sky130_fd_sc_hd__xor2_1)
                                                         p[4] (net)
                      0.266043    0.000224    1.798693 ^ p[4] (out)
                                              1.798693   data arrival time

                      0.000000   10.000000   10.000000   clock __VIRTUAL_CLK__ (rise edge)
                                  0.000000   10.000000   clock network delay (ideal)
                                  0.000000   10.000000   clock reconvergence pessimism
                                  0.000000   10.000000   output external delay
                                             10.000000   data required time
---------------------------------------------------------------------------------------------
                                             10.000000   data required time
                                             -1.798693   data arrival time
---------------------------------------------------------------------------------------------
                                              8.201307   slack (MET)


Startpoint: b[2] (input port clocked by __VIRTUAL_CLK__)
Endpoint: p[3] (output port clocked by __VIRTUAL_CLK__)
Path Group: __VIRTUAL_CLK__
Path Type: max

Fanout         Cap        Slew       Delay        Time   Description
---------------------------------------------------------------------------------------------
                      0.000000    0.000000    0.000000   clock __VIRTUAL_CLK__ (rise edge)
                                  0.000000    0.000000   clock network delay (ideal)
                                  0.000000    0.000000 ^ input external delay
     8    0.042338    0.195033    0.143117    0.143117 ^ b[2] (in)
                                                         b[2] (net)
                      0.195098    0.000000    0.143117 ^ g4/B (sky130_fd_sc_hd__nand2_1)
     1    0.002463    0.051351    0.078270    0.221387 v g4/Y (sky130_fd_sc_hd__nand2_1)
                                                         n20 (net)
                      0.051351    0.000051    0.221438 v g5/A (sky130_fd_sc_hd__inv_1)
     2    0.005974    0.057682    0.072908    0.294346 ^ g5/Y (sky130_fd_sc_hd__inv_1)
                                                         n21 (net)
                      0.057682    0.000156    0.294502 ^ g374/A (sky130_fd_sc_hd__nand2_1)
     3    0.007848    0.063335    0.078344    0.372846 v g374/Y (sky130_fd_sc_hd__nand2_1)
                                                         n390 (net)
                      0.063335    0.000075    0.372921 v g376/B (sky130_fd_sc_hd__nand2_1)
     1    0.003028    0.046552    0.074172    0.447092 ^ g376/Y (sky130_fd_sc_hd__nand2_1)
                                                         n392 (net)
                      0.046552    0.000094    0.447186 ^ g377/B (sky130_fd_sc_hd__nand2_1)
     2    0.006349    0.052948    0.070105    0.517291 v g377/Y (sky130_fd_sc_hd__nand2_1)
                                                         n393 (net)
                      0.052948    0.000171    0.517462 v g481/B (sky130_fd_sc_hd__xor2_1)
     5    0.018047    0.385942    0.350196    0.867658 ^ g481/X (sky130_fd_sc_hd__xor2_1)
                                                         n497 (net)
                      0.385944    0.000669    0.868326 ^ g508/A1 (sky130_fd_sc_hd__a21o_1)
     7    0.023600    0.208250    0.304480    1.172806 ^ g508/X (sky130_fd_sc_hd__a21o_1)
                                                         n524 (net)
                      0.208250    0.000486    1.173292 ^ g634/B (sky130_fd_sc_hd__xor2_1)
     1    0.011023    0.257701    0.287506    1.460799 ^ g634/X (sky130_fd_sc_hd__xor2_1)
                                                         p[3] (net)
                      0.257701    0.000211    1.461010 ^ p[3] (out)
                                              1.461010   data arrival time

                      0.000000   10.000000   10.000000   clock __VIRTUAL_CLK__ (rise edge)
                                  0.000000   10.000000   clock network delay (ideal)
                                  0.000000   10.000000   clock reconvergence pessimism
                                  0.000000   10.000000   output external delay
                                             10.000000   data required time
---------------------------------------------------------------------------------------------
                                             10.000000   data required time
                                             -1.461010   data arrival time
---------------------------------------------------------------------------------------------
                                              8.538990   slack (MET)


Startpoint: b[2] (input port clocked by __VIRTUAL_CLK__)
Endpoint: p[2] (output port clocked by __VIRTUAL_CLK__)
Path Group: __VIRTUAL_CLK__
Path Type: max

Fanout         Cap        Slew       Delay        Time   Description
---------------------------------------------------------------------------------------------
                      0.000000    0.000000    0.000000   clock __VIRTUAL_CLK__ (rise edge)
                                  0.000000    0.000000   clock network delay (ideal)
                                  0.000000    0.000000 ^ input external delay
     8    0.042338    0.195033    0.143117    0.143117 ^ b[2] (in)
                                                         b[2] (net)
                      0.195098    0.000000    0.143117 ^ g4/B (sky130_fd_sc_hd__nand2_1)
     1    0.002463    0.051351    0.078270    0.221387 v g4/Y (sky130_fd_sc_hd__nand2_1)
                                                         n20 (net)
                      0.051351    0.000051    0.221438 v g5/A (sky130_fd_sc_hd__inv_1)
     2    0.005974    0.057682    0.072908    0.294346 ^ g5/Y (sky130_fd_sc_hd__inv_1)
                                                         n21 (net)
                      0.057682    0.000156    0.294502 ^ g374/A (sky130_fd_sc_hd__nand2_1)
     3    0.007848    0.063335    0.078344    0.372846 v g374/Y (sky130_fd_sc_hd__nand2_1)
                                                         n390 (net)
                      0.063335    0.000075    0.372921 v g376/B (sky130_fd_sc_hd__nand2_1)
     1    0.003028    0.046552    0.074172    0.447092 ^ g376/Y (sky130_fd_sc_hd__nand2_1)
                                                         n392 (net)
                      0.046552    0.000094    0.447186 ^ g377/B (sky130_fd_sc_hd__nand2_1)
     2    0.006349    0.052948    0.070105    0.517291 v g377/Y (sky130_fd_sc_hd__nand2_1)
                                                         n393 (net)
                      0.052948    0.000171    0.517462 v g481/B (sky130_fd_sc_hd__xor2_1)
     5    0.018047    0.385942    0.350196    0.867658 ^ g481/X (sky130_fd_sc_hd__xor2_1)
                                                         n497 (net)
                      0.385944    0.000801    0.868459 ^ g633/A (sky130_fd_sc_hd__xor2_1)
     1    0.010930    0.256028    0.304513    1.172971 ^ g633/X (sky130_fd_sc_hd__xor2_1)
                                                         p[2] (net)
                      0.256028    0.000244    1.173215 ^ p[2] (out)
                                              1.173215   data arrival time

                      0.000000   10.000000   10.000000   clock __VIRTUAL_CLK__ (rise edge)
                                  0.000000   10.000000   clock network delay (ideal)
                                  0.000000   10.000000   clock reconvergence pessimism
                                  0.000000   10.000000   output external delay
                                             10.000000   data required time
---------------------------------------------------------------------------------------------
                                             10.000000   data required time
                                             -1.173215   data arrival time
---------------------------------------------------------------------------------------------
                                              8.826786   slack (MET)


Startpoint: a[0] (input port clocked by __VIRTUAL_CLK__)
Endpoint: p[1] (output port clocked by __VIRTUAL_CLK__)
Path Group: __VIRTUAL_CLK__
Path Type: max

Fanout         Cap        Slew       Delay        Time   Description
---------------------------------------------------------------------------------------------
                      0.000000    0.000000    0.000000   clock __VIRTUAL_CLK__ (rise edge)
                                  0.000000    0.000000   clock network delay (ideal)
                                  0.000000    0.000000 ^ input external delay
     8    0.038142    0.176262    0.129466    0.129466 ^ a[0] (in)
                                                         a[0] (net)
                      0.176313    0.000000    0.129466 ^ g2/A (sky130_fd_sc_hd__nand2_1)
     1    0.002564    0.052039    0.072247    0.201713 v g2/Y (sky130_fd_sc_hd__nand2_1)
                                                         n18 (net)
                      0.052039    0.000077    0.201790 v g3/A (sky130_fd_sc_hd__inv_1)
     2    0.006952    0.065407    0.079000    0.280790 ^ g3/Y (sky130_fd_sc_hd__inv_1)
                                                         n19 (net)
                      0.065408    0.000206    0.280996 ^ g479/A (sky130_fd_sc_hd__xor2_1)
     3    0.017367    0.373397    0.347606    0.628602 ^ g479/X (sky130_fd_sc_hd__xor2_1)
                                                         p[1] (net)
                      0.373397    0.000319    0.628921 ^ p[1] (out)
                                              0.628921   data arrival time

                      0.000000   10.000000   10.000000   clock __VIRTUAL_CLK__ (rise edge)
                                  0.000000   10.000000   clock network delay (ideal)
                                  0.000000   10.000000   clock reconvergence pessimism
                                  0.000000   10.000000   output external delay
                                             10.000000   data required time
---------------------------------------------------------------------------------------------
                                             10.000000   data required time
                                             -0.628921   data arrival time
---------------------------------------------------------------------------------------------
                                              9.371079   slack (MET)


Startpoint: a[0] (input port clocked by __VIRTUAL_CLK__)
Endpoint: p[0] (output port clocked by __VIRTUAL_CLK__)
Path Group: __VIRTUAL_CLK__
Path Type: max

Fanout         Cap        Slew       Delay        Time   Description
---------------------------------------------------------------------------------------------
                      0.000000    0.000000    0.000000   clock __VIRTUAL_CLK__ (rise edge)
                                  0.000000    0.000000   clock network delay (ideal)
                                  0.000000    0.000000 ^ input external delay
     8    0.038142    0.176262    0.129462    0.129462 ^ a[0] (in)
                                                         a[0] (net)
                      0.176313    0.000000    0.129462 ^ g0/A (sky130_fd_sc_hd__nand2_1)
     1    0.002658    0.052673    0.073230    0.202692 v g0/Y (sky130_fd_sc_hd__nand2_1)
                                                         n16 (net)
                      0.052673    0.000080    0.202772 v g1/A (sky130_fd_sc_hd__inv_1)
     5    0.022184    0.187757    0.169886    0.372658 ^ g1/Y (sky130_fd_sc_hd__inv_1)
                                                         p[0] (net)
                      0.187759    0.000426    0.373085 ^ p[0] (out)
                                              0.373085   data arrival time

                      0.000000   10.000000   10.000000   clock __VIRTUAL_CLK__ (rise edge)
                                  0.000000   10.000000   clock network delay (ideal)
                                  0.000000   10.000000   clock reconvergence pessimism
                                  0.000000   10.000000   output external delay
                                             10.000000   data required time
---------------------------------------------------------------------------------------------
                                             10.000000   data required time
                                             -0.373085   data arrival time
---------------------------------------------------------------------------------------------
                                              9.626916   slack (MET)



